I0504 18:15:22.930207 20115 DBManager.cc:399] select State from MeetingUser where   MeetingID = 'b7c5ba733ee836d84d5edf9111d7a20a' and UserID = 'G'
I0504 18:15:25.570260 20115 DBManager.cc:516] update MeetingUser set HBTime = 1367662525 where   MeetingID = '4383e40e3c2ac7e40edaf59795b3d1b7' and UserID = 'D'
I0504 18:15:25.577848 20115 DBManager.cc:399] select State from MeetingUser where   MeetingID = '4383e40e3c2ac7e40edaf59795b3d1b7' and UserID = 'D'
I0504 18:15:27.998368 20116 DBManager.cc:516] update MeetingUser set HBTime = 1367662527 where   MeetingID = 'b7c5ba733ee836d84d5edf9111d7a20a' and UserID = 'G'
I0504 18:15:28.000607 20116 DBManager.cc:399] select State from MeetingUser where   MeetingID = 'b7c5ba733ee836d84d5edf9111d7a20a' and UserID = 'G'
I0504 18:15:30.596076 20116 DBManager.cc:516] update MeetingUser set HBTime = 1367662530 where   MeetingID = '4383e40e3c2ac7e40edaf59795b3d1b7' and UserID = 'D'
I0504 18:15:30.599334 20116 DBManager.cc:399] select State from MeetingUser where   MeetingID = '4383e40e3c2ac7e40edaf59795b3d1b7' and UserID = 'D'
I0504 18:15:31.089017 20141 DBManager.cc:600] select MeetingID from MeetingUser where   State = 3 and HBTime < 1367662526 order by id
I0504 18:15:31.090262 20141 DBManager.cc:654] update MeetingUser set State = 4 where   State = 3 and MeetingID = 'c5eb521702ce050da94b87ffad1300bf'
I0504 18:15:31.090976 20141 DBManager.cc:661] select UserID from MeetingUser where     State = 2 and MeetingID = 'c5eb521702ce050da94b87ffad1300bf' and HBTime > 1367662526
I0504 18:15:31.091404 20141 DBManager.cc:683] select UserID from MeetingUser where     State = 1 and MeetingID = 'c5eb521702ce050da94b87ffad1300bf' and HBTime > 1367662526
I0504 18:15:31.091825 20141 DBManager.cc:721] update MeetingUser set State = 3 where       State = 4 and MeetingID = 'c5eb521702ce050da94b87ffad1300bf'
I0504 18:15:31.100733 20141 DBManager.cc:232] insert into MeetingDocument (MeetingID, path)   values ('c5eb521702ce050da94b87ffad1300bf','/root/picture/c5eb521702ce050da94b87ffad1300bf-1367662531.bmp')
I0504 18:15:33.030048 20138 DBManager.cc:516] update MeetingUser set HBTime = 1367662533 where   MeetingID = 'b7c5ba733ee836d84d5edf9111d7a20a' and UserID = 'G'
I0504 18:15:33.033776 20138 DBManager.cc:399] select State from MeetingUser where   MeetingID = 'b7c5ba733ee836d84d5edf9111d7a20a' and UserID = 'G'
I0504 18:15:35.647191 20057 DBManager.cc:516] update MeetingUser set HBTime = 1367662535 where   MeetingID = '4383e40e3c2ac7e40edaf59795b3d1b7' and UserID = 'D'
I0504 18:15:35.651594 20057 DBManager.cc:399] select State from MeetingUser where   MeetingID = '4383e40e3c2ac7e40edaf59795b3d1b7' and UserID = 'D'
I0504 18:15:37.538511 20142 DBManager.cc:540] delete from MeetingUser where   HBTime < 1367662237
I0504 18:15:37.541136 20142 DBManager.cc:561] select m.MeetingID from Meeting m where   m.state = 1 and m.MeetingID not in (select MeetingID from MeetingUser  group by MeetingID) order by id
I0504 18:15:37.541766 20142 DBManager.cc:579] update Meeting set state = 2,    DataRef = NULL where state = 1 and MeetingID not in (select     MeetingID from MeetingUser group by MeetingID)
I0504 18:15:37.546422 20142 DBManager.cc:141] select Port from Meeting where   MeetingID = 'c5eb521702ce050da94b87ffad1300bf'
I0504 18:15:38.086612 20138 DBManager.cc:516] update MeetingUser set HBTime = 1367662538 where   MeetingID = 'b7c5ba733ee836d84d5edf9111d7a20a' and UserID = 'G'
I0504 18:15:38.090982 20138 DBManager.cc:399] select State from MeetingUser where   MeetingID = 'b7c5ba733ee836d84d5edf9111d7a20a' and UserID = 'G'
I0504 18:15:40.678252 20138 DBManager.cc:516] update MeetingUser set HBTime = 1367662540 where   MeetingID = '4383e40e3c2ac7e40edaf59795b3d1b7' and UserID = 'D'
I0504 18:15:40.680933 20138 DBManager.cc:399] select State from MeetingUser where   MeetingID = '4383e40e3c2ac7e40edaf59795b3d1b7' and UserID = 'D'
I0504 18:15:41.104979 20141 DBManager.cc:600] select MeetingID from MeetingUser where   State = 3 and HBTime < 1367662536 order by id
I0504 18:15:43.159858 20138 DBManager.cc:516] update MeetingUser set HBTime = 1367662543 where   MeetingID = 'b7c5ba733ee836d84d5edf9111d7a20a' and UserID = 'G'
I0504 18:15:43.161921 20138 DBManager.cc:399] select State from MeetingUser where   MeetingID = 'b7c5ba733ee836d84d5edf9111d7a20a' and UserID = 'G'
I0504 18:15:45.697690 20116 DBManager.cc:516] update MeetingUser set HBTime = 1367662545 where   MeetingID = '4383e40e3c2ac7e40edaf59795b3d1b7' and UserID = 'D'
I0504 18:15:45.701859 20116 DBManager.cc:399] select State from MeetingUser where   MeetingID = '4383e40e3c2ac7e40edaf59795b3d1b7' and UserID = 'D'
I0504 18:15:48.227154 20087 DBManager.cc:516] update MeetingUser set HBTime = 1367662548 where   MeetingID = 'b7c5ba733ee836d84d5edf9111d7a20a' and UserID = 'G'
I0504 18:15:48.231314 20087 DBManager.cc:399] select State from MeetingUser where   MeetingID = 'b7c5ba733ee836d84d5edf9111d7a20a' and UserID = 'G'
I0504 18:15:50.746482 20138 DBManager.cc:516] update MeetingUser set HBTime = 1367662550 where   MeetingID = '4383e40e3c2ac7e40edaf59795b3d1b7' and UserID = 'D'
I0504 18:15:50.750533 20138 DBManager.cc:399] select State from MeetingUser where   MeetingID = '4383e40e3c2ac7e40edaf59795b3d1b7' and UserID = 'D'
I0504 18:15:51.107815 20141 DBManager.cc:600] select MeetingID from MeetingUser where   State = 3 and HBTime < 1367662546 order by id
I0504 18:15:53.310627 20087 DBManager.cc:516] update MeetingUser set HBTime = 1367662553 where   MeetingID = 'b7c5ba733ee836d84d5edf9111d7a20a' and UserID = 'G'
I0504 18:15:53.314635 20087 DBManager.cc:399] select State from MeetingUser where   MeetingID = 'b7c5ba733ee836d84d5edf9111d7a20a' and UserID = 'G'
I0504 18:15:55.809154 20054 DBManager.cc:516] update MeetingUser set HBTime = 1367662555 where   MeetingID = '4383e40e3c2ac7e40edaf59795b3d1b7' and UserID = 'D'
I0504 18:15:55.813506 20054 DBManager.cc:399] select State from MeetingUser where   MeetingID = '4383e40e3c2ac7e40edaf59795b3d1b7' and UserID = 'D'
I0504 18:15:58.376019 20087 DBManager.cc:516] update MeetingUser set HBTime = 1367662558 where   MeetingID = 'b7c5ba733ee836d84d5edf9111d7a20a' and UserID = 'G'
I0504 18:15:58.380014 20087 DBManager.cc:399] select State from MeetingUser where   MeetingID = 'b7c5ba733ee836d84d5edf9111d7a20a' and UserID = 'G'
I0504 18:16:00.996106 20080 DBManager.cc:516] update MeetingUser set HBTime = 1367662560 where   MeetingID = '4383e40e3c2ac7e40edaf59795b3d1b7' and UserID = 'D'
I0504 18:16:01.000164 20080 DBManager.cc:399] select State from MeetingUser where   MeetingID = '4383e40e3c2ac7e40edaf59795b3d1b7' and UserID = 'D'
I0504 18:16:01.112253 20141 DBManager.cc:600] select MeetingID from MeetingUser where   State = 3 and HBTime < 1367662556 order by id
I0504 18:16:03.452091 20087 DBManager.cc:516] update MeetingUser set HBTime = 1367662563 where   MeetingID = 'b7c5ba733ee836d84d5edf9111d7a20a' and UserID = 'G'
I0504 18:16:03.457238 20087 DBManager.cc:399] select State from MeetingUser where   MeetingID = 'b7c5ba733ee836d84d5edf9111d7a20a' and UserID = 'G'
I0504 18:16:06.235007 20080 DBManager.cc:516] update MeetingUser set HBTime = 1367662566 where   MeetingID = '4383e40e3c2ac7e40edaf59795b3d1b7' and UserID = 'D'
I0504 18:16:06.239013 20080 DBManager.cc:399] select State from MeetingUser where   MeetingID = '4383e40e3c2ac7e40edaf59795b3d1b7' and UserID = 'D'
I0504 18:16:08.503010 20087 DBManager.cc:516] update MeetingUser set HBTime = 1367662568 where   MeetingID = 'b7c5ba733ee836d84d5edf9111d7a20a' and UserID = 'G'
I0504 18:16:08.507094 20087 DBManager.cc:399] select State from MeetingUser where   MeetingID = 'b7c5ba733ee836d84d5edf9111d7a20a' and UserID = 'G'
I0504 18:16:11.115761 20141 DBManager.cc:600] select MeetingID from MeetingUser where   State = 3 and HBTime < 1367662566 order by id
I0504 18:16:11.358038 20054 DBManager.cc:516] update MeetingUser set HBTime = 1367662571 where   MeetingID = '4383e40e3c2ac7e40edaf59795b3d1b7' and UserID = 'D'
I0504 18:16:11.363582 20054 DBManager.cc:399] select State from MeetingUser where   MeetingID = '4383e40e3c2ac7e40edaf59795b3d1b7' and UserID = 'D'
I0504 18:16:13.553252 20087 DBManager.cc:516] update MeetingUser set HBTime = 1367662573 where   MeetingID = 'b7c5ba733ee836d84d5edf9111d7a20a' and UserID = 'G'
I0504 18:16:13.555958 20087 DBManager.cc:399] select State from MeetingUser where   MeetingID = 'b7c5ba733ee836d84d5edf9111d7a20a' and UserID = 'G'
I0504 18:16:16.449678 20087 DBManager.cc:516] update MeetingUser set HBTime = 1367662576 where   MeetingID = '4383e40e3c2ac7e40edaf59795b3d1b7' and UserID = 'D'
I0504 18:16:16.454728 20087 DBManager.cc:399] select State from MeetingUser where   MeetingID = '4383e40e3c2ac7e40edaf59795b3d1b7' and UserID = 'D'
I0504 18:16:18.624446 20069 DBManager.cc:516] update MeetingUser set HBTime = 1367662578 where   MeetingID = 'b7c5ba733ee836d84d5edf9111d7a20a' and UserID = 'G'
I0504 18:16:18.628510 20069 DBManager.cc:399] select State from MeetingUser where   MeetingID = 'b7c5ba733ee836d84d5edf9111d7a20a' and UserID = 'G'
I0504 18:16:21.118212 20141 DBManager.cc:600] select MeetingID from MeetingUser where   State = 3 and HBTime < 1367662576 order by id
I0504 18:16:21.479864 20087 DBManager.cc:516] update MeetingUser set HBTime = 1367662581 where   MeetingID = '4383e40e3c2ac7e40edaf59795b3d1b7' and UserID = 'D'
I0504 18:16:21.484266 20087 DBManager.cc:399] select State from MeetingUser where   MeetingID = '4383e40e3c2ac7e40edaf59795b3d1b7' and UserID = 'D'
I0504 18:16:23.676594 20087 DBManager.cc:516] update MeetingUser set HBTime = 1367662583 where   MeetingID = 'b7c5ba733ee836d84d5edf9111d7a20a' and UserID = 'G'
I0504 18:16:23.680971 20087 DBManager.cc:399] select State from MeetingUser where   MeetingID = 'b7c5ba733ee836d84d5edf9111d7a20a' and UserID = 'G'
I0504 18:16:26.522006 20087 DBManager.cc:516] update MeetingUser set HBTime = 1367662586 where   MeetingID = '4383e40e3c2ac7e40edaf59795b3d1b7' and UserID = 'D'
I0504 18:16:26.524330 20087 DBManager.cc:399] select State from MeetingUser where   MeetingID = '4383e40e3c2ac7e40edaf59795b3d1b7' and UserID = 'D'
I0504 18:16:28.735445 20100 DBManager.cc:516] update MeetingUser set HBTime = 1367662588 where   MeetingID = 'b7c5ba733ee836d84d5edf9111d7a20a' and UserID = 'G'
I0504 18:16:28.740046 20100 DBManager.cc:399] select State from MeetingUser where   MeetingID = 'b7c5ba733ee836d84d5edf9111d7a20a' and UserID = 'G'
I0504 18:16:31.120903 20141 DBManager.cc:600] select MeetingID from MeetingUser where   State = 3 and HBTime < 1367662586 order by id
I0504 18:16:32.660264 20087 DBManager.cc:516] update MeetingUser set HBTime = 1367662592 where   MeetingID = '4383e40e3c2ac7e40edaf59795b3d1b7' and UserID = 'D'
I0504 18:16:32.664489 20087 DBManager.cc:399] select State from MeetingUser where   MeetingID = '4383e40e3c2ac7e40edaf59795b3d1b7' and UserID = 'D'
I0504 18:16:33.813755 20087 DBManager.cc:516] update MeetingUser set HBTime = 1367662593 where   MeetingID = 'b7c5ba733ee836d84d5edf9111d7a20a' and UserID = 'G'
I0504 18:16:33.817910 20087 DBManager.cc:399] select State from MeetingUser where   MeetingID = 'b7c5ba733ee836d84d5edf9111d7a20a' and UserID = 'G'
I0504 18:16:37.715472 20103 DBManager.cc:516] update MeetingUser set HBTime = 1367662597 where   MeetingID = '4383e40e3c2ac7e40edaf59795b3d1b7' and UserID = 'D'
I0504 18:16:37.719563 20103 DBManager.cc:399] select State from MeetingUser where   MeetingID = '4383e40e3c2ac7e40edaf59795b3d1b7' and UserID = 'D'
I0504 18:16:38.883834 20095 DBManager.cc:516] update MeetingUser set HBTime = 1367662598 where   MeetingID = 'b7c5ba733ee836d84d5edf9111d7a20a' and UserID = 'G'
I0504 18:16:38.888028 20095 DBManager.cc:399] select State from MeetingUser where   MeetingID = 'b7c5ba733ee836d84d5edf9111d7a20a' and UserID = 'G'
I0504 18:16:41.125494 20141 DBManager.cc:600] select MeetingID from MeetingUser where   State = 3 and HBTime < 1367662596 order by id
I0504 18:16:42.735812 20127 DBManager.cc:516] update MeetingUser set HBTime = 1367662602 where   MeetingID = '4383e40e3c2ac7e40edaf59795b3d1b7' and UserID = 'D'
I0504 18:16:42.741044 20127 DBManager.cc:399] select State from MeetingUser where   MeetingID = '4383e40e3c2ac7e40edaf59795b3d1b7' and UserID = 'D'
I0504 18:16:47.758838 20127 DBManager.cc:516] update MeetingUser set HBTime = 1367662607 where   MeetingID = '4383e40e3c2ac7e40edaf59795b3d1b7' and UserID = 'D'
I0504 18:16:47.764929 20127 DBManager.cc:399] select State from MeetingUser where   MeetingID = '4383e40e3c2ac7e40edaf59795b3d1b7' and UserID = 'D'
I0504 18:16:51.127977 20141 DBManager.cc:600] select MeetingID from MeetingUser where   State = 3 and HBTime < 1367662606 order by id
I0504 18:16:51.128911 20141 DBManager.cc:654] update MeetingUser set State = 4 where   State = 3 and MeetingID = 'b7c5ba733ee836d84d5edf9111d7a20a'
I0504 18:16:51.129304 20141 DBManager.cc:661] select UserID from MeetingUser where     State = 2 and MeetingID = 'b7c5ba733ee836d84d5edf9111d7a20a' and HBTime > 1367662606
I0504 18:16:51.129554 20141 DBManager.cc:683] select UserID from MeetingUser where     State = 1 and MeetingID = 'b7c5ba733ee836d84d5edf9111d7a20a' and HBTime > 1367662606
I0504 18:16:51.129755 20141 DBManager.cc:721] update MeetingUser set State = 3 where       State = 4 and MeetingID = 'b7c5ba733ee836d84d5edf9111d7a20a'
I0504 18:16:51.133949 20141 DBManager.cc:232] insert into MeetingDocument (MeetingID, path)   values ('b7c5ba733ee836d84d5edf9111d7a20a','/root/picture/b7c5ba733ee836d84d5edf9111d7a20a-1367662611.bmp')
I0504 18:16:52.779409 20127 DBManager.cc:516] update MeetingUser set HBTime = 1367662612 where   MeetingID = '4383e40e3c2ac7e40edaf59795b3d1b7' and UserID = 'D'
I0504 18:16:52.784032 20127 DBManager.cc:399] select State from MeetingUser where   MeetingID = '4383e40e3c2ac7e40edaf59795b3d1b7' and UserID = 'D'
I0504 18:16:57.799476 20063 DBManager.cc:516] update MeetingUser set HBTime = 1367662617 where   MeetingID = '4383e40e3c2ac7e40edaf59795b3d1b7' and UserID = 'D'
I0504 18:16:57.801750 20063 DBManager.cc:399] select State from MeetingUser where   MeetingID = '4383e40e3c2ac7e40edaf59795b3d1b7' and UserID = 'D'
I0504 18:17:01.138340 20141 DBManager.cc:600] select MeetingID from MeetingUser where   State = 3 and HBTime < 1367662616 order by id
I0504 18:17:01.139406 20141 DBManager.cc:654] update MeetingUser set State = 4 where   State = 3 and MeetingID = 'b7c5ba733ee836d84d5edf9111d7a20a'
I0504 18:17:01.140027 20141 DBManager.cc:661] select UserID from MeetingUser where     State = 2 and MeetingID = 'b7c5ba733ee836d84d5edf9111d7a20a' and HBTime > 1367662616
I0504 18:17:01.140368 20141 DBManager.cc:683] select UserID from MeetingUser where     State = 1 and MeetingID = 'b7c5ba733ee836d84d5edf9111d7a20a' and HBTime > 1367662616
I0504 18:17:01.140738 20141 DBManager.cc:721] update MeetingUser set State = 3 where       State = 4 and MeetingID = 'b7c5ba733ee836d84d5edf9111d7a20a'
I0504 18:17:01.146808 20141 DBManager.cc:232] insert into MeetingDocument (MeetingID, path)   values ('b7c5ba733ee836d84d5edf9111d7a20a','/root/picture/b7c5ba733ee836d84d5edf9111d7a20a-1367662621.bmp')
I0504 18:17:02.830371 20127 DBManager.cc:516] update MeetingUser set HBTime = 1367662622 where   MeetingID = '4383e40e3c2ac7e40edaf59795b3d1b7' and UserID = 'D'
I0504 18:17:02.834513 20127 DBManager.cc:399] select State from MeetingUser where   MeetingID = '4383e40e3c2ac7e40edaf59795b3d1b7' and UserID = 'D'
I0504 18:17:07.857348 20060 DBManager.cc:516] update MeetingUser set HBTime = 1367662627 where   MeetingID = '4383e40e3c2ac7e40edaf59795b3d1b7' and UserID = 'D'
I0504 18:17:07.860249 20060 DBManager.cc:399] select State from MeetingUser where   MeetingID = '4383e40e3c2ac7e40edaf59795b3d1b7' and UserID = 'D'
I0504 18:17:11.151151 20141 DBManager.cc:600] select MeetingID from MeetingUser where   State = 3 and HBTime < 1367662626 order by id
I0504 18:17:11.152191 20141 DBManager.cc:654] update MeetingUser set State = 4 where   State = 3 and MeetingID = 'b7c5ba733ee836d84d5edf9111d7a20a'
I0504 18:17:11.152700 20141 DBManager.cc:661] select UserID from MeetingUser where     State = 2 and MeetingID = 'b7c5ba733ee836d84d5edf9111d7a20a' and HBTime > 1367662626
I0504 18:17:11.153111 20141 DBManager.cc:683] select UserID from MeetingUser where     State = 1 and MeetingID = 'b7c5ba733ee836d84d5edf9111d7a20a' and HBTime > 1367662626
I0504 18:17:11.153470 20141 DBManager.cc:721] update MeetingUser set State = 3 where       State = 4 and MeetingID = 'b7c5ba733ee836d84d5edf9111d7a20a'
I0504 18:17:11.159556 20141 DBManager.cc:232] insert into MeetingDocument (MeetingID, path)   values ('b7c5ba733ee836d84d5edf9111d7a20a','/root/picture/b7c5ba733ee836d84d5edf9111d7a20a-1367662631.bmp')
I0504 18:17:12.872215 20089 DBManager.cc:516] update MeetingUser set HBTime = 1367662632 where   MeetingID = '4383e40e3c2ac7e40edaf59795b3d1b7' and UserID = 'D'
I0504 18:17:12.876278 20089 DBManager.cc:399] select State from MeetingUser where   MeetingID = '4383e40e3c2ac7e40edaf59795b3d1b7' and UserID = 'D'
I0504 18:17:17.894440 20084 DBManager.cc:516] update MeetingUser set HBTime = 1367662637 where   MeetingID = '4383e40e3c2ac7e40edaf59795b3d1b7' and UserID = 'D'
I0504 18:17:17.898573 20084 DBManager.cc:399] select State from MeetingUser where   MeetingID = '4383e40e3c2ac7e40edaf59795b3d1b7' and UserID = 'D'
I0504 18:17:21.163878 20141 DBManager.cc:600] select MeetingID from MeetingUser where   State = 3 and HBTime < 1367662636 order by id
I0504 18:17:21.165293 20141 DBManager.cc:654] update MeetingUser set State = 4 where   State = 3 and MeetingID = 'b7c5ba733ee836d84d5edf9111d7a20a'
I0504 18:17:21.165824 20141 DBManager.cc:661] select UserID from MeetingUser where     State = 2 and MeetingID = 'b7c5ba733ee836d84d5edf9111d7a20a' and HBTime > 1367662636
I0504 18:17:21.166173 20141 DBManager.cc:683] select UserID from MeetingUser where     State = 1 and MeetingID = 'b7c5ba733ee836d84d5edf9111d7a20a' and HBTime > 1367662636
I0504 18:17:21.166503 20141 DBManager.cc:721] update MeetingUser set State = 3 where       State = 4 and MeetingID = 'b7c5ba733ee836d84d5edf9111d7a20a'
I0504 18:17:21.172548 20141 DBManager.cc:232] insert into MeetingDocument (MeetingID, path)   values ('b7c5ba733ee836d84d5edf9111d7a20a','/root/picture/b7c5ba733ee836d84d5edf9111d7a20a-1367662641.bmp')
I0504 18:17:22.932739 20063 DBManager.cc:516] update MeetingUser set HBTime = 1367662642 where   MeetingID = '4383e40e3c2ac7e40edaf59795b3d1b7' and UserID = 'D'
I0504 18:17:22.936745 20063 DBManager.cc:399] select State from MeetingUser where   MeetingID = '4383e40e3c2ac7e40edaf59795b3d1b7' and UserID = 'D'
I0504 18:17:27.535524 20084 DBManager.cc:77] insert into Meeting (state) values (0)
I0504 18:17:27.538447 20084 DBManager.cc:95] update Meeting set MeetingID = 'c9cd82498c1d177861189a2d47e7922f' where   id = 3999
I0504 18:17:27.969707 20060 DBManager.cc:516] update MeetingUser set HBTime = 1367662647 where   MeetingID = '4383e40e3c2ac7e40edaf59795b3d1b7' and UserID = 'D'
I0504 18:17:27.976105 20060 DBManager.cc:399] select State from MeetingUser where   MeetingID = '4383e40e3c2ac7e40edaf59795b3d1b7' and UserID = 'D'
I0504 18:17:31.176157 20141 DBManager.cc:600] select MeetingID from MeetingUser where   State = 3 and HBTime < 1367662646 order by id
I0504 18:17:31.176990 20141 DBManager.cc:654] update MeetingUser set State = 4 where   State = 3 and MeetingID = 'b7c5ba733ee836d84d5edf9111d7a20a'
I0504 18:17:31.177491 20141 DBManager.cc:661] select UserID from MeetingUser where     State = 2 and MeetingID = 'b7c5ba733ee836d84d5edf9111d7a20a' and HBTime > 1367662646
I0504 18:17:31.177819 20141 DBManager.cc:683] select UserID from MeetingUser where     State = 1 and MeetingID = 'b7c5ba733ee836d84d5edf9111d7a20a' and HBTime > 1367662646
I0504 18:17:31.178230 20141 DBManager.cc:721] update MeetingUser set State = 3 where       State = 4 and MeetingID = 'b7c5ba733ee836d84d5edf9111d7a20a'
I0504 18:17:31.184412 20141 DBManager.cc:232] insert into MeetingDocument (MeetingID, path)   values ('b7c5ba733ee836d84d5edf9111d7a20a','/root/picture/b7c5ba733ee836d84d5edf9111d7a20a-1367662651.bmp')
I0504 18:17:31.196632 20089 DBManager.cc:347] select state from Meeting where   MeetingID = 'c9cd82498c1d177861189a2d47e7922f'
I0504 18:17:31.197834 20089 DBManager.cc:163] update Meeting set state = 1 where   MeetingID = 'c9cd82498c1d177861189a2d47e7922f'
I0504 18:17:31.200474 20089 DBManager.cc:368] insert into MeetingUser(MeetingID, UserID,         State, HBTime)  values('c9cd82498c1d177861189a2d47e7922f', 'G', 3, 1367662651)
E0504 18:17:31.200834 20089 MeetingHandler.cc:78] create meeting updater
I0504 18:17:31.206137 20089 DBManager.cc:185] update Meeting set DataRef = 12773728 where   MeetingID = 'c9cd82498c1d177861189a2d47e7922f'
I0504 18:17:31.212363 20089 DBManager.cc:117] update Meeting set Port = 11248 where   MeetingID = 'c9cd82498c1d177861189a2d47e7922f'
E0504 18:17:31.215278 20089 MeetingHandler.cc:98] join msg return
I0504 18:17:31.219758 20089 DBManager.cc:141] select Port from Meeting where   MeetingID = 'c9cd82498c1d177861189a2d47e7922f'
I0504 18:17:31.240443 20084 DBManager.cc:516] update MeetingUser set HBTime = 1367662651 where   MeetingID = 'c9cd82498c1d177861189a2d47e7922f' and UserID = 'G'
I0504 18:17:31.245023 20084 DBManager.cc:399] select State from MeetingUser where   MeetingID = 'c9cd82498c1d177861189a2d47e7922f' and UserID = 'G'
I0504 18:17:32.993103 20089 DBManager.cc:516] update MeetingUser set HBTime = 1367662652 where   MeetingID = '4383e40e3c2ac7e40edaf59795b3d1b7' and UserID = 'D'
I0504 18:17:32.997560 20089 DBManager.cc:399] select State from MeetingUser where   MeetingID = '4383e40e3c2ac7e40edaf59795b3d1b7' and UserID = 'D'
I0504 18:17:36.319501 20084 DBManager.cc:516] update MeetingUser set HBTime = 1367662656 where   MeetingID = 'c9cd82498c1d177861189a2d47e7922f' and UserID = 'G'
I0504 18:17:36.323510 20084 DBManager.cc:399] select State from MeetingUser where   MeetingID = 'c9cd82498c1d177861189a2d47e7922f' and UserID = 'G'
I0504 18:17:38.019760 20129 DBManager.cc:516] update MeetingUser set HBTime = 1367662658 where   MeetingID = '4383e40e3c2ac7e40edaf59795b3d1b7' and UserID = 'D'
I0504 18:17:38.023859 20129 DBManager.cc:399] select State from MeetingUser where   MeetingID = '4383e40e3c2ac7e40edaf59795b3d1b7' and UserID = 'D'
I0504 18:17:41.188608 20141 DBManager.cc:600] select MeetingID from MeetingUser where   State = 3 and HBTime < 1367662656 order by id
I0504 18:17:41.189764 20141 DBManager.cc:654] update MeetingUser set State = 4 where   State = 3 and MeetingID = 'b7c5ba733ee836d84d5edf9111d7a20a'
I0504 18:17:41.190280 20141 DBManager.cc:661] select UserID from MeetingUser where     State = 2 and MeetingID = 'b7c5ba733ee836d84d5edf9111d7a20a' and HBTime > 1367662656
I0504 18:17:41.190615 20141 DBManager.cc:683] select UserID from MeetingUser where     State = 1 and MeetingID = 'b7c5ba733ee836d84d5edf9111d7a20a' and HBTime > 1367662656
I0504 18:17:41.190935 20141 DBManager.cc:721] update MeetingUser set State = 3 where       State = 4 and MeetingID = 'b7c5ba733ee836d84d5edf9111d7a20a'
I0504 18:17:41.197026 20141 DBManager.cc:232] insert into MeetingDocument (MeetingID, path)   values ('b7c5ba733ee836d84d5edf9111d7a20a','/root/picture/b7c5ba733ee836d84d5edf9111d7a20a-1367662661.bmp')
I0504 18:17:41.387948 20129 DBManager.cc:516] update MeetingUser set HBTime = 1367662661 where   MeetingID = 'c9cd82498c1d177861189a2d47e7922f' and UserID = 'G'
I0504 18:17:41.392072 20129 DBManager.cc:399] select State from MeetingUser where   MeetingID = 'c9cd82498c1d177861189a2d47e7922f' and UserID = 'G'
I0504 18:17:43.047793 20095 DBManager.cc:516] update MeetingUser set HBTime = 1367662663 where   MeetingID = '4383e40e3c2ac7e40edaf59795b3d1b7' and UserID = 'D'
I0504 18:17:43.052101 20095 DBManager.cc:399] select State from MeetingUser where   MeetingID = '4383e40e3c2ac7e40edaf59795b3d1b7' and UserID = 'D'
I0504 18:17:46.454530 20089 DBManager.cc:516] update MeetingUser set HBTime = 1367662666 where   MeetingID = 'c9cd82498c1d177861189a2d47e7922f' and UserID = 'G'
I0504 18:17:46.458632 20089 DBManager.cc:399] select State from MeetingUser where   MeetingID = 'c9cd82498c1d177861189a2d47e7922f' and UserID = 'G'
I0504 18:17:48.228499 20089 DBManager.cc:516] update MeetingUser set HBTime = 1367662668 where   MeetingID = '4383e40e3c2ac7e40edaf59795b3d1b7' and UserID = 'D'
I0504 18:17:48.232755 20089 DBManager.cc:399] select State from MeetingUser where   MeetingID = '4383e40e3c2ac7e40edaf59795b3d1b7' and UserID = 'D'
I0504 18:17:51.201972 20141 DBManager.cc:600] select MeetingID from MeetingUser where   State = 3 and HBTime < 1367662666 order by id
I0504 18:17:51.203302 20141 DBManager.cc:654] update MeetingUser set State = 4 where   State = 3 and MeetingID = 'b7c5ba733ee836d84d5edf9111d7a20a'
I0504 18:17:51.203804 20141 DBManager.cc:661] select UserID from MeetingUser where     State = 2 and MeetingID = 'b7c5ba733ee836d84d5edf9111d7a20a' and HBTime > 1367662666
I0504 18:17:51.204190 20141 DBManager.cc:683] select UserID from MeetingUser where     State = 1 and MeetingID = 'b7c5ba733ee836d84d5edf9111d7a20a' and HBTime > 1367662666
I0504 18:17:51.204516 20141 DBManager.cc:721] update MeetingUser set State = 3 where       State = 4 and MeetingID = 'b7c5ba733ee836d84d5edf9111d7a20a'
I0504 18:17:51.210551 20141 DBManager.cc:232] insert into MeetingDocument (MeetingID, path)   values ('b7c5ba733ee836d84d5edf9111d7a20a','/root/picture/b7c5ba733ee836d84d5edf9111d7a20a-1367662671.bmp')
I0504 18:17:51.486289 20095 DBManager.cc:516] update MeetingUser set HBTime = 1367662671 where   MeetingID = 'c9cd82498c1d177861189a2d47e7922f' and UserID = 'G'
I0504 18:17:51.488723 20095 DBManager.cc:399] select State from MeetingUser where   MeetingID = 'c9cd82498c1d177861189a2d47e7922f' and UserID = 'G'
I0504 18:17:53.241986 20089 DBManager.cc:516] update MeetingUser set HBTime = 1367662673 where   MeetingID = '4383e40e3c2ac7e40edaf59795b3d1b7' and UserID = 'D'
I0504 18:17:53.245959 20089 DBManager.cc:399] select State from MeetingUser where   MeetingID = '4383e40e3c2ac7e40edaf59795b3d1b7' and UserID = 'D'
I0504 18:17:56.550431 20089 DBManager.cc:516] update MeetingUser set HBTime = 1367662676 where   MeetingID = 'c9cd82498c1d177861189a2d47e7922f' and UserID = 'G'
I0504 18:17:56.554601 20089 DBManager.cc:399] select State from MeetingUser where   MeetingID = 'c9cd82498c1d177861189a2d47e7922f' and UserID = 'G'
I0504 18:17:58.255074 20089 DBManager.cc:516] update MeetingUser set HBTime = 1367662678 where   MeetingID = '4383e40e3c2ac7e40edaf59795b3d1b7' and UserID = 'D'
I0504 18:17:58.259089 20089 DBManager.cc:399] select State from MeetingUser where   MeetingID = '4383e40e3c2ac7e40edaf59795b3d1b7' and UserID = 'D'
I0504 18:18:01.214936 20141 DBManager.cc:600] select MeetingID from MeetingUser where   State = 3 and HBTime < 1367662676 order by id
I0504 18:18:01.215970 20141 DBManager.cc:654] update MeetingUser set State = 4 where   State = 3 and MeetingID = 'b7c5ba733ee836d84d5edf9111d7a20a'
I0504 18:18:01.216478 20141 DBManager.cc:661] select UserID from MeetingUser where     State = 2 and MeetingID = 'b7c5ba733ee836d84d5edf9111d7a20a' and HBTime > 1367662676
I0504 18:18:01.216856 20141 DBManager.cc:683] select UserID from MeetingUser where     State = 1 and MeetingID = 'b7c5ba733ee836d84d5edf9111d7a20a' and HBTime > 1367662676
I0504 18:18:01.217185 20141 DBManager.cc:721] update MeetingUser set State = 3 where       State = 4 and MeetingID = 'b7c5ba733ee836d84d5edf9111d7a20a'
I0504 18:18:01.223029 20141 DBManager.cc:232] insert into MeetingDocument (MeetingID, path)   values ('b7c5ba733ee836d84d5edf9111d7a20a','/root/picture/b7c5ba733ee836d84d5edf9111d7a20a-1367662681.bmp')
I0504 18:18:01.624996 20063 DBManager.cc:516] update MeetingUser set HBTime = 1367662681 where   MeetingID = 'c9cd82498c1d177861189a2d47e7922f' and UserID = 'G'
I0504 18:18:01.633134 20063 DBManager.cc:399] select State from MeetingUser where   MeetingID = 'c9cd82498c1d177861189a2d47e7922f' and UserID = 'G'
I0504 18:18:03.281317 20084 DBManager.cc:516] update MeetingUser set HBTime = 1367662683 where   MeetingID = '4383e40e3c2ac7e40edaf59795b3d1b7' and UserID = 'D'
I0504 18:18:03.285542 20084 DBManager.cc:399] select State from MeetingUser where   MeetingID = '4383e40e3c2ac7e40edaf59795b3d1b7' and UserID = 'D'
I0504 18:18:06.709696 20084 DBManager.cc:516] update MeetingUser set HBTime = 1367662686 where   MeetingID = 'c9cd82498c1d177861189a2d47e7922f' and UserID = 'G'
I0504 18:18:06.713801 20084 DBManager.cc:399] select State from MeetingUser where   MeetingID = 'c9cd82498c1d177861189a2d47e7922f' and UserID = 'G'
I0504 18:18:08.343679 20089 DBManager.cc:516] update MeetingUser set HBTime = 1367662688 where   MeetingID = '4383e40e3c2ac7e40edaf59795b3d1b7' and UserID = 'D'
I0504 18:18:08.347981 20089 DBManager.cc:399] select State from MeetingUser where   MeetingID = '4383e40e3c2ac7e40edaf59795b3d1b7' and UserID = 'D'
I0504 18:18:11.226930 20141 DBManager.cc:600] select MeetingID from MeetingUser where   State = 3 and HBTime < 1367662686 order by id
I0504 18:18:11.227707 20141 DBManager.cc:654] update MeetingUser set State = 4 where   State = 3 and MeetingID = 'b7c5ba733ee836d84d5edf9111d7a20a'
I0504 18:18:11.228098 20141 DBManager.cc:661] select UserID from MeetingUser where     State = 2 and MeetingID = 'b7c5ba733ee836d84d5edf9111d7a20a' and HBTime > 1367662686
I0504 18:18:11.228312 20141 DBManager.cc:683] select UserID from MeetingUser where     State = 1 and MeetingID = 'b7c5ba733ee836d84d5edf9111d7a20a' and HBTime > 1367662686
I0504 18:18:11.228492 20141 DBManager.cc:721] update MeetingUser set State = 3 where       State = 4 and MeetingID = 'b7c5ba733ee836d84d5edf9111d7a20a'
I0504 18:18:11.231675 20141 DBManager.cc:232] insert into MeetingDocument (MeetingID, path)   values ('b7c5ba733ee836d84d5edf9111d7a20a','/root/picture/b7c5ba733ee836d84d5edf9111d7a20a-1367662691.bmp')
I0504 18:18:11.758751 20084 DBManager.cc:516] update MeetingUser set HBTime = 1367662691 where   MeetingID = 'c9cd82498c1d177861189a2d47e7922f' and UserID = 'G'
I0504 18:18:11.763111 20084 DBManager.cc:399] select State from MeetingUser where   MeetingID = 'c9cd82498c1d177861189a2d47e7922f' and UserID = 'G'
I0504 18:18:13.369714 20084 DBManager.cc:516] update MeetingUser set HBTime = 1367662693 where   MeetingID = '4383e40e3c2ac7e40edaf59795b3d1b7' and UserID = 'D'
I0504 18:18:13.373877 20084 DBManager.cc:399] select State from MeetingUser where   MeetingID = '4383e40e3c2ac7e40edaf59795b3d1b7' and UserID = 'D'
I0504 18:18:16.825734 20042 DBManager.cc:516] update MeetingUser set HBTime = 1367662696 where   MeetingID = 'c9cd82498c1d177861189a2d47e7922f' and UserID = 'G'
I0504 18:18:16.830247 20042 DBManager.cc:399] select State from MeetingUser where   MeetingID = 'c9cd82498c1d177861189a2d47e7922f' and UserID = 'G'
I0504 18:18:18.390168 20043 DBManager.cc:516] update MeetingUser set HBTime = 1367662698 where   MeetingID = '4383e40e3c2ac7e40edaf59795b3d1b7' and UserID = 'D'
I0504 18:18:18.393458 20043 DBManager.cc:399] select State from MeetingUser where   MeetingID = '4383e40e3c2ac7e40edaf59795b3d1b7' and UserID = 'D'
I0504 18:18:21.235764 20141 DBManager.cc:600] select MeetingID from MeetingUser where   State = 3 and HBTime < 1367662696 order by id
I0504 18:18:21.237246 20141 DBManager.cc:654] update MeetingUser set State = 4 where   State = 3 and MeetingID = 'b7c5ba733ee836d84d5edf9111d7a20a'
I0504 18:18:21.237740 20141 DBManager.cc:661] select UserID from MeetingUser where     State = 2 and MeetingID = 'b7c5ba733ee836d84d5edf9111d7a20a' and HBTime > 1367662696
I0504 18:18:21.238073 20141 DBManager.cc:683] select UserID from MeetingUser where     State = 1 and MeetingID = 'b7c5ba733ee836d84d5edf9111d7a20a' and HBTime > 1367662696
I0504 18:18:21.238396 20141 DBManager.cc:721] update MeetingUser set State = 3 where       State = 4 and MeetingID = 'b7c5ba733ee836d84d5edf9111d7a20a'
I0504 18:18:21.244204 20141 DBManager.cc:232] insert into MeetingDocument (MeetingID, path)   values ('b7c5ba733ee836d84d5edf9111d7a20a','/root/picture/b7c5ba733ee836d84d5edf9111d7a20a-1367662701.bmp')
I0504 18:18:21.898736 20084 DBManager.cc:516] update MeetingUser set HBTime = 1367662701 where   MeetingID = 'c9cd82498c1d177861189a2d47e7922f' and UserID = 'G'
I0504 18:18:21.902899 20084 DBManager.cc:399] select State from MeetingUser where   MeetingID = 'c9cd82498c1d177861189a2d47e7922f' and UserID = 'G'
I0504 18:18:23.412467 20084 DBManager.cc:516] update MeetingUser set HBTime = 1367662703 where   MeetingID = '4383e40e3c2ac7e40edaf59795b3d1b7' and UserID = 'D'
I0504 18:18:23.417143 20084 DBManager.cc:399] select State from MeetingUser where   MeetingID = '4383e40e3c2ac7e40edaf59795b3d1b7' and UserID = 'D'
I0504 18:18:26.945886 20063 DBManager.cc:516] update MeetingUser set HBTime = 1367662706 where   MeetingID = 'c9cd82498c1d177861189a2d47e7922f' and UserID = 'G'
I0504 18:18:26.950008 20063 DBManager.cc:399] select State from MeetingUser where   MeetingID = 'c9cd82498c1d177861189a2d47e7922f' and UserID = 'G'
I0504 18:18:28.441933 20089 DBManager.cc:516] update MeetingUser set HBTime = 1367662708 where   MeetingID = '4383e40e3c2ac7e40edaf59795b3d1b7' and UserID = 'D'
I0504 18:18:28.445932 20089 DBManager.cc:399] select State from MeetingUser where   MeetingID = '4383e40e3c2ac7e40edaf59795b3d1b7' and UserID = 'D'
I0504 18:18:31.248481 20141 DBManager.cc:600] select MeetingID from MeetingUser where   State = 3 and HBTime < 1367662706 order by id
I0504 18:18:31.249518 20141 DBManager.cc:654] update MeetingUser set State = 4 where   State = 3 and MeetingID = 'b7c5ba733ee836d84d5edf9111d7a20a'
I0504 18:18:31.250023 20141 DBManager.cc:661] select UserID from MeetingUser where     State = 2 and MeetingID = 'b7c5ba733ee836d84d5edf9111d7a20a' and HBTime > 1367662706
I0504 18:18:31.250362 20141 DBManager.cc:683] select UserID from MeetingUser where     State = 1 and MeetingID = 'b7c5ba733ee836d84d5edf9111d7a20a' and HBTime > 1367662706
I0504 18:18:31.250684 20141 DBManager.cc:721] update MeetingUser set State = 3 where       State = 4 and MeetingID = 'b7c5ba733ee836d84d5edf9111d7a20a'
I0504 18:18:31.257593 20141 DBManager.cc:232] insert into MeetingDocument (MeetingID, path)   values ('b7c5ba733ee836d84d5edf9111d7a20a','/root/picture/b7c5ba733ee836d84d5edf9111d7a20a-1367662711.bmp')
I0504 18:18:32.005203 20042 DBManager.cc:516] update MeetingUser set HBTime = 1367662712 where   MeetingID = 'c9cd82498c1d177861189a2d47e7922f' and UserID = 'G'
I0504 18:18:32.007315 20042 DBManager.cc:399] select State from MeetingUser where   MeetingID = 'c9cd82498c1d177861189a2d47e7922f' and UserID = 'G'
I0504 18:18:33.466533 20043 DBManager.cc:516] update MeetingUser set HBTime = 1367662713 where   MeetingID = '4383e40e3c2ac7e40edaf59795b3d1b7' and UserID = 'D'
I0504 18:18:33.470574 20043 DBManager.cc:399] select State from MeetingUser where   MeetingID = '4383e40e3c2ac7e40edaf59795b3d1b7' and UserID = 'D'
I0504 18:18:37.050930 20120 DBManager.cc:516] update MeetingUser set HBTime = 1367662717 where   MeetingID = 'c9cd82498c1d177861189a2d47e7922f' and UserID = 'G'
I0504 18:18:37.057314 20120 DBManager.cc:399] select State from MeetingUser where   MeetingID = 'c9cd82498c1d177861189a2d47e7922f' and UserID = 'G'
I0504 18:18:38.486944 20120 DBManager.cc:516] update MeetingUser set HBTime = 1367662718 where   MeetingID = '4383e40e3c2ac7e40edaf59795b3d1b7' and UserID = 'D'
I0504 18:18:38.491173 20120 DBManager.cc:399] select State from MeetingUser where   MeetingID = '4383e40e3c2ac7e40edaf59795b3d1b7' and UserID = 'D'
I0504 18:18:41.262364 20141 DBManager.cc:600] select MeetingID from MeetingUser where   State = 3 and HBTime < 1367662716 order by id
I0504 18:18:41.263528 20141 DBManager.cc:654] update MeetingUser set State = 4 where   State = 3 and MeetingID = 'b7c5ba733ee836d84d5edf9111d7a20a'
I0504 18:18:41.264058 20141 DBManager.cc:661] select UserID from MeetingUser where     State = 2 and MeetingID = 'b7c5ba733ee836d84d5edf9111d7a20a' and HBTime > 1367662716
I0504 18:18:41.264394 20141 DBManager.cc:683] select UserID from MeetingUser where     State = 1 and MeetingID = 'b7c5ba733ee836d84d5edf9111d7a20a' and HBTime > 1367662716
I0504 18:18:41.264741 20141 DBManager.cc:721] update MeetingUser set State = 3 where       State = 4 and MeetingID = 'b7c5ba733ee836d84d5edf9111d7a20a'
I0504 18:18:41.270576 20141 DBManager.cc:232] insert into MeetingDocument (MeetingID, path)   values ('b7c5ba733ee836d84d5edf9111d7a20a','/root/picture/b7c5ba733ee836d84d5edf9111d7a20a-1367662721.bmp')
I0504 18:18:42.140591 20120 DBManager.cc:516] update MeetingUser set HBTime = 1367662722 where   MeetingID = 'c9cd82498c1d177861189a2d47e7922f' and UserID = 'G'
I0504 18:18:42.146093 20120 DBManager.cc:399] select State from MeetingUser where   MeetingID = 'c9cd82498c1d177861189a2d47e7922f' and UserID = 'G'
I0504 18:18:43.552438 20044 DBManager.cc:516] update MeetingUser set HBTime = 1367662723 where   MeetingID = '4383e40e3c2ac7e40edaf59795b3d1b7' and UserID = 'D'
I0504 18:18:43.556604 20044 DBManager.cc:399] select State from MeetingUser where   MeetingID = '4383e40e3c2ac7e40edaf59795b3d1b7' and UserID = 'D'
I0504 18:18:47.209566 20052 DBManager.cc:516] update MeetingUser set HBTime = 1367662727 where   MeetingID = 'c9cd82498c1d177861189a2d47e7922f' and UserID = 'G'
I0504 18:18:47.213198 20052 DBManager.cc:399] select State from MeetingUser where   MeetingID = 'c9cd82498c1d177861189a2d47e7922f' and UserID = 'G'
I0504 18:18:48.588662 20044 DBManager.cc:516] update MeetingUser set HBTime = 1367662728 where   MeetingID = '4383e40e3c2ac7e40edaf59795b3d1b7' and UserID = 'D'
I0504 18:18:48.592985 20044 DBManager.cc:399] select State from MeetingUser where   MeetingID = '4383e40e3c2ac7e40edaf59795b3d1b7' and UserID = 'D'
I0504 18:18:51.274772 20141 DBManager.cc:600] select MeetingID from MeetingUser where   State = 3 and HBTime < 1367662726 order by id
I0504 18:18:51.275921 20141 DBManager.cc:654] update MeetingUser set State = 4 where   State = 3 and MeetingID = 'b7c5ba733ee836d84d5edf9111d7a20a'
I0504 18:18:51.276413 20141 DBManager.cc:661] select UserID from MeetingUser where     State = 2 and MeetingID = 'b7c5ba733ee836d84d5edf9111d7a20a' and HBTime > 1367662726
I0504 18:18:51.276849 20141 DBManager.cc:683] select UserID from MeetingUser where     State = 1 and MeetingID = 'b7c5ba733ee836d84d5edf9111d7a20a' and HBTime > 1367662726
I0504 18:18:51.277250 20141 DBManager.cc:721] update MeetingUser set State = 3 where       State = 4 and MeetingID = 'b7c5ba733ee836d84d5edf9111d7a20a'
I0504 18:18:51.283512 20141 DBManager.cc:232] insert into MeetingDocument (MeetingID, path)   values ('b7c5ba733ee836d84d5edf9111d7a20a','/root/picture/b7c5ba733ee836d84d5edf9111d7a20a-1367662731.bmp')
I0504 18:18:52.274080 20120 DBManager.cc:516] update MeetingUser set HBTime = 1367662732 where   MeetingID = 'c9cd82498c1d177861189a2d47e7922f' and UserID = 'G'
I0504 18:18:52.280994 20120 DBManager.cc:399] select State from MeetingUser where   MeetingID = 'c9cd82498c1d177861189a2d47e7922f' and UserID = 'G'
I0504 18:18:53.633860 20044 DBManager.cc:516] update MeetingUser set HBTime = 1367662733 where   MeetingID = '4383e40e3c2ac7e40edaf59795b3d1b7' and UserID = 'D'
I0504 18:18:53.637955 20044 DBManager.cc:399] select State from MeetingUser where   MeetingID = '4383e40e3c2ac7e40edaf59795b3d1b7' and UserID = 'D'
I0504 18:18:57.350601 20044 DBManager.cc:516] update MeetingUser set HBTime = 1367662737 where   MeetingID = 'c9cd82498c1d177861189a2d47e7922f' and UserID = 'G'
I0504 18:18:57.355979 20044 DBManager.cc:399] select State from MeetingUser where   MeetingID = 'c9cd82498c1d177861189a2d47e7922f' and UserID = 'G'
I0504 18:18:58.653841 20044 DBManager.cc:516] update MeetingUser set HBTime = 1367662738 where   MeetingID = '4383e40e3c2ac7e40edaf59795b3d1b7' and UserID = 'D'
I0504 18:18:58.657922 20044 DBManager.cc:399] select State from MeetingUser where   MeetingID = '4383e40e3c2ac7e40edaf59795b3d1b7' and UserID = 'D'
I0504 18:19:01.287721 20141 DBManager.cc:600] select MeetingID from MeetingUser where   State = 3 and HBTime < 1367662736 order by id
I0504 18:19:01.288745 20141 DBManager.cc:654] update MeetingUser set State = 4 where   State = 3 and MeetingID = 'b7c5ba733ee836d84d5edf9111d7a20a'
I0504 18:19:01.289286 20141 DBManager.cc:661] select UserID from MeetingUser where     State = 2 and MeetingID = 'b7c5ba733ee836d84d5edf9111d7a20a' and HBTime > 1367662736
I0504 18:19:01.289679 20141 DBManager.cc:683] select UserID from MeetingUser where     State = 1 and MeetingID = 'b7c5ba733ee836d84d5edf9111d7a20a' and HBTime > 1367662736
I0504 18:19:01.290006 20141 DBManager.cc:721] update MeetingUser set State = 3 where       State = 4 and MeetingID = 'b7c5ba733ee836d84d5edf9111d7a20a'
I0504 18:19:01.295794 20141 DBManager.cc:232] insert into MeetingDocument (MeetingID, path)   values ('b7c5ba733ee836d84d5edf9111d7a20a','/root/picture/b7c5ba733ee836d84d5edf9111d7a20a-1367662741.bmp')
I0504 18:19:02.399647 20084 DBManager.cc:516] update MeetingUser set HBTime = 1367662742 where   MeetingID = 'c9cd82498c1d177861189a2d47e7922f' and UserID = 'G'
I0504 18:19:02.407235 20084 DBManager.cc:399] select State from MeetingUser where   MeetingID = 'c9cd82498c1d177861189a2d47e7922f' and UserID = 'G'
I0504 18:19:03.670236 20084 DBManager.cc:516] update MeetingUser set HBTime = 1367662743 where   MeetingID = '4383e40e3c2ac7e40edaf59795b3d1b7' and UserID = 'D'
I0504 18:19:03.674466 20084 DBManager.cc:399] select State from MeetingUser where   MeetingID = '4383e40e3c2ac7e40edaf59795b3d1b7' and UserID = 'D'
I0504 18:19:07.461122 20089 DBManager.cc:516] update MeetingUser set HBTime = 1367662747 where   MeetingID = 'c9cd82498c1d177861189a2d47e7922f' and UserID = 'G'
I0504 18:19:07.465271 20089 DBManager.cc:399] select State from MeetingUser where   MeetingID = 'c9cd82498c1d177861189a2d47e7922f' and UserID = 'G'
I0504 18:19:08.685787 20089 DBManager.cc:516] update MeetingUser set HBTime = 1367662748 where   MeetingID = '4383e40e3c2ac7e40edaf59795b3d1b7' and UserID = 'D'
I0504 18:19:08.688051 20089 DBManager.cc:399] select State from MeetingUser where   MeetingID = '4383e40e3c2ac7e40edaf59795b3d1b7' and UserID = 'D'
I0504 18:19:11.300062 20141 DBManager.cc:600] select MeetingID from MeetingUser where   State = 3 and HBTime < 1367662746 order by id
I0504 18:19:11.301411 20141 DBManager.cc:654] update MeetingUser set State = 4 where   State = 3 and MeetingID = 'b7c5ba733ee836d84d5edf9111d7a20a'
I0504 18:19:11.302000 20141 DBManager.cc:661] select UserID from MeetingUser where     State = 2 and MeetingID = 'b7c5ba733ee836d84d5edf9111d7a20a' and HBTime > 1367662746
I0504 18:19:11.302379 20141 DBManager.cc:683] select UserID from MeetingUser where     State = 1 and MeetingID = 'b7c5ba733ee836d84d5edf9111d7a20a' and HBTime > 1367662746
I0504 18:19:11.302739 20141 DBManager.cc:721] update MeetingUser set State = 3 where       State = 4 and MeetingID = 'b7c5ba733ee836d84d5edf9111d7a20a'
I0504 18:19:11.308631 20141 DBManager.cc:232] insert into MeetingDocument (MeetingID, path)   values ('b7c5ba733ee836d84d5edf9111d7a20a','/root/picture/b7c5ba733ee836d84d5edf9111d7a20a-1367662751.bmp')
I0504 18:19:12.533712 20087 DBManager.cc:516] update MeetingUser set HBTime = 1367662752 where   MeetingID = 'c9cd82498c1d177861189a2d47e7922f' and UserID = 'G'
I0504 18:19:12.536314 20087 DBManager.cc:399] select State from MeetingUser where   MeetingID = 'c9cd82498c1d177861189a2d47e7922f' and UserID = 'G'
I0504 18:19:13.700582 20044 DBManager.cc:516] update MeetingUser set HBTime = 1367662753 where   MeetingID = '4383e40e3c2ac7e40edaf59795b3d1b7' and UserID = 'D'
I0504 18:19:13.704608 20044 DBManager.cc:399] select State from MeetingUser where   MeetingID = '4383e40e3c2ac7e40edaf59795b3d1b7' and UserID = 'D'
I0504 18:19:18.715296 20053 DBManager.cc:516] update MeetingUser set HBTime = 1367662758 where   MeetingID = '4383e40e3c2ac7e40edaf59795b3d1b7' and UserID = 'D'
I0504 18:19:18.717464 20053 DBManager.cc:399] select State from MeetingUser where   MeetingID = '4383e40e3c2ac7e40edaf59795b3d1b7' and UserID = 'D'
I0504 18:19:21.311202 20141 DBManager.cc:600] select MeetingID from MeetingUser where   State = 3 and HBTime < 1367662756 order by id
I0504 18:19:21.312211 20141 DBManager.cc:654] update MeetingUser set State = 4 where   State = 3 and MeetingID = 'b7c5ba733ee836d84d5edf9111d7a20a'
I0504 18:19:21.312777 20141 DBManager.cc:661] select UserID from MeetingUser where     State = 2 and MeetingID = 'b7c5ba733ee836d84d5edf9111d7a20a' and HBTime > 1367662756
I0504 18:19:21.313212 20141 DBManager.cc:683] select UserID from MeetingUser where     State = 1 and MeetingID = 'b7c5ba733ee836d84d5edf9111d7a20a' and HBTime > 1367662756
I0504 18:19:21.313541 20141 DBManager.cc:721] update MeetingUser set State = 3 where       State = 4 and MeetingID = 'b7c5ba733ee836d84d5edf9111d7a20a'
I0504 18:19:21.317528 20141 DBManager.cc:654] update MeetingUser set State = 4 where   State = 3 and MeetingID = 'c9cd82498c1d177861189a2d47e7922f'
I0504 18:19:21.318114 20141 DBManager.cc:661] select UserID from MeetingUser where     State = 2 and MeetingID = 'c9cd82498c1d177861189a2d47e7922f' and HBTime > 1367662756
I0504 18:19:21.318524 20141 DBManager.cc:683] select UserID from MeetingUser where     State = 1 and MeetingID = 'c9cd82498c1d177861189a2d47e7922f' and HBTime > 1367662756
I0504 18:19:21.318923 20141 DBManager.cc:721] update MeetingUser set State = 3 where       State = 4 and MeetingID = 'c9cd82498c1d177861189a2d47e7922f'
I0504 18:19:21.325031 20141 DBManager.cc:232] insert into MeetingDocument (MeetingID, path)   values ('b7c5ba733ee836d84d5edf9111d7a20a','/root/picture/b7c5ba733ee836d84d5edf9111d7a20a-1367662761.bmp')
I0504 18:19:21.330950 20141 DBManager.cc:232] insert into MeetingDocument (MeetingID, path)   values ('c9cd82498c1d177861189a2d47e7922f','/root/picture/c9cd82498c1d177861189a2d47e7922f-1367662761.bmp')
I0504 18:19:23.748530 20044 DBManager.cc:516] update MeetingUser set HBTime = 1367662763 where   MeetingID = '4383e40e3c2ac7e40edaf59795b3d1b7' and UserID = 'D'
I0504 18:19:23.752650 20044 DBManager.cc:399] select State from MeetingUser where   MeetingID = '4383e40e3c2ac7e40edaf59795b3d1b7' and UserID = 'D'
I0504 18:19:28.769237 20053 DBManager.cc:516] update MeetingUser set HBTime = 1367662768 where   MeetingID = '4383e40e3c2ac7e40edaf59795b3d1b7' and UserID = 'D'
I0504 18:19:28.773272 20053 DBManager.cc:399] select State from MeetingUser where   MeetingID = '4383e40e3c2ac7e40edaf59795b3d1b7' and UserID = 'D'
I0504 18:19:31.333477 20141 DBManager.cc:600] select MeetingID from MeetingUser where   State = 3 and HBTime < 1367662766 order by id
I0504 18:19:31.334506 20141 DBManager.cc:654] update MeetingUser set State = 4 where   State = 3 and MeetingID = 'b7c5ba733ee836d84d5edf9111d7a20a'
I0504 18:19:31.334836 20141 DBManager.cc:661] select UserID from MeetingUser where     State = 2 and MeetingID = 'b7c5ba733ee836d84d5edf9111d7a20a' and HBTime > 1367662766
I0504 18:19:31.335115 20141 DBManager.cc:683] select UserID from MeetingUser where     State = 1 and MeetingID = 'b7c5ba733ee836d84d5edf9111d7a20a' and HBTime > 1367662766
I0504 18:19:31.335413 20141 DBManager.cc:721] update MeetingUser set State = 3 where       State = 4 and MeetingID = 'b7c5ba733ee836d84d5edf9111d7a20a'
I0504 18:19:31.338418 20141 DBManager.cc:654] update MeetingUser set State = 4 where   State = 3 and MeetingID = 'c9cd82498c1d177861189a2d47e7922f'
I0504 18:19:31.338768 20141 DBManager.cc:661] select UserID from MeetingUser where     State = 2 and MeetingID = 'c9cd82498c1d177861189a2d47e7922f' and HBTime > 1367662766
I0504 18:19:31.339045 20141 DBManager.cc:683] select UserID from MeetingUser where     State = 1 and MeetingID = 'c9cd82498c1d177861189a2d47e7922f' and HBTime > 1367662766
I0504 18:19:31.339330 20141 DBManager.cc:721] update MeetingUser set State = 3 where       State = 4 and MeetingID = 'c9cd82498c1d177861189a2d47e7922f'
I0504 18:19:31.343826 20141 DBManager.cc:232] insert into MeetingDocument (MeetingID, path)   values ('b7c5ba733ee836d84d5edf9111d7a20a','/root/picture/b7c5ba733ee836d84d5edf9111d7a20a-1367662771.bmp')
I0504 18:19:31.347671 20141 DBManager.cc:232] insert into MeetingDocument (MeetingID, path)   values ('c9cd82498c1d177861189a2d47e7922f','/root/picture/c9cd82498c1d177861189a2d47e7922f-1367662771.bmp')
I0504 18:19:33.786816 20053 DBManager.cc:516] update MeetingUser set HBTime = 1367662773 where   MeetingID = '4383e40e3c2ac7e40edaf59795b3d1b7' and UserID = 'D'
I0504 18:19:33.791080 20053 DBManager.cc:399] select State from MeetingUser where   MeetingID = '4383e40e3c2ac7e40edaf59795b3d1b7' and UserID = 'D'
I0504 18:19:38.806416 20089 DBManager.cc:516] update MeetingUser set HBTime = 1367662778 where   MeetingID = '4383e40e3c2ac7e40edaf59795b3d1b7' and UserID = 'D'
I0504 18:19:38.810431 20089 DBManager.cc:399] select State from MeetingUser where   MeetingID = '4383e40e3c2ac7e40edaf59795b3d1b7' and UserID = 'D'
I0504 18:19:41.352114 20141 DBManager.cc:600] select MeetingID from MeetingUser where   State = 3 and HBTime < 1367662776 order by id
I0504 18:19:41.353271 20141 DBManager.cc:654] update MeetingUser set State = 4 where   State = 3 and MeetingID = 'b7c5ba733ee836d84d5edf9111d7a20a'
I0504 18:19:41.353775 20141 DBManager.cc:661] select UserID from MeetingUser where     State = 2 and MeetingID = 'b7c5ba733ee836d84d5edf9111d7a20a' and HBTime > 1367662776
I0504 18:19:41.354109 20141 DBManager.cc:683] select UserID from MeetingUser where     State = 1 and MeetingID = 'b7c5ba733ee836d84d5edf9111d7a20a' and HBTime > 1367662776
I0504 18:19:41.354431 20141 DBManager.cc:721] update MeetingUser set State = 3 where       State = 4 and MeetingID = 'b7c5ba733ee836d84d5edf9111d7a20a'
