I0505 17:18:46.343744  9373 DBManager.cc:666] select UserID from MeetingUser where     State = 2 and MeetingID = '5f0c03338ac5eece6cdb9ba86c3a2024' and HBTime > 1367745521
I0505 17:18:46.344074  9373 DBManager.cc:688] select UserID from MeetingUser where     State = 1 and MeetingID = '5f0c03338ac5eece6cdb9ba86c3a2024' and HBTime > 1367745521
I0505 17:18:46.344410  9373 DBManager.cc:726] update MeetingUser set State = 3 where       State = 4 and MeetingID = '5f0c03338ac5eece6cdb9ba86c3a2024'
I0505 17:18:56.347776  9373 DBManager.cc:600] select MeetingID from MeetingUser where   State = 3 and HBTime < 1367745531 order by id
I0505 17:18:56.348953  9373 DBManager.cc:659] update MeetingUser set State = 4 where   State = 3 and MeetingID = '5f0c03338ac5eece6cdb9ba86c3a2024'
I0505 17:18:56.349259  9373 DBManager.cc:666] select UserID from MeetingUser where     State = 2 and MeetingID = '5f0c03338ac5eece6cdb9ba86c3a2024' and HBTime > 1367745531
I0505 17:18:56.349575  9373 DBManager.cc:688] select UserID from MeetingUser where     State = 1 and MeetingID = '5f0c03338ac5eece6cdb9ba86c3a2024' and HBTime > 1367745531
I0505 17:18:56.349879  9373 DBManager.cc:726] update MeetingUser set State = 3 where       State = 4 and MeetingID = '5f0c03338ac5eece6cdb9ba86c3a2024'
I0505 17:19:06.353230  9373 DBManager.cc:600] select MeetingID from MeetingUser where   State = 3 and HBTime < 1367745541 order by id
I0505 17:19:06.354382  9373 DBManager.cc:659] update MeetingUser set State = 4 where   State = 3 and MeetingID = '5f0c03338ac5eece6cdb9ba86c3a2024'
I0505 17:19:06.354686  9373 DBManager.cc:666] select UserID from MeetingUser where     State = 2 and MeetingID = '5f0c03338ac5eece6cdb9ba86c3a2024' and HBTime > 1367745541
I0505 17:19:06.355010  9373 DBManager.cc:688] select UserID from MeetingUser where     State = 1 and MeetingID = '5f0c03338ac5eece6cdb9ba86c3a2024' and HBTime > 1367745541
I0505 17:19:06.355319  9373 DBManager.cc:726] update MeetingUser set State = 3 where       State = 4 and MeetingID = '5f0c03338ac5eece6cdb9ba86c3a2024'
I0505 17:19:16.358721  9373 DBManager.cc:600] select MeetingID from MeetingUser where   State = 3 and HBTime < 1367745551 order by id
I0505 17:19:16.359946  9373 DBManager.cc:659] update MeetingUser set State = 4 where   State = 3 and MeetingID = '5f0c03338ac5eece6cdb9ba86c3a2024'
I0505 17:19:16.360255  9373 DBManager.cc:666] select UserID from MeetingUser where     State = 2 and MeetingID = '5f0c03338ac5eece6cdb9ba86c3a2024' and HBTime > 1367745551
I0505 17:19:16.360575  9373 DBManager.cc:688] select UserID from MeetingUser where     State = 1 and MeetingID = '5f0c03338ac5eece6cdb9ba86c3a2024' and HBTime > 1367745551
I0505 17:19:16.360890  9373 DBManager.cc:726] update MeetingUser set State = 3 where       State = 4 and MeetingID = '5f0c03338ac5eece6cdb9ba86c3a2024'
I0505 17:19:26.364259  9373 DBManager.cc:600] select MeetingID from MeetingUser where   State = 3 and HBTime < 1367745561 order by id
I0505 17:19:26.365432  9373 DBManager.cc:659] update MeetingUser set State = 4 where   State = 3 and MeetingID = '5f0c03338ac5eece6cdb9ba86c3a2024'
I0505 17:19:26.365735  9373 DBManager.cc:666] select UserID from MeetingUser where     State = 2 and MeetingID = '5f0c03338ac5eece6cdb9ba86c3a2024' and HBTime > 1367745561
I0505 17:19:26.366053  9373 DBManager.cc:688] select UserID from MeetingUser where     State = 1 and MeetingID = '5f0c03338ac5eece6cdb9ba86c3a2024' and HBTime > 1367745561
I0505 17:19:26.366356  9373 DBManager.cc:726] update MeetingUser set State = 3 where       State = 4 and MeetingID = '5f0c03338ac5eece6cdb9ba86c3a2024'
I0505 17:19:36.370518  9373 DBManager.cc:600] select MeetingID from MeetingUser where   State = 3 and HBTime < 1367745571 order by id
I0505 17:19:36.371734  9373 DBManager.cc:659] update MeetingUser set State = 4 where   State = 3 and MeetingID = '5f0c03338ac5eece6cdb9ba86c3a2024'
I0505 17:19:36.372052  9373 DBManager.cc:666] select UserID from MeetingUser where     State = 2 and MeetingID = '5f0c03338ac5eece6cdb9ba86c3a2024' and HBTime > 1367745571
I0505 17:19:36.372381  9373 DBManager.cc:688] select UserID from MeetingUser where     State = 1 and MeetingID = '5f0c03338ac5eece6cdb9ba86c3a2024' and HBTime > 1367745571
I0505 17:19:36.372699  9373 DBManager.cc:726] update MeetingUser set State = 3 where       State = 4 and MeetingID = '5f0c03338ac5eece6cdb9ba86c3a2024'
I0505 17:19:46.376031  9373 DBManager.cc:600] select MeetingID from MeetingUser where   State = 3 and HBTime < 1367745581 order by id
I0505 17:19:46.377347  9373 DBManager.cc:659] update MeetingUser set State = 4 where   State = 3 and MeetingID = '5f0c03338ac5eece6cdb9ba86c3a2024'
I0505 17:19:46.377698  9373 DBManager.cc:666] select UserID from MeetingUser where     State = 2 and MeetingID = '5f0c03338ac5eece6cdb9ba86c3a2024' and HBTime > 1367745581
I0505 17:19:46.378051  9373 DBManager.cc:688] select UserID from MeetingUser where     State = 1 and MeetingID = '5f0c03338ac5eece6cdb9ba86c3a2024' and HBTime > 1367745581
I0505 17:19:46.378419  9373 DBManager.cc:726] update MeetingUser set State = 3 where       State = 4 and MeetingID = '5f0c03338ac5eece6cdb9ba86c3a2024'
I0505 17:19:56.381904  9373 DBManager.cc:600] select MeetingID from MeetingUser where   State = 3 and HBTime < 1367745591 order by id
I0505 17:19:56.383018  9373 DBManager.cc:659] update MeetingUser set State = 4 where   State = 3 and MeetingID = '5f0c03338ac5eece6cdb9ba86c3a2024'
I0505 17:19:56.383410  9373 DBManager.cc:666] select UserID from MeetingUser where     State = 2 and MeetingID = '5f0c03338ac5eece6cdb9ba86c3a2024' and HBTime > 1367745591
I0505 17:19:56.383836  9373 DBManager.cc:688] select UserID from MeetingUser where     State = 1 and MeetingID = '5f0c03338ac5eece6cdb9ba86c3a2024' and HBTime > 1367745591
I0505 17:19:56.384264  9373 DBManager.cc:726] update MeetingUser set State = 3 where       State = 4 and MeetingID = '5f0c03338ac5eece6cdb9ba86c3a2024'
I0505 17:20:06.388500  9373 DBManager.cc:600] select MeetingID from MeetingUser where   State = 3 and HBTime < 1367745601 order by id
I0505 17:20:06.389670  9373 DBManager.cc:659] update MeetingUser set State = 4 where   State = 3 and MeetingID = '5f0c03338ac5eece6cdb9ba86c3a2024'
I0505 17:20:06.390060  9373 DBManager.cc:666] select UserID from MeetingUser where     State = 2 and MeetingID = '5f0c03338ac5eece6cdb9ba86c3a2024' and HBTime > 1367745601
I0505 17:20:06.390410  9373 DBManager.cc:688] select UserID from MeetingUser where     State = 1 and MeetingID = '5f0c03338ac5eece6cdb9ba86c3a2024' and HBTime > 1367745601
I0505 17:20:06.390810  9373 DBManager.cc:726] update MeetingUser set State = 3 where       State = 4 and MeetingID = '5f0c03338ac5eece6cdb9ba86c3a2024'
I0505 17:20:16.394320  9373 DBManager.cc:600] select MeetingID from MeetingUser where   State = 3 and HBTime < 1367745611 order by id
I0505 17:20:16.395581  9373 DBManager.cc:659] update MeetingUser set State = 4 where   State = 3 and MeetingID = '5f0c03338ac5eece6cdb9ba86c3a2024'
I0505 17:20:16.396018  9373 DBManager.cc:666] select UserID from MeetingUser where     State = 2 and MeetingID = '5f0c03338ac5eece6cdb9ba86c3a2024' and HBTime > 1367745611
I0505 17:20:16.396507  9373 DBManager.cc:688] select UserID from MeetingUser where     State = 1 and MeetingID = '5f0c03338ac5eece6cdb9ba86c3a2024' and HBTime > 1367745611
I0505 17:20:16.396973  9373 DBManager.cc:726] update MeetingUser set State = 3 where       State = 4 and MeetingID = '5f0c03338ac5eece6cdb9ba86c3a2024'
I0505 17:20:26.400429  9373 DBManager.cc:600] select MeetingID from MeetingUser where   State = 3 and HBTime < 1367745621 order by id
I0505 17:20:26.401520  9373 DBManager.cc:659] update MeetingUser set State = 4 where   State = 3 and MeetingID = '5f0c03338ac5eece6cdb9ba86c3a2024'
I0505 17:20:26.401887  9373 DBManager.cc:666] select UserID from MeetingUser where     State = 2 and MeetingID = '5f0c03338ac5eece6cdb9ba86c3a2024' and HBTime > 1367745621
I0505 17:20:26.402261  9373 DBManager.cc:688] select UserID from MeetingUser where     State = 1 and MeetingID = '5f0c03338ac5eece6cdb9ba86c3a2024' and HBTime > 1367745621
I0505 17:20:26.402623  9373 DBManager.cc:726] update MeetingUser set State = 3 where       State = 4 and MeetingID = '5f0c03338ac5eece6cdb9ba86c3a2024'
I0505 17:20:36.406211  9373 DBManager.cc:600] select MeetingID from MeetingUser where   State = 3 and HBTime < 1367745631 order by id
I0505 17:20:36.407245  9373 DBManager.cc:659] update MeetingUser set State = 4 where   State = 3 and MeetingID = '5f0c03338ac5eece6cdb9ba86c3a2024'
I0505 17:20:36.407693  9373 DBManager.cc:666] select UserID from MeetingUser where     State = 2 and MeetingID = '5f0c03338ac5eece6cdb9ba86c3a2024' and HBTime > 1367745631
I0505 17:20:36.408177  9373 DBManager.cc:688] select UserID from MeetingUser where     State = 1 and MeetingID = '5f0c03338ac5eece6cdb9ba86c3a2024' and HBTime > 1367745631
I0505 17:20:36.408663  9373 DBManager.cc:726] update MeetingUser set State = 3 where       State = 4 and MeetingID = '5f0c03338ac5eece6cdb9ba86c3a2024'
I0505 17:20:46.412179  9373 DBManager.cc:600] select MeetingID from MeetingUser where   State = 3 and HBTime < 1367745641 order by id
I0505 17:20:46.413475  9373 DBManager.cc:659] update MeetingUser set State = 4 where   State = 3 and MeetingID = '5f0c03338ac5eece6cdb9ba86c3a2024'
I0505 17:20:46.413822  9373 DBManager.cc:666] select UserID from MeetingUser where     State = 2 and MeetingID = '5f0c03338ac5eece6cdb9ba86c3a2024' and HBTime > 1367745641
I0505 17:20:46.414178  9373 DBManager.cc:688] select UserID from MeetingUser where     State = 1 and MeetingID = '5f0c03338ac5eece6cdb9ba86c3a2024' and HBTime > 1367745641
I0505 17:20:46.414527  9373 DBManager.cc:726] update MeetingUser set State = 3 where       State = 4 and MeetingID = '5f0c03338ac5eece6cdb9ba86c3a2024'
I0505 17:20:56.417963  9373 DBManager.cc:600] select MeetingID from MeetingUser where   State = 3 and HBTime < 1367745651 order by id
I0505 17:20:56.419088  9373 DBManager.cc:659] update MeetingUser set State = 4 where   State = 3 and MeetingID = '5f0c03338ac5eece6cdb9ba86c3a2024'
I0505 17:20:56.419510  9373 DBManager.cc:666] select UserID from MeetingUser where     State = 2 and MeetingID = '5f0c03338ac5eece6cdb9ba86c3a2024' and HBTime > 1367745651
I0505 17:20:56.419936  9373 DBManager.cc:688] select UserID from MeetingUser where     State = 1 and MeetingID = '5f0c03338ac5eece6cdb9ba86c3a2024' and HBTime > 1367745651
I0505 17:20:56.420357  9373 DBManager.cc:726] update MeetingUser set State = 3 where       State = 4 and MeetingID = '5f0c03338ac5eece6cdb9ba86c3a2024'
I0505 17:21:06.424795  9373 DBManager.cc:600] select MeetingID from MeetingUser where   State = 3 and HBTime < 1367745661 order by id
I0505 17:21:06.425856  9373 DBManager.cc:659] update MeetingUser set State = 4 where   State = 3 and MeetingID = '5f0c03338ac5eece6cdb9ba86c3a2024'
I0505 17:21:06.426225  9373 DBManager.cc:666] select UserID from MeetingUser where     State = 2 and MeetingID = '5f0c03338ac5eece6cdb9ba86c3a2024' and HBTime > 1367745661
I0505 17:21:06.426638  9373 DBManager.cc:688] select UserID from MeetingUser where     State = 1 and MeetingID = '5f0c03338ac5eece6cdb9ba86c3a2024' and HBTime > 1367745661
I0505 17:21:06.427006  9373 DBManager.cc:726] update MeetingUser set State = 3 where       State = 4 and MeetingID = '5f0c03338ac5eece6cdb9ba86c3a2024'
I0505 17:21:16.431499  9373 DBManager.cc:600] select MeetingID from MeetingUser where   State = 3 and HBTime < 1367745671 order by id
I0505 17:21:16.432914  9373 DBManager.cc:659] update MeetingUser set State = 4 where   State = 3 and MeetingID = '5f0c03338ac5eece6cdb9ba86c3a2024'
I0505 17:21:16.433284  9373 DBManager.cc:666] select UserID from MeetingUser where     State = 2 and MeetingID = '5f0c03338ac5eece6cdb9ba86c3a2024' and HBTime > 1367745671
I0505 17:21:16.433657  9373 DBManager.cc:688] select UserID from MeetingUser where     State = 1 and MeetingID = '5f0c03338ac5eece6cdb9ba86c3a2024' and HBTime > 1367745671
I0505 17:21:16.434020  9373 DBManager.cc:726] update MeetingUser set State = 3 where       State = 4 and MeetingID = '5f0c03338ac5eece6cdb9ba86c3a2024'
I0505 17:21:26.438261  9373 DBManager.cc:600] select MeetingID from MeetingUser where   State = 3 and HBTime < 1367745681 order by id
I0505 17:21:26.439571  9373 DBManager.cc:659] update MeetingUser set State = 4 where   State = 3 and MeetingID = '5f0c03338ac5eece6cdb9ba86c3a2024'
I0505 17:21:26.439913  9373 DBManager.cc:666] select UserID from MeetingUser where     State = 2 and MeetingID = '5f0c03338ac5eece6cdb9ba86c3a2024' and HBTime > 1367745681
I0505 17:21:26.440235  9373 DBManager.cc:688] select UserID from MeetingUser where     State = 1 and MeetingID = '5f0c03338ac5eece6cdb9ba86c3a2024' and HBTime > 1367745681
I0505 17:21:26.440539  9373 DBManager.cc:726] update MeetingUser set State = 3 where       State = 4 and MeetingID = '5f0c03338ac5eece6cdb9ba86c3a2024'
I0505 17:21:36.444061  9373 DBManager.cc:600] select MeetingID from MeetingUser where   State = 3 and HBTime < 1367745691 order by id
I0505 17:21:36.445214  9373 DBManager.cc:659] update MeetingUser set State = 4 where   State = 3 and MeetingID = '5f0c03338ac5eece6cdb9ba86c3a2024'
I0505 17:21:36.445525  9373 DBManager.cc:666] select UserID from MeetingUser where     State = 2 and MeetingID = '5f0c03338ac5eece6cdb9ba86c3a2024' and HBTime > 1367745691
I0505 17:21:36.445852  9373 DBManager.cc:688] select UserID from MeetingUser where     State = 1 and MeetingID = '5f0c03338ac5eece6cdb9ba86c3a2024' and HBTime > 1367745691
I0505 17:21:36.446195  9373 DBManager.cc:726] update MeetingUser set State = 3 where       State = 4 and MeetingID = '5f0c03338ac5eece6cdb9ba86c3a2024'
I0505 17:21:46.449458  9373 DBManager.cc:600] select MeetingID from MeetingUser where   State = 3 and HBTime < 1367745701 order by id
I0505 17:21:46.450716  9373 DBManager.cc:659] update MeetingUser set State = 4 where   State = 3 and MeetingID = '5f0c03338ac5eece6cdb9ba86c3a2024'
I0505 17:21:46.451061  9373 DBManager.cc:666] select UserID from MeetingUser where     State = 2 and MeetingID = '5f0c03338ac5eece6cdb9ba86c3a2024' and HBTime > 1367745701
I0505 17:21:46.451446  9373 DBManager.cc:688] select UserID from MeetingUser where     State = 1 and MeetingID = '5f0c03338ac5eece6cdb9ba86c3a2024' and HBTime > 1367745701
I0505 17:21:46.451781  9373 DBManager.cc:726] update MeetingUser set State = 3 where       State = 4 and MeetingID = '5f0c03338ac5eece6cdb9ba86c3a2024'
I0505 17:21:56.456176  9373 DBManager.cc:600] select MeetingID from MeetingUser where   State = 3 and HBTime < 1367745711 order by id
I0505 17:21:56.457376  9373 DBManager.cc:659] update MeetingUser set State = 4 where   State = 3 and MeetingID = '5f0c03338ac5eece6cdb9ba86c3a2024'
I0505 17:21:56.457684  9373 DBManager.cc:666] select UserID from MeetingUser where     State = 2 and MeetingID = '5f0c03338ac5eece6cdb9ba86c3a2024' and HBTime > 1367745711
I0505 17:21:56.458016  9373 DBManager.cc:688] select UserID from MeetingUser where     State = 1 and MeetingID = '5f0c03338ac5eece6cdb9ba86c3a2024' and HBTime > 1367745711
I0505 17:21:56.458329  9373 DBManager.cc:726] update MeetingUser set State = 3 where       State = 4 and MeetingID = '5f0c03338ac5eece6cdb9ba86c3a2024'
I0505 17:22:06.461738  9373 DBManager.cc:600] select MeetingID from MeetingUser where   State = 3 and HBTime < 1367745721 order by id
I0505 17:22:06.462826  9373 DBManager.cc:659] update MeetingUser set State = 4 where   State = 3 and MeetingID = '5f0c03338ac5eece6cdb9ba86c3a2024'
I0505 17:22:06.463135  9373 DBManager.cc:666] select UserID from MeetingUser where     State = 2 and MeetingID = '5f0c03338ac5eece6cdb9ba86c3a2024' and HBTime > 1367745721
I0505 17:22:06.463484  9373 DBManager.cc:688] select UserID from MeetingUser where     State = 1 and MeetingID = '5f0c03338ac5eece6cdb9ba86c3a2024' and HBTime > 1367745721
I0505 17:22:06.463817  9373 DBManager.cc:726] update MeetingUser set State = 3 where       State = 4 and MeetingID = '5f0c03338ac5eece6cdb9ba86c3a2024'
I0505 17:22:16.468793  9373 DBManager.cc:600] select MeetingID from MeetingUser where   State = 3 and HBTime < 1367745731 order by id
I0505 17:22:16.470032  9373 DBManager.cc:659] update MeetingUser set State = 4 where   State = 3 and MeetingID = '5f0c03338ac5eece6cdb9ba86c3a2024'
I0505 17:22:16.470340  9373 DBManager.cc:666] select UserID from MeetingUser where     State = 2 and MeetingID = '5f0c03338ac5eece6cdb9ba86c3a2024' and HBTime > 1367745731
I0505 17:22:16.470666  9373 DBManager.cc:688] select UserID from MeetingUser where     State = 1 and MeetingID = '5f0c03338ac5eece6cdb9ba86c3a2024' and HBTime > 1367745731
I0505 17:22:16.470981  9373 DBManager.cc:726] update MeetingUser set State = 3 where       State = 4 and MeetingID = '5f0c03338ac5eece6cdb9ba86c3a2024'
I0505 17:22:20.418931  9277 DBManager.cc:77] insert into Meeting (state) values (0)
I0505 17:22:20.422971  9277 DBManager.cc:95] update Meeting set MeetingID = 'ceac3f80bda8faecb51d0097dcd42c19' where   id = 4065
I0505 17:22:26.474354  9373 DBManager.cc:600] select MeetingID from MeetingUser where   State = 3 and HBTime < 1367745741 order by id
I0505 17:22:26.475468  9373 DBManager.cc:659] update MeetingUser set State = 4 where   State = 3 and MeetingID = '5f0c03338ac5eece6cdb9ba86c3a2024'
I0505 17:22:26.475824  9373 DBManager.cc:666] select UserID from MeetingUser where     State = 2 and MeetingID = '5f0c03338ac5eece6cdb9ba86c3a2024' and HBTime > 1367745741
I0505 17:22:26.476227  9373 DBManager.cc:688] select UserID from MeetingUser where     State = 1 and MeetingID = '5f0c03338ac5eece6cdb9ba86c3a2024' and HBTime > 1367745741
I0505 17:22:26.476610  9373 DBManager.cc:726] update MeetingUser set State = 3 where       State = 4 and MeetingID = '5f0c03338ac5eece6cdb9ba86c3a2024'
I0505 17:22:26.509238  9348 DBManager.cc:347] select state from Meeting where   MeetingID = 'ceac3f80bda8faecb51d0097dcd42c19'
I0505 17:22:26.510138  9348 DBManager.cc:163] update Meeting set state = 1 where   MeetingID = 'ceac3f80bda8faecb51d0097dcd42c19'
I0505 17:22:26.510790  9348 DBManager.cc:368] insert into MeetingUser(MeetingID, UserID,         State, HBTime)  values('ceac3f80bda8faecb51d0097dcd42c19', '123', 3, 1367745746)
E0505 17:22:26.511116  9348 MeetingHandler.cc:78] create meeting updater
I0505 17:22:26.516593  9348 DBManager.cc:185] update Meeting set DataRef = 140614477969776 where   MeetingID = 'ceac3f80bda8faecb51d0097dcd42c19'
I0505 17:22:26.520683  9348 DBManager.cc:117] update Meeting set Port = 11249 where   MeetingID = 'ceac3f80bda8faecb51d0097dcd42c19'
E0505 17:22:26.523242  9348 MeetingHandler.cc:98] join msg return
I0505 17:22:26.527850  9348 DBManager.cc:141] select Port from Meeting where   MeetingID = 'ceac3f80bda8faecb51d0097dcd42c19'
I0505 17:22:26.556016  9327 DBManager.cc:516] update MeetingUser set HBTime = 1367745746 where   MeetingID = 'ceac3f80bda8faecb51d0097dcd42c19' and UserID = '123'
I0505 17:22:26.560027  9327 DBManager.cc:399] select State from MeetingUser where   MeetingID = 'ceac3f80bda8faecb51d0097dcd42c19' and UserID = '123'
I0505 17:22:31.618140  9342 DBManager.cc:516] update MeetingUser set HBTime = 1367745751 where   MeetingID = 'ceac3f80bda8faecb51d0097dcd42c19' and UserID = '123'
I0505 17:22:31.624021  9342 DBManager.cc:399] select State from MeetingUser where   MeetingID = 'ceac3f80bda8faecb51d0097dcd42c19' and UserID = '123'
I0505 17:22:36.479962  9373 DBManager.cc:600] select MeetingID from MeetingUser where   State = 3 and HBTime < 1367745751 order by id
I0505 17:22:36.481009  9373 DBManager.cc:659] update MeetingUser set State = 4 where   State = 3 and MeetingID = '5f0c03338ac5eece6cdb9ba86c3a2024'
I0505 17:22:36.481333  9373 DBManager.cc:666] select UserID from MeetingUser where     State = 2 and MeetingID = '5f0c03338ac5eece6cdb9ba86c3a2024' and HBTime > 1367745751
I0505 17:22:36.481677  9373 DBManager.cc:688] select UserID from MeetingUser where     State = 1 and MeetingID = '5f0c03338ac5eece6cdb9ba86c3a2024' and HBTime > 1367745751
I0505 17:22:36.481988  9373 DBManager.cc:726] update MeetingUser set State = 3 where       State = 4 and MeetingID = '5f0c03338ac5eece6cdb9ba86c3a2024'
I0505 17:22:36.677057  9353 DBManager.cc:516] update MeetingUser set HBTime = 1367745756 where   MeetingID = 'ceac3f80bda8faecb51d0097dcd42c19' and UserID = '123'
I0505 17:22:36.680923  9353 DBManager.cc:399] select State from MeetingUser where   MeetingID = 'ceac3f80bda8faecb51d0097dcd42c19' and UserID = '123'
I0505 17:22:41.779932  9348 DBManager.cc:516] update MeetingUser set HBTime = 1367745761 where   MeetingID = 'ceac3f80bda8faecb51d0097dcd42c19' and UserID = '123'
I0505 17:22:41.783989  9348 DBManager.cc:399] select State from MeetingUser where   MeetingID = 'ceac3f80bda8faecb51d0097dcd42c19' and UserID = '123'
I0505 17:22:46.485394  9373 DBManager.cc:600] select MeetingID from MeetingUser where   State = 3 and HBTime < 1367745761 order by id
I0505 17:22:46.486541  9373 DBManager.cc:659] update MeetingUser set State = 4 where   State = 3 and MeetingID = '5f0c03338ac5eece6cdb9ba86c3a2024'
I0505 17:22:46.486856  9373 DBManager.cc:666] select UserID from MeetingUser where     State = 2 and MeetingID = '5f0c03338ac5eece6cdb9ba86c3a2024' and HBTime > 1367745761
I0505 17:22:46.487195  9373 DBManager.cc:688] select UserID from MeetingUser where     State = 1 and MeetingID = '5f0c03338ac5eece6cdb9ba86c3a2024' and HBTime > 1367745761
I0505 17:22:46.487551  9373 DBManager.cc:726] update MeetingUser set State = 3 where       State = 4 and MeetingID = '5f0c03338ac5eece6cdb9ba86c3a2024'
I0505 17:22:46.862498  9277 DBManager.cc:516] update MeetingUser set HBTime = 1367745766 where   MeetingID = 'ceac3f80bda8faecb51d0097dcd42c19' and UserID = '123'
I0505 17:22:46.866430  9277 DBManager.cc:399] select State from MeetingUser where   MeetingID = 'ceac3f80bda8faecb51d0097dcd42c19' and UserID = '123'
I0505 17:22:51.923950  9284 DBManager.cc:516] update MeetingUser set HBTime = 1367745771 where   MeetingID = 'ceac3f80bda8faecb51d0097dcd42c19' and UserID = '123'
I0505 17:22:51.929347  9284 DBManager.cc:399] select State from MeetingUser where   MeetingID = 'ceac3f80bda8faecb51d0097dcd42c19' and UserID = '123'
I0505 17:22:56.490869  9373 DBManager.cc:600] select MeetingID from MeetingUser where   State = 3 and HBTime < 1367745771 order by id
I0505 17:22:56.492172  9373 DBManager.cc:659] update MeetingUser set State = 4 where   State = 3 and MeetingID = '5f0c03338ac5eece6cdb9ba86c3a2024'
I0505 17:22:56.492529  9373 DBManager.cc:666] select UserID from MeetingUser where     State = 2 and MeetingID = '5f0c03338ac5eece6cdb9ba86c3a2024' and HBTime > 1367745771
I0505 17:22:56.492879  9373 DBManager.cc:688] select UserID from MeetingUser where     State = 1 and MeetingID = '5f0c03338ac5eece6cdb9ba86c3a2024' and HBTime > 1367745771
I0505 17:22:56.493207  9373 DBManager.cc:726] update MeetingUser set State = 3 where       State = 4 and MeetingID = '5f0c03338ac5eece6cdb9ba86c3a2024'
I0505 17:22:56.970789  9360 DBManager.cc:516] update MeetingUser set HBTime = 1367745776 where   MeetingID = 'ceac3f80bda8faecb51d0097dcd42c19' and UserID = '123'
I0505 17:22:56.974560  9360 DBManager.cc:399] select State from MeetingUser where   MeetingID = 'ceac3f80bda8faecb51d0097dcd42c19' and UserID = '123'
I0505 17:23:02.052793  9357 DBManager.cc:516] update MeetingUser set HBTime = 1367745782 where   MeetingID = 'ceac3f80bda8faecb51d0097dcd42c19' and UserID = '123'
I0505 17:23:02.057353  9357 DBManager.cc:399] select State from MeetingUser where   MeetingID = 'ceac3f80bda8faecb51d0097dcd42c19' and UserID = '123'
I0505 17:23:06.496489  9373 DBManager.cc:600] select MeetingID from MeetingUser where   State = 3 and HBTime < 1367745781 order by id
I0505 17:23:06.497509  9373 DBManager.cc:659] update MeetingUser set State = 4 where   State = 3 and MeetingID = '5f0c03338ac5eece6cdb9ba86c3a2024'
I0505 17:23:06.497833  9373 DBManager.cc:666] select UserID from MeetingUser where     State = 2 and MeetingID = '5f0c03338ac5eece6cdb9ba86c3a2024' and HBTime > 1367745781
I0505 17:23:06.498175  9373 DBManager.cc:688] select UserID from MeetingUser where     State = 1 and MeetingID = '5f0c03338ac5eece6cdb9ba86c3a2024' and HBTime > 1367745781
I0505 17:23:06.498503  9373 DBManager.cc:726] update MeetingUser set State = 3 where       State = 4 and MeetingID = '5f0c03338ac5eece6cdb9ba86c3a2024'
I0505 17:23:07.118345  9343 DBManager.cc:516] update MeetingUser set HBTime = 1367745787 where   MeetingID = 'ceac3f80bda8faecb51d0097dcd42c19' and UserID = '123'
I0505 17:23:07.122306  9343 DBManager.cc:399] select State from MeetingUser where   MeetingID = 'ceac3f80bda8faecb51d0097dcd42c19' and UserID = '123'
I0505 17:23:12.192198  9277 DBManager.cc:516] update MeetingUser set HBTime = 1367745792 where   MeetingID = 'ceac3f80bda8faecb51d0097dcd42c19' and UserID = '123'
I0505 17:23:12.197024  9277 DBManager.cc:399] select State from MeetingUser where   MeetingID = 'ceac3f80bda8faecb51d0097dcd42c19' and UserID = '123'
I0505 17:23:14.928329  9374 DBManager.cc:540] delete from MeetingUser where   HBTime < 1367745494
I0505 17:23:14.932503  9374 DBManager.cc:561] select m.MeetingID from Meeting m where   m.state = 1 and m.MeetingID not in (select MeetingID from MeetingUser  group by MeetingID) order by id
I0505 17:23:14.933135  9374 DBManager.cc:579] update Meeting set state = 2,    DataRef = NULL where state = 1 and MeetingID not in (select     MeetingID from MeetingUser group by MeetingID)
I0505 17:23:14.937711  9374 DBManager.cc:141] select Port from Meeting where   MeetingID = '5f0c03338ac5eece6cdb9ba86c3a2024'
I0505 17:23:16.503099  9373 DBManager.cc:600] select MeetingID from MeetingUser where   State = 3 and HBTime < 1367745791 order by id
I0505 17:23:17.229728  9326 DBManager.cc:516] update MeetingUser set HBTime = 1367745797 where   MeetingID = 'ceac3f80bda8faecb51d0097dcd42c19' and UserID = '123'
I0505 17:23:17.234347  9326 DBManager.cc:399] select State from MeetingUser where   MeetingID = 'ceac3f80bda8faecb51d0097dcd42c19' and UserID = '123'
I0505 17:23:22.307543  9284 DBManager.cc:516] update MeetingUser set HBTime = 1367745802 where   MeetingID = 'ceac3f80bda8faecb51d0097dcd42c19' and UserID = '123'
I0505 17:23:22.311908  9284 DBManager.cc:399] select State from MeetingUser where   MeetingID = 'ceac3f80bda8faecb51d0097dcd42c19' and UserID = '123'
I0505 17:23:26.506906  9373 DBManager.cc:600] select MeetingID from MeetingUser where   State = 3 and HBTime < 1367745801 order by id
I0505 17:23:27.371157  9342 DBManager.cc:516] update MeetingUser set HBTime = 1367745807 where   MeetingID = 'ceac3f80bda8faecb51d0097dcd42c19' and UserID = '123'
I0505 17:23:27.375701  9342 DBManager.cc:399] select State from MeetingUser where   MeetingID = 'ceac3f80bda8faecb51d0097dcd42c19' and UserID = '123'
I0505 17:23:32.444303  9343 DBManager.cc:516] update MeetingUser set HBTime = 1367745812 where   MeetingID = 'ceac3f80bda8faecb51d0097dcd42c19' and UserID = '123'
I0505 17:23:32.448628  9343 DBManager.cc:399] select State from MeetingUser where   MeetingID = 'ceac3f80bda8faecb51d0097dcd42c19' and UserID = '123'
I0505 17:23:36.510562  9373 DBManager.cc:600] select MeetingID from MeetingUser where   State = 3 and HBTime < 1367745811 order by id
I0505 17:23:37.512400  9357 DBManager.cc:516] update MeetingUser set HBTime = 1367745817 where   MeetingID = 'ceac3f80bda8faecb51d0097dcd42c19' and UserID = '123'
I0505 17:23:37.516774  9357 DBManager.cc:399] select State from MeetingUser where   MeetingID = 'ceac3f80bda8faecb51d0097dcd42c19' and UserID = '123'
I0505 17:23:42.556453  9353 DBManager.cc:516] update MeetingUser set HBTime = 1367745822 where   MeetingID = 'ceac3f80bda8faecb51d0097dcd42c19' and UserID = '123'
I0505 17:23:42.560786  9353 DBManager.cc:399] select State from MeetingUser where   MeetingID = 'ceac3f80bda8faecb51d0097dcd42c19' and UserID = '123'
I0505 17:23:46.514283  9373 DBManager.cc:600] select MeetingID from MeetingUser where   State = 3 and HBTime < 1367745821 order by id
I0505 17:23:47.587306  9343 DBManager.cc:516] update MeetingUser set HBTime = 1367745827 where   MeetingID = 'ceac3f80bda8faecb51d0097dcd42c19' and UserID = '123'
I0505 17:23:47.591831  9343 DBManager.cc:399] select State from MeetingUser where   MeetingID = 'ceac3f80bda8faecb51d0097dcd42c19' and UserID = '123'
I0505 17:23:52.660781  9326 DBManager.cc:516] update MeetingUser set HBTime = 1367745832 where   MeetingID = 'ceac3f80bda8faecb51d0097dcd42c19' and UserID = '123'
I0505 17:23:52.665242  9326 DBManager.cc:399] select State from MeetingUser where   MeetingID = 'ceac3f80bda8faecb51d0097dcd42c19' and UserID = '123'
I0505 17:23:56.518090  9373 DBManager.cc:600] select MeetingID from MeetingUser where   State = 3 and HBTime < 1367745831 order by id
I0505 17:23:57.706491  9326 DBManager.cc:516] update MeetingUser set HBTime = 1367745837 where   MeetingID = 'ceac3f80bda8faecb51d0097dcd42c19' and UserID = '123'
I0505 17:23:57.710819  9326 DBManager.cc:399] select State from MeetingUser where   MeetingID = 'ceac3f80bda8faecb51d0097dcd42c19' and UserID = '123'
I0505 17:24:02.753221  9353 DBManager.cc:516] update MeetingUser set HBTime = 1367745842 where   MeetingID = 'ceac3f80bda8faecb51d0097dcd42c19' and UserID = '123'
I0505 17:24:02.757488  9353 DBManager.cc:399] select State from MeetingUser where   MeetingID = 'ceac3f80bda8faecb51d0097dcd42c19' and UserID = '123'
I0505 17:24:06.521627  9373 DBManager.cc:600] select MeetingID from MeetingUser where   State = 3 and HBTime < 1367745841 order by id
I0505 17:24:07.829334  9357 DBManager.cc:516] update MeetingUser set HBTime = 1367745847 where   MeetingID = 'ceac3f80bda8faecb51d0097dcd42c19' and UserID = '123'
I0505 17:24:07.833631  9357 DBManager.cc:399] select State from MeetingUser where   MeetingID = 'ceac3f80bda8faecb51d0097dcd42c19' and UserID = '123'
I0505 17:24:12.915747  9353 DBManager.cc:516] update MeetingUser set HBTime = 1367745852 where   MeetingID = 'ceac3f80bda8faecb51d0097dcd42c19' and UserID = '123'
I0505 17:24:12.920017  9353 DBManager.cc:399] select State from MeetingUser where   MeetingID = 'ceac3f80bda8faecb51d0097dcd42c19' and UserID = '123'
I0505 17:24:16.525264  9373 DBManager.cc:600] select MeetingID from MeetingUser where   State = 3 and HBTime < 1367745851 order by id
I0505 17:24:17.956351  9353 DBManager.cc:516] update MeetingUser set HBTime = 1367745857 where   MeetingID = 'ceac3f80bda8faecb51d0097dcd42c19' and UserID = '123'
I0505 17:24:17.960633  9353 DBManager.cc:399] select State from MeetingUser where   MeetingID = 'ceac3f80bda8faecb51d0097dcd42c19' and UserID = '123'
I0505 17:24:22.994220  9353 DBManager.cc:516] update MeetingUser set HBTime = 1367745862 where   MeetingID = 'ceac3f80bda8faecb51d0097dcd42c19' and UserID = '123'
I0505 17:24:22.996994  9353 DBManager.cc:399] select State from MeetingUser where   MeetingID = 'ceac3f80bda8faecb51d0097dcd42c19' and UserID = '123'
I0505 17:24:26.528955  9373 DBManager.cc:600] select MeetingID from MeetingUser where   State = 3 and HBTime < 1367745861 order by id
I0505 17:24:36.532639  9373 DBManager.cc:600] select MeetingID from MeetingUser where   State = 3 and HBTime < 1367745871 order by id
I0505 17:24:36.533803  9373 DBManager.cc:659] update MeetingUser set State = 4 where   State = 3 and MeetingID = 'ceac3f80bda8faecb51d0097dcd42c19'
I0505 17:24:36.534186  9373 DBManager.cc:666] select UserID from MeetingUser where     State = 2 and MeetingID = 'ceac3f80bda8faecb51d0097dcd42c19' and HBTime > 1367745871
I0505 17:24:36.534569  9373 DBManager.cc:688] select UserID from MeetingUser where     State = 1 and MeetingID = 'ceac3f80bda8faecb51d0097dcd42c19' and HBTime > 1367745871
I0505 17:24:36.534932  9373 DBManager.cc:726] update MeetingUser set State = 3 where       State = 4 and MeetingID = 'ceac3f80bda8faecb51d0097dcd42c19'
I0505 17:24:44.032405  9326 DBManager.cc:77] insert into Meeting (state) values (0)
I0505 17:24:44.036453  9326 DBManager.cc:95] update Meeting set MeetingID = 'b20f50a47e7fe07ff39edd39323cbdc4' where   id = 4066
I0505 17:24:44.523501  9318 DBManager.cc:77] insert into Meeting (state) values (0)
I0505 17:24:44.527551  9318 DBManager.cc:95] update Meeting set MeetingID = '5e51232f21b20d4b8dba2144e85fc7cf' where   id = 4067
I0505 17:24:46.538367  9373 DBManager.cc:600] select MeetingID from MeetingUser where   State = 3 and HBTime < 1367745881 order by id
I0505 17:24:46.539690  9373 DBManager.cc:659] update MeetingUser set State = 4 where   State = 3 and MeetingID = 'ceac3f80bda8faecb51d0097dcd42c19'
I0505 17:24:46.540042  9373 DBManager.cc:666] select UserID from MeetingUser where     State = 2 and MeetingID = 'ceac3f80bda8faecb51d0097dcd42c19' and HBTime > 1367745881
I0505 17:24:46.540449  9373 DBManager.cc:688] select UserID from MeetingUser where     State = 1 and MeetingID = 'ceac3f80bda8faecb51d0097dcd42c19' and HBTime > 1367745881
I0505 17:24:46.540761  9373 DBManager.cc:726] update MeetingUser set State = 3 where       State = 4 and MeetingID = 'ceac3f80bda8faecb51d0097dcd42c19'
I0505 17:24:48.767949  9353 DBManager.cc:347] select state from Meeting where   MeetingID = '5e51232f21b20d4b8dba2144e85fc7cf'
I0505 17:24:48.769273  9353 DBManager.cc:163] update Meeting set state = 1 where   MeetingID = '5e51232f21b20d4b8dba2144e85fc7cf'
I0505 17:24:48.769973  9353 DBManager.cc:368] insert into MeetingUser(MeetingID, UserID,         State, HBTime)  values('5e51232f21b20d4b8dba2144e85fc7cf', 'T', 3, 1367745888)
E0505 17:24:48.770355  9353 MeetingHandler.cc:78] create meeting updater
I0505 17:24:48.775883  9353 DBManager.cc:185] update Meeting set DataRef = 39844608 where   MeetingID = '5e51232f21b20d4b8dba2144e85fc7cf'
I0505 17:24:48.780129  9353 DBManager.cc:117] update Meeting set Port = 11248 where   MeetingID = '5e51232f21b20d4b8dba2144e85fc7cf'
E0505 17:24:48.781321  9353 MeetingHandler.cc:98] join msg return
I0505 17:24:48.785801  9353 DBManager.cc:141] select Port from Meeting where   MeetingID = '5e51232f21b20d4b8dba2144e85fc7cf'
I0505 17:24:48.859249  9343 DBManager.cc:516] update MeetingUser set HBTime = 1367745888 where   MeetingID = '5e51232f21b20d4b8dba2144e85fc7cf' and UserID = 'T'
I0505 17:24:48.863227  9343 DBManager.cc:399] select State from MeetingUser where   MeetingID = '5e51232f21b20d4b8dba2144e85fc7cf' and UserID = 'T'
I0505 17:24:53.922060  9353 DBManager.cc:516] update MeetingUser set HBTime = 1367745893 where   MeetingID = '5e51232f21b20d4b8dba2144e85fc7cf' and UserID = 'T'
I0505 17:24:53.926038  9353 DBManager.cc:399] select State from MeetingUser where   MeetingID = '5e51232f21b20d4b8dba2144e85fc7cf' and UserID = 'T'
I0505 17:24:56.544005  9373 DBManager.cc:600] select MeetingID from MeetingUser where   State = 3 and HBTime < 1367745891 order by id
I0505 17:24:56.545179  9373 DBManager.cc:659] update MeetingUser set State = 4 where   State = 3 and MeetingID = 'ceac3f80bda8faecb51d0097dcd42c19'
I0505 17:24:56.545589  9373 DBManager.cc:666] select UserID from MeetingUser where     State = 2 and MeetingID = 'ceac3f80bda8faecb51d0097dcd42c19' and HBTime > 1367745891
I0505 17:24:56.545982  9373 DBManager.cc:688] select UserID from MeetingUser where     State = 1 and MeetingID = 'ceac3f80bda8faecb51d0097dcd42c19' and HBTime > 1367745891
I0505 17:24:56.546357  9373 DBManager.cc:726] update MeetingUser set State = 3 where       State = 4 and MeetingID = 'ceac3f80bda8faecb51d0097dcd42c19'
I0505 17:24:59.039132  9353 DBManager.cc:516] update MeetingUser set HBTime = 1367745899 where   MeetingID = '5e51232f21b20d4b8dba2144e85fc7cf' and UserID = 'T'
I0505 17:24:59.043177  9353 DBManager.cc:399] select State from MeetingUser where   MeetingID = '5e51232f21b20d4b8dba2144e85fc7cf' and UserID = 'T'
I0505 17:25:04.094807  9326 DBManager.cc:516] update MeetingUser set HBTime = 1367745904 where   MeetingID = '5e51232f21b20d4b8dba2144e85fc7cf' and UserID = 'T'
I0505 17:25:04.099462  9326 DBManager.cc:399] select State from MeetingUser where   MeetingID = '5e51232f21b20d4b8dba2144e85fc7cf' and UserID = 'T'
I0505 17:25:06.549775  9373 DBManager.cc:600] select MeetingID from MeetingUser where   State = 3 and HBTime < 1367745901 order by id
I0505 17:25:06.550834  9373 DBManager.cc:659] update MeetingUser set State = 4 where   State = 3 and MeetingID = 'ceac3f80bda8faecb51d0097dcd42c19'
I0505 17:25:06.551163  9373 DBManager.cc:666] select UserID from MeetingUser where     State = 2 and MeetingID = 'ceac3f80bda8faecb51d0097dcd42c19' and HBTime > 1367745901
I0505 17:25:06.551578  9373 DBManager.cc:688] select UserID from MeetingUser where     State = 1 and MeetingID = 'ceac3f80bda8faecb51d0097dcd42c19' and HBTime > 1367745901
I0505 17:25:06.552024  9373 DBManager.cc:726] update MeetingUser set State = 3 where       State = 4 and MeetingID = 'ceac3f80bda8faecb51d0097dcd42c19'
I0505 17:25:09.155619  9326 DBManager.cc:516] update MeetingUser set HBTime = 1367745909 where   MeetingID = '5e51232f21b20d4b8dba2144e85fc7cf' and UserID = 'T'
I0505 17:25:09.160440  9326 DBManager.cc:399] select State from MeetingUser where   MeetingID = '5e51232f21b20d4b8dba2144e85fc7cf' and UserID = 'T'
I0505 17:25:14.217432  9343 DBManager.cc:516] update MeetingUser set HBTime = 1367745914 where   MeetingID = '5e51232f21b20d4b8dba2144e85fc7cf' and UserID = 'T'
I0505 17:25:14.222687  9343 DBManager.cc:399] select State from MeetingUser where   MeetingID = '5e51232f21b20d4b8dba2144e85fc7cf' and UserID = 'T'
I0505 17:25:16.556398  9373 DBManager.cc:600] select MeetingID from MeetingUser where   State = 3 and HBTime < 1367745911 order by id
I0505 17:25:16.557831  9373 DBManager.cc:659] update MeetingUser set State = 4 where   State = 3 and MeetingID = 'ceac3f80bda8faecb51d0097dcd42c19'
I0505 17:25:16.558189  9373 DBManager.cc:666] select UserID from MeetingUser where     State = 2 and MeetingID = 'ceac3f80bda8faecb51d0097dcd42c19' and HBTime > 1367745911
I0505 17:25:16.558536  9373 DBManager.cc:688] select UserID from MeetingUser where     State = 1 and MeetingID = 'ceac3f80bda8faecb51d0097dcd42c19' and HBTime > 1367745911
I0505 17:25:16.558857  9373 DBManager.cc:726] update MeetingUser set State = 3 where       State = 4 and MeetingID = 'ceac3f80bda8faecb51d0097dcd42c19'
I0505 17:25:19.317415  9326 DBManager.cc:516] update MeetingUser set HBTime = 1367745919 where   MeetingID = '5e51232f21b20d4b8dba2144e85fc7cf' and UserID = 'T'
I0505 17:25:19.322304  9326 DBManager.cc:399] select State from MeetingUser where   MeetingID = '5e51232f21b20d4b8dba2144e85fc7cf' and UserID = 'T'
I0505 17:25:24.430076  9343 DBManager.cc:516] update MeetingUser set HBTime = 1367745924 where   MeetingID = '5e51232f21b20d4b8dba2144e85fc7cf' and UserID = 'T'
I0505 17:25:24.434299  9343 DBManager.cc:399] select State from MeetingUser where   MeetingID = '5e51232f21b20d4b8dba2144e85fc7cf' and UserID = 'T'
I0505 17:25:26.562110  9373 DBManager.cc:600] select MeetingID from MeetingUser where   State = 3 and HBTime < 1367745921 order by id
I0505 17:25:26.563329  9373 DBManager.cc:659] update MeetingUser set State = 4 where   State = 3 and MeetingID = 'ceac3f80bda8faecb51d0097dcd42c19'
I0505 17:25:26.563671  9373 DBManager.cc:666] select UserID from MeetingUser where     State = 2 and MeetingID = 'ceac3f80bda8faecb51d0097dcd42c19' and HBTime > 1367745921
I0505 17:25:26.564069  9373 DBManager.cc:688] select UserID from MeetingUser where     State = 1 and MeetingID = 'ceac3f80bda8faecb51d0097dcd42c19' and HBTime > 1367745921
I0505 17:25:26.564404  9373 DBManager.cc:726] update MeetingUser set State = 3 where       State = 4 and MeetingID = 'ceac3f80bda8faecb51d0097dcd42c19'
I0505 17:25:29.463330  9357 DBManager.cc:516] update MeetingUser set HBTime = 1367745929 where   MeetingID = '5e51232f21b20d4b8dba2144e85fc7cf' and UserID = 'T'
I0505 17:25:29.467696  9357 DBManager.cc:399] select State from MeetingUser where   MeetingID = '5e51232f21b20d4b8dba2144e85fc7cf' and UserID = 'T'
I0505 17:25:34.563547  9357 DBManager.cc:516] update MeetingUser set HBTime = 1367745934 where   MeetingID = '5e51232f21b20d4b8dba2144e85fc7cf' and UserID = 'T'
I0505 17:25:34.568130  9357 DBManager.cc:399] select State from MeetingUser where   MeetingID = '5e51232f21b20d4b8dba2144e85fc7cf' and UserID = 'T'
I0505 17:25:36.567672  9373 DBManager.cc:600] select MeetingID from MeetingUser where   State = 3 and HBTime < 1367745931 order by id
I0505 17:25:36.568922  9373 DBManager.cc:659] update MeetingUser set State = 4 where   State = 3 and MeetingID = 'ceac3f80bda8faecb51d0097dcd42c19'
I0505 17:25:36.569247  9373 DBManager.cc:666] select UserID from MeetingUser where     State = 2 and MeetingID = 'ceac3f80bda8faecb51d0097dcd42c19' and HBTime > 1367745931
I0505 17:25:36.569588  9373 DBManager.cc:688] select UserID from MeetingUser where     State = 1 and MeetingID = 'ceac3f80bda8faecb51d0097dcd42c19' and HBTime > 1367745931
I0505 17:25:36.569915  9373 DBManager.cc:726] update MeetingUser set State = 3 where       State = 4 and MeetingID = 'ceac3f80bda8faecb51d0097dcd42c19'
I0505 17:25:39.614048  9357 DBManager.cc:516] update MeetingUser set HBTime = 1367745939 where   MeetingID = '5e51232f21b20d4b8dba2144e85fc7cf' and UserID = 'T'
I0505 17:25:39.618340  9357 DBManager.cc:399] select State from MeetingUser where   MeetingID = '5e51232f21b20d4b8dba2144e85fc7cf' and UserID = 'T'
I0505 17:25:44.683799  9327 DBManager.cc:516] update MeetingUser set HBTime = 1367745944 where   MeetingID = '5e51232f21b20d4b8dba2144e85fc7cf' and UserID = 'T'
I0505 17:25:44.688364  9327 DBManager.cc:399] select State from MeetingUser where   MeetingID = '5e51232f21b20d4b8dba2144e85fc7cf' and UserID = 'T'
I0505 17:25:46.574209  9373 DBManager.cc:600] select MeetingID from MeetingUser where   State = 3 and HBTime < 1367745941 order by id
I0505 17:25:46.575443  9373 DBManager.cc:659] update MeetingUser set State = 4 where   State = 3 and MeetingID = 'ceac3f80bda8faecb51d0097dcd42c19'
I0505 17:25:46.575775  9373 DBManager.cc:666] select UserID from MeetingUser where     State = 2 and MeetingID = 'ceac3f80bda8faecb51d0097dcd42c19' and HBTime > 1367745941
I0505 17:25:46.576135  9373 DBManager.cc:688] select UserID from MeetingUser where     State = 1 and MeetingID = 'ceac3f80bda8faecb51d0097dcd42c19' and HBTime > 1367745941
I0505 17:25:46.576462  9373 DBManager.cc:726] update MeetingUser set State = 3 where       State = 4 and MeetingID = 'ceac3f80bda8faecb51d0097dcd42c19'
I0505 17:25:49.733769  9318 DBManager.cc:516] update MeetingUser set HBTime = 1367745949 where   MeetingID = '5e51232f21b20d4b8dba2144e85fc7cf' and UserID = 'T'
I0505 17:25:49.738675  9318 DBManager.cc:399] select State from MeetingUser where   MeetingID = '5e51232f21b20d4b8dba2144e85fc7cf' and UserID = 'T'
I0505 17:25:54.812194  9318 DBManager.cc:516] update MeetingUser set HBTime = 1367745954 where   MeetingID = '5e51232f21b20d4b8dba2144e85fc7cf' and UserID = 'T'
I0505 17:25:54.816834  9318 DBManager.cc:399] select State from MeetingUser where   MeetingID = '5e51232f21b20d4b8dba2144e85fc7cf' and UserID = 'T'
I0505 17:25:56.580646  9373 DBManager.cc:600] select MeetingID from MeetingUser where   State = 3 and HBTime < 1367745951 order by id
I0505 17:25:56.581866  9373 DBManager.cc:659] update MeetingUser set State = 4 where   State = 3 and MeetingID = 'ceac3f80bda8faecb51d0097dcd42c19'
I0505 17:25:56.582227  9373 DBManager.cc:666] select UserID from MeetingUser where     State = 2 and MeetingID = 'ceac3f80bda8faecb51d0097dcd42c19' and HBTime > 1367745951
I0505 17:25:56.582569  9373 DBManager.cc:688] select UserID from MeetingUser where     State = 1 and MeetingID = 'ceac3f80bda8faecb51d0097dcd42c19' and HBTime > 1367745951
I0505 17:25:56.582895  9373 DBManager.cc:726] update MeetingUser set State = 3 where       State = 4 and MeetingID = 'ceac3f80bda8faecb51d0097dcd42c19'
I0505 17:25:59.869884  9343 DBManager.cc:516] update MeetingUser set HBTime = 1367745959 where   MeetingID = '5e51232f21b20d4b8dba2144e85fc7cf' and UserID = 'T'
I0505 17:25:59.874223  9343 DBManager.cc:399] select State from MeetingUser where   MeetingID = '5e51232f21b20d4b8dba2144e85fc7cf' and UserID = 'T'
I0505 17:26:04.943701  9309 DBManager.cc:516] update MeetingUser set HBTime = 1367745964 where   MeetingID = '5e51232f21b20d4b8dba2144e85fc7cf' and UserID = 'T'
I0505 17:26:04.948082  9309 DBManager.cc:399] select State from MeetingUser where   MeetingID = '5e51232f21b20d4b8dba2144e85fc7cf' and UserID = 'T'
I0505 17:26:06.586307  9373 DBManager.cc:600] select MeetingID from MeetingUser where   State = 3 and HBTime < 1367745961 order by id
I0505 17:26:06.587286  9373 DBManager.cc:659] update MeetingUser set State = 4 where   State = 3 and MeetingID = 'ceac3f80bda8faecb51d0097dcd42c19'
I0505 17:26:06.587646  9373 DBManager.cc:666] select UserID from MeetingUser where     State = 2 and MeetingID = 'ceac3f80bda8faecb51d0097dcd42c19' and HBTime > 1367745961
I0505 17:26:06.588088  9373 DBManager.cc:688] select UserID from MeetingUser where     State = 1 and MeetingID = 'ceac3f80bda8faecb51d0097dcd42c19' and HBTime > 1367745961
I0505 17:26:06.588485  9373 DBManager.cc:726] update MeetingUser set State = 3 where       State = 4 and MeetingID = 'ceac3f80bda8faecb51d0097dcd42c19'
I0505 17:26:09.991957  9357 DBManager.cc:516] update MeetingUser set HBTime = 1367745969 where   MeetingID = '5e51232f21b20d4b8dba2144e85fc7cf' and UserID = 'T'
I0505 17:26:09.996590  9357 DBManager.cc:399] select State from MeetingUser where   MeetingID = '5e51232f21b20d4b8dba2144e85fc7cf' and UserID = 'T'
I0505 17:26:15.072499  9330 DBManager.cc:516] update MeetingUser set HBTime = 1367745975 where   MeetingID = '5e51232f21b20d4b8dba2144e85fc7cf' and UserID = 'T'
I0505 17:26:15.076721  9330 DBManager.cc:399] select State from MeetingUser where   MeetingID = '5e51232f21b20d4b8dba2144e85fc7cf' and UserID = 'T'
I0505 17:26:16.591920  9373 DBManager.cc:600] select MeetingID from MeetingUser where   State = 3 and HBTime < 1367745971 order by id
I0505 17:26:16.593214  9373 DBManager.cc:659] update MeetingUser set State = 4 where   State = 3 and MeetingID = 'ceac3f80bda8faecb51d0097dcd42c19'
I0505 17:26:16.593540  9373 DBManager.cc:666] select UserID from MeetingUser where     State = 2 and MeetingID = 'ceac3f80bda8faecb51d0097dcd42c19' and HBTime > 1367745971
I0505 17:26:16.593888  9373 DBManager.cc:688] select UserID from MeetingUser where     State = 1 and MeetingID = 'ceac3f80bda8faecb51d0097dcd42c19' and HBTime > 1367745971
I0505 17:26:16.594213  9373 DBManager.cc:726] update MeetingUser set State = 3 where       State = 4 and MeetingID = 'ceac3f80bda8faecb51d0097dcd42c19'
I0505 17:26:20.119002  9348 DBManager.cc:516] update MeetingUser set HBTime = 1367745980 where   MeetingID = '5e51232f21b20d4b8dba2144e85fc7cf' and UserID = 'T'
I0505 17:26:20.123957  9348 DBManager.cc:399] select State from MeetingUser where   MeetingID = '5e51232f21b20d4b8dba2144e85fc7cf' and UserID = 'T'
I0505 17:26:25.164214  9330 DBManager.cc:516] update MeetingUser set HBTime = 1367745985 where   MeetingID = '5e51232f21b20d4b8dba2144e85fc7cf' and UserID = 'T'
I0505 17:26:25.168522  9330 DBManager.cc:399] select State from MeetingUser where   MeetingID = '5e51232f21b20d4b8dba2144e85fc7cf' and UserID = 'T'
I0505 17:26:26.597568  9373 DBManager.cc:600] select MeetingID from MeetingUser where   State = 3 and HBTime < 1367745981 order by id
I0505 17:26:26.598722  9373 DBManager.cc:659] update MeetingUser set State = 4 where   State = 3 and MeetingID = 'ceac3f80bda8faecb51d0097dcd42c19'
I0505 17:26:26.599048  9373 DBManager.cc:666] select UserID from MeetingUser where     State = 2 and MeetingID = 'ceac3f80bda8faecb51d0097dcd42c19' and HBTime > 1367745981
I0505 17:26:26.599424  9373 DBManager.cc:688] select UserID from MeetingUser where     State = 1 and MeetingID = 'ceac3f80bda8faecb51d0097dcd42c19' and HBTime > 1367745981
I0505 17:26:26.599757  9373 DBManager.cc:726] update MeetingUser set State = 3 where       State = 4 and MeetingID = 'ceac3f80bda8faecb51d0097dcd42c19'
I0505 17:26:36.604122  9373 DBManager.cc:600] select MeetingID from MeetingUser where   State = 3 and HBTime < 1367745991 order by id
I0505 17:26:36.605141  9373 DBManager.cc:659] update MeetingUser set State = 4 where   State = 3 and MeetingID = 'ceac3f80bda8faecb51d0097dcd42c19'
I0505 17:26:36.605448  9373 DBManager.cc:666] select UserID from MeetingUser where     State = 2 and MeetingID = 'ceac3f80bda8faecb51d0097dcd42c19' and HBTime > 1367745991
I0505 17:26:36.605777  9373 DBManager.cc:688] select UserID from MeetingUser where     State = 1 and MeetingID = 'ceac3f80bda8faecb51d0097dcd42c19' and HBTime > 1367745991
I0505 17:26:36.606102  9373 DBManager.cc:726] update MeetingUser set State = 3 where       State = 4 and MeetingID = 'ceac3f80bda8faecb51d0097dcd42c19'
I0505 17:26:36.609794  9373 DBManager.cc:659] update MeetingUser set State = 4 where   State = 3 and MeetingID = '5e51232f21b20d4b8dba2144e85fc7cf'
I0505 17:26:36.610074  9373 DBManager.cc:666] select UserID from MeetingUser where     State = 2 and MeetingID = '5e51232f21b20d4b8dba2144e85fc7cf' and HBTime > 1367745991
I0505 17:26:36.610407  9373 DBManager.cc:688] select UserID from MeetingUser where     State = 1 and MeetingID = '5e51232f21b20d4b8dba2144e85fc7cf' and HBTime > 1367745991
I0505 17:26:36.610755  9373 DBManager.cc:726] update MeetingUser set State = 3 where       State = 4 and MeetingID = '5e51232f21b20d4b8dba2144e85fc7cf'
I0505 17:26:46.614107  9373 DBManager.cc:600] select MeetingID from MeetingUser where   State = 3 and HBTime < 1367746001 order by id
I0505 17:26:46.615283  9373 DBManager.cc:659] update MeetingUser set State = 4 where   State = 3 and MeetingID = 'ceac3f80bda8faecb51d0097dcd42c19'
I0505 17:26:46.615627  9373 DBManager.cc:666] select UserID from MeetingUser where     State = 2 and MeetingID = 'ceac3f80bda8faecb51d0097dcd42c19' and HBTime > 1367746001
