I0504 18:11:34.311815 20103 DBManager.cc:399] select State from MeetingUser where   MeetingID = '4383e40e3c2ac7e40edaf59795b3d1b7' and UserID = 'D'
I0504 18:11:39.369784 20107 DBManager.cc:516] update MeetingUser set HBTime = 1367662299 where   MeetingID = '4383e40e3c2ac7e40edaf59795b3d1b7' and UserID = 'D'
I0504 18:11:39.374868 20107 DBManager.cc:399] select State from MeetingUser where   MeetingID = '4383e40e3c2ac7e40edaf59795b3d1b7' and UserID = 'D'
I0504 18:11:40.812876 20141 DBManager.cc:600] select MeetingID from MeetingUser where   State = 3 and HBTime < 1367662295 order by id
I0504 18:11:40.814066 20141 DBManager.cc:654] update MeetingUser set State = 4 where   State = 3 and MeetingID = 'c5eb521702ce050da94b87ffad1300bf'
I0504 18:11:40.814595 20141 DBManager.cc:661] select UserID from MeetingUser where     State = 2 and MeetingID = 'c5eb521702ce050da94b87ffad1300bf' and HBTime > 1367662295
I0504 18:11:40.814956 20141 DBManager.cc:683] select UserID from MeetingUser where     State = 1 and MeetingID = 'c5eb521702ce050da94b87ffad1300bf' and HBTime > 1367662295
I0504 18:11:40.815284 20141 DBManager.cc:721] update MeetingUser set State = 3 where       State = 4 and MeetingID = 'c5eb521702ce050da94b87ffad1300bf'
I0504 18:11:40.821490 20141 DBManager.cc:232] insert into MeetingDocument (MeetingID, path)   values ('c5eb521702ce050da94b87ffad1300bf','/root/picture/c5eb521702ce050da94b87ffad1300bf-1367662300.bmp')
I0504 18:11:44.396906 20056 DBManager.cc:516] update MeetingUser set HBTime = 1367662304 where   MeetingID = '4383e40e3c2ac7e40edaf59795b3d1b7' and UserID = 'D'
I0504 18:11:44.401077 20056 DBManager.cc:399] select State from MeetingUser where   MeetingID = '4383e40e3c2ac7e40edaf59795b3d1b7' and UserID = 'D'
I0504 18:11:49.423877 20091 DBManager.cc:516] update MeetingUser set HBTime = 1367662309 where   MeetingID = '4383e40e3c2ac7e40edaf59795b3d1b7' and UserID = 'D'
I0504 18:11:49.429625 20091 DBManager.cc:399] select State from MeetingUser where   MeetingID = '4383e40e3c2ac7e40edaf59795b3d1b7' and UserID = 'D'
I0504 18:11:50.826114 20141 DBManager.cc:600] select MeetingID from MeetingUser where   State = 3 and HBTime < 1367662305 order by id
I0504 18:11:50.827081 20141 DBManager.cc:654] update MeetingUser set State = 4 where   State = 3 and MeetingID = 'c5eb521702ce050da94b87ffad1300bf'
I0504 18:11:50.827365 20141 DBManager.cc:661] select UserID from MeetingUser where     State = 2 and MeetingID = 'c5eb521702ce050da94b87ffad1300bf' and HBTime > 1367662305
I0504 18:11:50.827597 20141 DBManager.cc:683] select UserID from MeetingUser where     State = 1 and MeetingID = 'c5eb521702ce050da94b87ffad1300bf' and HBTime > 1367662305
I0504 18:11:50.827798 20141 DBManager.cc:721] update MeetingUser set State = 3 where       State = 4 and MeetingID = 'c5eb521702ce050da94b87ffad1300bf'
I0504 18:11:50.831325 20141 DBManager.cc:232] insert into MeetingDocument (MeetingID, path)   values ('c5eb521702ce050da94b87ffad1300bf','/root/picture/c5eb521702ce050da94b87ffad1300bf-1367662310.bmp')
I0504 18:11:54.445902 20107 DBManager.cc:516] update MeetingUser set HBTime = 1367662314 where   MeetingID = '4383e40e3c2ac7e40edaf59795b3d1b7' and UserID = 'D'
I0504 18:11:54.450232 20107 DBManager.cc:399] select State from MeetingUser where   MeetingID = '4383e40e3c2ac7e40edaf59795b3d1b7' and UserID = 'D'
I0504 18:11:58.066031 20055 DBManager.cc:77] insert into Meeting (state) values (0)
I0504 18:11:58.070178 20055 DBManager.cc:95] update Meeting set MeetingID = 'b7c5ba733ee836d84d5edf9111d7a20a' where   id = 3998
I0504 18:11:59.464639 20055 DBManager.cc:516] update MeetingUser set HBTime = 1367662319 where   MeetingID = '4383e40e3c2ac7e40edaf59795b3d1b7' and UserID = 'D'
I0504 18:11:59.466800 20055 DBManager.cc:399] select State from MeetingUser where   MeetingID = '4383e40e3c2ac7e40edaf59795b3d1b7' and UserID = 'D'
I0504 18:12:00.835391 20141 DBManager.cc:600] select MeetingID from MeetingUser where   State = 3 and HBTime < 1367662315 order by id
I0504 18:12:00.836499 20141 DBManager.cc:654] update MeetingUser set State = 4 where   State = 3 and MeetingID = 'c5eb521702ce050da94b87ffad1300bf'
I0504 18:12:00.837026 20141 DBManager.cc:661] select UserID from MeetingUser where     State = 2 and MeetingID = 'c5eb521702ce050da94b87ffad1300bf' and HBTime > 1367662315
I0504 18:12:00.837357 20141 DBManager.cc:683] select UserID from MeetingUser where     State = 1 and MeetingID = 'c5eb521702ce050da94b87ffad1300bf' and HBTime > 1367662315
I0504 18:12:00.837674 20141 DBManager.cc:721] update MeetingUser set State = 3 where       State = 4 and MeetingID = 'c5eb521702ce050da94b87ffad1300bf'
I0504 18:12:00.845212 20141 DBManager.cc:232] insert into MeetingDocument (MeetingID, path)   values ('c5eb521702ce050da94b87ffad1300bf','/root/picture/c5eb521702ce050da94b87ffad1300bf-1367662320.bmp')
I0504 18:12:04.498313 20107 DBManager.cc:516] update MeetingUser set HBTime = 1367662324 where   MeetingID = '4383e40e3c2ac7e40edaf59795b3d1b7' and UserID = 'D'
I0504 18:12:04.502401 20107 DBManager.cc:399] select State from MeetingUser where   MeetingID = '4383e40e3c2ac7e40edaf59795b3d1b7' and UserID = 'D'
I0504 18:12:05.539494 20103 DBManager.cc:347] select state from Meeting where   MeetingID = 'b7c5ba733ee836d84d5edf9111d7a20a'
I0504 18:12:05.540992 20103 DBManager.cc:163] update Meeting set state = 1 where   MeetingID = 'b7c5ba733ee836d84d5edf9111d7a20a'
I0504 18:12:05.543429 20103 DBManager.cc:368] insert into MeetingUser(MeetingID, UserID,         State, HBTime)  values('b7c5ba733ee836d84d5edf9111d7a20a', 'G', 3, 1367662325)
E0504 18:12:05.543779 20103 MeetingHandler.cc:78] create meeting updater
I0504 18:12:05.549403 20103 DBManager.cc:185] update Meeting set DataRef = 13284192 where   MeetingID = 'b7c5ba733ee836d84d5edf9111d7a20a'
I0504 18:12:05.555521 20103 DBManager.cc:117] update Meeting set Port = 11250 where   MeetingID = 'b7c5ba733ee836d84d5edf9111d7a20a'
E0504 18:12:05.558954 20103 MeetingHandler.cc:98] join msg return
I0504 18:12:05.563740 20103 DBManager.cc:141] select Port from Meeting where   MeetingID = 'b7c5ba733ee836d84d5edf9111d7a20a'
I0504 18:12:05.589689 20055 DBManager.cc:516] update MeetingUser set HBTime = 1367662325 where   MeetingID = 'b7c5ba733ee836d84d5edf9111d7a20a' and UserID = 'G'
I0504 18:12:05.593983 20055 DBManager.cc:399] select State from MeetingUser where   MeetingID = 'b7c5ba733ee836d84d5edf9111d7a20a' and UserID = 'G'
I0504 18:12:09.568591 20055 DBManager.cc:516] update MeetingUser set HBTime = 1367662329 where   MeetingID = '4383e40e3c2ac7e40edaf59795b3d1b7' and UserID = 'D'
I0504 18:12:09.572944 20055 DBManager.cc:399] select State from MeetingUser where   MeetingID = '4383e40e3c2ac7e40edaf59795b3d1b7' and UserID = 'D'
I0504 18:12:10.667309 20056 DBManager.cc:516] update MeetingUser set HBTime = 1367662330 where   MeetingID = 'b7c5ba733ee836d84d5edf9111d7a20a' and UserID = 'G'
I0504 18:12:10.671540 20056 DBManager.cc:399] select State from MeetingUser where   MeetingID = 'b7c5ba733ee836d84d5edf9111d7a20a' and UserID = 'G'
I0504 18:12:10.848496 20141 DBManager.cc:600] select MeetingID from MeetingUser where   State = 3 and HBTime < 1367662325 order by id
I0504 18:12:10.849508 20141 DBManager.cc:654] update MeetingUser set State = 4 where   State = 3 and MeetingID = 'c5eb521702ce050da94b87ffad1300bf'
I0504 18:12:10.849931 20141 DBManager.cc:661] select UserID from MeetingUser where     State = 2 and MeetingID = 'c5eb521702ce050da94b87ffad1300bf' and HBTime > 1367662325
I0504 18:12:10.850157 20141 DBManager.cc:683] select UserID from MeetingUser where     State = 1 and MeetingID = 'c5eb521702ce050da94b87ffad1300bf' and HBTime > 1367662325
I0504 18:12:10.850426 20141 DBManager.cc:721] update MeetingUser set State = 3 where       State = 4 and MeetingID = 'c5eb521702ce050da94b87ffad1300bf'
I0504 18:12:10.855057 20141 DBManager.cc:232] insert into MeetingDocument (MeetingID, path)   values ('c5eb521702ce050da94b87ffad1300bf','/root/picture/c5eb521702ce050da94b87ffad1300bf-1367662330.bmp')
I0504 18:12:14.598943 20056 DBManager.cc:516] update MeetingUser set HBTime = 1367662334 where   MeetingID = '4383e40e3c2ac7e40edaf59795b3d1b7' and UserID = 'D'
I0504 18:12:14.603008 20056 DBManager.cc:399] select State from MeetingUser where   MeetingID = '4383e40e3c2ac7e40edaf59795b3d1b7' and UserID = 'D'
I0504 18:12:15.729555 20074 DBManager.cc:516] update MeetingUser set HBTime = 1367662335 where   MeetingID = 'b7c5ba733ee836d84d5edf9111d7a20a' and UserID = 'G'
I0504 18:12:15.733777 20074 DBManager.cc:399] select State from MeetingUser where   MeetingID = 'b7c5ba733ee836d84d5edf9111d7a20a' and UserID = 'G'
I0504 18:12:19.644870 20085 DBManager.cc:516] update MeetingUser set HBTime = 1367662339 where   MeetingID = '4383e40e3c2ac7e40edaf59795b3d1b7' and UserID = 'D'
I0504 18:12:19.648907 20085 DBManager.cc:399] select State from MeetingUser where   MeetingID = '4383e40e3c2ac7e40edaf59795b3d1b7' and UserID = 'D'
I0504 18:12:20.784170 20091 DBManager.cc:516] update MeetingUser set HBTime = 1367662340 where   MeetingID = 'b7c5ba733ee836d84d5edf9111d7a20a' and UserID = 'G'
I0504 18:12:20.788362 20091 DBManager.cc:399] select State from MeetingUser where   MeetingID = 'b7c5ba733ee836d84d5edf9111d7a20a' and UserID = 'G'
I0504 18:12:20.860738 20141 DBManager.cc:600] select MeetingID from MeetingUser where   State = 3 and HBTime < 1367662335 order by id
I0504 18:12:20.862193 20141 DBManager.cc:654] update MeetingUser set State = 4 where   State = 3 and MeetingID = 'c5eb521702ce050da94b87ffad1300bf'
I0504 18:12:20.862797 20141 DBManager.cc:661] select UserID from MeetingUser where     State = 2 and MeetingID = 'c5eb521702ce050da94b87ffad1300bf' and HBTime > 1367662335
I0504 18:12:20.863158 20141 DBManager.cc:683] select UserID from MeetingUser where     State = 1 and MeetingID = 'c5eb521702ce050da94b87ffad1300bf' and HBTime > 1367662335
I0504 18:12:20.863486 20141 DBManager.cc:721] update MeetingUser set State = 3 where       State = 4 and MeetingID = 'c5eb521702ce050da94b87ffad1300bf'
I0504 18:12:20.869560 20141 DBManager.cc:232] insert into MeetingDocument (MeetingID, path)   values ('c5eb521702ce050da94b87ffad1300bf','/root/picture/c5eb521702ce050da94b87ffad1300bf-1367662340.bmp')
I0504 18:12:24.708493 20112 DBManager.cc:516] update MeetingUser set HBTime = 1367662344 where   MeetingID = '4383e40e3c2ac7e40edaf59795b3d1b7' and UserID = 'D'
I0504 18:12:24.713266 20112 DBManager.cc:399] select State from MeetingUser where   MeetingID = '4383e40e3c2ac7e40edaf59795b3d1b7' and UserID = 'D'
I0504 18:12:25.859503 20115 DBManager.cc:516] update MeetingUser set HBTime = 1367662345 where   MeetingID = 'b7c5ba733ee836d84d5edf9111d7a20a' and UserID = 'G'
I0504 18:12:25.862412 20115 DBManager.cc:399] select State from MeetingUser where   MeetingID = 'b7c5ba733ee836d84d5edf9111d7a20a' and UserID = 'G'
I0504 18:12:29.731258 20085 DBManager.cc:516] update MeetingUser set HBTime = 1367662349 where   MeetingID = '4383e40e3c2ac7e40edaf59795b3d1b7' and UserID = 'D'
I0504 18:12:29.735817 20085 DBManager.cc:399] select State from MeetingUser where   MeetingID = '4383e40e3c2ac7e40edaf59795b3d1b7' and UserID = 'D'
I0504 18:12:30.873716 20141 DBManager.cc:600] select MeetingID from MeetingUser where   State = 3 and HBTime < 1367662345 order by id
I0504 18:12:30.874806 20141 DBManager.cc:654] update MeetingUser set State = 4 where   State = 3 and MeetingID = 'c5eb521702ce050da94b87ffad1300bf'
I0504 18:12:30.875262 20141 DBManager.cc:661] select UserID from MeetingUser where     State = 2 and MeetingID = 'c5eb521702ce050da94b87ffad1300bf' and HBTime > 1367662345
I0504 18:12:30.875577 20141 DBManager.cc:683] select UserID from MeetingUser where     State = 1 and MeetingID = 'c5eb521702ce050da94b87ffad1300bf' and HBTime > 1367662345
I0504 18:12:30.875900 20141 DBManager.cc:721] update MeetingUser set State = 3 where       State = 4 and MeetingID = 'c5eb521702ce050da94b87ffad1300bf'
I0504 18:12:30.883594 20141 DBManager.cc:232] insert into MeetingDocument (MeetingID, path)   values ('c5eb521702ce050da94b87ffad1300bf','/root/picture/c5eb521702ce050da94b87ffad1300bf-1367662350.bmp')
I0504 18:12:30.929667 20115 DBManager.cc:516] update MeetingUser set HBTime = 1367662350 where   MeetingID = 'b7c5ba733ee836d84d5edf9111d7a20a' and UserID = 'G'
I0504 18:12:30.932873 20115 DBManager.cc:399] select State from MeetingUser where   MeetingID = 'b7c5ba733ee836d84d5edf9111d7a20a' and UserID = 'G'
I0504 18:12:34.746479 20085 DBManager.cc:516] update MeetingUser set HBTime = 1367662354 where   MeetingID = '4383e40e3c2ac7e40edaf59795b3d1b7' and UserID = 'D'
I0504 18:12:34.749018 20085 DBManager.cc:399] select State from MeetingUser where   MeetingID = '4383e40e3c2ac7e40edaf59795b3d1b7' and UserID = 'D'
I0504 18:12:35.983464 20115 DBManager.cc:516] update MeetingUser set HBTime = 1367662355 where   MeetingID = 'b7c5ba733ee836d84d5edf9111d7a20a' and UserID = 'G'
I0504 18:12:35.988085 20115 DBManager.cc:399] select State from MeetingUser where   MeetingID = 'b7c5ba733ee836d84d5edf9111d7a20a' and UserID = 'G'
I0504 18:12:39.765585 20115 DBManager.cc:516] update MeetingUser set HBTime = 1367662359 where   MeetingID = '4383e40e3c2ac7e40edaf59795b3d1b7' and UserID = 'D'
I0504 18:12:39.769695 20115 DBManager.cc:399] select State from MeetingUser where   MeetingID = '4383e40e3c2ac7e40edaf59795b3d1b7' and UserID = 'D'
I0504 18:12:40.887894 20141 DBManager.cc:600] select MeetingID from MeetingUser where   State = 3 and HBTime < 1367662355 order by id
I0504 18:12:40.889129 20141 DBManager.cc:654] update MeetingUser set State = 4 where   State = 3 and MeetingID = 'c5eb521702ce050da94b87ffad1300bf'
I0504 18:12:40.889757 20141 DBManager.cc:661] select UserID from MeetingUser where     State = 2 and MeetingID = 'c5eb521702ce050da94b87ffad1300bf' and HBTime > 1367662355
I0504 18:12:40.890235 20141 DBManager.cc:683] select UserID from MeetingUser where     State = 1 and MeetingID = 'c5eb521702ce050da94b87ffad1300bf' and HBTime > 1367662355
I0504 18:12:40.890604 20141 DBManager.cc:721] update MeetingUser set State = 3 where       State = 4 and MeetingID = 'c5eb521702ce050da94b87ffad1300bf'
I0504 18:12:40.896616 20141 DBManager.cc:232] insert into MeetingDocument (MeetingID, path)   values ('c5eb521702ce050da94b87ffad1300bf','/root/picture/c5eb521702ce050da94b87ffad1300bf-1367662360.bmp')
I0504 18:12:41.048892 20127 DBManager.cc:516] update MeetingUser set HBTime = 1367662361 where   MeetingID = 'b7c5ba733ee836d84d5edf9111d7a20a' and UserID = 'G'
I0504 18:12:41.051182 20127 DBManager.cc:399] select State from MeetingUser where   MeetingID = 'b7c5ba733ee836d84d5edf9111d7a20a' and UserID = 'G'
I0504 18:12:44.784299 20127 DBManager.cc:516] update MeetingUser set HBTime = 1367662364 where   MeetingID = '4383e40e3c2ac7e40edaf59795b3d1b7' and UserID = 'D'
I0504 18:12:44.788585 20127 DBManager.cc:399] select State from MeetingUser where   MeetingID = '4383e40e3c2ac7e40edaf59795b3d1b7' and UserID = 'D'
I0504 18:12:46.088074 20127 DBManager.cc:516] update MeetingUser set HBTime = 1367662366 where   MeetingID = 'b7c5ba733ee836d84d5edf9111d7a20a' and UserID = 'G'
I0504 18:12:46.095000 20127 DBManager.cc:399] select State from MeetingUser where   MeetingID = 'b7c5ba733ee836d84d5edf9111d7a20a' and UserID = 'G'
I0504 18:12:49.799729 20103 DBManager.cc:516] update MeetingUser set HBTime = 1367662369 where   MeetingID = '4383e40e3c2ac7e40edaf59795b3d1b7' and UserID = 'D'
I0504 18:12:49.803537 20103 DBManager.cc:399] select State from MeetingUser where   MeetingID = '4383e40e3c2ac7e40edaf59795b3d1b7' and UserID = 'D'
I0504 18:12:50.901067 20141 DBManager.cc:600] select MeetingID from MeetingUser where   State = 3 and HBTime < 1367662365 order by id
I0504 18:12:50.902622 20141 DBManager.cc:654] update MeetingUser set State = 4 where   State = 3 and MeetingID = 'c5eb521702ce050da94b87ffad1300bf'
I0504 18:12:50.903203 20141 DBManager.cc:661] select UserID from MeetingUser where     State = 2 and MeetingID = 'c5eb521702ce050da94b87ffad1300bf' and HBTime > 1367662365
I0504 18:12:50.903578 20141 DBManager.cc:683] select UserID from MeetingUser where     State = 1 and MeetingID = 'c5eb521702ce050da94b87ffad1300bf' and HBTime > 1367662365
I0504 18:12:50.903954 20141 DBManager.cc:721] update MeetingUser set State = 3 where       State = 4 and MeetingID = 'c5eb521702ce050da94b87ffad1300bf'
I0504 18:12:50.910466 20141 DBManager.cc:232] insert into MeetingDocument (MeetingID, path)   values ('c5eb521702ce050da94b87ffad1300bf','/root/picture/c5eb521702ce050da94b87ffad1300bf-1367662370.bmp')
I0504 18:12:51.138088 20131 DBManager.cc:516] update MeetingUser set HBTime = 1367662371 where   MeetingID = 'b7c5ba733ee836d84d5edf9111d7a20a' and UserID = 'G'
I0504 18:12:51.142220 20131 DBManager.cc:399] select State from MeetingUser where   MeetingID = 'b7c5ba733ee836d84d5edf9111d7a20a' and UserID = 'G'
I0504 18:12:54.816586 20095 DBManager.cc:516] update MeetingUser set HBTime = 1367662374 where   MeetingID = '4383e40e3c2ac7e40edaf59795b3d1b7' and UserID = 'D'
I0504 18:12:54.819656 20095 DBManager.cc:399] select State from MeetingUser where   MeetingID = '4383e40e3c2ac7e40edaf59795b3d1b7' and UserID = 'D'
I0504 18:12:56.206590 20131 DBManager.cc:516] update MeetingUser set HBTime = 1367662376 where   MeetingID = 'b7c5ba733ee836d84d5edf9111d7a20a' and UserID = 'G'
I0504 18:12:56.210947 20131 DBManager.cc:399] select State from MeetingUser where   MeetingID = 'b7c5ba733ee836d84d5edf9111d7a20a' and UserID = 'G'
I0504 18:12:59.836448 20095 DBManager.cc:516] update MeetingUser set HBTime = 1367662379 where   MeetingID = '4383e40e3c2ac7e40edaf59795b3d1b7' and UserID = 'D'
I0504 18:12:59.840173 20095 DBManager.cc:399] select State from MeetingUser where   MeetingID = '4383e40e3c2ac7e40edaf59795b3d1b7' and UserID = 'D'
I0504 18:13:00.914774 20141 DBManager.cc:600] select MeetingID from MeetingUser where   State = 3 and HBTime < 1367662375 order by id
I0504 18:13:00.915842 20141 DBManager.cc:654] update MeetingUser set State = 4 where   State = 3 and MeetingID = 'c5eb521702ce050da94b87ffad1300bf'
I0504 18:13:00.916376 20141 DBManager.cc:661] select UserID from MeetingUser where     State = 2 and MeetingID = 'c5eb521702ce050da94b87ffad1300bf' and HBTime > 1367662375
I0504 18:13:00.916780 20141 DBManager.cc:683] select UserID from MeetingUser where     State = 1 and MeetingID = 'c5eb521702ce050da94b87ffad1300bf' and HBTime > 1367662375
I0504 18:13:00.917191 20141 DBManager.cc:721] update MeetingUser set State = 3 where       State = 4 and MeetingID = 'c5eb521702ce050da94b87ffad1300bf'
I0504 18:13:00.923745 20141 DBManager.cc:232] insert into MeetingDocument (MeetingID, path)   values ('c5eb521702ce050da94b87ffad1300bf','/root/picture/c5eb521702ce050da94b87ffad1300bf-1367662380.bmp')
I0504 18:13:01.258045 20131 DBManager.cc:516] update MeetingUser set HBTime = 1367662381 where   MeetingID = 'b7c5ba733ee836d84d5edf9111d7a20a' and UserID = 'G'
I0504 18:13:01.262243 20131 DBManager.cc:399] select State from MeetingUser where   MeetingID = 'b7c5ba733ee836d84d5edf9111d7a20a' and UserID = 'G'
I0504 18:13:04.851229 20095 DBManager.cc:516] update MeetingUser set HBTime = 1367662384 where   MeetingID = '4383e40e3c2ac7e40edaf59795b3d1b7' and UserID = 'D'
I0504 18:13:04.854079 20095 DBManager.cc:399] select State from MeetingUser where   MeetingID = '4383e40e3c2ac7e40edaf59795b3d1b7' and UserID = 'D'
I0504 18:13:06.303721 20095 DBManager.cc:516] update MeetingUser set HBTime = 1367662386 where   MeetingID = 'b7c5ba733ee836d84d5edf9111d7a20a' and UserID = 'G'
I0504 18:13:06.307771 20095 DBManager.cc:399] select State from MeetingUser where   MeetingID = 'b7c5ba733ee836d84d5edf9111d7a20a' and UserID = 'G'
I0504 18:13:09.865000 20095 DBManager.cc:516] update MeetingUser set HBTime = 1367662389 where   MeetingID = '4383e40e3c2ac7e40edaf59795b3d1b7' and UserID = 'D'
I0504 18:13:09.867462 20095 DBManager.cc:399] select State from MeetingUser where   MeetingID = '4383e40e3c2ac7e40edaf59795b3d1b7' and UserID = 'D'
I0504 18:13:10.928268 20141 DBManager.cc:600] select MeetingID from MeetingUser where   State = 3 and HBTime < 1367662385 order by id
I0504 18:13:10.929555 20141 DBManager.cc:654] update MeetingUser set State = 4 where   State = 3 and MeetingID = 'c5eb521702ce050da94b87ffad1300bf'
I0504 18:13:10.930253 20141 DBManager.cc:661] select UserID from MeetingUser where     State = 2 and MeetingID = 'c5eb521702ce050da94b87ffad1300bf' and HBTime > 1367662385
I0504 18:13:10.930670 20141 DBManager.cc:683] select UserID from MeetingUser where     State = 1 and MeetingID = 'c5eb521702ce050da94b87ffad1300bf' and HBTime > 1367662385
I0504 18:13:10.931056 20141 DBManager.cc:721] update MeetingUser set State = 3 where       State = 4 and MeetingID = 'c5eb521702ce050da94b87ffad1300bf'
I0504 18:13:10.937393 20141 DBManager.cc:232] insert into MeetingDocument (MeetingID, path)   values ('c5eb521702ce050da94b87ffad1300bf','/root/picture/c5eb521702ce050da94b87ffad1300bf-1367662390.bmp')
I0504 18:13:11.344017 20122 DBManager.cc:516] update MeetingUser set HBTime = 1367662391 where   MeetingID = 'b7c5ba733ee836d84d5edf9111d7a20a' and UserID = 'G'
I0504 18:13:11.348209 20122 DBManager.cc:399] select State from MeetingUser where   MeetingID = 'b7c5ba733ee836d84d5edf9111d7a20a' and UserID = 'G'
I0504 18:13:14.879961 20069 DBManager.cc:516] update MeetingUser set HBTime = 1367662394 where   MeetingID = '4383e40e3c2ac7e40edaf59795b3d1b7' and UserID = 'D'
I0504 18:13:14.884235 20069 DBManager.cc:399] select State from MeetingUser where   MeetingID = '4383e40e3c2ac7e40edaf59795b3d1b7' and UserID = 'D'
I0504 18:13:16.417172 20122 DBManager.cc:516] update MeetingUser set HBTime = 1367662396 where   MeetingID = 'b7c5ba733ee836d84d5edf9111d7a20a' and UserID = 'G'
I0504 18:13:16.421512 20122 DBManager.cc:399] select State from MeetingUser where   MeetingID = 'b7c5ba733ee836d84d5edf9111d7a20a' and UserID = 'G'
I0504 18:13:19.933430 20049 DBManager.cc:516] update MeetingUser set HBTime = 1367662399 where   MeetingID = '4383e40e3c2ac7e40edaf59795b3d1b7' and UserID = 'D'
I0504 18:13:19.937484 20049 DBManager.cc:399] select State from MeetingUser where   MeetingID = '4383e40e3c2ac7e40edaf59795b3d1b7' and UserID = 'D'
I0504 18:13:20.940840 20141 DBManager.cc:600] select MeetingID from MeetingUser where   State = 3 and HBTime < 1367662395 order by id
I0504 18:13:20.942039 20141 DBManager.cc:654] update MeetingUser set State = 4 where   State = 3 and MeetingID = 'c5eb521702ce050da94b87ffad1300bf'
I0504 18:13:20.942353 20141 DBManager.cc:661] select UserID from MeetingUser where     State = 2 and MeetingID = 'c5eb521702ce050da94b87ffad1300bf' and HBTime > 1367662395
I0504 18:13:20.942610 20141 DBManager.cc:683] select UserID from MeetingUser where     State = 1 and MeetingID = 'c5eb521702ce050da94b87ffad1300bf' and HBTime > 1367662395
I0504 18:13:20.942909 20141 DBManager.cc:721] update MeetingUser set State = 3 where       State = 4 and MeetingID = 'c5eb521702ce050da94b87ffad1300bf'
I0504 18:13:20.946907 20141 DBManager.cc:232] insert into MeetingDocument (MeetingID, path)   values ('c5eb521702ce050da94b87ffad1300bf','/root/picture/c5eb521702ce050da94b87ffad1300bf-1367662400.bmp')
I0504 18:13:21.461949 20122 DBManager.cc:516] update MeetingUser set HBTime = 1367662401 where   MeetingID = 'b7c5ba733ee836d84d5edf9111d7a20a' and UserID = 'G'
I0504 18:13:21.464298 20122 DBManager.cc:399] select State from MeetingUser where   MeetingID = 'b7c5ba733ee836d84d5edf9111d7a20a' and UserID = 'G'
I0504 18:13:24.966080 20122 DBManager.cc:516] update MeetingUser set HBTime = 1367662404 where   MeetingID = '4383e40e3c2ac7e40edaf59795b3d1b7' and UserID = 'D'
I0504 18:13:24.970093 20122 DBManager.cc:399] select State from MeetingUser where   MeetingID = '4383e40e3c2ac7e40edaf59795b3d1b7' and UserID = 'D'
I0504 18:13:26.523836 20122 DBManager.cc:516] update MeetingUser set HBTime = 1367662406 where   MeetingID = 'b7c5ba733ee836d84d5edf9111d7a20a' and UserID = 'G'
I0504 18:13:26.529506 20122 DBManager.cc:399] select State from MeetingUser where   MeetingID = 'b7c5ba733ee836d84d5edf9111d7a20a' and UserID = 'G'
I0504 18:13:29.983839 20112 DBManager.cc:516] update MeetingUser set HBTime = 1367662409 where   MeetingID = '4383e40e3c2ac7e40edaf59795b3d1b7' and UserID = 'D'
I0504 18:13:29.987121 20112 DBManager.cc:399] select State from MeetingUser where   MeetingID = '4383e40e3c2ac7e40edaf59795b3d1b7' and UserID = 'D'
I0504 18:13:30.951246 20141 DBManager.cc:600] select MeetingID from MeetingUser where   State = 3 and HBTime < 1367662405 order by id
I0504 18:13:30.952236 20141 DBManager.cc:654] update MeetingUser set State = 4 where   State = 3 and MeetingID = 'c5eb521702ce050da94b87ffad1300bf'
I0504 18:13:30.952798 20141 DBManager.cc:661] select UserID from MeetingUser where     State = 2 and MeetingID = 'c5eb521702ce050da94b87ffad1300bf' and HBTime > 1367662405
I0504 18:13:30.953234 20141 DBManager.cc:683] select UserID from MeetingUser where     State = 1 and MeetingID = 'c5eb521702ce050da94b87ffad1300bf' and HBTime > 1367662405
I0504 18:13:30.953637 20141 DBManager.cc:721] update MeetingUser set State = 3 where       State = 4 and MeetingID = 'c5eb521702ce050da94b87ffad1300bf'
I0504 18:13:30.959692 20141 DBManager.cc:232] insert into MeetingDocument (MeetingID, path)   values ('c5eb521702ce050da94b87ffad1300bf','/root/picture/c5eb521702ce050da94b87ffad1300bf-1367662410.bmp')
I0504 18:13:31.595800 20112 DBManager.cc:516] update MeetingUser set HBTime = 1367662411 where   MeetingID = 'b7c5ba733ee836d84d5edf9111d7a20a' and UserID = 'G'
I0504 18:13:31.600453 20112 DBManager.cc:399] select State from MeetingUser where   MeetingID = 'b7c5ba733ee836d84d5edf9111d7a20a' and UserID = 'G'
I0504 18:13:35.005012 20127 DBManager.cc:516] update MeetingUser set HBTime = 1367662415 where   MeetingID = '4383e40e3c2ac7e40edaf59795b3d1b7' and UserID = 'D'
I0504 18:13:35.007905 20127 DBManager.cc:399] select State from MeetingUser where   MeetingID = '4383e40e3c2ac7e40edaf59795b3d1b7' and UserID = 'D'
I0504 18:13:36.647102 20071 DBManager.cc:516] update MeetingUser set HBTime = 1367662416 where   MeetingID = 'b7c5ba733ee836d84d5edf9111d7a20a' and UserID = 'G'
I0504 18:13:36.651085 20071 DBManager.cc:399] select State from MeetingUser where   MeetingID = 'b7c5ba733ee836d84d5edf9111d7a20a' and UserID = 'G'
I0504 18:13:40.038254 20057 DBManager.cc:516] update MeetingUser set HBTime = 1367662420 where   MeetingID = '4383e40e3c2ac7e40edaf59795b3d1b7' and UserID = 'D'
I0504 18:13:40.042569 20057 DBManager.cc:399] select State from MeetingUser where   MeetingID = '4383e40e3c2ac7e40edaf59795b3d1b7' and UserID = 'D'
I0504 18:13:40.962697 20141 DBManager.cc:600] select MeetingID from MeetingUser where   State = 3 and HBTime < 1367662415 order by id
I0504 18:13:40.963690 20141 DBManager.cc:654] update MeetingUser set State = 4 where   State = 3 and MeetingID = 'c5eb521702ce050da94b87ffad1300bf'
I0504 18:13:40.964057 20141 DBManager.cc:661] select UserID from MeetingUser where     State = 2 and MeetingID = 'c5eb521702ce050da94b87ffad1300bf' and HBTime > 1367662415
I0504 18:13:40.964316 20141 DBManager.cc:683] select UserID from MeetingUser where     State = 1 and MeetingID = 'c5eb521702ce050da94b87ffad1300bf' and HBTime > 1367662415
I0504 18:13:40.964624 20141 DBManager.cc:721] update MeetingUser set State = 3 where       State = 4 and MeetingID = 'c5eb521702ce050da94b87ffad1300bf'
I0504 18:13:40.970654 20141 DBManager.cc:232] insert into MeetingDocument (MeetingID, path)   values ('c5eb521702ce050da94b87ffad1300bf','/root/picture/c5eb521702ce050da94b87ffad1300bf-1367662420.bmp')
I0504 18:13:41.704996 20057 DBManager.cc:516] update MeetingUser set HBTime = 1367662421 where   MeetingID = 'b7c5ba733ee836d84d5edf9111d7a20a' and UserID = 'G'
I0504 18:13:41.709280 20057 DBManager.cc:399] select State from MeetingUser where   MeetingID = 'b7c5ba733ee836d84d5edf9111d7a20a' and UserID = 'G'
I0504 18:13:45.067257 20089 DBManager.cc:516] update MeetingUser set HBTime = 1367662425 where   MeetingID = '4383e40e3c2ac7e40edaf59795b3d1b7' and UserID = 'D'
I0504 18:13:45.071802 20089 DBManager.cc:399] select State from MeetingUser where   MeetingID = '4383e40e3c2ac7e40edaf59795b3d1b7' and UserID = 'D'
I0504 18:13:46.759161 20050 DBManager.cc:516] update MeetingUser set HBTime = 1367662426 where   MeetingID = 'b7c5ba733ee836d84d5edf9111d7a20a' and UserID = 'G'
I0504 18:13:46.763313 20050 DBManager.cc:399] select State from MeetingUser where   MeetingID = 'b7c5ba733ee836d84d5edf9111d7a20a' and UserID = 'G'
I0504 18:13:50.092042 20122 DBManager.cc:516] update MeetingUser set HBTime = 1367662430 where   MeetingID = '4383e40e3c2ac7e40edaf59795b3d1b7' and UserID = 'D'
I0504 18:13:50.096426 20122 DBManager.cc:399] select State from MeetingUser where   MeetingID = '4383e40e3c2ac7e40edaf59795b3d1b7' and UserID = 'D'
I0504 18:13:50.973963 20141 DBManager.cc:600] select MeetingID from MeetingUser where   State = 3 and HBTime < 1367662425 order by id
I0504 18:13:50.975085 20141 DBManager.cc:654] update MeetingUser set State = 4 where   State = 3 and MeetingID = 'c5eb521702ce050da94b87ffad1300bf'
I0504 18:13:50.975483 20141 DBManager.cc:661] select UserID from MeetingUser where     State = 2 and MeetingID = 'c5eb521702ce050da94b87ffad1300bf' and HBTime > 1367662425
I0504 18:13:50.975728 20141 DBManager.cc:683] select UserID from MeetingUser where     State = 1 and MeetingID = 'c5eb521702ce050da94b87ffad1300bf' and HBTime > 1367662425
I0504 18:13:50.975925 20141 DBManager.cc:721] update MeetingUser set State = 3 where       State = 4 and MeetingID = 'c5eb521702ce050da94b87ffad1300bf'
I0504 18:13:50.981066 20141 DBManager.cc:232] insert into MeetingDocument (MeetingID, path)   values ('c5eb521702ce050da94b87ffad1300bf','/root/picture/c5eb521702ce050da94b87ffad1300bf-1367662430.bmp')
I0504 18:13:51.827096 20057 DBManager.cc:516] update MeetingUser set HBTime = 1367662431 where   MeetingID = 'b7c5ba733ee836d84d5edf9111d7a20a' and UserID = 'G'
I0504 18:13:51.831394 20057 DBManager.cc:399] select State from MeetingUser where   MeetingID = 'b7c5ba733ee836d84d5edf9111d7a20a' and UserID = 'G'
I0504 18:13:55.113103 20122 DBManager.cc:516] update MeetingUser set HBTime = 1367662435 where   MeetingID = '4383e40e3c2ac7e40edaf59795b3d1b7' and UserID = 'D'
I0504 18:13:55.117702 20122 DBManager.cc:399] select State from MeetingUser where   MeetingID = '4383e40e3c2ac7e40edaf59795b3d1b7' and UserID = 'D'
I0504 18:13:56.891784 20122 DBManager.cc:516] update MeetingUser set HBTime = 1367662436 where   MeetingID = 'b7c5ba733ee836d84d5edf9111d7a20a' and UserID = 'G'
I0504 18:13:56.896049 20122 DBManager.cc:399] select State from MeetingUser where   MeetingID = 'b7c5ba733ee836d84d5edf9111d7a20a' and UserID = 'G'
I0504 18:14:00.131202 20057 DBManager.cc:516] update MeetingUser set HBTime = 1367662440 where   MeetingID = '4383e40e3c2ac7e40edaf59795b3d1b7' and UserID = 'D'
I0504 18:14:00.135573 20057 DBManager.cc:399] select State from MeetingUser where   MeetingID = '4383e40e3c2ac7e40edaf59795b3d1b7' and UserID = 'D'
I0504 18:14:00.983319 20141 DBManager.cc:600] select MeetingID from MeetingUser where   State = 3 and HBTime < 1367662435 order by id
I0504 18:14:00.984063 20141 DBManager.cc:654] update MeetingUser set State = 4 where   State = 3 and MeetingID = 'c5eb521702ce050da94b87ffad1300bf'
I0504 18:14:00.984336 20141 DBManager.cc:661] select UserID from MeetingUser where     State = 2 and MeetingID = 'c5eb521702ce050da94b87ffad1300bf' and HBTime > 1367662435
I0504 18:14:00.984508 20141 DBManager.cc:683] select UserID from MeetingUser where     State = 1 and MeetingID = 'c5eb521702ce050da94b87ffad1300bf' and HBTime > 1367662435
I0504 18:14:00.984664 20141 DBManager.cc:721] update MeetingUser set State = 3 where       State = 4 and MeetingID = 'c5eb521702ce050da94b87ffad1300bf'
I0504 18:14:00.989240 20141 DBManager.cc:232] insert into MeetingDocument (MeetingID, path)   values ('c5eb521702ce050da94b87ffad1300bf','/root/picture/c5eb521702ce050da94b87ffad1300bf-1367662440.bmp')
I0504 18:14:01.960028 20103 DBManager.cc:516] update MeetingUser set HBTime = 1367662441 where   MeetingID = 'b7c5ba733ee836d84d5edf9111d7a20a' and UserID = 'G'
I0504 18:14:01.962193 20103 DBManager.cc:399] select State from MeetingUser where   MeetingID = 'b7c5ba733ee836d84d5edf9111d7a20a' and UserID = 'G'
I0504 18:14:05.148818 20122 DBManager.cc:516] update MeetingUser set HBTime = 1367662445 where   MeetingID = '4383e40e3c2ac7e40edaf59795b3d1b7' and UserID = 'D'
I0504 18:14:05.154274 20122 DBManager.cc:399] select State from MeetingUser where   MeetingID = '4383e40e3c2ac7e40edaf59795b3d1b7' and UserID = 'D'
I0504 18:14:07.011088 20103 DBManager.cc:516] update MeetingUser set HBTime = 1367662447 where   MeetingID = 'b7c5ba733ee836d84d5edf9111d7a20a' and UserID = 'G'
I0504 18:14:07.015410 20103 DBManager.cc:399] select State from MeetingUser where   MeetingID = 'b7c5ba733ee836d84d5edf9111d7a20a' and UserID = 'G'
I0504 18:14:10.193449 20125 DBManager.cc:516] update MeetingUser set HBTime = 1367662450 where   MeetingID = '4383e40e3c2ac7e40edaf59795b3d1b7' and UserID = 'D'
I0504 18:14:10.197854 20125 DBManager.cc:399] select State from MeetingUser where   MeetingID = '4383e40e3c2ac7e40edaf59795b3d1b7' and UserID = 'D'
I0504 18:14:10.993501 20141 DBManager.cc:600] select MeetingID from MeetingUser where   State = 3 and HBTime < 1367662445 order by id
I0504 18:14:10.994746 20141 DBManager.cc:654] update MeetingUser set State = 4 where   State = 3 and MeetingID = 'c5eb521702ce050da94b87ffad1300bf'
I0504 18:14:10.995302 20141 DBManager.cc:661] select UserID from MeetingUser where     State = 2 and MeetingID = 'c5eb521702ce050da94b87ffad1300bf' and HBTime > 1367662445
I0504 18:14:10.995686 20141 DBManager.cc:683] select UserID from MeetingUser where     State = 1 and MeetingID = 'c5eb521702ce050da94b87ffad1300bf' and HBTime > 1367662445
I0504 18:14:10.996047 20141 DBManager.cc:721] update MeetingUser set State = 3 where       State = 4 and MeetingID = 'c5eb521702ce050da94b87ffad1300bf'
I0504 18:14:11.004750 20141 DBManager.cc:232] insert into MeetingDocument (MeetingID, path)   values ('c5eb521702ce050da94b87ffad1300bf','/root/picture/c5eb521702ce050da94b87ffad1300bf-1367662450.bmp')
I0504 18:14:12.065768 20125 DBManager.cc:516] update MeetingUser set HBTime = 1367662452 where   MeetingID = 'b7c5ba733ee836d84d5edf9111d7a20a' and UserID = 'G'
I0504 18:14:12.067690 20125 DBManager.cc:399] select State from MeetingUser where   MeetingID = 'b7c5ba733ee836d84d5edf9111d7a20a' and UserID = 'G'
I0504 18:14:15.222687 20125 DBManager.cc:516] update MeetingUser set HBTime = 1367662455 where   MeetingID = '4383e40e3c2ac7e40edaf59795b3d1b7' and UserID = 'D'
I0504 18:14:15.228833 20125 DBManager.cc:399] select State from MeetingUser where   MeetingID = '4383e40e3c2ac7e40edaf59795b3d1b7' and UserID = 'D'
I0504 18:14:17.110146 20050 DBManager.cc:516] update MeetingUser set HBTime = 1367662457 where   MeetingID = 'b7c5ba733ee836d84d5edf9111d7a20a' and UserID = 'G'
I0504 18:14:17.113104 20050 DBManager.cc:399] select State from MeetingUser where   MeetingID = 'b7c5ba733ee836d84d5edf9111d7a20a' and UserID = 'G'
I0504 18:14:20.245420 20129 DBManager.cc:516] update MeetingUser set HBTime = 1367662460 where   MeetingID = '4383e40e3c2ac7e40edaf59795b3d1b7' and UserID = 'D'
I0504 18:14:20.247611 20129 DBManager.cc:399] select State from MeetingUser where   MeetingID = '4383e40e3c2ac7e40edaf59795b3d1b7' and UserID = 'D'
I0504 18:14:21.009994 20141 DBManager.cc:600] select MeetingID from MeetingUser where   State = 3 and HBTime < 1367662456 order by id
I0504 18:14:21.011433 20141 DBManager.cc:654] update MeetingUser set State = 4 where   State = 3 and MeetingID = 'c5eb521702ce050da94b87ffad1300bf'
I0504 18:14:21.012059 20141 DBManager.cc:661] select UserID from MeetingUser where     State = 2 and MeetingID = 'c5eb521702ce050da94b87ffad1300bf' and HBTime > 1367662456
I0504 18:14:21.012456 20141 DBManager.cc:683] select UserID from MeetingUser where     State = 1 and MeetingID = 'c5eb521702ce050da94b87ffad1300bf' and HBTime > 1367662456
I0504 18:14:21.012820 20141 DBManager.cc:721] update MeetingUser set State = 3 where       State = 4 and MeetingID = 'c5eb521702ce050da94b87ffad1300bf'
I0504 18:14:21.019106 20141 DBManager.cc:232] insert into MeetingDocument (MeetingID, path)   values ('c5eb521702ce050da94b87ffad1300bf','/root/picture/c5eb521702ce050da94b87ffad1300bf-1367662461.bmp')
I0504 18:14:22.140992 20121 DBManager.cc:516] update MeetingUser set HBTime = 1367662462 where   MeetingID = 'b7c5ba733ee836d84d5edf9111d7a20a' and UserID = 'G'
I0504 18:14:22.144024 20121 DBManager.cc:399] select State from MeetingUser where   MeetingID = 'b7c5ba733ee836d84d5edf9111d7a20a' and UserID = 'G'
I0504 18:14:25.264930 20129 DBManager.cc:516] update MeetingUser set HBTime = 1367662465 where   MeetingID = '4383e40e3c2ac7e40edaf59795b3d1b7' and UserID = 'D'
I0504 18:14:25.269340 20129 DBManager.cc:399] select State from MeetingUser where   MeetingID = '4383e40e3c2ac7e40edaf59795b3d1b7' and UserID = 'D'
I0504 18:14:27.213659 20129 DBManager.cc:516] update MeetingUser set HBTime = 1367662467 where   MeetingID = 'b7c5ba733ee836d84d5edf9111d7a20a' and UserID = 'G'
I0504 18:14:27.217926 20129 DBManager.cc:399] select State from MeetingUser where   MeetingID = 'b7c5ba733ee836d84d5edf9111d7a20a' and UserID = 'G'
I0504 18:14:30.284171 20102 DBManager.cc:516] update MeetingUser set HBTime = 1367662470 where   MeetingID = '4383e40e3c2ac7e40edaf59795b3d1b7' and UserID = 'D'
I0504 18:14:30.287282 20102 DBManager.cc:399] select State from MeetingUser where   MeetingID = '4383e40e3c2ac7e40edaf59795b3d1b7' and UserID = 'D'
I0504 18:14:31.021477 20141 DBManager.cc:600] select MeetingID from MeetingUser where   State = 3 and HBTime < 1367662466 order by id
I0504 18:14:31.022116 20141 DBManager.cc:654] update MeetingUser set State = 4 where   State = 3 and MeetingID = 'c5eb521702ce050da94b87ffad1300bf'
I0504 18:14:31.022426 20141 DBManager.cc:661] select UserID from MeetingUser where     State = 2 and MeetingID = 'c5eb521702ce050da94b87ffad1300bf' and HBTime > 1367662466
I0504 18:14:31.022631 20141 DBManager.cc:683] select UserID from MeetingUser where     State = 1 and MeetingID = 'c5eb521702ce050da94b87ffad1300bf' and HBTime > 1367662466
I0504 18:14:31.022811 20141 DBManager.cc:721] update MeetingUser set State = 3 where       State = 4 and MeetingID = 'c5eb521702ce050da94b87ffad1300bf'
I0504 18:14:31.026536 20141 DBManager.cc:232] insert into MeetingDocument (MeetingID, path)   values ('c5eb521702ce050da94b87ffad1300bf','/root/picture/c5eb521702ce050da94b87ffad1300bf-1367662471.bmp')
I0504 18:14:32.288408 20125 DBManager.cc:516] update MeetingUser set HBTime = 1367662472 where   MeetingID = 'b7c5ba733ee836d84d5edf9111d7a20a' and UserID = 'G'
I0504 18:14:32.292588 20125 DBManager.cc:399] select State from MeetingUser where   MeetingID = 'b7c5ba733ee836d84d5edf9111d7a20a' and UserID = 'G'
I0504 18:14:35.323007 20057 DBManager.cc:516] update MeetingUser set HBTime = 1367662475 where   MeetingID = '4383e40e3c2ac7e40edaf59795b3d1b7' and UserID = 'D'
I0504 18:14:35.327039 20057 DBManager.cc:399] select State from MeetingUser where   MeetingID = '4383e40e3c2ac7e40edaf59795b3d1b7' and UserID = 'D'
I0504 18:14:37.350316 20093 DBManager.cc:516] update MeetingUser set HBTime = 1367662477 where   MeetingID = 'b7c5ba733ee836d84d5edf9111d7a20a' and UserID = 'G'
I0504 18:14:37.354516 20093 DBManager.cc:399] select State from MeetingUser where   MeetingID = 'b7c5ba733ee836d84d5edf9111d7a20a' and UserID = 'G'
I0504 18:14:40.366189 20116 DBManager.cc:516] update MeetingUser set HBTime = 1367662480 where   MeetingID = '4383e40e3c2ac7e40edaf59795b3d1b7' and UserID = 'D'
I0504 18:14:40.369038 20116 DBManager.cc:399] select State from MeetingUser where   MeetingID = '4383e40e3c2ac7e40edaf59795b3d1b7' and UserID = 'D'
I0504 18:14:41.030061 20141 DBManager.cc:600] select MeetingID from MeetingUser where   State = 3 and HBTime < 1367662476 order by id
I0504 18:14:41.031210 20141 DBManager.cc:654] update MeetingUser set State = 4 where   State = 3 and MeetingID = 'c5eb521702ce050da94b87ffad1300bf'
I0504 18:14:41.031719 20141 DBManager.cc:661] select UserID from MeetingUser where     State = 2 and MeetingID = 'c5eb521702ce050da94b87ffad1300bf' and HBTime > 1367662476
I0504 18:14:41.032057 20141 DBManager.cc:683] select UserID from MeetingUser where     State = 1 and MeetingID = 'c5eb521702ce050da94b87ffad1300bf' and HBTime > 1367662476
I0504 18:14:41.032379 20141 DBManager.cc:721] update MeetingUser set State = 3 where       State = 4 and MeetingID = 'c5eb521702ce050da94b87ffad1300bf'
I0504 18:14:41.038799 20141 DBManager.cc:232] insert into MeetingDocument (MeetingID, path)   values ('c5eb521702ce050da94b87ffad1300bf','/root/picture/c5eb521702ce050da94b87ffad1300bf-1367662481.bmp')
I0504 18:14:42.399799 20093 DBManager.cc:516] update MeetingUser set HBTime = 1367662482 where   MeetingID = 'b7c5ba733ee836d84d5edf9111d7a20a' and UserID = 'G'
I0504 18:14:42.403216 20093 DBManager.cc:399] select State from MeetingUser where   MeetingID = 'b7c5ba733ee836d84d5edf9111d7a20a' and UserID = 'G'
I0504 18:14:45.405688 20116 DBManager.cc:516] update MeetingUser set HBTime = 1367662485 where   MeetingID = '4383e40e3c2ac7e40edaf59795b3d1b7' and UserID = 'D'
I0504 18:14:45.409760 20116 DBManager.cc:399] select State from MeetingUser where   MeetingID = '4383e40e3c2ac7e40edaf59795b3d1b7' and UserID = 'D'
I0504 18:14:47.469735 20116 DBManager.cc:516] update MeetingUser set HBTime = 1367662487 where   MeetingID = 'b7c5ba733ee836d84d5edf9111d7a20a' and UserID = 'G'
I0504 18:14:47.474195 20116 DBManager.cc:399] select State from MeetingUser where   MeetingID = 'b7c5ba733ee836d84d5edf9111d7a20a' and UserID = 'G'
I0504 18:14:50.430688 20115 DBManager.cc:516] update MeetingUser set HBTime = 1367662490 where   MeetingID = '4383e40e3c2ac7e40edaf59795b3d1b7' and UserID = 'D'
I0504 18:14:50.434782 20115 DBManager.cc:399] select State from MeetingUser where   MeetingID = '4383e40e3c2ac7e40edaf59795b3d1b7' and UserID = 'D'
I0504 18:14:51.042045 20141 DBManager.cc:600] select MeetingID from MeetingUser where   State = 3 and HBTime < 1367662486 order by id
I0504 18:14:51.043367 20141 DBManager.cc:654] update MeetingUser set State = 4 where   State = 3 and MeetingID = 'c5eb521702ce050da94b87ffad1300bf'
I0504 18:14:51.043779 20141 DBManager.cc:661] select UserID from MeetingUser where     State = 2 and MeetingID = 'c5eb521702ce050da94b87ffad1300bf' and HBTime > 1367662486
I0504 18:14:51.044030 20141 DBManager.cc:683] select UserID from MeetingUser where     State = 1 and MeetingID = 'c5eb521702ce050da94b87ffad1300bf' and HBTime > 1367662486
I0504 18:14:51.044237 20141 DBManager.cc:721] update MeetingUser set State = 3 where       State = 4 and MeetingID = 'c5eb521702ce050da94b87ffad1300bf'
I0504 18:14:51.048631 20141 DBManager.cc:232] insert into MeetingDocument (MeetingID, path)   values ('c5eb521702ce050da94b87ffad1300bf','/root/picture/c5eb521702ce050da94b87ffad1300bf-1367662491.bmp')
I0504 18:14:52.519949 20057 DBManager.cc:516] update MeetingUser set HBTime = 1367662492 where   MeetingID = 'b7c5ba733ee836d84d5edf9111d7a20a' and UserID = 'G'
I0504 18:14:52.526631 20057 DBManager.cc:399] select State from MeetingUser where   MeetingID = 'b7c5ba733ee836d84d5edf9111d7a20a' and UserID = 'G'
I0504 18:14:55.448602 20057 DBManager.cc:516] update MeetingUser set HBTime = 1367662495 where   MeetingID = '4383e40e3c2ac7e40edaf59795b3d1b7' and UserID = 'D'
I0504 18:14:55.452741 20057 DBManager.cc:399] select State from MeetingUser where   MeetingID = '4383e40e3c2ac7e40edaf59795b3d1b7' and UserID = 'D'
I0504 18:14:57.593953 20057 DBManager.cc:516] update MeetingUser set HBTime = 1367662497 where   MeetingID = 'b7c5ba733ee836d84d5edf9111d7a20a' and UserID = 'G'
I0504 18:14:57.599711 20057 DBManager.cc:399] select State from MeetingUser where   MeetingID = 'b7c5ba733ee836d84d5edf9111d7a20a' and UserID = 'G'
I0504 18:15:00.469701 20050 DBManager.cc:516] update MeetingUser set HBTime = 1367662500 where   MeetingID = '4383e40e3c2ac7e40edaf59795b3d1b7' and UserID = 'D'
I0504 18:15:00.474092 20050 DBManager.cc:399] select State from MeetingUser where   MeetingID = '4383e40e3c2ac7e40edaf59795b3d1b7' and UserID = 'D'
I0504 18:15:01.051625 20141 DBManager.cc:600] select MeetingID from MeetingUser where   State = 3 and HBTime < 1367662496 order by id
I0504 18:15:01.052350 20141 DBManager.cc:654] update MeetingUser set State = 4 where   State = 3 and MeetingID = 'c5eb521702ce050da94b87ffad1300bf'
I0504 18:15:01.052706 20141 DBManager.cc:661] select UserID from MeetingUser where     State = 2 and MeetingID = 'c5eb521702ce050da94b87ffad1300bf' and HBTime > 1367662496
I0504 18:15:01.052919 20141 DBManager.cc:683] select UserID from MeetingUser where     State = 1 and MeetingID = 'c5eb521702ce050da94b87ffad1300bf' and HBTime > 1367662496
I0504 18:15:01.053112 20141 DBManager.cc:721] update MeetingUser set State = 3 where       State = 4 and MeetingID = 'c5eb521702ce050da94b87ffad1300bf'
I0504 18:15:01.057543 20141 DBManager.cc:232] insert into MeetingDocument (MeetingID, path)   values ('c5eb521702ce050da94b87ffad1300bf','/root/picture/c5eb521702ce050da94b87ffad1300bf-1367662501.bmp')
I0504 18:15:02.653697 20116 DBManager.cc:516] update MeetingUser set HBTime = 1367662502 where   MeetingID = 'b7c5ba733ee836d84d5edf9111d7a20a' and UserID = 'G'
I0504 18:15:02.659986 20116 DBManager.cc:399] select State from MeetingUser where   MeetingID = 'b7c5ba733ee836d84d5edf9111d7a20a' and UserID = 'G'
I0504 18:15:05.486721 20050 DBManager.cc:516] update MeetingUser set HBTime = 1367662505 where   MeetingID = '4383e40e3c2ac7e40edaf59795b3d1b7' and UserID = 'D'
I0504 18:15:05.491741 20050 DBManager.cc:399] select State from MeetingUser where   MeetingID = '4383e40e3c2ac7e40edaf59795b3d1b7' and UserID = 'D'
I0504 18:15:07.724014 20116 DBManager.cc:516] update MeetingUser set HBTime = 1367662507 where   MeetingID = 'b7c5ba733ee836d84d5edf9111d7a20a' and UserID = 'G'
I0504 18:15:07.728893 20116 DBManager.cc:399] select State from MeetingUser where   MeetingID = 'b7c5ba733ee836d84d5edf9111d7a20a' and UserID = 'G'
I0504 18:15:10.506383 20116 DBManager.cc:516] update MeetingUser set HBTime = 1367662510 where   MeetingID = '4383e40e3c2ac7e40edaf59795b3d1b7' and UserID = 'D'
I0504 18:15:10.510875 20116 DBManager.cc:399] select State from MeetingUser where   MeetingID = '4383e40e3c2ac7e40edaf59795b3d1b7' and UserID = 'D'
I0504 18:15:11.061902 20141 DBManager.cc:600] select MeetingID from MeetingUser where   State = 3 and HBTime < 1367662506 order by id
I0504 18:15:11.063077 20141 DBManager.cc:654] update MeetingUser set State = 4 where   State = 3 and MeetingID = 'c5eb521702ce050da94b87ffad1300bf'
I0504 18:15:11.063618 20141 DBManager.cc:661] select UserID from MeetingUser where     State = 2 and MeetingID = 'c5eb521702ce050da94b87ffad1300bf' and HBTime > 1367662506
I0504 18:15:11.063987 20141 DBManager.cc:683] select UserID from MeetingUser where     State = 1 and MeetingID = 'c5eb521702ce050da94b87ffad1300bf' and HBTime > 1367662506
I0504 18:15:11.064342 20141 DBManager.cc:721] update MeetingUser set State = 3 where       State = 4 and MeetingID = 'c5eb521702ce050da94b87ffad1300bf'
I0504 18:15:11.070544 20141 DBManager.cc:232] insert into MeetingDocument (MeetingID, path)   values ('c5eb521702ce050da94b87ffad1300bf','/root/picture/c5eb521702ce050da94b87ffad1300bf-1367662511.bmp')
I0504 18:15:12.799304 20116 DBManager.cc:516] update MeetingUser set HBTime = 1367662512 where   MeetingID = 'b7c5ba733ee836d84d5edf9111d7a20a' and UserID = 'G'
I0504 18:15:12.806355 20116 DBManager.cc:399] select State from MeetingUser where   MeetingID = 'b7c5ba733ee836d84d5edf9111d7a20a' and UserID = 'G'
I0504 18:15:15.532126 20057 DBManager.cc:516] update MeetingUser set HBTime = 1367662515 where   MeetingID = '4383e40e3c2ac7e40edaf59795b3d1b7' and UserID = 'D'
I0504 18:15:15.536505 20057 DBManager.cc:399] select State from MeetingUser where   MeetingID = '4383e40e3c2ac7e40edaf59795b3d1b7' and UserID = 'D'
I0504 18:15:17.861608 20103 DBManager.cc:516] update MeetingUser set HBTime = 1367662517 where   MeetingID = 'b7c5ba733ee836d84d5edf9111d7a20a' and UserID = 'G'
I0504 18:15:17.866287 20103 DBManager.cc:399] select State from MeetingUser where   MeetingID = 'b7c5ba733ee836d84d5edf9111d7a20a' and UserID = 'G'
I0504 18:15:20.549312 20057 DBManager.cc:516] update MeetingUser set HBTime = 1367662520 where   MeetingID = '4383e40e3c2ac7e40edaf59795b3d1b7' and UserID = 'D'
I0504 18:15:20.553683 20057 DBManager.cc:399] select State from MeetingUser where   MeetingID = '4383e40e3c2ac7e40edaf59795b3d1b7' and UserID = 'D'
I0504 18:15:21.074612 20141 DBManager.cc:600] select MeetingID from MeetingUser where   State = 3 and HBTime < 1367662516 order by id
I0504 18:15:21.075796 20141 DBManager.cc:654] update MeetingUser set State = 4 where   State = 3 and MeetingID = 'c5eb521702ce050da94b87ffad1300bf'
I0504 18:15:21.076289 20141 DBManager.cc:661] select UserID from MeetingUser where     State = 2 and MeetingID = 'c5eb521702ce050da94b87ffad1300bf' and HBTime > 1367662516
I0504 18:15:21.076623 20141 DBManager.cc:683] select UserID from MeetingUser where     State = 1 and MeetingID = 'c5eb521702ce050da94b87ffad1300bf' and HBTime > 1367662516
I0504 18:15:21.076990 20141 DBManager.cc:721] update MeetingUser set State = 3 where       State = 4 and MeetingID = 'c5eb521702ce050da94b87ffad1300bf'
I0504 18:15:21.083258 20141 DBManager.cc:232] insert into MeetingDocument (MeetingID, path)   values ('c5eb521702ce050da94b87ffad1300bf','/root/picture/c5eb521702ce050da94b87ffad1300bf-1367662521.bmp')
I0504 18:15:22.927539 20115 DBManager.cc:516] update MeetingUser set HBTime = 1367662522 where   MeetingID = 'b7c5ba733ee836d84d5edf9111d7a20a' and UserID = 'G'
