I0506 11:25:19.750380  2039 DBManager.cc:688] select UserID from MeetingUser where     State = 1 and MeetingID = '844c795a0d46adc444e4b535087c5231' and HBTime > 1367810714
I0506 11:25:19.750529  2039 DBManager.cc:726] update MeetingUser set State = 3 where       State = 4 and MeetingID = '844c795a0d46adc444e4b535087c5231'
I0506 11:25:19.752984  2039 DBManager.cc:659] update MeetingUser set State = 4 where   State = 3 and MeetingID = 'f94f5872e21e0510ea8c0fe9a72ed0f9'
I0506 11:25:19.753340  2039 DBManager.cc:666] select UserID from MeetingUser where     State = 2 and MeetingID = 'f94f5872e21e0510ea8c0fe9a72ed0f9' and HBTime > 1367810714
I0506 11:25:19.753624  2039 DBManager.cc:688] select UserID from MeetingUser where     State = 1 and MeetingID = 'f94f5872e21e0510ea8c0fe9a72ed0f9' and HBTime > 1367810714
I0506 11:25:19.753805  2039 DBManager.cc:726] update MeetingUser set State = 3 where       State = 4 and MeetingID = 'f94f5872e21e0510ea8c0fe9a72ed0f9'
I0506 11:25:22.385179  2017 DBManager.cc:516] update MeetingUser set HBTime = 1367810722 where   MeetingID = 'ab6a9346e3251c51b9af9e3af79b56b6' and UserID = 'T'
I0506 11:25:22.389161  2017 DBManager.cc:399] select State from MeetingUser where   MeetingID = 'ab6a9346e3251c51b9af9e3af79b56b6' and UserID = 'T'
I0506 11:25:27.459807  1991 DBManager.cc:516] update MeetingUser set HBTime = 1367810727 where   MeetingID = 'ab6a9346e3251c51b9af9e3af79b56b6' and UserID = 'T'
I0506 11:25:27.463886  1991 DBManager.cc:399] select State from MeetingUser where   MeetingID = 'ab6a9346e3251c51b9af9e3af79b56b6' and UserID = 'T'
I0506 11:25:29.757932  2039 DBManager.cc:600] select MeetingID from MeetingUser where   State = 3 and HBTime < 1367810724 order by id
I0506 11:25:29.759083  2039 DBManager.cc:659] update MeetingUser set State = 4 where   State = 3 and MeetingID = '844c795a0d46adc444e4b535087c5231'
I0506 11:25:29.759459  2039 DBManager.cc:666] select UserID from MeetingUser where     State = 2 and MeetingID = '844c795a0d46adc444e4b535087c5231' and HBTime > 1367810724
I0506 11:25:29.759831  2039 DBManager.cc:688] select UserID from MeetingUser where     State = 1 and MeetingID = '844c795a0d46adc444e4b535087c5231' and HBTime > 1367810724
I0506 11:25:29.760143  2039 DBManager.cc:726] update MeetingUser set State = 3 where       State = 4 and MeetingID = '844c795a0d46adc444e4b535087c5231'
I0506 11:25:29.763836  2039 DBManager.cc:659] update MeetingUser set State = 4 where   State = 3 and MeetingID = 'f94f5872e21e0510ea8c0fe9a72ed0f9'
I0506 11:25:29.764117  2039 DBManager.cc:666] select UserID from MeetingUser where     State = 2 and MeetingID = 'f94f5872e21e0510ea8c0fe9a72ed0f9' and HBTime > 1367810724
I0506 11:25:29.764441  2039 DBManager.cc:688] select UserID from MeetingUser where     State = 1 and MeetingID = 'f94f5872e21e0510ea8c0fe9a72ed0f9' and HBTime > 1367810724
I0506 11:25:29.764747  2039 DBManager.cc:726] update MeetingUser set State = 3 where       State = 4 and MeetingID = 'f94f5872e21e0510ea8c0fe9a72ed0f9'
I0506 11:25:32.530877  2025 DBManager.cc:516] update MeetingUser set HBTime = 1367810732 where   MeetingID = 'ab6a9346e3251c51b9af9e3af79b56b6' and UserID = 'T'
I0506 11:25:32.534822  2025 DBManager.cc:399] select State from MeetingUser where   MeetingID = 'ab6a9346e3251c51b9af9e3af79b56b6' and UserID = 'T'
I0506 11:25:37.603108  2025 DBManager.cc:516] update MeetingUser set HBTime = 1367810737 where   MeetingID = 'ab6a9346e3251c51b9af9e3af79b56b6' and UserID = 'T'
I0506 11:25:37.605212  2025 DBManager.cc:399] select State from MeetingUser where   MeetingID = 'ab6a9346e3251c51b9af9e3af79b56b6' and UserID = 'T'
I0506 11:25:38.337918  2040 DBManager.cc:540] delete from MeetingUser where   HBTime < 1367810438
I0506 11:25:38.341938  2040 DBManager.cc:561] select m.MeetingID from Meeting m where   m.state = 1 and m.MeetingID not in (select MeetingID from MeetingUser  group by MeetingID) order by id
I0506 11:25:38.342793  2040 DBManager.cc:579] update Meeting set state = 2,    DataRef = NULL where state = 1 and MeetingID not in (select     MeetingID from MeetingUser group by MeetingID)
I0506 11:25:38.347705  2040 DBManager.cc:141] select Port from Meeting where   MeetingID = '844c795a0d46adc444e4b535087c5231'
I0506 11:25:39.769006  2039 DBManager.cc:600] select MeetingID from MeetingUser where   State = 3 and HBTime < 1367810734 order by id
I0506 11:25:39.770097  2039 DBManager.cc:659] update MeetingUser set State = 4 where   State = 3 and MeetingID = 'f94f5872e21e0510ea8c0fe9a72ed0f9'
I0506 11:25:39.770395  2039 DBManager.cc:666] select UserID from MeetingUser where     State = 2 and MeetingID = 'f94f5872e21e0510ea8c0fe9a72ed0f9' and HBTime > 1367810734
I0506 11:25:39.770715  2039 DBManager.cc:688] select UserID from MeetingUser where     State = 1 and MeetingID = 'f94f5872e21e0510ea8c0fe9a72ed0f9' and HBTime > 1367810734
I0506 11:25:39.771025  2039 DBManager.cc:726] update MeetingUser set State = 3 where       State = 4 and MeetingID = 'f94f5872e21e0510ea8c0fe9a72ed0f9'
I0506 11:25:42.648958  2014 DBManager.cc:516] update MeetingUser set HBTime = 1367810742 where   MeetingID = 'ab6a9346e3251c51b9af9e3af79b56b6' and UserID = 'T'
I0506 11:25:42.655041  2014 DBManager.cc:399] select State from MeetingUser where   MeetingID = 'ab6a9346e3251c51b9af9e3af79b56b6' and UserID = 'T'
I0506 11:25:47.724166  2005 DBManager.cc:516] update MeetingUser set HBTime = 1367810747 where   MeetingID = 'ab6a9346e3251c51b9af9e3af79b56b6' and UserID = 'T'
I0506 11:25:47.728101  2005 DBManager.cc:399] select State from MeetingUser where   MeetingID = 'ab6a9346e3251c51b9af9e3af79b56b6' and UserID = 'T'
I0506 11:25:49.773226  2039 DBManager.cc:600] select MeetingID from MeetingUser where   State = 3 and HBTime < 1367810744 order by id
I0506 11:25:49.773834  2039 DBManager.cc:659] update MeetingUser set State = 4 where   State = 3 and MeetingID = 'f94f5872e21e0510ea8c0fe9a72ed0f9'
I0506 11:25:49.774013  2039 DBManager.cc:666] select UserID from MeetingUser where     State = 2 and MeetingID = 'f94f5872e21e0510ea8c0fe9a72ed0f9' and HBTime > 1367810744
I0506 11:25:49.774178  2039 DBManager.cc:688] select UserID from MeetingUser where     State = 1 and MeetingID = 'f94f5872e21e0510ea8c0fe9a72ed0f9' and HBTime > 1367810744
I0506 11:25:49.774333  2039 DBManager.cc:726] update MeetingUser set State = 3 where       State = 4 and MeetingID = 'f94f5872e21e0510ea8c0fe9a72ed0f9'
I0506 11:25:52.777868  1970 DBManager.cc:516] update MeetingUser set HBTime = 1367810752 where   MeetingID = 'ab6a9346e3251c51b9af9e3af79b56b6' and UserID = 'T'
I0506 11:25:52.781800  1970 DBManager.cc:399] select State from MeetingUser where   MeetingID = 'ab6a9346e3251c51b9af9e3af79b56b6' and UserID = 'T'
I0506 11:25:57.823153  2014 DBManager.cc:516] update MeetingUser set HBTime = 1367810757 where   MeetingID = 'ab6a9346e3251c51b9af9e3af79b56b6' and UserID = 'T'
I0506 11:25:57.827102  2014 DBManager.cc:399] select State from MeetingUser where   MeetingID = 'ab6a9346e3251c51b9af9e3af79b56b6' and UserID = 'T'
I0506 11:25:59.778239  2039 DBManager.cc:600] select MeetingID from MeetingUser where   State = 3 and HBTime < 1367810754 order by id
I0506 11:25:59.779304  2039 DBManager.cc:659] update MeetingUser set State = 4 where   State = 3 and MeetingID = 'f94f5872e21e0510ea8c0fe9a72ed0f9'
I0506 11:25:59.779646  2039 DBManager.cc:666] select UserID from MeetingUser where     State = 2 and MeetingID = 'f94f5872e21e0510ea8c0fe9a72ed0f9' and HBTime > 1367810754
I0506 11:25:59.780086  2039 DBManager.cc:688] select UserID from MeetingUser where     State = 1 and MeetingID = 'f94f5872e21e0510ea8c0fe9a72ed0f9' and HBTime > 1367810754
I0506 11:25:59.780501  2039 DBManager.cc:726] update MeetingUser set State = 3 where       State = 4 and MeetingID = 'f94f5872e21e0510ea8c0fe9a72ed0f9'
I0506 11:26:02.852825  1983 DBManager.cc:516] update MeetingUser set HBTime = 1367810762 where   MeetingID = 'ab6a9346e3251c51b9af9e3af79b56b6' and UserID = 'T'
I0506 11:26:02.854948  1983 DBManager.cc:399] select State from MeetingUser where   MeetingID = 'ab6a9346e3251c51b9af9e3af79b56b6' and UserID = 'T'
I0506 11:26:07.922817  1983 DBManager.cc:516] update MeetingUser set HBTime = 1367810767 where   MeetingID = 'ab6a9346e3251c51b9af9e3af79b56b6' and UserID = 'T'
I0506 11:26:07.926761  1983 DBManager.cc:399] select State from MeetingUser where   MeetingID = 'ab6a9346e3251c51b9af9e3af79b56b6' and UserID = 'T'
I0506 11:26:09.784723  2039 DBManager.cc:600] select MeetingID from MeetingUser where   State = 3 and HBTime < 1367810764 order by id
I0506 11:26:09.785845  2039 DBManager.cc:659] update MeetingUser set State = 4 where   State = 3 and MeetingID = 'f94f5872e21e0510ea8c0fe9a72ed0f9'
I0506 11:26:09.786154  2039 DBManager.cc:666] select UserID from MeetingUser where     State = 2 and MeetingID = 'f94f5872e21e0510ea8c0fe9a72ed0f9' and HBTime > 1367810764
I0506 11:26:09.786479  2039 DBManager.cc:688] select UserID from MeetingUser where     State = 1 and MeetingID = 'f94f5872e21e0510ea8c0fe9a72ed0f9' and HBTime > 1367810764
I0506 11:26:09.786784  2039 DBManager.cc:726] update MeetingUser set State = 3 where       State = 4 and MeetingID = 'f94f5872e21e0510ea8c0fe9a72ed0f9'
I0506 11:26:12.993495  1983 DBManager.cc:516] update MeetingUser set HBTime = 1367810772 where   MeetingID = 'ab6a9346e3251c51b9af9e3af79b56b6' and UserID = 'T'
I0506 11:26:12.996718  1983 DBManager.cc:399] select State from MeetingUser where   MeetingID = 'ab6a9346e3251c51b9af9e3af79b56b6' and UserID = 'T'
I0506 11:26:18.059082  1965 DBManager.cc:516] update MeetingUser set HBTime = 1367810778 where   MeetingID = 'ab6a9346e3251c51b9af9e3af79b56b6' and UserID = 'T'
I0506 11:26:18.062213  1965 DBManager.cc:399] select State from MeetingUser where   MeetingID = 'ab6a9346e3251c51b9af9e3af79b56b6' and UserID = 'T'
I0506 11:26:19.790856  2039 DBManager.cc:600] select MeetingID from MeetingUser where   State = 3 and HBTime < 1367810774 order by id
I0506 11:26:19.792034  2039 DBManager.cc:659] update MeetingUser set State = 4 where   State = 3 and MeetingID = 'f94f5872e21e0510ea8c0fe9a72ed0f9'
I0506 11:26:19.792402  2039 DBManager.cc:666] select UserID from MeetingUser where     State = 2 and MeetingID = 'f94f5872e21e0510ea8c0fe9a72ed0f9' and HBTime > 1367810774
I0506 11:26:19.792729  2039 DBManager.cc:688] select UserID from MeetingUser where     State = 1 and MeetingID = 'f94f5872e21e0510ea8c0fe9a72ed0f9' and HBTime > 1367810774
I0506 11:26:19.793036  2039 DBManager.cc:726] update MeetingUser set State = 3 where       State = 4 and MeetingID = 'f94f5872e21e0510ea8c0fe9a72ed0f9'
I0506 11:26:23.135577  2014 DBManager.cc:516] update MeetingUser set HBTime = 1367810783 where   MeetingID = 'ab6a9346e3251c51b9af9e3af79b56b6' and UserID = 'T'
I0506 11:26:23.139387  2014 DBManager.cc:399] select State from MeetingUser where   MeetingID = 'ab6a9346e3251c51b9af9e3af79b56b6' and UserID = 'T'
I0506 11:26:28.191043  1965 DBManager.cc:516] update MeetingUser set HBTime = 1367810788 where   MeetingID = 'ab6a9346e3251c51b9af9e3af79b56b6' and UserID = 'T'
I0506 11:26:28.195121  1965 DBManager.cc:399] select State from MeetingUser where   MeetingID = 'ab6a9346e3251c51b9af9e3af79b56b6' and UserID = 'T'
I0506 11:26:29.796546  2039 DBManager.cc:600] select MeetingID from MeetingUser where   State = 3 and HBTime < 1367810784 order by id
I0506 11:26:29.797647  2039 DBManager.cc:659] update MeetingUser set State = 4 where   State = 3 and MeetingID = 'f94f5872e21e0510ea8c0fe9a72ed0f9'
I0506 11:26:29.797961  2039 DBManager.cc:666] select UserID from MeetingUser where     State = 2 and MeetingID = 'f94f5872e21e0510ea8c0fe9a72ed0f9' and HBTime > 1367810784
I0506 11:26:29.798286  2039 DBManager.cc:688] select UserID from MeetingUser where     State = 1 and MeetingID = 'f94f5872e21e0510ea8c0fe9a72ed0f9' and HBTime > 1367810784
I0506 11:26:29.798591  2039 DBManager.cc:726] update MeetingUser set State = 3 where       State = 4 and MeetingID = 'f94f5872e21e0510ea8c0fe9a72ed0f9'
I0506 11:26:33.262182  1970 DBManager.cc:516] update MeetingUser set HBTime = 1367810793 where   MeetingID = 'ab6a9346e3251c51b9af9e3af79b56b6' and UserID = 'T'
I0506 11:26:33.266741  1970 DBManager.cc:399] select State from MeetingUser where   MeetingID = 'ab6a9346e3251c51b9af9e3af79b56b6' and UserID = 'T'
I0506 11:26:38.321868  1970 DBManager.cc:516] update MeetingUser set HBTime = 1367810798 where   MeetingID = 'ab6a9346e3251c51b9af9e3af79b56b6' and UserID = 'T'
I0506 11:26:38.325916  1970 DBManager.cc:399] select State from MeetingUser where   MeetingID = 'ab6a9346e3251c51b9af9e3af79b56b6' and UserID = 'T'
I0506 11:26:39.802049  2039 DBManager.cc:600] select MeetingID from MeetingUser where   State = 3 and HBTime < 1367810794 order by id
I0506 11:26:39.803351  2039 DBManager.cc:659] update MeetingUser set State = 4 where   State = 3 and MeetingID = 'f94f5872e21e0510ea8c0fe9a72ed0f9'
I0506 11:26:39.803691  2039 DBManager.cc:666] select UserID from MeetingUser where     State = 2 and MeetingID = 'f94f5872e21e0510ea8c0fe9a72ed0f9' and HBTime > 1367810794
I0506 11:26:39.804023  2039 DBManager.cc:688] select UserID from MeetingUser where     State = 1 and MeetingID = 'f94f5872e21e0510ea8c0fe9a72ed0f9' and HBTime > 1367810794
I0506 11:26:39.804342  2039 DBManager.cc:726] update MeetingUser set State = 3 where       State = 4 and MeetingID = 'f94f5872e21e0510ea8c0fe9a72ed0f9'
I0506 11:26:43.376070  1964 DBManager.cc:516] update MeetingUser set HBTime = 1367810803 where   MeetingID = 'ab6a9346e3251c51b9af9e3af79b56b6' and UserID = 'T'
I0506 11:26:43.379624  1964 DBManager.cc:399] select State from MeetingUser where   MeetingID = 'ab6a9346e3251c51b9af9e3af79b56b6' and UserID = 'T'
I0506 11:26:48.433893  1971 DBManager.cc:516] update MeetingUser set HBTime = 1367810808 where   MeetingID = 'ab6a9346e3251c51b9af9e3af79b56b6' and UserID = 'T'
I0506 11:26:48.437767  1971 DBManager.cc:399] select State from MeetingUser where   MeetingID = 'ab6a9346e3251c51b9af9e3af79b56b6' and UserID = 'T'
I0506 11:26:49.808699  2039 DBManager.cc:600] select MeetingID from MeetingUser where   State = 3 and HBTime < 1367810804 order by id
I0506 11:26:49.809789  2039 DBManager.cc:659] update MeetingUser set State = 4 where   State = 3 and MeetingID = 'f94f5872e21e0510ea8c0fe9a72ed0f9'
I0506 11:26:49.810222  2039 DBManager.cc:666] select UserID from MeetingUser where     State = 2 and MeetingID = 'f94f5872e21e0510ea8c0fe9a72ed0f9' and HBTime > 1367810804
I0506 11:26:49.810607  2039 DBManager.cc:688] select UserID from MeetingUser where     State = 1 and MeetingID = 'f94f5872e21e0510ea8c0fe9a72ed0f9' and HBTime > 1367810804
I0506 11:26:49.810966  2039 DBManager.cc:726] update MeetingUser set State = 3 where       State = 4 and MeetingID = 'f94f5872e21e0510ea8c0fe9a72ed0f9'
I0506 11:26:53.473479  1971 DBManager.cc:516] update MeetingUser set HBTime = 1367810813 where   MeetingID = 'ab6a9346e3251c51b9af9e3af79b56b6' and UserID = 'T'
I0506 11:26:53.477527  1971 DBManager.cc:399] select State from MeetingUser where   MeetingID = 'ab6a9346e3251c51b9af9e3af79b56b6' and UserID = 'T'
I0506 11:26:58.545800  2024 DBManager.cc:516] update MeetingUser set HBTime = 1367810818 where   MeetingID = 'ab6a9346e3251c51b9af9e3af79b56b6' and UserID = 'T'
I0506 11:26:58.549738  2024 DBManager.cc:399] select State from MeetingUser where   MeetingID = 'ab6a9346e3251c51b9af9e3af79b56b6' and UserID = 'T'
I0506 11:26:59.815136  2039 DBManager.cc:600] select MeetingID from MeetingUser where   State = 3 and HBTime < 1367810814 order by id
I0506 11:26:59.816282  2039 DBManager.cc:659] update MeetingUser set State = 4 where   State = 3 and MeetingID = 'f94f5872e21e0510ea8c0fe9a72ed0f9'
I0506 11:26:59.816602  2039 DBManager.cc:666] select UserID from MeetingUser where     State = 2 and MeetingID = 'f94f5872e21e0510ea8c0fe9a72ed0f9' and HBTime > 1367810814
I0506 11:26:59.816928  2039 DBManager.cc:688] select UserID from MeetingUser where     State = 1 and MeetingID = 'f94f5872e21e0510ea8c0fe9a72ed0f9' and HBTime > 1367810814
I0506 11:26:59.817234  2039 DBManager.cc:726] update MeetingUser set State = 3 where       State = 4 and MeetingID = 'f94f5872e21e0510ea8c0fe9a72ed0f9'
I0506 11:27:03.593962  1983 DBManager.cc:516] update MeetingUser set HBTime = 1367810823 where   MeetingID = 'ab6a9346e3251c51b9af9e3af79b56b6' and UserID = 'T'
I0506 11:27:03.597179  1983 DBManager.cc:399] select State from MeetingUser where   MeetingID = 'ab6a9346e3251c51b9af9e3af79b56b6' and UserID = 'T'
I0506 11:27:08.633857  2005 DBManager.cc:516] update MeetingUser set HBTime = 1367810828 where   MeetingID = 'ab6a9346e3251c51b9af9e3af79b56b6' and UserID = 'T'
I0506 11:27:08.637905  2005 DBManager.cc:399] select State from MeetingUser where   MeetingID = 'ab6a9346e3251c51b9af9e3af79b56b6' and UserID = 'T'
I0506 11:27:09.821766  2039 DBManager.cc:600] select MeetingID from MeetingUser where   State = 3 and HBTime < 1367810824 order by id
I0506 11:27:09.823071  2039 DBManager.cc:659] update MeetingUser set State = 4 where   State = 3 and MeetingID = 'f94f5872e21e0510ea8c0fe9a72ed0f9'
I0506 11:27:09.823426  2039 DBManager.cc:666] select UserID from MeetingUser where     State = 2 and MeetingID = 'f94f5872e21e0510ea8c0fe9a72ed0f9' and HBTime > 1367810824
I0506 11:27:09.823814  2039 DBManager.cc:688] select UserID from MeetingUser where     State = 1 and MeetingID = 'f94f5872e21e0510ea8c0fe9a72ed0f9' and HBTime > 1367810824
I0506 11:27:09.824337  2039 DBManager.cc:726] update MeetingUser set State = 3 where       State = 4 and MeetingID = 'f94f5872e21e0510ea8c0fe9a72ed0f9'
I0506 11:27:13.680217  2005 DBManager.cc:516] update MeetingUser set HBTime = 1367810833 where   MeetingID = 'ab6a9346e3251c51b9af9e3af79b56b6' and UserID = 'T'
I0506 11:27:13.684079  2005 DBManager.cc:399] select State from MeetingUser where   MeetingID = 'ab6a9346e3251c51b9af9e3af79b56b6' and UserID = 'T'
I0506 11:27:18.736826  2032 DBManager.cc:516] update MeetingUser set HBTime = 1367810838 where   MeetingID = 'ab6a9346e3251c51b9af9e3af79b56b6' and UserID = 'T'
I0506 11:27:18.740932  2032 DBManager.cc:399] select State from MeetingUser where   MeetingID = 'ab6a9346e3251c51b9af9e3af79b56b6' and UserID = 'T'
I0506 11:27:19.828742  2039 DBManager.cc:600] select MeetingID from MeetingUser where   State = 3 and HBTime < 1367810834 order by id
I0506 11:27:19.829766  2039 DBManager.cc:659] update MeetingUser set State = 4 where   State = 3 and MeetingID = 'f94f5872e21e0510ea8c0fe9a72ed0f9'
I0506 11:27:19.830086  2039 DBManager.cc:666] select UserID from MeetingUser where     State = 2 and MeetingID = 'f94f5872e21e0510ea8c0fe9a72ed0f9' and HBTime > 1367810834
I0506 11:27:19.830412  2039 DBManager.cc:688] select UserID from MeetingUser where     State = 1 and MeetingID = 'f94f5872e21e0510ea8c0fe9a72ed0f9' and HBTime > 1367810834
I0506 11:27:19.830716  2039 DBManager.cc:726] update MeetingUser set State = 3 where       State = 4 and MeetingID = 'f94f5872e21e0510ea8c0fe9a72ed0f9'
I0506 11:27:23.796881  1999 DBManager.cc:516] update MeetingUser set HBTime = 1367810843 where   MeetingID = 'ab6a9346e3251c51b9af9e3af79b56b6' and UserID = 'T'
I0506 11:27:23.801147  1999 DBManager.cc:399] select State from MeetingUser where   MeetingID = 'ab6a9346e3251c51b9af9e3af79b56b6' and UserID = 'T'
I0506 11:27:28.834877  2005 DBManager.cc:516] update MeetingUser set HBTime = 1367810848 where   MeetingID = 'ab6a9346e3251c51b9af9e3af79b56b6' and UserID = 'T'
I0506 11:27:28.837525  2005 DBManager.cc:399] select State from MeetingUser where   MeetingID = 'ab6a9346e3251c51b9af9e3af79b56b6' and UserID = 'T'
I0506 11:27:29.836256  2039 DBManager.cc:600] select MeetingID from MeetingUser where   State = 3 and HBTime < 1367810844 order by id
I0506 11:27:29.837584  2039 DBManager.cc:659] update MeetingUser set State = 4 where   State = 3 and MeetingID = 'f94f5872e21e0510ea8c0fe9a72ed0f9'
I0506 11:27:29.837965  2039 DBManager.cc:666] select UserID from MeetingUser where     State = 2 and MeetingID = 'f94f5872e21e0510ea8c0fe9a72ed0f9' and HBTime > 1367810844
I0506 11:27:29.838336  2039 DBManager.cc:688] select UserID from MeetingUser where     State = 1 and MeetingID = 'f94f5872e21e0510ea8c0fe9a72ed0f9' and HBTime > 1367810844
I0506 11:27:29.838693  2039 DBManager.cc:726] update MeetingUser set State = 3 where       State = 4 and MeetingID = 'f94f5872e21e0510ea8c0fe9a72ed0f9'
I0506 11:27:33.871734  2005 DBManager.cc:516] update MeetingUser set HBTime = 1367810853 where   MeetingID = 'ab6a9346e3251c51b9af9e3af79b56b6' and UserID = 'T'
I0506 11:27:33.874235  2005 DBManager.cc:399] select State from MeetingUser where   MeetingID = 'ab6a9346e3251c51b9af9e3af79b56b6' and UserID = 'T'
I0506 11:27:38.903923  1971 DBManager.cc:516] update MeetingUser set HBTime = 1367810858 where   MeetingID = 'ab6a9346e3251c51b9af9e3af79b56b6' and UserID = 'T'
I0506 11:27:38.909071  1971 DBManager.cc:399] select State from MeetingUser where   MeetingID = 'ab6a9346e3251c51b9af9e3af79b56b6' and UserID = 'T'
I0506 11:27:39.843055  2039 DBManager.cc:600] select MeetingID from MeetingUser where   State = 3 and HBTime < 1367810854 order by id
I0506 11:27:39.844272  2039 DBManager.cc:659] update MeetingUser set State = 4 where   State = 3 and MeetingID = 'f94f5872e21e0510ea8c0fe9a72ed0f9'
I0506 11:27:39.844591  2039 DBManager.cc:666] select UserID from MeetingUser where     State = 2 and MeetingID = 'f94f5872e21e0510ea8c0fe9a72ed0f9' and HBTime > 1367810854
I0506 11:27:39.844919  2039 DBManager.cc:688] select UserID from MeetingUser where     State = 1 and MeetingID = 'f94f5872e21e0510ea8c0fe9a72ed0f9' and HBTime > 1367810854
I0506 11:27:39.845228  2039 DBManager.cc:726] update MeetingUser set State = 3 where       State = 4 and MeetingID = 'f94f5872e21e0510ea8c0fe9a72ed0f9'
I0506 11:27:43.964128  1971 DBManager.cc:516] update MeetingUser set HBTime = 1367810863 where   MeetingID = 'ab6a9346e3251c51b9af9e3af79b56b6' and UserID = 'T'
I0506 11:27:43.968145  1971 DBManager.cc:399] select State from MeetingUser where   MeetingID = 'ab6a9346e3251c51b9af9e3af79b56b6' and UserID = 'T'
I0506 11:27:49.033695  2019 DBManager.cc:516] update MeetingUser set HBTime = 1367810869 where   MeetingID = 'ab6a9346e3251c51b9af9e3af79b56b6' and UserID = 'T'
I0506 11:27:49.037741  2019 DBManager.cc:399] select State from MeetingUser where   MeetingID = 'ab6a9346e3251c51b9af9e3af79b56b6' and UserID = 'T'
I0506 11:27:49.850636  2039 DBManager.cc:600] select MeetingID from MeetingUser where   State = 3 and HBTime < 1367810864 order by id
I0506 11:27:49.851943  2039 DBManager.cc:659] update MeetingUser set State = 4 where   State = 3 and MeetingID = 'f94f5872e21e0510ea8c0fe9a72ed0f9'
I0506 11:27:49.852314  2039 DBManager.cc:666] select UserID from MeetingUser where     State = 2 and MeetingID = 'f94f5872e21e0510ea8c0fe9a72ed0f9' and HBTime > 1367810864
I0506 11:27:49.852686  2039 DBManager.cc:688] select UserID from MeetingUser where     State = 1 and MeetingID = 'f94f5872e21e0510ea8c0fe9a72ed0f9' and HBTime > 1367810864
I0506 11:27:49.853032  2039 DBManager.cc:726] update MeetingUser set State = 3 where       State = 4 and MeetingID = 'f94f5872e21e0510ea8c0fe9a72ed0f9'
I0506 11:27:54.113976  2005 DBManager.cc:516] update MeetingUser set HBTime = 1367810874 where   MeetingID = 'ab6a9346e3251c51b9af9e3af79b56b6' and UserID = 'T'
I0506 11:27:54.117449  2005 DBManager.cc:399] select State from MeetingUser where   MeetingID = 'ab6a9346e3251c51b9af9e3af79b56b6' and UserID = 'T'
I0506 11:27:59.174768  2024 DBManager.cc:516] update MeetingUser set HBTime = 1367810879 where   MeetingID = 'ab6a9346e3251c51b9af9e3af79b56b6' and UserID = 'T'
I0506 11:27:59.178792  2024 DBManager.cc:399] select State from MeetingUser where   MeetingID = 'ab6a9346e3251c51b9af9e3af79b56b6' and UserID = 'T'
I0506 11:27:59.857489  2039 DBManager.cc:600] select MeetingID from MeetingUser where   State = 3 and HBTime < 1367810874 order by id
I0506 11:27:59.858701  2039 DBManager.cc:659] update MeetingUser set State = 4 where   State = 3 and MeetingID = 'f94f5872e21e0510ea8c0fe9a72ed0f9'
I0506 11:27:59.859063  2039 DBManager.cc:666] select UserID from MeetingUser where     State = 2 and MeetingID = 'f94f5872e21e0510ea8c0fe9a72ed0f9' and HBTime > 1367810874
I0506 11:27:59.859424  2039 DBManager.cc:688] select UserID from MeetingUser where     State = 1 and MeetingID = 'f94f5872e21e0510ea8c0fe9a72ed0f9' and HBTime > 1367810874
I0506 11:27:59.859730  2039 DBManager.cc:726] update MeetingUser set State = 3 where       State = 4 and MeetingID = 'f94f5872e21e0510ea8c0fe9a72ed0f9'
I0506 11:28:04.234514  2032 DBManager.cc:516] update MeetingUser set HBTime = 1367810884 where   MeetingID = 'ab6a9346e3251c51b9af9e3af79b56b6' and UserID = 'T'
I0506 11:28:04.238951  2032 DBManager.cc:399] select State from MeetingUser where   MeetingID = 'ab6a9346e3251c51b9af9e3af79b56b6' and UserID = 'T'
I0506 11:28:09.320591  2005 DBManager.cc:516] update MeetingUser set HBTime = 1367810889 where   MeetingID = 'ab6a9346e3251c51b9af9e3af79b56b6' and UserID = 'T'
I0506 11:28:09.324430  2005 DBManager.cc:399] select State from MeetingUser where   MeetingID = 'ab6a9346e3251c51b9af9e3af79b56b6' and UserID = 'T'
I0506 11:28:09.864143  2039 DBManager.cc:600] select MeetingID from MeetingUser where   State = 3 and HBTime < 1367810884 order by id
I0506 11:28:09.865485  2039 DBManager.cc:659] update MeetingUser set State = 4 where   State = 3 and MeetingID = 'f94f5872e21e0510ea8c0fe9a72ed0f9'
I0506 11:28:09.865862  2039 DBManager.cc:666] select UserID from MeetingUser where     State = 2 and MeetingID = 'f94f5872e21e0510ea8c0fe9a72ed0f9' and HBTime > 1367810884
I0506 11:28:09.866220  2039 DBManager.cc:688] select UserID from MeetingUser where     State = 1 and MeetingID = 'f94f5872e21e0510ea8c0fe9a72ed0f9' and HBTime > 1367810884
I0506 11:28:09.866570  2039 DBManager.cc:726] update MeetingUser set State = 3 where       State = 4 and MeetingID = 'f94f5872e21e0510ea8c0fe9a72ed0f9'
I0506 11:28:14.395918  2032 DBManager.cc:516] update MeetingUser set HBTime = 1367810894 where   MeetingID = 'ab6a9346e3251c51b9af9e3af79b56b6' and UserID = 'T'
I0506 11:28:14.398491  2032 DBManager.cc:399] select State from MeetingUser where   MeetingID = 'ab6a9346e3251c51b9af9e3af79b56b6' and UserID = 'T'
I0506 11:28:19.466967  1995 DBManager.cc:516] update MeetingUser set HBTime = 1367810899 where   MeetingID = 'ab6a9346e3251c51b9af9e3af79b56b6' and UserID = 'T'
I0506 11:28:19.471176  1995 DBManager.cc:399] select State from MeetingUser where   MeetingID = 'ab6a9346e3251c51b9af9e3af79b56b6' and UserID = 'T'
I0506 11:28:19.871654  2039 DBManager.cc:600] select MeetingID from MeetingUser where   State = 3 and HBTime < 1367810894 order by id
I0506 11:28:19.872783  2039 DBManager.cc:659] update MeetingUser set State = 4 where   State = 3 and MeetingID = 'f94f5872e21e0510ea8c0fe9a72ed0f9'
I0506 11:28:19.873180  2039 DBManager.cc:666] select UserID from MeetingUser where     State = 2 and MeetingID = 'f94f5872e21e0510ea8c0fe9a72ed0f9' and HBTime > 1367810894
I0506 11:28:19.874115  2039 DBManager.cc:688] select UserID from MeetingUser where     State = 1 and MeetingID = 'f94f5872e21e0510ea8c0fe9a72ed0f9' and HBTime > 1367810894
I0506 11:28:19.874572  2039 DBManager.cc:726] update MeetingUser set State = 3 where       State = 4 and MeetingID = 'f94f5872e21e0510ea8c0fe9a72ed0f9'
I0506 11:28:24.515472  1976 DBManager.cc:516] update MeetingUser set HBTime = 1367810904 where   MeetingID = 'ab6a9346e3251c51b9af9e3af79b56b6' and UserID = 'T'
I0506 11:28:24.520241  1976 DBManager.cc:399] select State from MeetingUser where   MeetingID = 'ab6a9346e3251c51b9af9e3af79b56b6' and UserID = 'T'
I0506 11:28:29.553052  1983 DBManager.cc:516] update MeetingUser set HBTime = 1367810909 where   MeetingID = 'ab6a9346e3251c51b9af9e3af79b56b6' and UserID = 'T'
I0506 11:28:29.556989  1983 DBManager.cc:399] select State from MeetingUser where   MeetingID = 'ab6a9346e3251c51b9af9e3af79b56b6' and UserID = 'T'
I0506 11:28:29.879669  2039 DBManager.cc:600] select MeetingID from MeetingUser where   State = 3 and HBTime < 1367810904 order by id
I0506 11:28:29.880913  2039 DBManager.cc:659] update MeetingUser set State = 4 where   State = 3 and MeetingID = 'f94f5872e21e0510ea8c0fe9a72ed0f9'
I0506 11:28:29.881273  2039 DBManager.cc:666] select UserID from MeetingUser where     State = 2 and MeetingID = 'f94f5872e21e0510ea8c0fe9a72ed0f9' and HBTime > 1367810904
I0506 11:28:29.881676  2039 DBManager.cc:688] select UserID from MeetingUser where     State = 1 and MeetingID = 'f94f5872e21e0510ea8c0fe9a72ed0f9' and HBTime > 1367810904
I0506 11:28:29.882088  2039 DBManager.cc:726] update MeetingUser set State = 3 where       State = 4 and MeetingID = 'f94f5872e21e0510ea8c0fe9a72ed0f9'
I0506 11:28:34.586133  1983 DBManager.cc:516] update MeetingUser set HBTime = 1367810914 where   MeetingID = 'ab6a9346e3251c51b9af9e3af79b56b6' and UserID = 'T'
I0506 11:28:34.590054  1983 DBManager.cc:399] select State from MeetingUser where   MeetingID = 'ab6a9346e3251c51b9af9e3af79b56b6' and UserID = 'T'
I0506 11:28:39.630826  2032 DBManager.cc:516] update MeetingUser set HBTime = 1367810919 where   MeetingID = 'ab6a9346e3251c51b9af9e3af79b56b6' and UserID = 'T'
I0506 11:28:39.635985  2032 DBManager.cc:399] select State from MeetingUser where   MeetingID = 'ab6a9346e3251c51b9af9e3af79b56b6' and UserID = 'T'
I0506 11:28:39.887121  2039 DBManager.cc:600] select MeetingID from MeetingUser where   State = 3 and HBTime < 1367810914 order by id
I0506 11:28:39.888396  2039 DBManager.cc:659] update MeetingUser set State = 4 where   State = 3 and MeetingID = 'f94f5872e21e0510ea8c0fe9a72ed0f9'
I0506 11:28:39.888775  2039 DBManager.cc:666] select UserID from MeetingUser where     State = 2 and MeetingID = 'f94f5872e21e0510ea8c0fe9a72ed0f9' and HBTime > 1367810914
I0506 11:28:39.889194  2039 DBManager.cc:688] select UserID from MeetingUser where     State = 1 and MeetingID = 'f94f5872e21e0510ea8c0fe9a72ed0f9' and HBTime > 1367810914
I0506 11:28:39.889597  2039 DBManager.cc:726] update MeetingUser set State = 3 where       State = 4 and MeetingID = 'f94f5872e21e0510ea8c0fe9a72ed0f9'
I0506 11:28:44.716413  2017 DBManager.cc:516] update MeetingUser set HBTime = 1367810924 where   MeetingID = 'ab6a9346e3251c51b9af9e3af79b56b6' and UserID = 'T'
I0506 11:28:44.720846  2017 DBManager.cc:399] select State from MeetingUser where   MeetingID = 'ab6a9346e3251c51b9af9e3af79b56b6' and UserID = 'T'
I0506 11:28:49.753778  1967 DBManager.cc:516] update MeetingUser set HBTime = 1367810929 where   MeetingID = 'ab6a9346e3251c51b9af9e3af79b56b6' and UserID = 'T'
I0506 11:28:49.757643  1967 DBManager.cc:399] select State from MeetingUser where   MeetingID = 'ab6a9346e3251c51b9af9e3af79b56b6' and UserID = 'T'
I0506 11:28:49.893796  2039 DBManager.cc:600] select MeetingID from MeetingUser where   State = 3 and HBTime < 1367810924 order by id
I0506 11:28:49.894755  2039 DBManager.cc:659] update MeetingUser set State = 4 where   State = 3 and MeetingID = 'f94f5872e21e0510ea8c0fe9a72ed0f9'
I0506 11:28:49.895071  2039 DBManager.cc:666] select UserID from MeetingUser where     State = 2 and MeetingID = 'f94f5872e21e0510ea8c0fe9a72ed0f9' and HBTime > 1367810924
I0506 11:28:49.895397  2039 DBManager.cc:688] select UserID from MeetingUser where     State = 1 and MeetingID = 'f94f5872e21e0510ea8c0fe9a72ed0f9' and HBTime > 1367810924
I0506 11:28:49.895728  2039 DBManager.cc:726] update MeetingUser set State = 3 where       State = 4 and MeetingID = 'f94f5872e21e0510ea8c0fe9a72ed0f9'
I0506 11:28:54.802192  1965 DBManager.cc:516] update MeetingUser set HBTime = 1367810934 where   MeetingID = 'ab6a9346e3251c51b9af9e3af79b56b6' and UserID = 'T'
I0506 11:28:54.806116  1965 DBManager.cc:399] select State from MeetingUser where   MeetingID = 'ab6a9346e3251c51b9af9e3af79b56b6' and UserID = 'T'
I0506 11:28:59.877926  1991 DBManager.cc:516] update MeetingUser set HBTime = 1367810939 where   MeetingID = 'ab6a9346e3251c51b9af9e3af79b56b6' and UserID = 'T'
I0506 11:28:59.881788  1991 DBManager.cc:399] select State from MeetingUser where   MeetingID = 'ab6a9346e3251c51b9af9e3af79b56b6' and UserID = 'T'
I0506 11:28:59.901547  2039 DBManager.cc:600] select MeetingID from MeetingUser where   State = 3 and HBTime < 1367810934 order by id
I0506 11:28:59.902761  2039 DBManager.cc:659] update MeetingUser set State = 4 where   State = 3 and MeetingID = 'f94f5872e21e0510ea8c0fe9a72ed0f9'
I0506 11:28:59.903084  2039 DBManager.cc:666] select UserID from MeetingUser where     State = 2 and MeetingID = 'f94f5872e21e0510ea8c0fe9a72ed0f9' and HBTime > 1367810934
I0506 11:28:59.903411  2039 DBManager.cc:688] select UserID from MeetingUser where     State = 1 and MeetingID = 'f94f5872e21e0510ea8c0fe9a72ed0f9' and HBTime > 1367810934
I0506 11:28:59.903743  2039 DBManager.cc:726] update MeetingUser set State = 3 where       State = 4 and MeetingID = 'f94f5872e21e0510ea8c0fe9a72ed0f9'
I0506 11:29:04.983044  1991 DBManager.cc:516] update MeetingUser set HBTime = 1367810944 where   MeetingID = 'ab6a9346e3251c51b9af9e3af79b56b6' and UserID = 'T'
I0506 11:29:04.987802  1991 DBManager.cc:399] select State from MeetingUser where   MeetingID = 'ab6a9346e3251c51b9af9e3af79b56b6' and UserID = 'T'
I0506 11:29:09.908619  2039 DBManager.cc:600] select MeetingID from MeetingUser where   State = 3 and HBTime < 1367810944 order by id
I0506 11:29:09.909482  2039 DBManager.cc:659] update MeetingUser set State = 4 where   State = 3 and MeetingID = 'f94f5872e21e0510ea8c0fe9a72ed0f9'
I0506 11:29:09.909744  2039 DBManager.cc:666] select UserID from MeetingUser where     State = 2 and MeetingID = 'f94f5872e21e0510ea8c0fe9a72ed0f9' and HBTime > 1367810944
I0506 11:29:09.909970  2039 DBManager.cc:688] select UserID from MeetingUser where     State = 1 and MeetingID = 'f94f5872e21e0510ea8c0fe9a72ed0f9' and HBTime > 1367810944
I0506 11:29:09.910166  2039 DBManager.cc:726] update MeetingUser set State = 3 where       State = 4 and MeetingID = 'f94f5872e21e0510ea8c0fe9a72ed0f9'
I0506 11:29:10.938623  1984 DBManager.cc:516] update MeetingUser set HBTime = 1367810950 where   MeetingID = 'ab6a9346e3251c51b9af9e3af79b56b6' and UserID = 'T'
I0506 11:29:10.943110  1984 DBManager.cc:399] select State from MeetingUser where   MeetingID = 'ab6a9346e3251c51b9af9e3af79b56b6' and UserID = 'T'
I0506 11:29:16.144417  1971 DBManager.cc:516] update MeetingUser set HBTime = 1367810956 where   MeetingID = 'ab6a9346e3251c51b9af9e3af79b56b6' and UserID = 'T'
I0506 11:29:16.148260  1971 DBManager.cc:399] select State from MeetingUser where   MeetingID = 'ab6a9346e3251c51b9af9e3af79b56b6' and UserID = 'T'
I0506 11:29:19.914250  2039 DBManager.cc:600] select MeetingID from MeetingUser where   State = 3 and HBTime < 1367810954 order by id
I0506 11:29:19.915210  2039 DBManager.cc:659] update MeetingUser set State = 4 where   State = 3 and MeetingID = 'f94f5872e21e0510ea8c0fe9a72ed0f9'
I0506 11:29:19.915657  2039 DBManager.cc:666] select UserID from MeetingUser where     State = 2 and MeetingID = 'f94f5872e21e0510ea8c0fe9a72ed0f9' and HBTime > 1367810954
I0506 11:29:19.915992  2039 DBManager.cc:688] select UserID from MeetingUser where     State = 1 and MeetingID = 'f94f5872e21e0510ea8c0fe9a72ed0f9' and HBTime > 1367810954
I0506 11:29:19.916298  2039 DBManager.cc:726] update MeetingUser set State = 3 where       State = 4 and MeetingID = 'f94f5872e21e0510ea8c0fe9a72ed0f9'
I0506 11:29:21.190585  1984 DBManager.cc:516] update MeetingUser set HBTime = 1367810961 where   MeetingID = 'ab6a9346e3251c51b9af9e3af79b56b6' and UserID = 'T'
I0506 11:29:21.193850  1984 DBManager.cc:399] select State from MeetingUser where   MeetingID = 'ab6a9346e3251c51b9af9e3af79b56b6' and UserID = 'T'
I0506 11:29:29.920917  2039 DBManager.cc:600] select MeetingID from MeetingUser where   State = 3 and HBTime < 1367810964 order by id
I0506 11:29:29.921995  2039 DBManager.cc:659] update MeetingUser set State = 4 where   State = 3 and MeetingID = 'f94f5872e21e0510ea8c0fe9a72ed0f9'
I0506 11:29:29.922319  2039 DBManager.cc:666] select UserID from MeetingUser where     State = 2 and MeetingID = 'f94f5872e21e0510ea8c0fe9a72ed0f9' and HBTime > 1367810964
I0506 11:29:29.922641  2039 DBManager.cc:688] select UserID from MeetingUser where     State = 1 and MeetingID = 'f94f5872e21e0510ea8c0fe9a72ed0f9' and HBTime > 1367810964
I0506 11:29:29.922946  2039 DBManager.cc:726] update MeetingUser set State = 3 where       State = 4 and MeetingID = 'f94f5872e21e0510ea8c0fe9a72ed0f9'
I0506 11:29:29.926671  2039 DBManager.cc:659] update MeetingUser set State = 4 where   State = 3 and MeetingID = 'ab6a9346e3251c51b9af9e3af79b56b6'
I0506 11:29:29.926970  2039 DBManager.cc:666] select UserID from MeetingUser where     State = 2 and MeetingID = 'ab6a9346e3251c51b9af9e3af79b56b6' and HBTime > 1367810964
I0506 11:29:29.927305  2039 DBManager.cc:688] select UserID from MeetingUser where     State = 1 and MeetingID = 'ab6a9346e3251c51b9af9e3af79b56b6' and HBTime > 1367810964
I0506 11:29:29.927635  2039 DBManager.cc:726] update MeetingUser set State = 3 where       State = 4 and MeetingID = 'ab6a9346e3251c51b9af9e3af79b56b6'
I0506 11:29:39.932873  2039 DBManager.cc:600] select MeetingID from MeetingUser where   State = 3 and HBTime < 1367810974 order by id
I0506 11:29:39.934394  2039 DBManager.cc:659] update MeetingUser set State = 4 where   State = 3 and MeetingID = 'f94f5872e21e0510ea8c0fe9a72ed0f9'
I0506 11:29:39.934795  2039 DBManager.cc:666] select UserID from MeetingUser where     State = 2 and MeetingID = 'f94f5872e21e0510ea8c0fe9a72ed0f9' and HBTime > 1367810974
I0506 11:29:39.935211  2039 DBManager.cc:688] select UserID from MeetingUser where     State = 1 and MeetingID = 'f94f5872e21e0510ea8c0fe9a72ed0f9' and HBTime > 1367810974
I0506 11:29:39.935628  2039 DBManager.cc:726] update MeetingUser set State = 3 where       State = 4 and MeetingID = 'f94f5872e21e0510ea8c0fe9a72ed0f9'
I0506 11:29:39.939384  2039 DBManager.cc:659] update MeetingUser set State = 4 where   State = 3 and MeetingID = 'ab6a9346e3251c51b9af9e3af79b56b6'
I0506 11:29:39.939728  2039 DBManager.cc:666] select UserID from MeetingUser where     State = 2 and MeetingID = 'ab6a9346e3251c51b9af9e3af79b56b6' and HBTime > 1367810974
I0506 11:29:39.940088  2039 DBManager.cc:688] select UserID from MeetingUser where     State = 1 and MeetingID = 'ab6a9346e3251c51b9af9e3af79b56b6' and HBTime > 1367810974
I0506 11:29:39.940402  2039 DBManager.cc:726] update MeetingUser set State = 3 where       State = 4 and MeetingID = 'ab6a9346e3251c51b9af9e3af79b56b6'
I0506 11:29:49.943200  2039 DBManager.cc:600] select MeetingID from MeetingUser where   State = 3 and HBTime < 1367810984 order by id
I0506 11:29:49.943982  2039 DBManager.cc:659] update MeetingUser set State = 4 where   State = 3 and MeetingID = 'f94f5872e21e0510ea8c0fe9a72ed0f9'
I0506 11:29:49.944200  2039 DBManager.cc:666] select UserID from MeetingUser where     State = 2 and MeetingID = 'f94f5872e21e0510ea8c0fe9a72ed0f9' and HBTime > 1367810984
I0506 11:29:49.944409  2039 DBManager.cc:688] select UserID from MeetingUser where     State = 1 and MeetingID = 'f94f5872e21e0510ea8c0fe9a72ed0f9' and HBTime > 1367810984
I0506 11:29:49.944602  2039 DBManager.cc:726] update MeetingUser set State = 3 where       State = 4 and MeetingID = 'f94f5872e21e0510ea8c0fe9a72ed0f9'
I0506 11:29:49.946456  2039 DBManager.cc:659] update MeetingUser set State = 4 where   State = 3 and MeetingID = 'ab6a9346e3251c51b9af9e3af79b56b6'
I0506 11:29:49.946609  2039 DBManager.cc:666] select UserID from MeetingUser where     State = 2 and MeetingID = 'ab6a9346e3251c51b9af9e3af79b56b6' and HBTime > 1367810984
I0506 11:29:49.946771  2039 DBManager.cc:688] select UserID from MeetingUser where     State = 1 and MeetingID = 'ab6a9346e3251c51b9af9e3af79b56b6' and HBTime > 1367810984
I0506 11:29:49.946923  2039 DBManager.cc:726] update MeetingUser set State = 3 where       State = 4 and MeetingID = 'ab6a9346e3251c51b9af9e3af79b56b6'
I0506 11:29:59.581675  1976 DBManager.cc:77] insert into Meeting (state) values (0)
I0506 11:29:59.583647  1976 DBManager.cc:95] update Meeting set MeetingID = 'afd659124e169bda2ae732c232c5c479' where   id = 4098
I0506 11:29:59.949136  2039 DBManager.cc:600] select MeetingID from MeetingUser where   State = 3 and HBTime < 1367810994 order by id
I0506 11:29:59.949875  2039 DBManager.cc:659] update MeetingUser set State = 4 where   State = 3 and MeetingID = 'f94f5872e21e0510ea8c0fe9a72ed0f9'
I0506 11:29:59.950088  2039 DBManager.cc:666] select UserID from MeetingUser where     State = 2 and MeetingID = 'f94f5872e21e0510ea8c0fe9a72ed0f9' and HBTime > 1367810994
I0506 11:29:59.950287  2039 DBManager.cc:688] select UserID from MeetingUser where     State = 1 and MeetingID = 'f94f5872e21e0510ea8c0fe9a72ed0f9' and HBTime > 1367810994
I0506 11:29:59.950463  2039 DBManager.cc:726] update MeetingUser set State = 3 where       State = 4 and MeetingID = 'f94f5872e21e0510ea8c0fe9a72ed0f9'
I0506 11:29:59.952288  2039 DBManager.cc:659] update MeetingUser set State = 4 where   State = 3 and MeetingID = 'ab6a9346e3251c51b9af9e3af79b56b6'
I0506 11:29:59.952436  2039 DBManager.cc:666] select UserID from MeetingUser where     State = 2 and MeetingID = 'ab6a9346e3251c51b9af9e3af79b56b6' and HBTime > 1367810994
I0506 11:29:59.952594  2039 DBManager.cc:688] select UserID from MeetingUser where     State = 1 and MeetingID = 'ab6a9346e3251c51b9af9e3af79b56b6' and HBTime > 1367810994
I0506 11:29:59.952775  2039 DBManager.cc:726] update MeetingUser set State = 3 where       State = 4 and MeetingID = 'ab6a9346e3251c51b9af9e3af79b56b6'
I0506 11:30:06.531329  1967 DBManager.cc:347] select state from Meeting where   MeetingID = 'afd659124e169bda2ae732c232c5c479'
I0506 11:30:06.532163  1967 DBManager.cc:163] update Meeting set state = 1 where   MeetingID = 'afd659124e169bda2ae732c232c5c479'
I0506 11:30:06.532749  1967 DBManager.cc:368] insert into MeetingUser(MeetingID, UserID,         State, HBTime)  values('afd659124e169bda2ae732c232c5c479', 'Y', 3, 1367811006)
E0506 11:30:06.532940  1967 MeetingHandler.cc:78] create meeting updater
I0506 11:30:06.535413  1967 DBManager.cc:185] update Meeting set DataRef = 22877776 where   MeetingID = 'afd659124e169bda2ae732c232c5c479'
I0506 11:30:06.537472  1967 DBManager.cc:117] update Meeting set Port = 11250 where   MeetingID = 'afd659124e169bda2ae732c232c5c479'
E0506 11:30:06.538214  1967 MeetingHandler.cc:98] join msg return
I0506 11:30:06.540210  1967 DBManager.cc:141] select Port from Meeting where   MeetingID = 'afd659124e169bda2ae732c232c5c479'
I0506 11:30:06.564817  1971 DBManager.cc:516] update MeetingUser set HBTime = 1367811006 where   MeetingID = 'afd659124e169bda2ae732c232c5c479' and UserID = 'Y'
I0506 11:30:06.566650  1971 DBManager.cc:399] select State from MeetingUser where   MeetingID = 'afd659124e169bda2ae732c232c5c479' and UserID = 'Y'
I0506 11:30:09.954908  2039 DBManager.cc:600] select MeetingID from MeetingUser where   State = 3 and HBTime < 1367811004 order by id
I0506 11:30:09.955735  2039 DBManager.cc:659] update MeetingUser set State = 4 where   State = 3 and MeetingID = 'f94f5872e21e0510ea8c0fe9a72ed0f9'
I0506 11:30:09.955915  2039 DBManager.cc:666] select UserID from MeetingUser where     State = 2 and MeetingID = 'f94f5872e21e0510ea8c0fe9a72ed0f9' and HBTime > 1367811004
I0506 11:30:09.956076  2039 DBManager.cc:688] select UserID from MeetingUser where     State = 1 and MeetingID = 'f94f5872e21e0510ea8c0fe9a72ed0f9' and HBTime > 1367811004
I0506 11:30:09.956228  2039 DBManager.cc:726] update MeetingUser set State = 3 where       State = 4 and MeetingID = 'f94f5872e21e0510ea8c0fe9a72ed0f9'
I0506 11:30:09.958050  2039 DBManager.cc:659] update MeetingUser set State = 4 where   State = 3 and MeetingID = 'ab6a9346e3251c51b9af9e3af79b56b6'
I0506 11:30:09.958242  2039 DBManager.cc:666] select UserID from MeetingUser where     State = 2 and MeetingID = 'ab6a9346e3251c51b9af9e3af79b56b6' and HBTime > 1367811004
I0506 11:30:09.958458  2039 DBManager.cc:688] select UserID from MeetingUser where     State = 1 and MeetingID = 'ab6a9346e3251c51b9af9e3af79b56b6' and HBTime > 1367811004
I0506 11:30:09.958659  2039 DBManager.cc:726] update MeetingUser set State = 3 where       State = 4 and MeetingID = 'ab6a9346e3251c51b9af9e3af79b56b6'
I0506 11:30:11.616842  1965 DBManager.cc:516] update MeetingUser set HBTime = 1367811011 where   MeetingID = 'afd659124e169bda2ae732c232c5c479' and UserID = 'Y'
I0506 11:30:11.619210  1965 DBManager.cc:399] select State from MeetingUser where   MeetingID = 'afd659124e169bda2ae732c232c5c479' and UserID = 'Y'
I0506 11:30:16.678803  1991 DBManager.cc:516] update MeetingUser set HBTime = 1367811016 where   MeetingID = 'afd659124e169bda2ae732c232c5c479' and UserID = 'Y'
I0506 11:30:16.680659  1991 DBManager.cc:399] select State from MeetingUser where   MeetingID = 'afd659124e169bda2ae732c232c5c479' and UserID = 'Y'
I0506 11:30:19.961624  2039 DBManager.cc:600] select MeetingID from MeetingUser where   State = 3 and HBTime < 1367811014 order by id
I0506 11:30:19.962352  2039 DBManager.cc:659] update MeetingUser set State = 4 where   State = 3 and MeetingID = 'f94f5872e21e0510ea8c0fe9a72ed0f9'
I0506 11:30:19.962594  2039 DBManager.cc:666] select UserID from MeetingUser where     State = 2 and MeetingID = 'f94f5872e21e0510ea8c0fe9a72ed0f9' and HBTime > 1367811014
I0506 11:30:19.962800  2039 DBManager.cc:688] select UserID from MeetingUser where     State = 1 and MeetingID = 'f94f5872e21e0510ea8c0fe9a72ed0f9' and HBTime > 1367811014
I0506 11:30:19.962991  2039 DBManager.cc:726] update MeetingUser set State = 3 where       State = 4 and MeetingID = 'f94f5872e21e0510ea8c0fe9a72ed0f9'
I0506 11:30:19.967706  2039 DBManager.cc:659] update MeetingUser set State = 4 where   State = 3 and MeetingID = 'ab6a9346e3251c51b9af9e3af79b56b6'
I0506 11:30:19.968188  2039 DBManager.cc:666] select UserID from MeetingUser where     State = 2 and MeetingID = 'ab6a9346e3251c51b9af9e3af79b56b6' and HBTime > 1367811014
I0506 11:30:19.968674  2039 DBManager.cc:688] select UserID from MeetingUser where     State = 1 and MeetingID = 'ab6a9346e3251c51b9af9e3af79b56b6' and HBTime > 1367811014
I0506 11:30:19.969073  2039 DBManager.cc:726] update MeetingUser set State = 3 where       State = 4 and MeetingID = 'ab6a9346e3251c51b9af9e3af79b56b6'
I0506 11:30:21.768000  2015 DBManager.cc:516] update MeetingUser set HBTime = 1367811021 where   MeetingID = 'afd659124e169bda2ae732c232c5c479' and UserID = 'Y'
I0506 11:30:21.772229  2015 DBManager.cc:399] select State from MeetingUser where   MeetingID = 'afd659124e169bda2ae732c232c5c479' and UserID = 'Y'
I0506 11:30:26.843363  1976 DBManager.cc:516] update MeetingUser set HBTime = 1367811026 where   MeetingID = 'afd659124e169bda2ae732c232c5c479' and UserID = 'Y'
I0506 11:30:26.847441  1976 DBManager.cc:399] select State from MeetingUser where   MeetingID = 'afd659124e169bda2ae732c232c5c479' and UserID = 'Y'
I0506 11:30:29.973331  2039 DBManager.cc:600] select MeetingID from MeetingUser where   State = 3 and HBTime < 1367811024 order by id
I0506 11:30:29.974459  2039 DBManager.cc:659] update MeetingUser set State = 4 where   State = 3 and MeetingID = 'f94f5872e21e0510ea8c0fe9a72ed0f9'
I0506 11:30:29.974897  2039 DBManager.cc:666] select UserID from MeetingUser where     State = 2 and MeetingID = 'f94f5872e21e0510ea8c0fe9a72ed0f9' and HBTime > 1367811024
I0506 11:30:29.975278  2039 DBManager.cc:688] select UserID from MeetingUser where     State = 1 and MeetingID = 'f94f5872e21e0510ea8c0fe9a72ed0f9' and HBTime > 1367811024
I0506 11:30:29.975656  2039 DBManager.cc:726] update MeetingUser set State = 3 where       State = 4 and MeetingID = 'f94f5872e21e0510ea8c0fe9a72ed0f9'
I0506 11:30:29.980428  2039 DBManager.cc:659] update MeetingUser set State = 4 where   State = 3 and MeetingID = 'ab6a9346e3251c51b9af9e3af79b56b6'
I0506 11:30:29.980794  2039 DBManager.cc:666] select UserID from MeetingUser where     State = 2 and MeetingID = 'ab6a9346e3251c51b9af9e3af79b56b6' and HBTime > 1367811024
I0506 11:30:29.981178  2039 DBManager.cc:688] select UserID from MeetingUser where     State = 1 and MeetingID = 'ab6a9346e3251c51b9af9e3af79b56b6' and HBTime > 1367811024
I0506 11:30:29.981519  2039 DBManager.cc:726] update MeetingUser set State = 3 where       State = 4 and MeetingID = 'ab6a9346e3251c51b9af9e3af79b56b6'
I0506 11:30:31.911952  1965 DBManager.cc:516] update MeetingUser set HBTime = 1367811031 where   MeetingID = 'afd659124e169bda2ae732c232c5c479' and UserID = 'Y'
I0506 11:30:31.916005  1965 DBManager.cc:399] select State from MeetingUser where   MeetingID = 'afd659124e169bda2ae732c232c5c479' and UserID = 'Y'
I0506 11:30:36.989578  2011 DBManager.cc:516] update MeetingUser set HBTime = 1367811036 where   MeetingID = 'afd659124e169bda2ae732c232c5c479' and UserID = 'Y'
I0506 11:30:36.993633  2011 DBManager.cc:399] select State from MeetingUser where   MeetingID = 'afd659124e169bda2ae732c232c5c479' and UserID = 'Y'
I0506 11:30:38.356362  2040 DBManager.cc:540] delete from MeetingUser where   HBTime < 1367810738
I0506 11:30:38.360013  2040 DBManager.cc:561] select m.MeetingID from Meeting m where   m.state = 1 and m.MeetingID not in (select MeetingID from MeetingUser  group by MeetingID) order by id
I0506 11:30:38.360658  2040 DBManager.cc:579] update Meeting set state = 2,    DataRef = NULL where state = 1 and MeetingID not in (select     MeetingID from MeetingUser group by MeetingID)
I0506 11:30:38.364960  2040 DBManager.cc:141] select Port from Meeting where   MeetingID = 'f94f5872e21e0510ea8c0fe9a72ed0f9'
I0506 11:30:39.986078  2039 DBManager.cc:600] select MeetingID from MeetingUser where   State = 3 and HBTime < 1367811034 order by id
I0506 11:30:39.987328  2039 DBManager.cc:659] update MeetingUser set State = 4 where   State = 3 and MeetingID = 'ab6a9346e3251c51b9af9e3af79b56b6'
