I0504 21:06:53.039394  1728 DBManager.cc:399] select State from MeetingUser where   MeetingID = '6215a0e094e71c3cd9700beec9048d65' and UserID = 'D'
I0504 21:06:58.070060  1749 DBManager.cc:516] update MeetingUser set HBTime = 1367672818 where   MeetingID = '6215a0e094e71c3cd9700beec9048d65' and UserID = 'D'
I0504 21:06:58.074534  1749 DBManager.cc:399] select State from MeetingUser where   MeetingID = '6215a0e094e71c3cd9700beec9048d65' and UserID = 'D'
I0504 21:07:00.006669  1798 DBManager.cc:600] select MeetingID from MeetingUser where   State = 3 and HBTime < 1367672815 order by id
I0504 21:07:00.007601  1798 DBManager.cc:659] update MeetingUser set State = 4 where   State = 3 and MeetingID = 'be5991570af0dc4f908f022d916a7ed5'
I0504 21:07:00.007946  1798 DBManager.cc:666] select UserID from MeetingUser where     State = 2 and MeetingID = 'be5991570af0dc4f908f022d916a7ed5' and HBTime > 1367672815
I0504 21:07:00.008177  1798 DBManager.cc:688] select UserID from MeetingUser where     State = 1 and MeetingID = 'be5991570af0dc4f908f022d916a7ed5' and HBTime > 1367672815
I0504 21:07:00.008379  1798 DBManager.cc:726] update MeetingUser set State = 3 where       State = 4 and MeetingID = 'be5991570af0dc4f908f022d916a7ed5'
I0504 21:07:03.101577  1747 DBManager.cc:516] update MeetingUser set HBTime = 1367672823 where   MeetingID = '6215a0e094e71c3cd9700beec9048d65' and UserID = 'D'
I0504 21:07:03.105005  1747 DBManager.cc:399] select State from MeetingUser where   MeetingID = '6215a0e094e71c3cd9700beec9048d65' and UserID = 'D'
I0504 21:07:08.178266  1728 DBManager.cc:516] update MeetingUser set HBTime = 1367672828 where   MeetingID = '6215a0e094e71c3cd9700beec9048d65' and UserID = 'D'
I0504 21:07:08.180703  1728 DBManager.cc:399] select State from MeetingUser where   MeetingID = '6215a0e094e71c3cd9700beec9048d65' and UserID = 'D'
I0504 21:07:10.011453  1798 DBManager.cc:600] select MeetingID from MeetingUser where   State = 3 and HBTime < 1367672825 order by id
I0504 21:07:10.012567  1798 DBManager.cc:659] update MeetingUser set State = 4 where   State = 3 and MeetingID = 'be5991570af0dc4f908f022d916a7ed5'
I0504 21:07:10.012928  1798 DBManager.cc:666] select UserID from MeetingUser where     State = 2 and MeetingID = 'be5991570af0dc4f908f022d916a7ed5' and HBTime > 1367672825
I0504 21:07:10.013216  1798 DBManager.cc:688] select UserID from MeetingUser where     State = 1 and MeetingID = 'be5991570af0dc4f908f022d916a7ed5' and HBTime > 1367672825
I0504 21:07:10.013443  1798 DBManager.cc:726] update MeetingUser set State = 3 where       State = 4 and MeetingID = 'be5991570af0dc4f908f022d916a7ed5'
I0504 21:07:14.335934  1702 DBManager.cc:516] update MeetingUser set HBTime = 1367672834 where   MeetingID = '6215a0e094e71c3cd9700beec9048d65' and UserID = 'D'
I0504 21:07:14.341953  1702 DBManager.cc:399] select State from MeetingUser where   MeetingID = '6215a0e094e71c3cd9700beec9048d65' and UserID = 'D'
I0504 21:07:19.419715  1740 DBManager.cc:516] update MeetingUser set HBTime = 1367672839 where   MeetingID = '6215a0e094e71c3cd9700beec9048d65' and UserID = 'D'
I0504 21:07:19.425637  1740 DBManager.cc:399] select State from MeetingUser where   MeetingID = '6215a0e094e71c3cd9700beec9048d65' and UserID = 'D'
I0504 21:07:20.020315  1798 DBManager.cc:600] select MeetingID from MeetingUser where   State = 3 and HBTime < 1367672835 order by id
I0504 21:07:20.021332  1798 DBManager.cc:659] update MeetingUser set State = 4 where   State = 3 and MeetingID = 'be5991570af0dc4f908f022d916a7ed5'
I0504 21:07:20.021713  1798 DBManager.cc:666] select UserID from MeetingUser where     State = 2 and MeetingID = 'be5991570af0dc4f908f022d916a7ed5' and HBTime > 1367672835
I0504 21:07:20.021961  1798 DBManager.cc:688] select UserID from MeetingUser where     State = 1 and MeetingID = 'be5991570af0dc4f908f022d916a7ed5' and HBTime > 1367672835
I0504 21:07:20.022166  1798 DBManager.cc:726] update MeetingUser set State = 3 where       State = 4 and MeetingID = 'be5991570af0dc4f908f022d916a7ed5'
I0504 21:07:24.467386  1716 DBManager.cc:516] update MeetingUser set HBTime = 1367672844 where   MeetingID = '6215a0e094e71c3cd9700beec9048d65' and UserID = 'D'
I0504 21:07:24.469671  1716 DBManager.cc:399] select State from MeetingUser where   MeetingID = '6215a0e094e71c3cd9700beec9048d65' and UserID = 'D'
I0504 21:07:29.524052  1740 DBManager.cc:516] update MeetingUser set HBTime = 1367672849 where   MeetingID = '6215a0e094e71c3cd9700beec9048d65' and UserID = 'D'
I0504 21:07:29.528050  1740 DBManager.cc:399] select State from MeetingUser where   MeetingID = '6215a0e094e71c3cd9700beec9048d65' and UserID = 'D'
I0504 21:07:30.025063  1798 DBManager.cc:600] select MeetingID from MeetingUser where   State = 3 and HBTime < 1367672845 order by id
I0504 21:07:30.026085  1798 DBManager.cc:659] update MeetingUser set State = 4 where   State = 3 and MeetingID = 'be5991570af0dc4f908f022d916a7ed5'
I0504 21:07:30.026583  1798 DBManager.cc:666] select UserID from MeetingUser where     State = 2 and MeetingID = 'be5991570af0dc4f908f022d916a7ed5' and HBTime > 1367672845
I0504 21:07:30.026962  1798 DBManager.cc:688] select UserID from MeetingUser where     State = 1 and MeetingID = 'be5991570af0dc4f908f022d916a7ed5' and HBTime > 1367672845
I0504 21:07:30.027319  1798 DBManager.cc:726] update MeetingUser set State = 3 where       State = 4 and MeetingID = 'be5991570af0dc4f908f022d916a7ed5'
I0504 21:07:34.844578  1740 DBManager.cc:516] update MeetingUser set HBTime = 1367672854 where   MeetingID = '6215a0e094e71c3cd9700beec9048d65' and UserID = 'D'
I0504 21:07:34.847153  1740 DBManager.cc:399] select State from MeetingUser where   MeetingID = '6215a0e094e71c3cd9700beec9048d65' and UserID = 'D'
I0504 21:07:39.878861  1661 DBManager.cc:516] update MeetingUser set HBTime = 1367672859 where   MeetingID = '6215a0e094e71c3cd9700beec9048d65' and UserID = 'D'
I0504 21:07:39.881438  1661 DBManager.cc:399] select State from MeetingUser where   MeetingID = '6215a0e094e71c3cd9700beec9048d65' and UserID = 'D'
I0504 21:07:40.030496  1798 DBManager.cc:600] select MeetingID from MeetingUser where   State = 3 and HBTime < 1367672855 order by id
I0504 21:07:40.031383  1798 DBManager.cc:659] update MeetingUser set State = 4 where   State = 3 and MeetingID = 'be5991570af0dc4f908f022d916a7ed5'
I0504 21:07:40.031656  1798 DBManager.cc:666] select UserID from MeetingUser where     State = 2 and MeetingID = 'be5991570af0dc4f908f022d916a7ed5' and HBTime > 1367672855
I0504 21:07:40.031843  1798 DBManager.cc:688] select UserID from MeetingUser where     State = 1 and MeetingID = 'be5991570af0dc4f908f022d916a7ed5' and HBTime > 1367672855
I0504 21:07:40.032006  1798 DBManager.cc:726] update MeetingUser set State = 3 where       State = 4 and MeetingID = 'be5991570af0dc4f908f022d916a7ed5'
I0504 21:07:44.913458  1661 DBManager.cc:516] update MeetingUser set HBTime = 1367672864 where   MeetingID = '6215a0e094e71c3cd9700beec9048d65' and UserID = 'D'
I0504 21:07:44.916347  1661 DBManager.cc:399] select State from MeetingUser where   MeetingID = '6215a0e094e71c3cd9700beec9048d65' and UserID = 'D'
I0504 21:07:49.961115  1726 DBManager.cc:516] update MeetingUser set HBTime = 1367672869 where   MeetingID = '6215a0e094e71c3cd9700beec9048d65' and UserID = 'D'
I0504 21:07:49.964665  1726 DBManager.cc:399] select State from MeetingUser where   MeetingID = '6215a0e094e71c3cd9700beec9048d65' and UserID = 'D'
I0504 21:07:50.034967  1798 DBManager.cc:600] select MeetingID from MeetingUser where   State = 3 and HBTime < 1367672865 order by id
I0504 21:07:50.035810  1798 DBManager.cc:659] update MeetingUser set State = 4 where   State = 3 and MeetingID = 'be5991570af0dc4f908f022d916a7ed5'
I0504 21:07:50.036237  1798 DBManager.cc:666] select UserID from MeetingUser where     State = 2 and MeetingID = 'be5991570af0dc4f908f022d916a7ed5' and HBTime > 1367672865
I0504 21:07:50.036504  1798 DBManager.cc:688] select UserID from MeetingUser where     State = 1 and MeetingID = 'be5991570af0dc4f908f022d916a7ed5' and HBTime > 1367672865
I0504 21:07:50.036731  1798 DBManager.cc:726] update MeetingUser set State = 3 where       State = 4 and MeetingID = 'be5991570af0dc4f908f022d916a7ed5'
I0504 21:07:55.059988  1661 DBManager.cc:516] update MeetingUser set HBTime = 1367672875 where   MeetingID = '6215a0e094e71c3cd9700beec9048d65' and UserID = 'D'
I0504 21:07:55.064455  1661 DBManager.cc:399] select State from MeetingUser where   MeetingID = '6215a0e094e71c3cd9700beec9048d65' and UserID = 'D'
I0504 21:08:00.040930  1798 DBManager.cc:600] select MeetingID from MeetingUser where   State = 3 and HBTime < 1367672875 order by id
I0504 21:08:00.041822  1798 DBManager.cc:659] update MeetingUser set State = 4 where   State = 3 and MeetingID = 'be5991570af0dc4f908f022d916a7ed5'
I0504 21:08:00.042392  1798 DBManager.cc:666] select UserID from MeetingUser where     State = 2 and MeetingID = 'be5991570af0dc4f908f022d916a7ed5' and HBTime > 1367672875
I0504 21:08:00.042618  1798 DBManager.cc:688] select UserID from MeetingUser where     State = 1 and MeetingID = 'be5991570af0dc4f908f022d916a7ed5' and HBTime > 1367672875
I0504 21:08:00.042785  1798 DBManager.cc:726] update MeetingUser set State = 3 where       State = 4 and MeetingID = 'be5991570af0dc4f908f022d916a7ed5'
I0504 21:08:00.088495  1661 DBManager.cc:516] update MeetingUser set HBTime = 1367672880 where   MeetingID = '6215a0e094e71c3cd9700beec9048d65' and UserID = 'D'
I0504 21:08:00.093330  1661 DBManager.cc:399] select State from MeetingUser where   MeetingID = '6215a0e094e71c3cd9700beec9048d65' and UserID = 'D'
I0504 21:08:05.119997  1752 DBManager.cc:516] update MeetingUser set HBTime = 1367672885 where   MeetingID = '6215a0e094e71c3cd9700beec9048d65' and UserID = 'D'
I0504 21:08:05.124609  1752 DBManager.cc:399] select State from MeetingUser where   MeetingID = '6215a0e094e71c3cd9700beec9048d65' and UserID = 'D'
I0504 21:08:10.045330  1798 DBManager.cc:600] select MeetingID from MeetingUser where   State = 3 and HBTime < 1367672885 order by id
I0504 21:08:10.046237  1798 DBManager.cc:659] update MeetingUser set State = 4 where   State = 3 and MeetingID = 'be5991570af0dc4f908f022d916a7ed5'
I0504 21:08:10.046499  1798 DBManager.cc:666] select UserID from MeetingUser where     State = 2 and MeetingID = 'be5991570af0dc4f908f022d916a7ed5' and HBTime > 1367672885
I0504 21:08:10.046746  1798 DBManager.cc:688] select UserID from MeetingUser where     State = 1 and MeetingID = 'be5991570af0dc4f908f022d916a7ed5' and HBTime > 1367672885
I0504 21:08:10.046906  1798 DBManager.cc:726] update MeetingUser set State = 3 where       State = 4 and MeetingID = 'be5991570af0dc4f908f022d916a7ed5'
I0504 21:08:10.179836  1752 DBManager.cc:516] update MeetingUser set HBTime = 1367672890 where   MeetingID = '6215a0e094e71c3cd9700beec9048d65' and UserID = 'D'
I0504 21:08:10.184427  1752 DBManager.cc:399] select State from MeetingUser where   MeetingID = '6215a0e094e71c3cd9700beec9048d65' and UserID = 'D'
I0504 21:08:15.226006  1661 DBManager.cc:516] update MeetingUser set HBTime = 1367672895 where   MeetingID = '6215a0e094e71c3cd9700beec9048d65' and UserID = 'D'
I0504 21:08:15.228706  1661 DBManager.cc:399] select State from MeetingUser where   MeetingID = '6215a0e094e71c3cd9700beec9048d65' and UserID = 'D'
I0504 21:08:20.049715  1798 DBManager.cc:600] select MeetingID from MeetingUser where   State = 3 and HBTime < 1367672895 order by id
I0504 21:08:20.050498  1798 DBManager.cc:659] update MeetingUser set State = 4 where   State = 3 and MeetingID = 'be5991570af0dc4f908f022d916a7ed5'
I0504 21:08:20.050909  1798 DBManager.cc:666] select UserID from MeetingUser where     State = 2 and MeetingID = 'be5991570af0dc4f908f022d916a7ed5' and HBTime > 1367672895
I0504 21:08:20.051175  1798 DBManager.cc:688] select UserID from MeetingUser where     State = 1 and MeetingID = 'be5991570af0dc4f908f022d916a7ed5' and HBTime > 1367672895
I0504 21:08:20.051383  1798 DBManager.cc:726] update MeetingUser set State = 3 where       State = 4 and MeetingID = 'be5991570af0dc4f908f022d916a7ed5'
I0504 21:08:20.253897  1661 DBManager.cc:516] update MeetingUser set HBTime = 1367672900 where   MeetingID = '6215a0e094e71c3cd9700beec9048d65' and UserID = 'D'
I0504 21:08:20.258088  1661 DBManager.cc:399] select State from MeetingUser where   MeetingID = '6215a0e094e71c3cd9700beec9048d65' and UserID = 'D'
I0504 21:08:25.308141  1726 DBManager.cc:516] update MeetingUser set HBTime = 1367672905 where   MeetingID = '6215a0e094e71c3cd9700beec9048d65' and UserID = 'D'
I0504 21:08:25.310348  1726 DBManager.cc:399] select State from MeetingUser where   MeetingID = '6215a0e094e71c3cd9700beec9048d65' and UserID = 'D'
I0504 21:08:30.053913  1798 DBManager.cc:600] select MeetingID from MeetingUser where   State = 3 and HBTime < 1367672905 order by id
I0504 21:08:30.054715  1798 DBManager.cc:659] update MeetingUser set State = 4 where   State = 3 and MeetingID = 'be5991570af0dc4f908f022d916a7ed5'
I0504 21:08:30.055098  1798 DBManager.cc:666] select UserID from MeetingUser where     State = 2 and MeetingID = 'be5991570af0dc4f908f022d916a7ed5' and HBTime > 1367672905
I0504 21:08:30.055358  1798 DBManager.cc:688] select UserID from MeetingUser where     State = 1 and MeetingID = 'be5991570af0dc4f908f022d916a7ed5' and HBTime > 1367672905
I0504 21:08:30.055591  1798 DBManager.cc:726] update MeetingUser set State = 3 where       State = 4 and MeetingID = 'be5991570af0dc4f908f022d916a7ed5'
I0504 21:08:30.344610  1747 DBManager.cc:516] update MeetingUser set HBTime = 1367672910 where   MeetingID = '6215a0e094e71c3cd9700beec9048d65' and UserID = 'D'
I0504 21:08:30.346945  1747 DBManager.cc:399] select State from MeetingUser where   MeetingID = '6215a0e094e71c3cd9700beec9048d65' and UserID = 'D'
I0504 21:08:35.380028  1747 DBManager.cc:516] update MeetingUser set HBTime = 1367672915 where   MeetingID = '6215a0e094e71c3cd9700beec9048d65' and UserID = 'D'
I0504 21:08:35.382191  1747 DBManager.cc:399] select State from MeetingUser where   MeetingID = '6215a0e094e71c3cd9700beec9048d65' and UserID = 'D'
I0504 21:08:40.058187  1798 DBManager.cc:600] select MeetingID from MeetingUser where   State = 3 and HBTime < 1367672915 order by id
I0504 21:08:40.059365  1798 DBManager.cc:659] update MeetingUser set State = 4 where   State = 3 and MeetingID = 'be5991570af0dc4f908f022d916a7ed5'
I0504 21:08:40.059710  1798 DBManager.cc:666] select UserID from MeetingUser where     State = 2 and MeetingID = 'be5991570af0dc4f908f022d916a7ed5' and HBTime > 1367672915
I0504 21:08:40.059916  1798 DBManager.cc:688] select UserID from MeetingUser where     State = 1 and MeetingID = 'be5991570af0dc4f908f022d916a7ed5' and HBTime > 1367672915
I0504 21:08:40.060111  1798 DBManager.cc:726] update MeetingUser set State = 3 where       State = 4 and MeetingID = 'be5991570af0dc4f908f022d916a7ed5'
I0504 21:08:40.400959  1702 DBManager.cc:516] update MeetingUser set HBTime = 1367672920 where   MeetingID = '6215a0e094e71c3cd9700beec9048d65' and UserID = 'D'
I0504 21:08:40.403251  1702 DBManager.cc:399] select State from MeetingUser where   MeetingID = '6215a0e094e71c3cd9700beec9048d65' and UserID = 'D'
I0504 21:08:45.431064  1747 DBManager.cc:516] update MeetingUser set HBTime = 1367672925 where   MeetingID = '6215a0e094e71c3cd9700beec9048d65' and UserID = 'D'
I0504 21:08:45.433998  1747 DBManager.cc:399] select State from MeetingUser where   MeetingID = '6215a0e094e71c3cd9700beec9048d65' and UserID = 'D'
I0504 21:08:50.064142  1798 DBManager.cc:600] select MeetingID from MeetingUser where   State = 3 and HBTime < 1367672925 order by id
I0504 21:08:50.065204  1798 DBManager.cc:659] update MeetingUser set State = 4 where   State = 3 and MeetingID = 'be5991570af0dc4f908f022d916a7ed5'
I0504 21:08:50.065711  1798 DBManager.cc:666] select UserID from MeetingUser where     State = 2 and MeetingID = 'be5991570af0dc4f908f022d916a7ed5' and HBTime > 1367672925
I0504 21:08:50.066061  1798 DBManager.cc:688] select UserID from MeetingUser where     State = 1 and MeetingID = 'be5991570af0dc4f908f022d916a7ed5' and HBTime > 1367672925
I0504 21:08:50.066392  1798 DBManager.cc:726] update MeetingUser set State = 3 where       State = 4 and MeetingID = 'be5991570af0dc4f908f022d916a7ed5'
I0504 21:08:50.458376  1773 DBManager.cc:516] update MeetingUser set HBTime = 1367672930 where   MeetingID = '6215a0e094e71c3cd9700beec9048d65' and UserID = 'D'
I0504 21:08:50.461230  1773 DBManager.cc:399] select State from MeetingUser where   MeetingID = '6215a0e094e71c3cd9700beec9048d65' and UserID = 'D'
I0504 21:08:55.536553  1702 DBManager.cc:516] update MeetingUser set HBTime = 1367672935 where   MeetingID = '6215a0e094e71c3cd9700beec9048d65' and UserID = 'D'
I0504 21:08:55.539183  1702 DBManager.cc:399] select State from MeetingUser where   MeetingID = '6215a0e094e71c3cd9700beec9048d65' and UserID = 'D'
I0504 21:09:00.068915  1798 DBManager.cc:600] select MeetingID from MeetingUser where   State = 3 and HBTime < 1367672935 order by id
I0504 21:09:00.069629  1798 DBManager.cc:659] update MeetingUser set State = 4 where   State = 3 and MeetingID = 'be5991570af0dc4f908f022d916a7ed5'
I0504 21:09:00.069922  1798 DBManager.cc:666] select UserID from MeetingUser where     State = 2 and MeetingID = 'be5991570af0dc4f908f022d916a7ed5' and HBTime > 1367672935
I0504 21:09:00.070117  1798 DBManager.cc:688] select UserID from MeetingUser where     State = 1 and MeetingID = 'be5991570af0dc4f908f022d916a7ed5' and HBTime > 1367672935
I0504 21:09:00.070281  1798 DBManager.cc:726] update MeetingUser set State = 3 where       State = 4 and MeetingID = 'be5991570af0dc4f908f022d916a7ed5'
I0504 21:09:00.570368  1713 DBManager.cc:516] update MeetingUser set HBTime = 1367672940 where   MeetingID = '6215a0e094e71c3cd9700beec9048d65' and UserID = 'D'
I0504 21:09:00.573247  1713 DBManager.cc:399] select State from MeetingUser where   MeetingID = '6215a0e094e71c3cd9700beec9048d65' and UserID = 'D'
I0504 21:09:10.074388  1798 DBManager.cc:600] select MeetingID from MeetingUser where   State = 3 and HBTime < 1367672945 order by id
I0504 21:09:10.075510  1798 DBManager.cc:659] update MeetingUser set State = 4 where   State = 3 and MeetingID = 'be5991570af0dc4f908f022d916a7ed5'
I0504 21:09:10.075886  1798 DBManager.cc:666] select UserID from MeetingUser where     State = 2 and MeetingID = 'be5991570af0dc4f908f022d916a7ed5' and HBTime > 1367672945
I0504 21:09:10.076179  1798 DBManager.cc:688] select UserID from MeetingUser where     State = 1 and MeetingID = 'be5991570af0dc4f908f022d916a7ed5' and HBTime > 1367672945
I0504 21:09:10.076449  1798 DBManager.cc:726] update MeetingUser set State = 3 where       State = 4 and MeetingID = 'be5991570af0dc4f908f022d916a7ed5'
I0504 21:09:10.078882  1798 DBManager.cc:659] update MeetingUser set State = 4 where   State = 3 and MeetingID = 'and/or modify
  it under the terms of the GNU General Public License as published by
  the Free Software Foundation; version 2 of the License.

  This program is distributed in the hope that it will be useful,
  but WITHOUT ANY WARRANTY; without even the implied warranty of
  MERCHANTABILITY or FITNESS FOR A PARTICULAR PURPOSE.  See the
  GNU General Public License for more details.

  You should have received a copy of the GNU
E0504 21:09:10.079041  1798 DBManager.cc:661] transferAuthYou have an error in your SQL syntax; check the manual that corresponds to your MySQL server version for the right syntax to use near ''and/or modify
  it under the terms of the GNU General Public License as publish' at line 1
I0504 21:09:20.082133  1798 DBManager.cc:600] select MeetingID from MeetingUser where   State = 3 and HBTime < 1367672955 order by id
I0504 21:09:20.083029  1798 DBManager.cc:659] update MeetingUser set State = 4 where   State = 3 and MeetingID = 'be5991570af0dc4f908f022d916a7ed5'
I0504 21:09:20.083459  1798 DBManager.cc:666] select UserID from MeetingUser where     State = 2 and MeetingID = 'be5991570af0dc4f908f022d916a7ed5' and HBTime > 1367672955
I0504 21:09:20.083760  1798 DBManager.cc:688] select UserID from MeetingUser where     State = 1 and MeetingID = 'be5991570af0dc4f908f022d916a7ed5' and HBTime > 1367672955
I0504 21:09:20.083967  1798 DBManager.cc:726] update MeetingUser set State = 3 where       State = 4 and MeetingID = 'be5991570af0dc4f908f022d916a7ed5'
I0504 21:09:20.086930  1798 DBManager.cc:659] update MeetingUser set State = 4 where   State = 3 and MeetingID = 'and/or modify
  it under the terms of the GNU General Public License as published by
  the Free Software Foundation; version 2 of the License.

  This program is distributed in the hope that it will be useful,
  but WITHOUT ANY WARRANTY; without even the implied warranty of
  MERCHANTABILITY or FITNESS FOR A PARTICULAR PURPOSE.  See the
  GNU General Public License for more details.

  You should have received a copy of the GNU
E0504 21:09:20.087116  1798 DBManager.cc:661] transferAuthYou have an error in your SQL syntax; check the manual that corresponds to your MySQL server version for the right syntax to use near ''and/or modify
  it under the terms of the GNU General Public License as publish' at line 1
I0504 21:09:28.771327  1801 DBManager.cc:540] delete from MeetingUser where   HBTime < 1367672668
I0504 21:09:28.776860  1801 DBManager.cc:561] select m.MeetingID from Meeting m where   m.state = 1 and m.MeetingID not in (select MeetingID from MeetingUser  group by MeetingID) order by id
I0504 21:09:28.777429  1801 DBManager.cc:579] update Meeting set state = 2,    DataRef = NULL where state = 1 and MeetingID not in (select     MeetingID from MeetingUser group by MeetingID)
I0504 21:09:28.782004  1801 DBManager.cc:141] select Port from Meeting where   MeetingID = 'be5991570af0dc4f908f022d916a7ed5'
I0504 21:09:30.090108  1798 DBManager.cc:600] select MeetingID from MeetingUser where   State = 3 and HBTime < 1367672965 order by id
I0504 21:09:30.090847  1798 DBManager.cc:659] update MeetingUser set State = 4 where   State = 3 and MeetingID = '6215a0e094e71c3cd9700beec9048d65'
I0504 21:09:30.091177  1798 DBManager.cc:666] select UserID from MeetingUser where     State = 2 and MeetingID = '6215a0e094e71c3cd9700beec9048d65' and HBTime > 1367672965
I0504 21:09:30.091578  1798 DBManager.cc:688] select UserID from MeetingUser where     State = 1 and MeetingID = '6215a0e094e71c3cd9700beec9048d65' and HBTime > 1367672965
I0504 21:09:30.091739  1798 DBManager.cc:726] update MeetingUser set State = 3 where       State = 4 and MeetingID = '6215a0e094e71c3cd9700beec9048d65'
I0504 21:09:40.094919  1798 DBManager.cc:600] select MeetingID from MeetingUser where   State = 3 and HBTime < 1367672975 order by id
I0504 21:09:40.096006  1798 DBManager.cc:659] update MeetingUser set State = 4 where   State = 3 and MeetingID = '6215a0e094e71c3cd9700beec9048d65'
I0504 21:09:40.096402  1798 DBManager.cc:666] select UserID from MeetingUser where     State = 2 and MeetingID = '6215a0e094e71c3cd9700beec9048d65' and HBTime > 1367672975
I0504 21:09:40.096606  1798 DBManager.cc:688] select UserID from MeetingUser where     State = 1 and MeetingID = '6215a0e094e71c3cd9700beec9048d65' and HBTime > 1367672975
I0504 21:09:40.096802  1798 DBManager.cc:726] update MeetingUser set State = 3 where       State = 4 and MeetingID = '6215a0e094e71c3cd9700beec9048d65'
I0504 21:09:50.099338  1798 DBManager.cc:600] select MeetingID from MeetingUser where   State = 3 and HBTime < 1367672985 order by id
I0504 21:09:50.100417  1798 DBManager.cc:659] update MeetingUser set State = 4 where   State = 3 and MeetingID = '6215a0e094e71c3cd9700beec9048d65'
I0504 21:09:50.100788  1798 DBManager.cc:666] select UserID from MeetingUser where     State = 2 and MeetingID = '6215a0e094e71c3cd9700beec9048d65' and HBTime > 1367672985
I0504 21:09:50.101063  1798 DBManager.cc:688] select UserID from MeetingUser where     State = 1 and MeetingID = '6215a0e094e71c3cd9700beec9048d65' and HBTime > 1367672985
I0504 21:09:50.101323  1798 DBManager.cc:726] update MeetingUser set State = 3 where       State = 4 and MeetingID = '6215a0e094e71c3cd9700beec9048d65'
I0504 21:10:00.103895  1798 DBManager.cc:600] select MeetingID from MeetingUser where   State = 3 and HBTime < 1367672995 order by id
I0504 21:10:00.104717  1798 DBManager.cc:659] update MeetingUser set State = 4 where   State = 3 and MeetingID = '6215a0e094e71c3cd9700beec9048d65'
I0504 21:10:00.105190  1798 DBManager.cc:666] select UserID from MeetingUser where     State = 2 and MeetingID = '6215a0e094e71c3cd9700beec9048d65' and HBTime > 1367672995
I0504 21:10:00.105525  1798 DBManager.cc:688] select UserID from MeetingUser where     State = 1 and MeetingID = '6215a0e094e71c3cd9700beec9048d65' and HBTime > 1367672995
I0504 21:10:00.105823  1798 DBManager.cc:726] update MeetingUser set State = 3 where       State = 4 and MeetingID = '6215a0e094e71c3cd9700beec9048d65'
I0504 21:10:10.109412  1798 DBManager.cc:600] select MeetingID from MeetingUser where   State = 3 and HBTime < 1367673005 order by id
I0504 21:10:10.110195  1798 DBManager.cc:659] update MeetingUser set State = 4 where   State = 3 and MeetingID = '6215a0e094e71c3cd9700beec9048d65'
I0504 21:10:10.110447  1798 DBManager.cc:666] select UserID from MeetingUser where     State = 2 and MeetingID = '6215a0e094e71c3cd9700beec9048d65' and HBTime > 1367673005
I0504 21:10:10.110606  1798 DBManager.cc:688] select UserID from MeetingUser where     State = 1 and MeetingID = '6215a0e094e71c3cd9700beec9048d65' and HBTime > 1367673005
I0504 21:10:10.110756  1798 DBManager.cc:726] update MeetingUser set State = 3 where       State = 4 and MeetingID = '6215a0e094e71c3cd9700beec9048d65'
I0504 21:10:20.113561  1798 DBManager.cc:600] select MeetingID from MeetingUser where   State = 3 and HBTime < 1367673015 order by id
I0504 21:10:20.114594  1798 DBManager.cc:659] update MeetingUser set State = 4 where   State = 3 and MeetingID = '6215a0e094e71c3cd9700beec9048d65'
I0504 21:10:20.115093  1798 DBManager.cc:666] select UserID from MeetingUser where     State = 2 and MeetingID = '6215a0e094e71c3cd9700beec9048d65' and HBTime > 1367673015
I0504 21:10:20.115418  1798 DBManager.cc:688] select UserID from MeetingUser where     State = 1 and MeetingID = '6215a0e094e71c3cd9700beec9048d65' and HBTime > 1367673015
I0504 21:10:20.115723  1798 DBManager.cc:726] update MeetingUser set State = 3 where       State = 4 and MeetingID = '6215a0e094e71c3cd9700beec9048d65'
I0504 21:10:30.120379  1798 DBManager.cc:600] select MeetingID from MeetingUser where   State = 3 and HBTime < 1367673025 order by id
I0504 21:10:30.121500  1798 DBManager.cc:659] update MeetingUser set State = 4 where   State = 3 and MeetingID = '6215a0e094e71c3cd9700beec9048d65'
I0504 21:10:30.122189  1798 DBManager.cc:666] select UserID from MeetingUser where     State = 2 and MeetingID = '6215a0e094e71c3cd9700beec9048d65' and HBTime > 1367673025
I0504 21:10:30.122601  1798 DBManager.cc:688] select UserID from MeetingUser where     State = 1 and MeetingID = '6215a0e094e71c3cd9700beec9048d65' and HBTime > 1367673025
I0504 21:10:30.122973  1798 DBManager.cc:726] update MeetingUser set State = 3 where       State = 4 and MeetingID = '6215a0e094e71c3cd9700beec9048d65'
I0504 21:10:40.126293  1798 DBManager.cc:600] select MeetingID from MeetingUser where   State = 3 and HBTime < 1367673035 order by id
I0504 21:10:40.127264  1798 DBManager.cc:659] update MeetingUser set State = 4 where   State = 3 and MeetingID = '6215a0e094e71c3cd9700beec9048d65'
I0504 21:10:40.127666  1798 DBManager.cc:666] select UserID from MeetingUser where     State = 2 and MeetingID = '6215a0e094e71c3cd9700beec9048d65' and HBTime > 1367673035
I0504 21:10:40.127936  1798 DBManager.cc:688] select UserID from MeetingUser where     State = 1 and MeetingID = '6215a0e094e71c3cd9700beec9048d65' and HBTime > 1367673035
I0504 21:10:40.128124  1798 DBManager.cc:726] update MeetingUser set State = 3 where       State = 4 and MeetingID = '6215a0e094e71c3cd9700beec9048d65'
I0504 21:10:43.848006  1712 DBManager.cc:77] insert into Meeting (state) values (0)
I0504 21:10:43.851558  1712 DBManager.cc:95] update Meeting set MeetingID = 'f992134057fb6a8385e66734d961ffab' where   id = 4010
I0504 21:10:50.131126  1798 DBManager.cc:600] select MeetingID from MeetingUser where   State = 3 and HBTime < 1367673045 order by id
I0504 21:10:50.132204  1798 DBManager.cc:659] update MeetingUser set State = 4 where   State = 3 and MeetingID = '6215a0e094e71c3cd9700beec9048d65'
I0504 21:10:50.132550  1798 DBManager.cc:666] select UserID from MeetingUser where     State = 2 and MeetingID = '6215a0e094e71c3cd9700beec9048d65' and HBTime > 1367673045
I0504 21:10:50.132730  1798 DBManager.cc:688] select UserID from MeetingUser where     State = 1 and MeetingID = '6215a0e094e71c3cd9700beec9048d65' and HBTime > 1367673045
I0504 21:10:50.133003  1798 DBManager.cc:726] update MeetingUser set State = 3 where       State = 4 and MeetingID = '6215a0e094e71c3cd9700beec9048d65'
I0504 21:10:54.952128  1712 DBManager.cc:347] select state from Meeting where   MeetingID = 'f992134057fb6a8385e66734d961ffab'
I0504 21:10:54.953457  1712 DBManager.cc:163] update Meeting set state = 1 where   MeetingID = 'f992134057fb6a8385e66734d961ffab'
I0504 21:10:54.955119  1712 DBManager.cc:368] insert into MeetingUser(MeetingID, UserID,         State, HBTime)  values('f992134057fb6a8385e66734d961ffab', '4', 3, 1367673054)
E0504 21:10:54.955521  1712 MeetingHandler.cc:78] create meeting updater
I0504 21:10:54.960167  1712 DBManager.cc:185] update Meeting set DataRef = 32312064 where   MeetingID = 'f992134057fb6a8385e66734d961ffab'
I0504 21:10:54.964210  1712 DBManager.cc:117] update Meeting set Port = 11249 where   MeetingID = 'f992134057fb6a8385e66734d961ffab'
E0504 21:10:54.966197  1712 MeetingHandler.cc:98] join msg return
I0504 21:10:54.969274  1712 DBManager.cc:141] select Port from Meeting where   MeetingID = 'f992134057fb6a8385e66734d961ffab'
I0504 21:10:54.997606  1737 DBManager.cc:516] update MeetingUser set HBTime = 1367673054 where   MeetingID = 'f992134057fb6a8385e66734d961ffab' and UserID = '4'
I0504 21:10:55.001225  1737 DBManager.cc:399] select State from MeetingUser where   MeetingID = 'f992134057fb6a8385e66734d961ffab' and UserID = '4'
I0504 21:11:00.042762  1695 DBManager.cc:516] update MeetingUser set HBTime = 1367673060 where   MeetingID = 'f992134057fb6a8385e66734d961ffab' and UserID = '4'
I0504 21:11:00.045800  1695 DBManager.cc:399] select State from MeetingUser where   MeetingID = 'f992134057fb6a8385e66734d961ffab' and UserID = '4'
I0504 21:11:00.136383  1798 DBManager.cc:600] select MeetingID from MeetingUser where   State = 3 and HBTime < 1367673055 order by id
I0504 21:11:00.137387  1798 DBManager.cc:659] update MeetingUser set State = 4 where   State = 3 and MeetingID = '6215a0e094e71c3cd9700beec9048d65'
I0504 21:11:00.137964  1798 DBManager.cc:666] select UserID from MeetingUser where     State = 2 and MeetingID = '6215a0e094e71c3cd9700beec9048d65' and HBTime > 1367673055
I0504 21:11:00.138347  1798 DBManager.cc:688] select UserID from MeetingUser where     State = 1 and MeetingID = '6215a0e094e71c3cd9700beec9048d65' and HBTime > 1367673055
I0504 21:11:00.138675  1798 DBManager.cc:726] update MeetingUser set State = 3 where       State = 4 and MeetingID = '6215a0e094e71c3cd9700beec9048d65'
I0504 21:11:05.077610  1726 DBManager.cc:516] update MeetingUser set HBTime = 1367673065 where   MeetingID = 'f992134057fb6a8385e66734d961ffab' and UserID = '4'
I0504 21:11:05.080729  1726 DBManager.cc:399] select State from MeetingUser where   MeetingID = 'f992134057fb6a8385e66734d961ffab' and UserID = '4'
I0504 21:11:10.122817  1695 DBManager.cc:516] update MeetingUser set HBTime = 1367673070 where   MeetingID = 'f992134057fb6a8385e66734d961ffab' and UserID = '4'
I0504 21:11:10.125617  1695 DBManager.cc:399] select State from MeetingUser where   MeetingID = 'f992134057fb6a8385e66734d961ffab' and UserID = '4'
I0504 21:11:10.141394  1798 DBManager.cc:600] select MeetingID from MeetingUser where   State = 3 and HBTime < 1367673065 order by id
I0504 21:11:10.142549  1798 DBManager.cc:659] update MeetingUser set State = 4 where   State = 3 and MeetingID = '6215a0e094e71c3cd9700beec9048d65'
I0504 21:11:10.142995  1798 DBManager.cc:666] select UserID from MeetingUser where     State = 2 and MeetingID = '6215a0e094e71c3cd9700beec9048d65' and HBTime > 1367673065
I0504 21:11:10.143179  1798 DBManager.cc:688] select UserID from MeetingUser where     State = 1 and MeetingID = '6215a0e094e71c3cd9700beec9048d65' and HBTime > 1367673065
I0504 21:11:10.143410  1798 DBManager.cc:726] update MeetingUser set State = 3 where       State = 4 and MeetingID = '6215a0e094e71c3cd9700beec9048d65'
I0504 21:11:15.165819  1752 DBManager.cc:516] update MeetingUser set HBTime = 1367673075 where   MeetingID = 'f992134057fb6a8385e66734d961ffab' and UserID = '4'
I0504 21:11:15.172987  1752 DBManager.cc:399] select State from MeetingUser where   MeetingID = 'f992134057fb6a8385e66734d961ffab' and UserID = '4'
I0504 21:11:20.146468  1798 DBManager.cc:600] select MeetingID from MeetingUser where   State = 3 and HBTime < 1367673075 order by id
I0504 21:11:20.147356  1798 DBManager.cc:659] update MeetingUser set State = 4 where   State = 3 and MeetingID = '6215a0e094e71c3cd9700beec9048d65'
I0504 21:11:20.147702  1798 DBManager.cc:666] select UserID from MeetingUser where     State = 2 and MeetingID = '6215a0e094e71c3cd9700beec9048d65' and HBTime > 1367673075
I0504 21:11:20.148006  1798 DBManager.cc:688] select UserID from MeetingUser where     State = 1 and MeetingID = '6215a0e094e71c3cd9700beec9048d65' and HBTime > 1367673075
I0504 21:11:20.148283  1798 DBManager.cc:726] update MeetingUser set State = 3 where       State = 4 and MeetingID = '6215a0e094e71c3cd9700beec9048d65'
I0504 21:11:20.197805  1735 DBManager.cc:516] update MeetingUser set HBTime = 1367673080 where   MeetingID = 'f992134057fb6a8385e66734d961ffab' and UserID = '4'
I0504 21:11:20.202354  1735 DBManager.cc:399] select State from MeetingUser where   MeetingID = 'f992134057fb6a8385e66734d961ffab' and UserID = '4'
I0504 21:11:25.264303  1695 DBManager.cc:516] update MeetingUser set HBTime = 1367673085 where   MeetingID = 'f992134057fb6a8385e66734d961ffab' and UserID = '4'
I0504 21:11:25.266553  1695 DBManager.cc:399] select State from MeetingUser where   MeetingID = 'f992134057fb6a8385e66734d961ffab' and UserID = '4'
I0504 21:11:30.151754  1798 DBManager.cc:600] select MeetingID from MeetingUser where   State = 3 and HBTime < 1367673085 order by id
I0504 21:11:30.152575  1798 DBManager.cc:659] update MeetingUser set State = 4 where   State = 3 and MeetingID = '6215a0e094e71c3cd9700beec9048d65'
I0504 21:11:30.152981  1798 DBManager.cc:666] select UserID from MeetingUser where     State = 2 and MeetingID = '6215a0e094e71c3cd9700beec9048d65' and HBTime > 1367673085
I0504 21:11:30.153190  1798 DBManager.cc:688] select UserID from MeetingUser where     State = 1 and MeetingID = '6215a0e094e71c3cd9700beec9048d65' and HBTime > 1367673085
I0504 21:11:30.153367  1798 DBManager.cc:726] update MeetingUser set State = 3 where       State = 4 and MeetingID = '6215a0e094e71c3cd9700beec9048d65'
I0504 21:11:30.291560  1752 DBManager.cc:516] update MeetingUser set HBTime = 1367673090 where   MeetingID = 'f992134057fb6a8385e66734d961ffab' and UserID = '4'
I0504 21:11:30.294757  1752 DBManager.cc:399] select State from MeetingUser where   MeetingID = 'f992134057fb6a8385e66734d961ffab' and UserID = '4'
I0504 21:11:35.325006  1720 DBManager.cc:516] update MeetingUser set HBTime = 1367673095 where   MeetingID = 'f992134057fb6a8385e66734d961ffab' and UserID = '4'
I0504 21:11:35.331575  1720 DBManager.cc:399] select State from MeetingUser where   MeetingID = 'f992134057fb6a8385e66734d961ffab' and UserID = '4'
I0504 21:11:40.157290  1798 DBManager.cc:600] select MeetingID from MeetingUser where   State = 3 and HBTime < 1367673095 order by id
I0504 21:11:40.158390  1798 DBManager.cc:659] update MeetingUser set State = 4 where   State = 3 and MeetingID = '6215a0e094e71c3cd9700beec9048d65'
I0504 21:11:40.158725  1798 DBManager.cc:666] select UserID from MeetingUser where     State = 2 and MeetingID = '6215a0e094e71c3cd9700beec9048d65' and HBTime > 1367673095
I0504 21:11:40.158983  1798 DBManager.cc:688] select UserID from MeetingUser where     State = 1 and MeetingID = '6215a0e094e71c3cd9700beec9048d65' and HBTime > 1367673095
I0504 21:11:40.159260  1798 DBManager.cc:726] update MeetingUser set State = 3 where       State = 4 and MeetingID = '6215a0e094e71c3cd9700beec9048d65'
I0504 21:11:40.348166  1726 DBManager.cc:516] update MeetingUser set HBTime = 1367673100 where   MeetingID = 'f992134057fb6a8385e66734d961ffab' and UserID = '4'
I0504 21:11:40.355312  1726 DBManager.cc:399] select State from MeetingUser where   MeetingID = 'f992134057fb6a8385e66734d961ffab' and UserID = '4'
I0504 21:11:45.415253  1720 DBManager.cc:516] update MeetingUser set HBTime = 1367673105 where   MeetingID = 'f992134057fb6a8385e66734d961ffab' and UserID = '4'
I0504 21:11:45.418326  1720 DBManager.cc:399] select State from MeetingUser where   MeetingID = 'f992134057fb6a8385e66734d961ffab' and UserID = '4'
I0504 21:11:50.162263  1798 DBManager.cc:600] select MeetingID from MeetingUser where   State = 3 and HBTime < 1367673105 order by id
I0504 21:11:50.163034  1798 DBManager.cc:659] update MeetingUser set State = 4 where   State = 3 and MeetingID = '6215a0e094e71c3cd9700beec9048d65'
I0504 21:11:50.163383  1798 DBManager.cc:666] select UserID from MeetingUser where     State = 2 and MeetingID = '6215a0e094e71c3cd9700beec9048d65' and HBTime > 1367673105
I0504 21:11:50.163609  1798 DBManager.cc:688] select UserID from MeetingUser where     State = 1 and MeetingID = '6215a0e094e71c3cd9700beec9048d65' and HBTime > 1367673105
I0504 21:11:50.163811  1798 DBManager.cc:726] update MeetingUser set State = 3 where       State = 4 and MeetingID = '6215a0e094e71c3cd9700beec9048d65'
I0504 21:11:50.454488  1720 DBManager.cc:516] update MeetingUser set HBTime = 1367673110 where   MeetingID = 'f992134057fb6a8385e66734d961ffab' and UserID = '4'
I0504 21:11:50.459988  1720 DBManager.cc:399] select State from MeetingUser where   MeetingID = 'f992134057fb6a8385e66734d961ffab' and UserID = '4'
I0504 21:11:55.482046  1720 DBManager.cc:516] update MeetingUser set HBTime = 1367673115 where   MeetingID = 'f992134057fb6a8385e66734d961ffab' and UserID = '4'
I0504 21:11:55.484336  1720 DBManager.cc:399] select State from MeetingUser where   MeetingID = 'f992134057fb6a8385e66734d961ffab' and UserID = '4'
I0504 21:12:00.166156  1798 DBManager.cc:600] select MeetingID from MeetingUser where   State = 3 and HBTime < 1367673115 order by id
I0504 21:12:00.166908  1798 DBManager.cc:659] update MeetingUser set State = 4 where   State = 3 and MeetingID = '6215a0e094e71c3cd9700beec9048d65'
I0504 21:12:00.167271  1798 DBManager.cc:666] select UserID from MeetingUser where     State = 2 and MeetingID = '6215a0e094e71c3cd9700beec9048d65' and HBTime > 1367673115
I0504 21:12:00.167462  1798 DBManager.cc:688] select UserID from MeetingUser where     State = 1 and MeetingID = '6215a0e094e71c3cd9700beec9048d65' and HBTime > 1367673115
I0504 21:12:00.167625  1798 DBManager.cc:726] update MeetingUser set State = 3 where       State = 4 and MeetingID = '6215a0e094e71c3cd9700beec9048d65'
I0504 21:12:00.521921  1737 DBManager.cc:516] update MeetingUser set HBTime = 1367673120 where   MeetingID = 'f992134057fb6a8385e66734d961ffab' and UserID = '4'
I0504 21:12:00.524484  1737 DBManager.cc:399] select State from MeetingUser where   MeetingID = 'f992134057fb6a8385e66734d961ffab' and UserID = '4'
I0504 21:12:05.551059  1726 DBManager.cc:516] update MeetingUser set HBTime = 1367673125 where   MeetingID = 'f992134057fb6a8385e66734d961ffab' and UserID = '4'
I0504 21:12:05.557978  1726 DBManager.cc:399] select State from MeetingUser where   MeetingID = 'f992134057fb6a8385e66734d961ffab' and UserID = '4'
I0504 21:12:10.170928  1798 DBManager.cc:600] select MeetingID from MeetingUser where   State = 3 and HBTime < 1367673125 order by id
I0504 21:12:10.171941  1798 DBManager.cc:659] update MeetingUser set State = 4 where   State = 3 and MeetingID = '6215a0e094e71c3cd9700beec9048d65'
I0504 21:12:10.172307  1798 DBManager.cc:666] select UserID from MeetingUser where     State = 2 and MeetingID = '6215a0e094e71c3cd9700beec9048d65' and HBTime > 1367673125
I0504 21:12:10.172535  1798 DBManager.cc:688] select UserID from MeetingUser where     State = 1 and MeetingID = '6215a0e094e71c3cd9700beec9048d65' and HBTime > 1367673125
I0504 21:12:10.172760  1798 DBManager.cc:726] update MeetingUser set State = 3 where       State = 4 and MeetingID = '6215a0e094e71c3cd9700beec9048d65'
I0504 21:12:10.576699  1752 DBManager.cc:516] update MeetingUser set HBTime = 1367673130 where   MeetingID = 'f992134057fb6a8385e66734d961ffab' and UserID = '4'
I0504 21:12:10.581064  1752 DBManager.cc:399] select State from MeetingUser where   MeetingID = 'f992134057fb6a8385e66734d961ffab' and UserID = '4'
I0504 21:12:15.620817  1712 DBManager.cc:516] update MeetingUser set HBTime = 1367673135 where   MeetingID = 'f992134057fb6a8385e66734d961ffab' and UserID = '4'
I0504 21:12:15.623966  1712 DBManager.cc:399] select State from MeetingUser where   MeetingID = 'f992134057fb6a8385e66734d961ffab' and UserID = '4'
I0504 21:12:20.175199  1798 DBManager.cc:600] select MeetingID from MeetingUser where   State = 3 and HBTime < 1367673135 order by id
I0504 21:12:20.176089  1798 DBManager.cc:659] update MeetingUser set State = 4 where   State = 3 and MeetingID = '6215a0e094e71c3cd9700beec9048d65'
I0504 21:12:20.176416  1798 DBManager.cc:666] select UserID from MeetingUser where     State = 2 and MeetingID = '6215a0e094e71c3cd9700beec9048d65' and HBTime > 1367673135
I0504 21:12:20.176656  1798 DBManager.cc:688] select UserID from MeetingUser where     State = 1 and MeetingID = '6215a0e094e71c3cd9700beec9048d65' and HBTime > 1367673135
I0504 21:12:20.177000  1798 DBManager.cc:726] update MeetingUser set State = 3 where       State = 4 and MeetingID = '6215a0e094e71c3cd9700beec9048d65'
I0504 21:12:20.682144  1712 DBManager.cc:516] update MeetingUser set HBTime = 1367673140 where   MeetingID = 'f992134057fb6a8385e66734d961ffab' and UserID = '4'
I0504 21:12:20.684372  1712 DBManager.cc:399] select State from MeetingUser where   MeetingID = 'f992134057fb6a8385e66734d961ffab' and UserID = '4'
I0504 21:12:25.736162  1726 DBManager.cc:516] update MeetingUser set HBTime = 1367673145 where   MeetingID = 'f992134057fb6a8385e66734d961ffab' and UserID = '4'
I0504 21:12:25.739089  1726 DBManager.cc:399] select State from MeetingUser where   MeetingID = 'f992134057fb6a8385e66734d961ffab' and UserID = '4'
I0504 21:12:30.179532  1798 DBManager.cc:600] select MeetingID from MeetingUser where   State = 3 and HBTime < 1367673145 order by id
I0504 21:12:30.180331  1798 DBManager.cc:659] update MeetingUser set State = 4 where   State = 3 and MeetingID = '6215a0e094e71c3cd9700beec9048d65'
I0504 21:12:30.180598  1798 DBManager.cc:666] select UserID from MeetingUser where     State = 2 and MeetingID = '6215a0e094e71c3cd9700beec9048d65' and HBTime > 1367673145
I0504 21:12:30.180848  1798 DBManager.cc:688] select UserID from MeetingUser where     State = 1 and MeetingID = '6215a0e094e71c3cd9700beec9048d65' and HBTime > 1367673145
I0504 21:12:30.181012  1798 DBManager.cc:726] update MeetingUser set State = 3 where       State = 4 and MeetingID = '6215a0e094e71c3cd9700beec9048d65'
I0504 21:12:30.757725  1758 DBManager.cc:516] update MeetingUser set HBTime = 1367673150 where   MeetingID = 'f992134057fb6a8385e66734d961ffab' and UserID = '4'
I0504 21:12:30.762039  1758 DBManager.cc:399] select State from MeetingUser where   MeetingID = 'f992134057fb6a8385e66734d961ffab' and UserID = '4'
I0504 21:12:35.800010  1714 DBManager.cc:516] update MeetingUser set HBTime = 1367673155 where   MeetingID = 'f992134057fb6a8385e66734d961ffab' and UserID = '4'
I0504 21:12:35.803807  1714 DBManager.cc:399] select State from MeetingUser where   MeetingID = 'f992134057fb6a8385e66734d961ffab' and UserID = '4'
I0504 21:12:40.186569  1798 DBManager.cc:600] select MeetingID from MeetingUser where   State = 3 and HBTime < 1367673155 order by id
I0504 21:12:40.187973  1798 DBManager.cc:659] update MeetingUser set State = 4 where   State = 3 and MeetingID = '6215a0e094e71c3cd9700beec9048d65'
I0504 21:12:40.188488  1798 DBManager.cc:666] select UserID from MeetingUser where     State = 2 and MeetingID = '6215a0e094e71c3cd9700beec9048d65' and HBTime > 1367673155
I0504 21:12:40.188866  1798 DBManager.cc:688] select UserID from MeetingUser where     State = 1 and MeetingID = '6215a0e094e71c3cd9700beec9048d65' and HBTime > 1367673155
I0504 21:12:40.189196  1798 DBManager.cc:726] update MeetingUser set State = 3 where       State = 4 and MeetingID = '6215a0e094e71c3cd9700beec9048d65'
I0504 21:12:40.813766  1714 DBManager.cc:516] update MeetingUser set HBTime = 1367673160 where   MeetingID = 'f992134057fb6a8385e66734d961ffab' and UserID = '4'
I0504 21:12:40.815865  1714 DBManager.cc:399] select State from MeetingUser where   MeetingID = 'f992134057fb6a8385e66734d961ffab' and UserID = '4'
I0504 21:12:45.828886  1752 DBManager.cc:516] update MeetingUser set HBTime = 1367673165 where   MeetingID = 'f992134057fb6a8385e66734d961ffab' and UserID = '4'
I0504 21:12:45.834219  1752 DBManager.cc:399] select State from MeetingUser where   MeetingID = 'f992134057fb6a8385e66734d961ffab' and UserID = '4'
I0504 21:12:50.192416  1798 DBManager.cc:600] select MeetingID from MeetingUser where   State = 3 and HBTime < 1367673165 order by id
I0504 21:12:50.193176  1798 DBManager.cc:659] update MeetingUser set State = 4 where   State = 3 and MeetingID = '6215a0e094e71c3cd9700beec9048d65'
I0504 21:12:50.193531  1798 DBManager.cc:666] select UserID from MeetingUser where     State = 2 and MeetingID = '6215a0e094e71c3cd9700beec9048d65' and HBTime > 1367673165
I0504 21:12:50.193754  1798 DBManager.cc:688] select UserID from MeetingUser where     State = 1 and MeetingID = '6215a0e094e71c3cd9700beec9048d65' and HBTime > 1367673165
I0504 21:12:50.193958  1798 DBManager.cc:726] update MeetingUser set State = 3 where       State = 4 and MeetingID = '6215a0e094e71c3cd9700beec9048d65'
I0504 21:12:50.897431  1752 DBManager.cc:516] update MeetingUser set HBTime = 1367673170 where   MeetingID = 'f992134057fb6a8385e66734d961ffab' and UserID = '4'
I0504 21:12:50.902595  1752 DBManager.cc:399] select State from MeetingUser where   MeetingID = 'f992134057fb6a8385e66734d961ffab' and UserID = '4'
I0504 21:12:55.926650  1752 DBManager.cc:516] update MeetingUser set HBTime = 1367673175 where   MeetingID = 'f992134057fb6a8385e66734d961ffab' and UserID = '4'
I0504 21:12:55.928709  1752 DBManager.cc:399] select State from MeetingUser where   MeetingID = 'f992134057fb6a8385e66734d961ffab' and UserID = '4'
I0504 21:13:00.196321  1798 DBManager.cc:600] select MeetingID from MeetingUser where   State = 3 and HBTime < 1367673175 order by id
I0504 21:13:00.196985  1798 DBManager.cc:659] update MeetingUser set State = 4 where   State = 3 and MeetingID = '6215a0e094e71c3cd9700beec9048d65'
I0504 21:13:00.197253  1798 DBManager.cc:666] select UserID from MeetingUser where     State = 2 and MeetingID = '6215a0e094e71c3cd9700beec9048d65' and HBTime > 1367673175
I0504 21:13:00.197432  1798 DBManager.cc:688] select UserID from MeetingUser where     State = 1 and MeetingID = '6215a0e094e71c3cd9700beec9048d65' and HBTime > 1367673175
I0504 21:13:00.197592  1798 DBManager.cc:726] update MeetingUser set State = 3 where       State = 4 and MeetingID = '6215a0e094e71c3cd9700beec9048d65'
I0504 21:13:00.950849  1726 DBManager.cc:516] update MeetingUser set HBTime = 1367673180 where   MeetingID = 'f992134057fb6a8385e66734d961ffab' and UserID = '4'
I0504 21:13:00.954656  1726 DBManager.cc:399] select State from MeetingUser where   MeetingID = 'f992134057fb6a8385e66734d961ffab' and UserID = '4'
I0504 21:13:05.966867  1714 DBManager.cc:516] update MeetingUser set HBTime = 1367673185 where   MeetingID = 'f992134057fb6a8385e66734d961ffab' and UserID = '4'
I0504 21:13:05.971541  1714 DBManager.cc:399] select State from MeetingUser where   MeetingID = 'f992134057fb6a8385e66734d961ffab' and UserID = '4'
I0504 21:13:10.200292  1798 DBManager.cc:600] select MeetingID from MeetingUser where   State = 3 and HBTime < 1367673185 order by id
I0504 21:13:10.201295  1798 DBManager.cc:659] update MeetingUser set State = 4 where   State = 3 and MeetingID = '6215a0e094e71c3cd9700beec9048d65'
I0504 21:13:10.201635  1798 DBManager.cc:666] select UserID from MeetingUser where     State = 2 and MeetingID = '6215a0e094e71c3cd9700beec9048d65' and HBTime > 1367673185
I0504 21:13:10.201853  1798 DBManager.cc:688] select UserID from MeetingUser where     State = 1 and MeetingID = '6215a0e094e71c3cd9700beec9048d65' and HBTime > 1367673185
I0504 21:13:10.202044  1798 DBManager.cc:726] update MeetingUser set State = 3 where       State = 4 and MeetingID = '6215a0e094e71c3cd9700beec9048d65'
I0504 21:13:11.007748  1726 DBManager.cc:516] update MeetingUser set HBTime = 1367673191 where   MeetingID = 'f992134057fb6a8385e66734d961ffab' and UserID = '4'
I0504 21:13:11.010067  1726 DBManager.cc:399] select State from MeetingUser where   MeetingID = 'f992134057fb6a8385e66734d961ffab' and UserID = '4'
I0504 21:13:16.038152  1742 DBManager.cc:516] update MeetingUser set HBTime = 1367673196 where   MeetingID = 'f992134057fb6a8385e66734d961ffab' and UserID = '4'
I0504 21:13:16.041137  1742 DBManager.cc:399] select State from MeetingUser where   MeetingID = 'f992134057fb6a8385e66734d961ffab' and UserID = '4'
I0504 21:13:20.205603  1798 DBManager.cc:600] select MeetingID from MeetingUser where   State = 3 and HBTime < 1367673195 order by id
