I0504 17:53:27.786445 20134 DBManager.cc:516] update MeetingUser set HBTime = 1367661207 where   MeetingID = '7bea3eeaabd67ad03e97a77993975d81' and UserID = 'f'
I0504 17:53:27.790525 20134 DBManager.cc:399] select State from MeetingUser where   MeetingID = '7bea3eeaabd67ad03e97a77993975d81' and UserID = 'f'
I0504 17:53:29.651679 20141 DBManager.cc:600] select MeetingID from MeetingUser where   State = 3 and HBTime < 1367661204 order by id
I0504 17:53:29.652811 20141 DBManager.cc:654] update MeetingUser set State = 4 where   State = 3 and MeetingID = 'c3fabea42fa7361ae7de275393a6ab8b'
I0504 17:53:29.653350 20141 DBManager.cc:661] select UserID from MeetingUser where     State = 2 and MeetingID = 'c3fabea42fa7361ae7de275393a6ab8b' and HBTime > 1367661204
I0504 17:53:29.653766 20141 DBManager.cc:683] select UserID from MeetingUser where     State = 1 and MeetingID = 'c3fabea42fa7361ae7de275393a6ab8b' and HBTime > 1367661204
I0504 17:53:29.654150 20141 DBManager.cc:721] update MeetingUser set State = 3 where       State = 4 and MeetingID = 'c3fabea42fa7361ae7de275393a6ab8b'
I0504 17:53:29.660154 20141 DBManager.cc:232] insert into MeetingDocument (MeetingID, path)   values ('c3fabea42fa7361ae7de275393a6ab8b','/root/picture/c3fabea42fa7361ae7de275393a6ab8b-1367661209.bmp')
I0504 17:53:32.814405 20096 DBManager.cc:516] update MeetingUser set HBTime = 1367661212 where   MeetingID = '7bea3eeaabd67ad03e97a77993975d81' and UserID = 'f'
I0504 17:53:32.819085 20096 DBManager.cc:399] select State from MeetingUser where   MeetingID = '7bea3eeaabd67ad03e97a77993975d81' and UserID = 'f'
I0504 17:53:37.842389 20136 DBManager.cc:516] update MeetingUser set HBTime = 1367661217 where   MeetingID = '7bea3eeaabd67ad03e97a77993975d81' and UserID = 'f'
I0504 17:53:37.845293 20136 DBManager.cc:399] select State from MeetingUser where   MeetingID = '7bea3eeaabd67ad03e97a77993975d81' and UserID = 'f'
I0504 17:53:39.664607 20141 DBManager.cc:600] select MeetingID from MeetingUser where   State = 3 and HBTime < 1367661214 order by id
I0504 17:53:39.665756 20141 DBManager.cc:654] update MeetingUser set State = 4 where   State = 3 and MeetingID = 'c3fabea42fa7361ae7de275393a6ab8b'
I0504 17:53:39.666265 20141 DBManager.cc:661] select UserID from MeetingUser where     State = 2 and MeetingID = 'c3fabea42fa7361ae7de275393a6ab8b' and HBTime > 1367661214
I0504 17:53:39.666633 20141 DBManager.cc:683] select UserID from MeetingUser where     State = 1 and MeetingID = 'c3fabea42fa7361ae7de275393a6ab8b' and HBTime > 1367661214
I0504 17:53:39.667006 20141 DBManager.cc:721] update MeetingUser set State = 3 where       State = 4 and MeetingID = 'c3fabea42fa7361ae7de275393a6ab8b'
I0504 17:53:39.673048 20141 DBManager.cc:232] insert into MeetingDocument (MeetingID, path)   values ('c3fabea42fa7361ae7de275393a6ab8b','/root/picture/c3fabea42fa7361ae7de275393a6ab8b-1367661219.bmp')
I0504 17:53:42.857993 20134 DBManager.cc:516] update MeetingUser set HBTime = 1367661222 where   MeetingID = '7bea3eeaabd67ad03e97a77993975d81' and UserID = 'f'
I0504 17:53:42.862448 20134 DBManager.cc:399] select State from MeetingUser where   MeetingID = '7bea3eeaabd67ad03e97a77993975d81' and UserID = 'f'
I0504 17:53:47.885778 20134 DBManager.cc:516] update MeetingUser set HBTime = 1367661227 where   MeetingID = '7bea3eeaabd67ad03e97a77993975d81' and UserID = 'f'
I0504 17:53:47.890003 20134 DBManager.cc:399] select State from MeetingUser where   MeetingID = '7bea3eeaabd67ad03e97a77993975d81' and UserID = 'f'
I0504 17:53:49.677624 20141 DBManager.cc:600] select MeetingID from MeetingUser where   State = 3 and HBTime < 1367661224 order by id
I0504 17:53:49.678794 20141 DBManager.cc:654] update MeetingUser set State = 4 where   State = 3 and MeetingID = 'c3fabea42fa7361ae7de275393a6ab8b'
I0504 17:53:49.679241 20141 DBManager.cc:661] select UserID from MeetingUser where     State = 2 and MeetingID = 'c3fabea42fa7361ae7de275393a6ab8b' and HBTime > 1367661224
I0504 17:53:49.679561 20141 DBManager.cc:683] select UserID from MeetingUser where     State = 1 and MeetingID = 'c3fabea42fa7361ae7de275393a6ab8b' and HBTime > 1367661224
I0504 17:53:49.679852 20141 DBManager.cc:721] update MeetingUser set State = 3 where       State = 4 and MeetingID = 'c3fabea42fa7361ae7de275393a6ab8b'
I0504 17:53:49.685961 20141 DBManager.cc:232] insert into MeetingDocument (MeetingID, path)   values ('c3fabea42fa7361ae7de275393a6ab8b','/root/picture/c3fabea42fa7361ae7de275393a6ab8b-1367661229.bmp')
I0504 17:53:52.925495 20063 DBManager.cc:516] update MeetingUser set HBTime = 1367661232 where   MeetingID = '7bea3eeaabd67ad03e97a77993975d81' and UserID = 'f'
I0504 17:53:52.930124 20063 DBManager.cc:399] select State from MeetingUser where   MeetingID = '7bea3eeaabd67ad03e97a77993975d81' and UserID = 'f'
I0504 17:53:57.963310 20138 DBManager.cc:516] update MeetingUser set HBTime = 1367661237 where   MeetingID = '7bea3eeaabd67ad03e97a77993975d81' and UserID = 'f'
I0504 17:53:57.967509 20138 DBManager.cc:399] select State from MeetingUser where   MeetingID = '7bea3eeaabd67ad03e97a77993975d81' and UserID = 'f'
I0504 17:53:59.690282 20141 DBManager.cc:600] select MeetingID from MeetingUser where   State = 3 and HBTime < 1367661234 order by id
I0504 17:53:59.691473 20141 DBManager.cc:654] update MeetingUser set State = 4 where   State = 3 and MeetingID = 'c3fabea42fa7361ae7de275393a6ab8b'
I0504 17:53:59.691972 20141 DBManager.cc:661] select UserID from MeetingUser where     State = 2 and MeetingID = 'c3fabea42fa7361ae7de275393a6ab8b' and HBTime > 1367661234
I0504 17:53:59.692332 20141 DBManager.cc:683] select UserID from MeetingUser where     State = 1 and MeetingID = 'c3fabea42fa7361ae7de275393a6ab8b' and HBTime > 1367661234
I0504 17:53:59.692662 20141 DBManager.cc:721] update MeetingUser set State = 3 where       State = 4 and MeetingID = 'c3fabea42fa7361ae7de275393a6ab8b'
I0504 17:53:59.699223 20141 DBManager.cc:232] insert into MeetingDocument (MeetingID, path)   values ('c3fabea42fa7361ae7de275393a6ab8b','/root/picture/c3fabea42fa7361ae7de275393a6ab8b-1367661239.bmp')
I0504 17:54:03.006052 20095 DBManager.cc:516] update MeetingUser set HBTime = 1367661243 where   MeetingID = '7bea3eeaabd67ad03e97a77993975d81' and UserID = 'f'
I0504 17:54:03.012658 20095 DBManager.cc:399] select State from MeetingUser where   MeetingID = '7bea3eeaabd67ad03e97a77993975d81' and UserID = 'f'
I0504 17:54:08.035583 20060 DBManager.cc:516] update MeetingUser set HBTime = 1367661248 where   MeetingID = '7bea3eeaabd67ad03e97a77993975d81' and UserID = 'f'
I0504 17:54:08.039953 20060 DBManager.cc:399] select State from MeetingUser where   MeetingID = '7bea3eeaabd67ad03e97a77993975d81' and UserID = 'f'
I0504 17:54:09.703038 20141 DBManager.cc:600] select MeetingID from MeetingUser where   State = 3 and HBTime < 1367661244 order by id
I0504 17:54:09.704301 20141 DBManager.cc:654] update MeetingUser set State = 4 where   State = 3 and MeetingID = 'c3fabea42fa7361ae7de275393a6ab8b'
I0504 17:54:09.704831 20141 DBManager.cc:661] select UserID from MeetingUser where     State = 2 and MeetingID = 'c3fabea42fa7361ae7de275393a6ab8b' and HBTime > 1367661244
I0504 17:54:09.705252 20141 DBManager.cc:683] select UserID from MeetingUser where     State = 1 and MeetingID = 'c3fabea42fa7361ae7de275393a6ab8b' and HBTime > 1367661244
I0504 17:54:09.705608 20141 DBManager.cc:721] update MeetingUser set State = 3 where       State = 4 and MeetingID = 'c3fabea42fa7361ae7de275393a6ab8b'
I0504 17:54:09.709094 20141 DBManager.cc:232] insert into MeetingDocument (MeetingID, path)   values ('c3fabea42fa7361ae7de275393a6ab8b','/root/picture/c3fabea42fa7361ae7de275393a6ab8b-1367661249.bmp')
I0504 17:54:13.057852 20063 DBManager.cc:516] update MeetingUser set HBTime = 1367661253 where   MeetingID = '7bea3eeaabd67ad03e97a77993975d81' and UserID = 'f'
I0504 17:54:13.064757 20063 DBManager.cc:399] select State from MeetingUser where   MeetingID = '7bea3eeaabd67ad03e97a77993975d81' and UserID = 'f'
I0504 17:54:18.084990 20060 DBManager.cc:516] update MeetingUser set HBTime = 1367661258 where   MeetingID = '7bea3eeaabd67ad03e97a77993975d81' and UserID = 'f'
I0504 17:54:18.089102 20060 DBManager.cc:399] select State from MeetingUser where   MeetingID = '7bea3eeaabd67ad03e97a77993975d81' and UserID = 'f'
I0504 17:54:19.713459 20141 DBManager.cc:600] select MeetingID from MeetingUser where   State = 3 and HBTime < 1367661254 order by id
I0504 17:54:19.714828 20141 DBManager.cc:654] update MeetingUser set State = 4 where   State = 3 and MeetingID = 'c3fabea42fa7361ae7de275393a6ab8b'
I0504 17:54:19.715368 20141 DBManager.cc:661] select UserID from MeetingUser where     State = 2 and MeetingID = 'c3fabea42fa7361ae7de275393a6ab8b' and HBTime > 1367661254
I0504 17:54:19.715744 20141 DBManager.cc:683] select UserID from MeetingUser where     State = 1 and MeetingID = 'c3fabea42fa7361ae7de275393a6ab8b' and HBTime > 1367661254
I0504 17:54:19.716102 20141 DBManager.cc:721] update MeetingUser set State = 3 where       State = 4 and MeetingID = 'c3fabea42fa7361ae7de275393a6ab8b'
I0504 17:54:19.722095 20141 DBManager.cc:232] insert into MeetingDocument (MeetingID, path)   values ('c3fabea42fa7361ae7de275393a6ab8b','/root/picture/c3fabea42fa7361ae7de275393a6ab8b-1367661259.bmp')
I0504 17:54:23.117105 20096 DBManager.cc:516] update MeetingUser set HBTime = 1367661263 where   MeetingID = '7bea3eeaabd67ad03e97a77993975d81' and UserID = 'f'
I0504 17:54:23.123932 20096 DBManager.cc:399] select State from MeetingUser where   MeetingID = '7bea3eeaabd67ad03e97a77993975d81' and UserID = 'f'
I0504 17:54:28.159158 20063 DBManager.cc:516] update MeetingUser set HBTime = 1367661268 where   MeetingID = '7bea3eeaabd67ad03e97a77993975d81' and UserID = 'f'
I0504 17:54:28.163290 20063 DBManager.cc:399] select State from MeetingUser where   MeetingID = '7bea3eeaabd67ad03e97a77993975d81' and UserID = 'f'
I0504 17:54:29.726327 20141 DBManager.cc:600] select MeetingID from MeetingUser where   State = 3 and HBTime < 1367661264 order by id
I0504 17:54:29.727466 20141 DBManager.cc:654] update MeetingUser set State = 4 where   State = 3 and MeetingID = 'c3fabea42fa7361ae7de275393a6ab8b'
I0504 17:54:29.727998 20141 DBManager.cc:661] select UserID from MeetingUser where     State = 2 and MeetingID = 'c3fabea42fa7361ae7de275393a6ab8b' and HBTime > 1367661264
I0504 17:54:29.728376 20141 DBManager.cc:683] select UserID from MeetingUser where     State = 1 and MeetingID = 'c3fabea42fa7361ae7de275393a6ab8b' and HBTime > 1367661264
I0504 17:54:29.728775 20141 DBManager.cc:721] update MeetingUser set State = 3 where       State = 4 and MeetingID = 'c3fabea42fa7361ae7de275393a6ab8b'
I0504 17:54:29.734736 20141 DBManager.cc:232] insert into MeetingDocument (MeetingID, path)   values ('c3fabea42fa7361ae7de275393a6ab8b','/root/picture/c3fabea42fa7361ae7de275393a6ab8b-1367661269.bmp')
I0504 17:54:33.178423 20134 DBManager.cc:516] update MeetingUser set HBTime = 1367661273 where   MeetingID = '7bea3eeaabd67ad03e97a77993975d81' and UserID = 'f'
I0504 17:54:33.182557 20134 DBManager.cc:399] select State from MeetingUser where   MeetingID = '7bea3eeaabd67ad03e97a77993975d81' and UserID = 'f'
I0504 17:54:38.194735 20060 DBManager.cc:516] update MeetingUser set HBTime = 1367661278 where   MeetingID = '7bea3eeaabd67ad03e97a77993975d81' and UserID = 'f'
I0504 17:54:38.197566 20060 DBManager.cc:399] select State from MeetingUser where   MeetingID = '7bea3eeaabd67ad03e97a77993975d81' and UserID = 'f'
I0504 17:54:39.739087 20141 DBManager.cc:600] select MeetingID from MeetingUser where   State = 3 and HBTime < 1367661274 order by id
I0504 17:54:39.740216 20141 DBManager.cc:654] update MeetingUser set State = 4 where   State = 3 and MeetingID = 'c3fabea42fa7361ae7de275393a6ab8b'
I0504 17:54:39.740777 20141 DBManager.cc:661] select UserID from MeetingUser where     State = 2 and MeetingID = 'c3fabea42fa7361ae7de275393a6ab8b' and HBTime > 1367661274
I0504 17:54:39.741197 20141 DBManager.cc:683] select UserID from MeetingUser where     State = 1 and MeetingID = 'c3fabea42fa7361ae7de275393a6ab8b' and HBTime > 1367661274
I0504 17:54:39.741627 20141 DBManager.cc:721] update MeetingUser set State = 3 where       State = 4 and MeetingID = 'c3fabea42fa7361ae7de275393a6ab8b'
I0504 17:54:39.747877 20141 DBManager.cc:232] insert into MeetingDocument (MeetingID, path)   values ('c3fabea42fa7361ae7de275393a6ab8b','/root/picture/c3fabea42fa7361ae7de275393a6ab8b-1367661279.bmp')
I0504 17:54:44.171082 20060 DBManager.cc:516] update MeetingUser set HBTime = 1367661284 where   MeetingID = '7bea3eeaabd67ad03e97a77993975d81' and UserID = 'f'
I0504 17:54:44.175210 20060 DBManager.cc:399] select State from MeetingUser where   MeetingID = '7bea3eeaabd67ad03e97a77993975d81' and UserID = 'f'
I0504 17:54:49.191177 20063 DBManager.cc:516] update MeetingUser set HBTime = 1367661289 where   MeetingID = '7bea3eeaabd67ad03e97a77993975d81' and UserID = 'f'
I0504 17:54:49.196832 20063 DBManager.cc:399] select State from MeetingUser where   MeetingID = '7bea3eeaabd67ad03e97a77993975d81' and UserID = 'f'
I0504 17:54:49.750280 20141 DBManager.cc:600] select MeetingID from MeetingUser where   State = 3 and HBTime < 1367661284 order by id
I0504 17:54:49.751168 20141 DBManager.cc:654] update MeetingUser set State = 4 where   State = 3 and MeetingID = 'c3fabea42fa7361ae7de275393a6ab8b'
I0504 17:54:49.751513 20141 DBManager.cc:661] select UserID from MeetingUser where     State = 2 and MeetingID = 'c3fabea42fa7361ae7de275393a6ab8b' and HBTime > 1367661284
I0504 17:54:49.751739 20141 DBManager.cc:683] select UserID from MeetingUser where     State = 1 and MeetingID = 'c3fabea42fa7361ae7de275393a6ab8b' and HBTime > 1367661284
I0504 17:54:49.751926 20141 DBManager.cc:721] update MeetingUser set State = 3 where       State = 4 and MeetingID = 'c3fabea42fa7361ae7de275393a6ab8b'
I0504 17:54:49.754911 20141 DBManager.cc:232] insert into MeetingDocument (MeetingID, path)   values ('c3fabea42fa7361ae7de275393a6ab8b','/root/picture/c3fabea42fa7361ae7de275393a6ab8b-1367661289.bmp')
I0504 17:54:54.209681 20123 DBManager.cc:516] update MeetingUser set HBTime = 1367661294 where   MeetingID = '7bea3eeaabd67ad03e97a77993975d81' and UserID = 'f'
I0504 17:54:54.213820 20123 DBManager.cc:399] select State from MeetingUser where   MeetingID = '7bea3eeaabd67ad03e97a77993975d81' and UserID = 'f'
I0504 17:54:59.232885 20063 DBManager.cc:516] update MeetingUser set HBTime = 1367661299 where   MeetingID = '7bea3eeaabd67ad03e97a77993975d81' and UserID = 'f'
I0504 17:54:59.236994 20063 DBManager.cc:399] select State from MeetingUser where   MeetingID = '7bea3eeaabd67ad03e97a77993975d81' and UserID = 'f'
I0504 17:54:59.758955 20141 DBManager.cc:600] select MeetingID from MeetingUser where   State = 3 and HBTime < 1367661294 order by id
I0504 17:54:59.759950 20141 DBManager.cc:654] update MeetingUser set State = 4 where   State = 3 and MeetingID = 'c3fabea42fa7361ae7de275393a6ab8b'
I0504 17:54:59.760447 20141 DBManager.cc:661] select UserID from MeetingUser where     State = 2 and MeetingID = 'c3fabea42fa7361ae7de275393a6ab8b' and HBTime > 1367661294
I0504 17:54:59.760828 20141 DBManager.cc:683] select UserID from MeetingUser where     State = 1 and MeetingID = 'c3fabea42fa7361ae7de275393a6ab8b' and HBTime > 1367661294
I0504 17:54:59.761157 20141 DBManager.cc:721] update MeetingUser set State = 3 where       State = 4 and MeetingID = 'c3fabea42fa7361ae7de275393a6ab8b'
I0504 17:54:59.767102 20141 DBManager.cc:232] insert into MeetingDocument (MeetingID, path)   values ('c3fabea42fa7361ae7de275393a6ab8b','/root/picture/c3fabea42fa7361ae7de275393a6ab8b-1367661299.bmp')
I0504 17:55:04.261694 20063 DBManager.cc:516] update MeetingUser set HBTime = 1367661304 where   MeetingID = '7bea3eeaabd67ad03e97a77993975d81' and UserID = 'f'
I0504 17:55:04.265794 20063 DBManager.cc:399] select State from MeetingUser where   MeetingID = '7bea3eeaabd67ad03e97a77993975d81' and UserID = 'f'
I0504 17:55:09.278424 20056 DBManager.cc:516] update MeetingUser set HBTime = 1367661309 where   MeetingID = '7bea3eeaabd67ad03e97a77993975d81' and UserID = 'f'
I0504 17:55:09.285176 20056 DBManager.cc:399] select State from MeetingUser where   MeetingID = '7bea3eeaabd67ad03e97a77993975d81' and UserID = 'f'
I0504 17:55:09.770534 20141 DBManager.cc:600] select MeetingID from MeetingUser where   State = 3 and HBTime < 1367661304 order by id
I0504 17:55:09.771502 20141 DBManager.cc:654] update MeetingUser set State = 4 where   State = 3 and MeetingID = 'c3fabea42fa7361ae7de275393a6ab8b'
I0504 17:55:09.771921 20141 DBManager.cc:661] select UserID from MeetingUser where     State = 2 and MeetingID = 'c3fabea42fa7361ae7de275393a6ab8b' and HBTime > 1367661304
I0504 17:55:09.772202 20141 DBManager.cc:683] select UserID from MeetingUser where     State = 1 and MeetingID = 'c3fabea42fa7361ae7de275393a6ab8b' and HBTime > 1367661304
I0504 17:55:09.772493 20141 DBManager.cc:721] update MeetingUser set State = 3 where       State = 4 and MeetingID = 'c3fabea42fa7361ae7de275393a6ab8b'
I0504 17:55:09.776608 20141 DBManager.cc:232] insert into MeetingDocument (MeetingID, path)   values ('c3fabea42fa7361ae7de275393a6ab8b','/root/picture/c3fabea42fa7361ae7de275393a6ab8b-1367661309.bmp')
I0504 17:55:14.311293 20056 DBManager.cc:516] update MeetingUser set HBTime = 1367661314 where   MeetingID = '7bea3eeaabd67ad03e97a77993975d81' and UserID = 'f'
I0504 17:55:14.317209 20056 DBManager.cc:399] select State from MeetingUser where   MeetingID = '7bea3eeaabd67ad03e97a77993975d81' and UserID = 'f'
I0504 17:55:19.345321 20090 DBManager.cc:516] update MeetingUser set HBTime = 1367661319 where   MeetingID = '7bea3eeaabd67ad03e97a77993975d81' and UserID = 'f'
I0504 17:55:19.351277 20090 DBManager.cc:399] select State from MeetingUser where   MeetingID = '7bea3eeaabd67ad03e97a77993975d81' and UserID = 'f'
I0504 17:55:19.781322 20141 DBManager.cc:600] select MeetingID from MeetingUser where   State = 3 and HBTime < 1367661314 order by id
I0504 17:55:19.782613 20141 DBManager.cc:654] update MeetingUser set State = 4 where   State = 3 and MeetingID = 'c3fabea42fa7361ae7de275393a6ab8b'
I0504 17:55:19.783102 20141 DBManager.cc:661] select UserID from MeetingUser where     State = 2 and MeetingID = 'c3fabea42fa7361ae7de275393a6ab8b' and HBTime > 1367661314
I0504 17:55:19.783447 20141 DBManager.cc:683] select UserID from MeetingUser where     State = 1 and MeetingID = 'c3fabea42fa7361ae7de275393a6ab8b' and HBTime > 1367661314
I0504 17:55:19.783767 20141 DBManager.cc:721] update MeetingUser set State = 3 where       State = 4 and MeetingID = 'c3fabea42fa7361ae7de275393a6ab8b'
I0504 17:55:19.790117 20141 DBManager.cc:232] insert into MeetingDocument (MeetingID, path)   values ('c3fabea42fa7361ae7de275393a6ab8b','/root/picture/c3fabea42fa7361ae7de275393a6ab8b-1367661319.bmp')
I0504 17:55:24.369271 20090 DBManager.cc:516] update MeetingUser set HBTime = 1367661324 where   MeetingID = '7bea3eeaabd67ad03e97a77993975d81' and UserID = 'f'
I0504 17:55:24.375387 20090 DBManager.cc:399] select State from MeetingUser where   MeetingID = '7bea3eeaabd67ad03e97a77993975d81' and UserID = 'f'
I0504 17:55:29.389969 20127 DBManager.cc:516] update MeetingUser set HBTime = 1367661329 where   MeetingID = '7bea3eeaabd67ad03e97a77993975d81' and UserID = 'f'
I0504 17:55:29.394409 20127 DBManager.cc:399] select State from MeetingUser where   MeetingID = '7bea3eeaabd67ad03e97a77993975d81' and UserID = 'f'
I0504 17:55:29.794196 20141 DBManager.cc:600] select MeetingID from MeetingUser where   State = 3 and HBTime < 1367661324 order by id
I0504 17:55:29.795337 20141 DBManager.cc:654] update MeetingUser set State = 4 where   State = 3 and MeetingID = 'c3fabea42fa7361ae7de275393a6ab8b'
I0504 17:55:29.795881 20141 DBManager.cc:661] select UserID from MeetingUser where     State = 2 and MeetingID = 'c3fabea42fa7361ae7de275393a6ab8b' and HBTime > 1367661324
I0504 17:55:29.796258 20141 DBManager.cc:683] select UserID from MeetingUser where     State = 1 and MeetingID = 'c3fabea42fa7361ae7de275393a6ab8b' and HBTime > 1367661324
I0504 17:55:29.796613 20141 DBManager.cc:721] update MeetingUser set State = 3 where       State = 4 and MeetingID = 'c3fabea42fa7361ae7de275393a6ab8b'
I0504 17:55:29.802624 20141 DBManager.cc:232] insert into MeetingDocument (MeetingID, path)   values ('c3fabea42fa7361ae7de275393a6ab8b','/root/picture/c3fabea42fa7361ae7de275393a6ab8b-1367661329.bmp')
I0504 17:55:34.409159 20056 DBManager.cc:516] update MeetingUser set HBTime = 1367661334 where   MeetingID = '7bea3eeaabd67ad03e97a77993975d81' and UserID = 'f'
I0504 17:55:34.414638 20056 DBManager.cc:399] select State from MeetingUser where   MeetingID = '7bea3eeaabd67ad03e97a77993975d81' and UserID = 'f'
I0504 17:55:37.484081 20142 DBManager.cc:540] delete from MeetingUser where   HBTime < 1367661037
I0504 17:55:37.488065 20142 DBManager.cc:561] select m.MeetingID from Meeting m where   m.state = 1 and m.MeetingID not in (select MeetingID from MeetingUser  group by MeetingID) order by id
I0504 17:55:37.489001 20142 DBManager.cc:579] update Meeting set state = 2,    DataRef = NULL where state = 1 and MeetingID not in (select     MeetingID from MeetingUser group by MeetingID)
I0504 17:55:37.495167 20142 DBManager.cc:141] select Port from Meeting where   MeetingID = 'c3fabea42fa7361ae7de275393a6ab8b'
I0504 17:55:39.434573 20127 DBManager.cc:516] update MeetingUser set HBTime = 1367661339 where   MeetingID = '7bea3eeaabd67ad03e97a77993975d81' and UserID = 'f'
I0504 17:55:39.437840 20127 DBManager.cc:399] select State from MeetingUser where   MeetingID = '7bea3eeaabd67ad03e97a77993975d81' and UserID = 'f'
I0504 17:55:39.807014 20141 DBManager.cc:600] select MeetingID from MeetingUser where   State = 3 and HBTime < 1367661334 order by id
I0504 17:55:44.452366 20127 DBManager.cc:516] update MeetingUser set HBTime = 1367661344 where   MeetingID = '7bea3eeaabd67ad03e97a77993975d81' and UserID = 'f'
I0504 17:55:44.457459 20127 DBManager.cc:399] select State from MeetingUser where   MeetingID = '7bea3eeaabd67ad03e97a77993975d81' and UserID = 'f'
I0504 17:55:49.468515 20127 DBManager.cc:516] update MeetingUser set HBTime = 1367661349 where   MeetingID = '7bea3eeaabd67ad03e97a77993975d81' and UserID = 'f'
I0504 17:55:49.474412 20127 DBManager.cc:399] select State from MeetingUser where   MeetingID = '7bea3eeaabd67ad03e97a77993975d81' and UserID = 'f'
I0504 17:55:49.811337 20141 DBManager.cc:600] select MeetingID from MeetingUser where   State = 3 and HBTime < 1367661344 order by id
I0504 17:55:54.558851 20100 DBManager.cc:516] update MeetingUser set HBTime = 1367661354 where   MeetingID = '7bea3eeaabd67ad03e97a77993975d81' and UserID = 'f'
I0504 17:55:54.564664 20100 DBManager.cc:399] select State from MeetingUser where   MeetingID = '7bea3eeaabd67ad03e97a77993975d81' and UserID = 'f'
I0504 17:55:59.714114 20127 DBManager.cc:516] update MeetingUser set HBTime = 1367661359 where   MeetingID = '7bea3eeaabd67ad03e97a77993975d81' and UserID = 'f'
I0504 17:55:59.717689 20127 DBManager.cc:399] select State from MeetingUser where   MeetingID = '7bea3eeaabd67ad03e97a77993975d81' and UserID = 'f'
I0504 17:55:59.815805 20141 DBManager.cc:600] select MeetingID from MeetingUser where   State = 3 and HBTime < 1367661354 order by id
I0504 17:56:04.919049 20127 DBManager.cc:516] update MeetingUser set HBTime = 1367661364 where   MeetingID = '7bea3eeaabd67ad03e97a77993975d81' and UserID = 'f'
I0504 17:56:04.923871 20127 DBManager.cc:399] select State from MeetingUser where   MeetingID = '7bea3eeaabd67ad03e97a77993975d81' and UserID = 'f'
I0504 17:56:09.820147 20141 DBManager.cc:600] select MeetingID from MeetingUser where   State = 3 and HBTime < 1367661364 order by id
I0504 17:56:11.212080 20063 DBManager.cc:516] update MeetingUser set HBTime = 1367661371 where   MeetingID = '7bea3eeaabd67ad03e97a77993975d81' and UserID = 'f'
I0504 17:56:11.216217 20063 DBManager.cc:399] select State from MeetingUser where   MeetingID = '7bea3eeaabd67ad03e97a77993975d81' and UserID = 'f'
I0504 17:56:16.313384 20063 DBManager.cc:516] update MeetingUser set HBTime = 1367661376 where   MeetingID = '7bea3eeaabd67ad03e97a77993975d81' and UserID = 'f'
I0504 17:56:16.317523 20063 DBManager.cc:399] select State from MeetingUser where   MeetingID = '7bea3eeaabd67ad03e97a77993975d81' and UserID = 'f'
I0504 17:56:19.824491 20141 DBManager.cc:600] select MeetingID from MeetingUser where   State = 3 and HBTime < 1367661374 order by id
I0504 17:56:21.474900 20096 DBManager.cc:516] update MeetingUser set HBTime = 1367661381 where   MeetingID = '7bea3eeaabd67ad03e97a77993975d81' and UserID = 'f'
I0504 17:56:21.479444 20096 DBManager.cc:399] select State from MeetingUser where   MeetingID = '7bea3eeaabd67ad03e97a77993975d81' and UserID = 'f'
I0504 17:56:26.550654 20100 DBManager.cc:516] update MeetingUser set HBTime = 1367661386 where   MeetingID = '7bea3eeaabd67ad03e97a77993975d81' and UserID = 'f'
I0504 17:56:26.554990 20100 DBManager.cc:399] select State from MeetingUser where   MeetingID = '7bea3eeaabd67ad03e97a77993975d81' and UserID = 'f'
I0504 17:56:29.829725 20141 DBManager.cc:600] select MeetingID from MeetingUser where   State = 3 and HBTime < 1367661384 order by id
I0504 17:56:31.572818 20073 DBManager.cc:516] update MeetingUser set HBTime = 1367661391 where   MeetingID = '7bea3eeaabd67ad03e97a77993975d81' and UserID = 'f'
I0504 17:56:31.577752 20073 DBManager.cc:399] select State from MeetingUser where   MeetingID = '7bea3eeaabd67ad03e97a77993975d81' and UserID = 'f'
I0504 17:56:36.602363 20127 DBManager.cc:516] update MeetingUser set HBTime = 1367661396 where   MeetingID = '7bea3eeaabd67ad03e97a77993975d81' and UserID = 'f'
I0504 17:56:36.606063 20127 DBManager.cc:399] select State from MeetingUser where   MeetingID = '7bea3eeaabd67ad03e97a77993975d81' and UserID = 'f'
I0504 17:56:39.834111 20141 DBManager.cc:600] select MeetingID from MeetingUser where   State = 3 and HBTime < 1367661394 order by id
I0504 17:56:41.616263 20093 DBManager.cc:516] update MeetingUser set HBTime = 1367661401 where   MeetingID = '7bea3eeaabd67ad03e97a77993975d81' and UserID = 'f'
I0504 17:56:41.618830 20093 DBManager.cc:399] select State from MeetingUser where   MeetingID = '7bea3eeaabd67ad03e97a77993975d81' and UserID = 'f'
I0504 17:56:46.636618 20134 DBManager.cc:516] update MeetingUser set HBTime = 1367661406 where   MeetingID = '7bea3eeaabd67ad03e97a77993975d81' and UserID = 'f'
I0504 17:56:46.641063 20134 DBManager.cc:399] select State from MeetingUser where   MeetingID = '7bea3eeaabd67ad03e97a77993975d81' and UserID = 'f'
I0504 17:56:49.838454 20141 DBManager.cc:600] select MeetingID from MeetingUser where   State = 3 and HBTime < 1367661404 order by id
I0504 17:56:51.656527 20085 DBManager.cc:516] update MeetingUser set HBTime = 1367661411 where   MeetingID = '7bea3eeaabd67ad03e97a77993975d81' and UserID = 'f'
I0504 17:56:51.660881 20085 DBManager.cc:399] select State from MeetingUser where   MeetingID = '7bea3eeaabd67ad03e97a77993975d81' and UserID = 'f'
I0504 17:56:56.704849 20093 DBManager.cc:516] update MeetingUser set HBTime = 1367661416 where   MeetingID = '7bea3eeaabd67ad03e97a77993975d81' and UserID = 'f'
I0504 17:56:56.709112 20093 DBManager.cc:399] select State from MeetingUser where   MeetingID = '7bea3eeaabd67ad03e97a77993975d81' and UserID = 'f'
I0504 17:56:59.843222 20141 DBManager.cc:600] select MeetingID from MeetingUser where   State = 3 and HBTime < 1367661414 order by id
I0504 17:57:01.746733 20085 DBManager.cc:516] update MeetingUser set HBTime = 1367661421 where   MeetingID = '7bea3eeaabd67ad03e97a77993975d81' and UserID = 'f'
I0504 17:57:01.750921 20085 DBManager.cc:399] select State from MeetingUser where   MeetingID = '7bea3eeaabd67ad03e97a77993975d81' and UserID = 'f'
I0504 17:57:06.772469 20074 DBManager.cc:516] update MeetingUser set HBTime = 1367661426 where   MeetingID = '7bea3eeaabd67ad03e97a77993975d81' and UserID = 'f'
I0504 17:57:06.776782 20074 DBManager.cc:399] select State from MeetingUser where   MeetingID = '7bea3eeaabd67ad03e97a77993975d81' and UserID = 'f'
I0504 17:57:09.847754 20141 DBManager.cc:600] select MeetingID from MeetingUser where   State = 3 and HBTime < 1367661424 order by id
I0504 17:57:19.852068 20141 DBManager.cc:600] select MeetingID from MeetingUser where   State = 3 and HBTime < 1367661434 order by id
I0504 17:57:19.853060 20141 DBManager.cc:654] update MeetingUser set State = 4 where   State = 3 and MeetingID = '7bea3eeaabd67ad03e97a77993975d81'
I0504 17:57:19.853342 20141 DBManager.cc:661] select UserID from MeetingUser where     State = 2 and MeetingID = '7bea3eeaabd67ad03e97a77993975d81' and HBTime > 1367661434
I0504 17:57:19.853517 20141 DBManager.cc:683] select UserID from MeetingUser where     State = 1 and MeetingID = '7bea3eeaabd67ad03e97a77993975d81' and HBTime > 1367661434
I0504 17:57:19.853700 20141 DBManager.cc:721] update MeetingUser set State = 3 where       State = 4 and MeetingID = '7bea3eeaabd67ad03e97a77993975d81'
I0504 17:57:19.858886 20141 DBManager.cc:232] insert into MeetingDocument (MeetingID, path)   values ('7bea3eeaabd67ad03e97a77993975d81','/root/picture/7bea3eeaabd67ad03e97a77993975d81-1367661439.bmp')
I0504 17:57:29.863178 20141 DBManager.cc:600] select MeetingID from MeetingUser where   State = 3 and HBTime < 1367661444 order by id
I0504 17:57:29.864176 20141 DBManager.cc:654] update MeetingUser set State = 4 where   State = 3 and MeetingID = '7bea3eeaabd67ad03e97a77993975d81'
I0504 17:57:29.864661 20141 DBManager.cc:661] select UserID from MeetingUser where     State = 2 and MeetingID = '7bea3eeaabd67ad03e97a77993975d81' and HBTime > 1367661444
I0504 17:57:29.865020 20141 DBManager.cc:683] select UserID from MeetingUser where     State = 1 and MeetingID = '7bea3eeaabd67ad03e97a77993975d81' and HBTime > 1367661444
I0504 17:57:29.865378 20141 DBManager.cc:721] update MeetingUser set State = 3 where       State = 4 and MeetingID = '7bea3eeaabd67ad03e97a77993975d81'
I0504 17:57:29.871323 20141 DBManager.cc:232] insert into MeetingDocument (MeetingID, path)   values ('7bea3eeaabd67ad03e97a77993975d81','/root/picture/7bea3eeaabd67ad03e97a77993975d81-1367661449.bmp')
I0504 17:57:39.876786 20141 DBManager.cc:600] select MeetingID from MeetingUser where   State = 3 and HBTime < 1367661454 order by id
I0504 17:57:39.877977 20141 DBManager.cc:654] update MeetingUser set State = 4 where   State = 3 and MeetingID = '7bea3eeaabd67ad03e97a77993975d81'
I0504 17:57:39.878630 20141 DBManager.cc:661] select UserID from MeetingUser where     State = 2 and MeetingID = '7bea3eeaabd67ad03e97a77993975d81' and HBTime > 1367661454
I0504 17:57:39.879015 20141 DBManager.cc:683] select UserID from MeetingUser where     State = 1 and MeetingID = '7bea3eeaabd67ad03e97a77993975d81' and HBTime > 1367661454
I0504 17:57:39.879370 20141 DBManager.cc:721] update MeetingUser set State = 3 where       State = 4 and MeetingID = '7bea3eeaabd67ad03e97a77993975d81'
I0504 17:57:39.883680 20141 DBManager.cc:232] insert into MeetingDocument (MeetingID, path)   values ('7bea3eeaabd67ad03e97a77993975d81','/root/picture/7bea3eeaabd67ad03e97a77993975d81-1367661459.bmp')
I0504 17:57:49.887922 20141 DBManager.cc:600] select MeetingID from MeetingUser where   State = 3 and HBTime < 1367661464 order by id
I0504 17:57:49.889358 20141 DBManager.cc:654] update MeetingUser set State = 4 where   State = 3 and MeetingID = '7bea3eeaabd67ad03e97a77993975d81'
I0504 17:57:49.889925 20141 DBManager.cc:661] select UserID from MeetingUser where     State = 2 and MeetingID = '7bea3eeaabd67ad03e97a77993975d81' and HBTime > 1367661464
I0504 17:57:49.890332 20141 DBManager.cc:683] select UserID from MeetingUser where     State = 1 and MeetingID = '7bea3eeaabd67ad03e97a77993975d81' and HBTime > 1367661464
I0504 17:57:49.890722 20141 DBManager.cc:721] update MeetingUser set State = 3 where       State = 4 and MeetingID = '7bea3eeaabd67ad03e97a77993975d81'
I0504 17:57:49.896852 20141 DBManager.cc:232] insert into MeetingDocument (MeetingID, path)   values ('7bea3eeaabd67ad03e97a77993975d81','/root/picture/7bea3eeaabd67ad03e97a77993975d81-1367661469.bmp')
I0504 17:57:59.901226 20141 DBManager.cc:600] select MeetingID from MeetingUser where   State = 3 and HBTime < 1367661474 order by id
I0504 17:57:59.902396 20141 DBManager.cc:654] update MeetingUser set State = 4 where   State = 3 and MeetingID = '7bea3eeaabd67ad03e97a77993975d81'
I0504 17:57:59.902916 20141 DBManager.cc:661] select UserID from MeetingUser where     State = 2 and MeetingID = '7bea3eeaabd67ad03e97a77993975d81' and HBTime > 1367661474
I0504 17:57:59.903278 20141 DBManager.cc:683] select UserID from MeetingUser where     State = 1 and MeetingID = '7bea3eeaabd67ad03e97a77993975d81' and HBTime > 1367661474
I0504 17:57:59.903614 20141 DBManager.cc:721] update MeetingUser set State = 3 where       State = 4 and MeetingID = '7bea3eeaabd67ad03e97a77993975d81'
I0504 17:57:59.909638 20141 DBManager.cc:232] insert into MeetingDocument (MeetingID, path)   values ('7bea3eeaabd67ad03e97a77993975d81','/root/picture/7bea3eeaabd67ad03e97a77993975d81-1367661479.bmp')
I0504 17:58:09.914007 20141 DBManager.cc:600] select MeetingID from MeetingUser where   State = 3 and HBTime < 1367661484 order by id
I0504 17:58:09.915166 20141 DBManager.cc:654] update MeetingUser set State = 4 where   State = 3 and MeetingID = '7bea3eeaabd67ad03e97a77993975d81'
I0504 17:58:09.915678 20141 DBManager.cc:661] select UserID from MeetingUser where     State = 2 and MeetingID = '7bea3eeaabd67ad03e97a77993975d81' and HBTime > 1367661484
I0504 17:58:09.916086 20141 DBManager.cc:683] select UserID from MeetingUser where     State = 1 and MeetingID = '7bea3eeaabd67ad03e97a77993975d81' and HBTime > 1367661484
I0504 17:58:09.916419 20141 DBManager.cc:721] update MeetingUser set State = 3 where       State = 4 and MeetingID = '7bea3eeaabd67ad03e97a77993975d81'
I0504 17:58:09.922521 20141 DBManager.cc:232] insert into MeetingDocument (MeetingID, path)   values ('7bea3eeaabd67ad03e97a77993975d81','/root/picture/7bea3eeaabd67ad03e97a77993975d81-1367661489.bmp')
I0504 17:58:14.402962 20085 DBManager.cc:77] insert into Meeting (state) values (0)
I0504 17:58:14.407039 20085 DBManager.cc:95] update Meeting set MeetingID = 'c5eb521702ce050da94b87ffad1300bf' where   id = 3996
I0504 17:58:19.926872 20141 DBManager.cc:600] select MeetingID from MeetingUser where   State = 3 and HBTime < 1367661494 order by id
I0504 17:58:19.928267 20141 DBManager.cc:654] update MeetingUser set State = 4 where   State = 3 and MeetingID = '7bea3eeaabd67ad03e97a77993975d81'
I0504 17:58:19.928772 20141 DBManager.cc:661] select UserID from MeetingUser where     State = 2 and MeetingID = '7bea3eeaabd67ad03e97a77993975d81' and HBTime > 1367661494
I0504 17:58:19.929147 20141 DBManager.cc:683] select UserID from MeetingUser where     State = 1 and MeetingID = '7bea3eeaabd67ad03e97a77993975d81' and HBTime > 1367661494
I0504 17:58:19.929560 20141 DBManager.cc:721] update MeetingUser set State = 3 where       State = 4 and MeetingID = '7bea3eeaabd67ad03e97a77993975d81'
I0504 17:58:19.935462 20141 DBManager.cc:232] insert into MeetingDocument (MeetingID, path)   values ('7bea3eeaabd67ad03e97a77993975d81','/root/picture/7bea3eeaabd67ad03e97a77993975d81-1367661499.bmp')
I0504 17:58:20.216454 20056 DBManager.cc:347] select state from Meeting where   MeetingID = 'c5eb521702ce050da94b87ffad1300bf'
I0504 17:58:20.217919 20056 DBManager.cc:163] update Meeting set state = 1 where   MeetingID = 'c5eb521702ce050da94b87ffad1300bf'
I0504 17:58:20.220386 20056 DBManager.cc:368] insert into MeetingUser(MeetingID, UserID,         State, HBTime)  values('c5eb521702ce050da94b87ffad1300bf', 'D', 3, 1367661500)
E0504 17:58:20.220731 20056 MeetingHandler.cc:78] create meeting updater
I0504 17:58:20.226184 20056 DBManager.cc:185] update Meeting set DataRef = 12452080 where   MeetingID = 'c5eb521702ce050da94b87ffad1300bf'
I0504 17:58:20.232414 20056 DBManager.cc:117] update Meeting set Port = 11248 where   MeetingID = 'c5eb521702ce050da94b87ffad1300bf'
E0504 17:58:20.235116 20056 MeetingHandler.cc:98] join msg return
I0504 17:58:20.239831 20056 DBManager.cc:141] select Port from Meeting where   MeetingID = 'c5eb521702ce050da94b87ffad1300bf'
I0504 17:58:20.292415 20074 DBManager.cc:516] update MeetingUser set HBTime = 1367661500 where   MeetingID = 'c5eb521702ce050da94b87ffad1300bf' and UserID = 'D'
I0504 17:58:20.296561 20074 DBManager.cc:399] select State from MeetingUser where   MeetingID = 'c5eb521702ce050da94b87ffad1300bf' and UserID = 'D'
I0504 17:58:25.319519 20056 DBManager.cc:516] update MeetingUser set HBTime = 1367661505 where   MeetingID = 'c5eb521702ce050da94b87ffad1300bf' and UserID = 'D'
I0504 17:58:25.323772 20056 DBManager.cc:399] select State from MeetingUser where   MeetingID = 'c5eb521702ce050da94b87ffad1300bf' and UserID = 'D'
I0504 17:58:29.939762 20141 DBManager.cc:600] select MeetingID from MeetingUser where   State = 3 and HBTime < 1367661504 order by id
I0504 17:58:29.940881 20141 DBManager.cc:654] update MeetingUser set State = 4 where   State = 3 and MeetingID = '7bea3eeaabd67ad03e97a77993975d81'
I0504 17:58:29.941462 20141 DBManager.cc:661] select UserID from MeetingUser where     State = 2 and MeetingID = '7bea3eeaabd67ad03e97a77993975d81' and HBTime > 1367661504
I0504 17:58:29.941913 20141 DBManager.cc:683] select UserID from MeetingUser where     State = 1 and MeetingID = '7bea3eeaabd67ad03e97a77993975d81' and HBTime > 1367661504
I0504 17:58:29.942338 20141 DBManager.cc:721] update MeetingUser set State = 3 where       State = 4 and MeetingID = '7bea3eeaabd67ad03e97a77993975d81'
I0504 17:58:29.948401 20141 DBManager.cc:232] insert into MeetingDocument (MeetingID, path)   values ('7bea3eeaabd67ad03e97a77993975d81','/root/picture/7bea3eeaabd67ad03e97a77993975d81-1367661509.bmp')
I0504 17:58:30.363241 20089 DBManager.cc:516] update MeetingUser set HBTime = 1367661510 where   MeetingID = 'c5eb521702ce050da94b87ffad1300bf' and UserID = 'D'
I0504 17:58:30.541688 20089 DBManager.cc:399] select State from MeetingUser where   MeetingID = 'c5eb521702ce050da94b87ffad1300bf' and UserID = 'D'
I0504 17:58:35.556177 20093 DBManager.cc:516] update MeetingUser set HBTime = 1367661515 where   MeetingID = 'c5eb521702ce050da94b87ffad1300bf' and UserID = 'D'
I0504 17:58:35.560259 20093 DBManager.cc:399] select State from MeetingUser where   MeetingID = 'c5eb521702ce050da94b87ffad1300bf' and UserID = 'D'
I0504 17:58:39.952636 20141 DBManager.cc:600] select MeetingID from MeetingUser where   State = 3 and HBTime < 1367661514 order by id
I0504 17:58:39.953948 20141 DBManager.cc:654] update MeetingUser set State = 4 where   State = 3 and MeetingID = '7bea3eeaabd67ad03e97a77993975d81'
I0504 17:58:39.954546 20141 DBManager.cc:661] select UserID from MeetingUser where     State = 2 and MeetingID = '7bea3eeaabd67ad03e97a77993975d81' and HBTime > 1367661514
I0504 17:58:39.954996 20141 DBManager.cc:683] select UserID from MeetingUser where     State = 1 and MeetingID = '7bea3eeaabd67ad03e97a77993975d81' and HBTime > 1367661514
I0504 17:58:39.955426 20141 DBManager.cc:721] update MeetingUser set State = 3 where       State = 4 and MeetingID = '7bea3eeaabd67ad03e97a77993975d81'
I0504 17:58:39.961422 20141 DBManager.cc:232] insert into MeetingDocument (MeetingID, path)   values ('7bea3eeaabd67ad03e97a77993975d81','/root/picture/7bea3eeaabd67ad03e97a77993975d81-1367661519.bmp')
I0504 17:58:40.574702 20093 DBManager.cc:516] update MeetingUser set HBTime = 1367661520 where   MeetingID = 'c5eb521702ce050da94b87ffad1300bf' and UserID = 'D'
I0504 17:58:40.581624 20093 DBManager.cc:399] select State from MeetingUser where   MeetingID = 'c5eb521702ce050da94b87ffad1300bf' and UserID = 'D'
I0504 17:58:45.603978 20093 DBManager.cc:516] update MeetingUser set HBTime = 1367661525 where   MeetingID = 'c5eb521702ce050da94b87ffad1300bf' and UserID = 'D'
I0504 17:58:45.608410 20093 DBManager.cc:399] select State from MeetingUser where   MeetingID = 'c5eb521702ce050da94b87ffad1300bf' and UserID = 'D'
I0504 17:58:49.965723 20141 DBManager.cc:600] select MeetingID from MeetingUser where   State = 3 and HBTime < 1367661524 order by id
I0504 17:58:49.966954 20141 DBManager.cc:654] update MeetingUser set State = 4 where   State = 3 and MeetingID = '7bea3eeaabd67ad03e97a77993975d81'
I0504 17:58:49.967447 20141 DBManager.cc:661] select UserID from MeetingUser where     State = 2 and MeetingID = '7bea3eeaabd67ad03e97a77993975d81' and HBTime > 1367661524
I0504 17:58:49.967799 20141 DBManager.cc:683] select UserID from MeetingUser where     State = 1 and MeetingID = '7bea3eeaabd67ad03e97a77993975d81' and HBTime > 1367661524
I0504 17:58:49.968132 20141 DBManager.cc:721] update MeetingUser set State = 3 where       State = 4 and MeetingID = '7bea3eeaabd67ad03e97a77993975d81'
I0504 17:58:49.974102 20141 DBManager.cc:232] insert into MeetingDocument (MeetingID, path)   values ('7bea3eeaabd67ad03e97a77993975d81','/root/picture/7bea3eeaabd67ad03e97a77993975d81-1367661529.bmp')
I0504 17:58:50.637560 20127 DBManager.cc:516] update MeetingUser set HBTime = 1367661530 where   MeetingID = 'c5eb521702ce050da94b87ffad1300bf' and UserID = 'D'
I0504 17:58:50.646224 20127 DBManager.cc:399] select State from MeetingUser where   MeetingID = 'c5eb521702ce050da94b87ffad1300bf' and UserID = 'D'
I0504 17:58:55.659344 20121 DBManager.cc:516] update MeetingUser set HBTime = 1367661535 where   MeetingID = 'c5eb521702ce050da94b87ffad1300bf' and UserID = 'D'
I0504 17:58:55.664109 20121 DBManager.cc:399] select State from MeetingUser where   MeetingID = 'c5eb521702ce050da94b87ffad1300bf' and UserID = 'D'
I0504 17:58:59.978734 20141 DBManager.cc:600] select MeetingID from MeetingUser where   State = 3 and HBTime < 1367661534 order by id
I0504 17:58:59.979751 20141 DBManager.cc:654] update MeetingUser set State = 4 where   State = 3 and MeetingID = '7bea3eeaabd67ad03e97a77993975d81'
I0504 17:58:59.980247 20141 DBManager.cc:661] select UserID from MeetingUser where     State = 2 and MeetingID = '7bea3eeaabd67ad03e97a77993975d81' and HBTime > 1367661534
I0504 17:58:59.980597 20141 DBManager.cc:683] select UserID from MeetingUser where     State = 1 and MeetingID = '7bea3eeaabd67ad03e97a77993975d81' and HBTime > 1367661534
I0504 17:58:59.980968 20141 DBManager.cc:721] update MeetingUser set State = 3 where       State = 4 and MeetingID = '7bea3eeaabd67ad03e97a77993975d81'
I0504 17:58:59.987004 20141 DBManager.cc:232] insert into MeetingDocument (MeetingID, path)   values ('7bea3eeaabd67ad03e97a77993975d81','/root/picture/7bea3eeaabd67ad03e97a77993975d81-1367661539.bmp')
I0504 17:59:00.681777 20089 DBManager.cc:516] update MeetingUser set HBTime = 1367661540 where   MeetingID = 'c5eb521702ce050da94b87ffad1300bf' and UserID = 'D'
I0504 17:59:00.689218 20089 DBManager.cc:399] select State from MeetingUser where   MeetingID = 'c5eb521702ce050da94b87ffad1300bf' and UserID = 'D'
I0504 17:59:05.704551 20089 DBManager.cc:516] update MeetingUser set HBTime = 1367661545 where   MeetingID = 'c5eb521702ce050da94b87ffad1300bf' and UserID = 'D'
I0504 17:59:05.707247 20089 DBManager.cc:399] select State from MeetingUser where   MeetingID = 'c5eb521702ce050da94b87ffad1300bf' and UserID = 'D'
I0504 17:59:09.991186 20141 DBManager.cc:600] select MeetingID from MeetingUser where   State = 3 and HBTime < 1367661544 order by id
I0504 17:59:09.992298 20141 DBManager.cc:654] update MeetingUser set State = 4 where   State = 3 and MeetingID = '7bea3eeaabd67ad03e97a77993975d81'
I0504 17:59:09.992807 20141 DBManager.cc:661] select UserID from MeetingUser where     State = 2 and MeetingID = '7bea3eeaabd67ad03e97a77993975d81' and HBTime > 1367661544
I0504 17:59:09.993165 20141 DBManager.cc:683] select UserID from MeetingUser where     State = 1 and MeetingID = '7bea3eeaabd67ad03e97a77993975d81' and HBTime > 1367661544
I0504 17:59:09.993500 20141 DBManager.cc:721] update MeetingUser set State = 3 where       State = 4 and MeetingID = '7bea3eeaabd67ad03e97a77993975d81'
I0504 17:59:09.999348 20141 DBManager.cc:232] insert into MeetingDocument (MeetingID, path)   values ('7bea3eeaabd67ad03e97a77993975d81','/root/picture/7bea3eeaabd67ad03e97a77993975d81-1367661549.bmp')
I0504 17:59:10.754878 20085 DBManager.cc:516] update MeetingUser set HBTime = 1367661550 where   MeetingID = 'c5eb521702ce050da94b87ffad1300bf' and UserID = 'D'
I0504 17:59:10.758973 20085 DBManager.cc:399] select State from MeetingUser where   MeetingID = 'c5eb521702ce050da94b87ffad1300bf' and UserID = 'D'
I0504 17:59:15.798758 20093 DBManager.cc:516] update MeetingUser set HBTime = 1367661555 where   MeetingID = 'c5eb521702ce050da94b87ffad1300bf' and UserID = 'D'
I0504 17:59:15.802870 20093 DBManager.cc:399] select State from MeetingUser where   MeetingID = 'c5eb521702ce050da94b87ffad1300bf' and UserID = 'D'
I0504 17:59:20.003571 20141 DBManager.cc:600] select MeetingID from MeetingUser where   State = 3 and HBTime < 1367661554 order by id
I0504 17:59:20.005096 20141 DBManager.cc:654] update MeetingUser set State = 4 where   State = 3 and MeetingID = '7bea3eeaabd67ad03e97a77993975d81'
I0504 17:59:20.005620 20141 DBManager.cc:661] select UserID from MeetingUser where     State = 2 and MeetingID = '7bea3eeaabd67ad03e97a77993975d81' and HBTime > 1367661555
I0504 17:59:20.006031 20141 DBManager.cc:683] select UserID from MeetingUser where     State = 1 and MeetingID = '7bea3eeaabd67ad03e97a77993975d81' and HBTime > 1367661555
I0504 17:59:20.006392 20141 DBManager.cc:721] update MeetingUser set State = 3 where       State = 4 and MeetingID = '7bea3eeaabd67ad03e97a77993975d81'
I0504 17:59:20.012625 20141 DBManager.cc:232] insert into MeetingDocument (MeetingID, path)   values ('7bea3eeaabd67ad03e97a77993975d81','/root/picture/7bea3eeaabd67ad03e97a77993975d81-1367661560.bmp')
I0504 17:59:20.853911 20138 DBManager.cc:516] update MeetingUser set HBTime = 1367661560 where   MeetingID = 'c5eb521702ce050da94b87ffad1300bf' and UserID = 'D'
I0504 17:59:20.861024 20138 DBManager.cc:399] select State from MeetingUser where   MeetingID = 'c5eb521702ce050da94b87ffad1300bf' and UserID = 'D'
I0504 17:59:25.880050 20060 DBManager.cc:516] update MeetingUser set HBTime = 1367661565 where   MeetingID = 'c5eb521702ce050da94b87ffad1300bf' and UserID = 'D'
I0504 17:59:25.884196 20060 DBManager.cc:399] select State from MeetingUser where   MeetingID = 'c5eb521702ce050da94b87ffad1300bf' and UserID = 'D'
I0504 17:59:30.017729 20141 DBManager.cc:600] select MeetingID from MeetingUser where   State = 3 and HBTime < 1367661565 order by id
I0504 17:59:30.018533 20141 DBManager.cc:654] update MeetingUser set State = 4 where   State = 3 and MeetingID = '7bea3eeaabd67ad03e97a77993975d81'
I0504 17:59:30.018823 20141 DBManager.cc:661] select UserID from MeetingUser where     State = 2 and MeetingID = '7bea3eeaabd67ad03e97a77993975d81' and HBTime > 1367661565
I0504 17:59:30.019011 20141 DBManager.cc:683] select UserID from MeetingUser where     State = 1 and MeetingID = '7bea3eeaabd67ad03e97a77993975d81' and HBTime > 1367661565
I0504 17:59:30.019173 20141 DBManager.cc:721] update MeetingUser set State = 3 where       State = 4 and MeetingID = '7bea3eeaabd67ad03e97a77993975d81'
I0504 17:59:30.036592 20141 DBManager.cc:232] insert into MeetingDocument (MeetingID, path)   values ('7bea3eeaabd67ad03e97a77993975d81','/root/picture/7bea3eeaabd67ad03e97a77993975d81-1367661570.bmp')
I0504 17:59:30.895879 20057 DBManager.cc:516] update MeetingUser set HBTime = 1367661570 where   MeetingID = 'c5eb521702ce050da94b87ffad1300bf' and UserID = 'D'
I0504 17:59:30.898133 20057 DBManager.cc:399] select State from MeetingUser where   MeetingID = 'c5eb521702ce050da94b87ffad1300bf' and UserID = 'D'
I0504 17:59:35.914537 20058 DBManager.cc:516] update MeetingUser set HBTime = 1367661575 where   MeetingID = 'c5eb521702ce050da94b87ffad1300bf' and UserID = 'D'
I0504 17:59:35.918581 20058 DBManager.cc:399] select State from MeetingUser where   MeetingID = 'c5eb521702ce050da94b87ffad1300bf' and UserID = 'D'
I0504 17:59:40.039443 20141 DBManager.cc:600] select MeetingID from MeetingUser where   State = 3 and HBTime < 1367661575 order by id
I0504 17:59:40.040251 20141 DBManager.cc:654] update MeetingUser set State = 4 where   State = 3 and MeetingID = '7bea3eeaabd67ad03e97a77993975d81'
I0504 17:59:40.040685 20141 DBManager.cc:661] select UserID from MeetingUser where     State = 2 and MeetingID = '7bea3eeaabd67ad03e97a77993975d81' and HBTime > 1367661575
I0504 17:59:40.041033 20141 DBManager.cc:683] select UserID from MeetingUser where     State = 1 and MeetingID = '7bea3eeaabd67ad03e97a77993975d81' and HBTime > 1367661575
I0504 17:59:40.041360 20141 DBManager.cc:721] update MeetingUser set State = 3 where       State = 4 and MeetingID = '7bea3eeaabd67ad03e97a77993975d81'
I0504 17:59:40.046412 20141 DBManager.cc:232] insert into MeetingDocument (MeetingID, path)   values ('7bea3eeaabd67ad03e97a77993975d81','/root/picture/7bea3eeaabd67ad03e97a77993975d81-1367661580.bmp')
I0504 17:59:40.984374 20055 DBManager.cc:516] update MeetingUser set HBTime = 1367661580 where   MeetingID = 'c5eb521702ce050da94b87ffad1300bf' and UserID = 'D'
I0504 17:59:40.988515 20055 DBManager.cc:399] select State from MeetingUser where   MeetingID = 'c5eb521702ce050da94b87ffad1300bf' and UserID = 'D'
I0504 17:59:46.004350 20060 DBManager.cc:516] update MeetingUser set HBTime = 1367661585 where   MeetingID = 'c5eb521702ce050da94b87ffad1300bf' and UserID = 'D'
I0504 17:59:46.009367 20060 DBManager.cc:399] select State from MeetingUser where   MeetingID = 'c5eb521702ce050da94b87ffad1300bf' and UserID = 'D'
I0504 17:59:50.050618 20141 DBManager.cc:600] select MeetingID from MeetingUser where   State = 3 and HBTime < 1367661585 order by id
