I0504 18:05:00.431845 20141 DBManager.cc:600] select MeetingID from MeetingUser where   State = 3 and HBTime < 1367661895 order by id
I0504 18:05:00.432701 20141 DBManager.cc:654] update MeetingUser set State = 4 where   State = 3 and MeetingID = '7bea3eeaabd67ad03e97a77993975d81'
I0504 18:05:00.433059 20141 DBManager.cc:661] select UserID from MeetingUser where     State = 2 and MeetingID = '7bea3eeaabd67ad03e97a77993975d81' and HBTime > 1367661895
I0504 18:05:00.433382 20141 DBManager.cc:683] select UserID from MeetingUser where     State = 1 and MeetingID = '7bea3eeaabd67ad03e97a77993975d81' and HBTime > 1367661895
I0504 18:05:00.433706 20141 DBManager.cc:721] update MeetingUser set State = 3 where       State = 4 and MeetingID = '7bea3eeaabd67ad03e97a77993975d81'
I0504 18:05:00.437830 20141 DBManager.cc:232] insert into MeetingDocument (MeetingID, path)   values ('7bea3eeaabd67ad03e97a77993975d81','/root/picture/7bea3eeaabd67ad03e97a77993975d81-1367661900.bmp')
I0504 18:05:03.903481 20053 DBManager.cc:516] update MeetingUser set HBTime = 1367661903 where   MeetingID = 'c5eb521702ce050da94b87ffad1300bf' and UserID = 'D'
I0504 18:05:03.906497 20053 DBManager.cc:399] select State from MeetingUser where   MeetingID = 'c5eb521702ce050da94b87ffad1300bf' and UserID = 'D'
I0504 18:05:08.930696 20117 DBManager.cc:516] update MeetingUser set HBTime = 1367661908 where   MeetingID = 'c5eb521702ce050da94b87ffad1300bf' and UserID = 'D'
I0504 18:05:08.935669 20117 DBManager.cc:399] select State from MeetingUser where   MeetingID = 'c5eb521702ce050da94b87ffad1300bf' and UserID = 'D'
I0504 18:05:10.443660 20141 DBManager.cc:600] select MeetingID from MeetingUser where   State = 3 and HBTime < 1367661905 order by id
I0504 18:05:10.444957 20141 DBManager.cc:654] update MeetingUser set State = 4 where   State = 3 and MeetingID = '7bea3eeaabd67ad03e97a77993975d81'
I0504 18:05:10.445564 20141 DBManager.cc:661] select UserID from MeetingUser where     State = 2 and MeetingID = '7bea3eeaabd67ad03e97a77993975d81' and HBTime > 1367661905
I0504 18:05:10.446256 20141 DBManager.cc:683] select UserID from MeetingUser where     State = 1 and MeetingID = '7bea3eeaabd67ad03e97a77993975d81' and HBTime > 1367661905
I0504 18:05:10.446856 20141 DBManager.cc:721] update MeetingUser set State = 3 where       State = 4 and MeetingID = '7bea3eeaabd67ad03e97a77993975d81'
I0504 18:05:10.457360 20141 DBManager.cc:232] insert into MeetingDocument (MeetingID, path)   values ('7bea3eeaabd67ad03e97a77993975d81','/root/picture/7bea3eeaabd67ad03e97a77993975d81-1367661910.bmp')
I0504 18:05:13.990031 20095 DBManager.cc:516] update MeetingUser set HBTime = 1367661913 where   MeetingID = 'c5eb521702ce050da94b87ffad1300bf' and UserID = 'D'
I0504 18:05:13.994504 20095 DBManager.cc:399] select State from MeetingUser where   MeetingID = 'c5eb521702ce050da94b87ffad1300bf' and UserID = 'D'
I0504 18:05:19.008291 20117 DBManager.cc:516] update MeetingUser set HBTime = 1367661919 where   MeetingID = 'c5eb521702ce050da94b87ffad1300bf' and UserID = 'D'
I0504 18:05:19.014214 20117 DBManager.cc:399] select State from MeetingUser where   MeetingID = 'c5eb521702ce050da94b87ffad1300bf' and UserID = 'D'
I0504 18:05:20.461587 20141 DBManager.cc:600] select MeetingID from MeetingUser where   State = 3 and HBTime < 1367661915 order by id
I0504 18:05:20.463065 20141 DBManager.cc:654] update MeetingUser set State = 4 where   State = 3 and MeetingID = '7bea3eeaabd67ad03e97a77993975d81'
I0504 18:05:20.463557 20141 DBManager.cc:661] select UserID from MeetingUser where     State = 2 and MeetingID = '7bea3eeaabd67ad03e97a77993975d81' and HBTime > 1367661915
I0504 18:05:20.463862 20141 DBManager.cc:683] select UserID from MeetingUser where     State = 1 and MeetingID = '7bea3eeaabd67ad03e97a77993975d81' and HBTime > 1367661915
I0504 18:05:20.464169 20141 DBManager.cc:721] update MeetingUser set State = 3 where       State = 4 and MeetingID = '7bea3eeaabd67ad03e97a77993975d81'
I0504 18:05:20.469537 20141 DBManager.cc:232] insert into MeetingDocument (MeetingID, path)   values ('7bea3eeaabd67ad03e97a77993975d81','/root/picture/7bea3eeaabd67ad03e97a77993975d81-1367661920.bmp')
I0504 18:05:24.027755 20053 DBManager.cc:516] update MeetingUser set HBTime = 1367661924 where   MeetingID = 'c5eb521702ce050da94b87ffad1300bf' and UserID = 'D'
I0504 18:05:24.032336 20053 DBManager.cc:399] select State from MeetingUser where   MeetingID = 'c5eb521702ce050da94b87ffad1300bf' and UserID = 'D'
I0504 18:05:29.045289 20127 DBManager.cc:516] update MeetingUser set HBTime = 1367661929 where   MeetingID = 'c5eb521702ce050da94b87ffad1300bf' and UserID = 'D'
I0504 18:05:29.047642 20127 DBManager.cc:399] select State from MeetingUser where   MeetingID = 'c5eb521702ce050da94b87ffad1300bf' and UserID = 'D'
I0504 18:05:30.473697 20141 DBManager.cc:600] select MeetingID from MeetingUser where   State = 3 and HBTime < 1367661925 order by id
I0504 18:05:30.474836 20141 DBManager.cc:654] update MeetingUser set State = 4 where   State = 3 and MeetingID = '7bea3eeaabd67ad03e97a77993975d81'
I0504 18:05:30.475322 20141 DBManager.cc:661] select UserID from MeetingUser where     State = 2 and MeetingID = '7bea3eeaabd67ad03e97a77993975d81' and HBTime > 1367661925
I0504 18:05:30.475667 20141 DBManager.cc:683] select UserID from MeetingUser where     State = 1 and MeetingID = '7bea3eeaabd67ad03e97a77993975d81' and HBTime > 1367661925
I0504 18:05:30.475999 20141 DBManager.cc:721] update MeetingUser set State = 3 where       State = 4 and MeetingID = '7bea3eeaabd67ad03e97a77993975d81'
I0504 18:05:30.481879 20141 DBManager.cc:232] insert into MeetingDocument (MeetingID, path)   values ('7bea3eeaabd67ad03e97a77993975d81','/root/picture/7bea3eeaabd67ad03e97a77993975d81-1367661930.bmp')
I0504 18:05:34.065847 20057 DBManager.cc:516] update MeetingUser set HBTime = 1367661934 where   MeetingID = 'c5eb521702ce050da94b87ffad1300bf' and UserID = 'D'
I0504 18:05:34.072254 20057 DBManager.cc:399] select State from MeetingUser where   MeetingID = 'c5eb521702ce050da94b87ffad1300bf' and UserID = 'D'
I0504 18:05:37.513545 20142 DBManager.cc:540] delete from MeetingUser where   HBTime < 1367661637
I0504 18:05:37.517462 20142 DBManager.cc:561] select m.MeetingID from Meeting m where   m.state = 1 and m.MeetingID not in (select MeetingID from MeetingUser  group by MeetingID) order by id
I0504 18:05:37.518318 20142 DBManager.cc:579] update Meeting set state = 2,    DataRef = NULL where state = 1 and MeetingID not in (select     MeetingID from MeetingUser group by MeetingID)
I0504 18:05:37.524637 20142 DBManager.cc:141] select Port from Meeting where   MeetingID = '7bea3eeaabd67ad03e97a77993975d81'
I0504 18:05:39.086869 20101 DBManager.cc:516] update MeetingUser set HBTime = 1367661939 where   MeetingID = 'c5eb521702ce050da94b87ffad1300bf' and UserID = 'D'
I0504 18:05:39.091990 20101 DBManager.cc:399] select State from MeetingUser where   MeetingID = 'c5eb521702ce050da94b87ffad1300bf' and UserID = 'D'
I0504 18:05:40.485162 20141 DBManager.cc:600] select MeetingID from MeetingUser where   State = 3 and HBTime < 1367661935 order by id
I0504 18:05:44.114444 20074 DBManager.cc:516] update MeetingUser set HBTime = 1367661944 where   MeetingID = 'c5eb521702ce050da94b87ffad1300bf' and UserID = 'D'
I0504 18:05:44.117802 20074 DBManager.cc:399] select State from MeetingUser where   MeetingID = 'c5eb521702ce050da94b87ffad1300bf' and UserID = 'D'
I0504 18:05:49.133322 20074 DBManager.cc:516] update MeetingUser set HBTime = 1367661949 where   MeetingID = 'c5eb521702ce050da94b87ffad1300bf' and UserID = 'D'
I0504 18:05:49.137552 20074 DBManager.cc:399] select State from MeetingUser where   MeetingID = 'c5eb521702ce050da94b87ffad1300bf' and UserID = 'D'
I0504 18:05:50.490012 20141 DBManager.cc:600] select MeetingID from MeetingUser where   State = 3 and HBTime < 1367661945 order by id
I0504 18:05:54.146190 20101 DBManager.cc:516] update MeetingUser set HBTime = 1367661954 where   MeetingID = 'c5eb521702ce050da94b87ffad1300bf' and UserID = 'D'
I0504 18:05:54.148834 20101 DBManager.cc:399] select State from MeetingUser where   MeetingID = 'c5eb521702ce050da94b87ffad1300bf' and UserID = 'D'
I0504 18:05:59.159572 20101 DBManager.cc:516] update MeetingUser set HBTime = 1367661959 where   MeetingID = 'c5eb521702ce050da94b87ffad1300bf' and UserID = 'D'
I0504 18:05:59.163882 20101 DBManager.cc:399] select State from MeetingUser where   MeetingID = 'c5eb521702ce050da94b87ffad1300bf' and UserID = 'D'
I0504 18:06:00.493036 20141 DBManager.cc:600] select MeetingID from MeetingUser where   State = 3 and HBTime < 1367661955 order by id
I0504 18:06:04.220808 20074 DBManager.cc:516] update MeetingUser set HBTime = 1367661964 where   MeetingID = 'c5eb521702ce050da94b87ffad1300bf' and UserID = 'D'
I0504 18:06:04.225191 20074 DBManager.cc:399] select State from MeetingUser where   MeetingID = 'c5eb521702ce050da94b87ffad1300bf' and UserID = 'D'
I0504 18:06:09.252007 20060 DBManager.cc:516] update MeetingUser set HBTime = 1367661969 where   MeetingID = 'c5eb521702ce050da94b87ffad1300bf' and UserID = 'D'
I0504 18:06:09.254823 20060 DBManager.cc:399] select State from MeetingUser where   MeetingID = 'c5eb521702ce050da94b87ffad1300bf' and UserID = 'D'
I0504 18:06:10.495415 20141 DBManager.cc:600] select MeetingID from MeetingUser where   State = 3 and HBTime < 1367661965 order by id
I0504 18:06:14.276409 20116 DBManager.cc:516] update MeetingUser set HBTime = 1367661974 where   MeetingID = 'c5eb521702ce050da94b87ffad1300bf' and UserID = 'D'
I0504 18:06:14.280776 20116 DBManager.cc:399] select State from MeetingUser where   MeetingID = 'c5eb521702ce050da94b87ffad1300bf' and UserID = 'D'
I0504 18:06:19.300123 20057 DBManager.cc:516] update MeetingUser set HBTime = 1367661979 where   MeetingID = 'c5eb521702ce050da94b87ffad1300bf' and UserID = 'D'
I0504 18:06:19.304256 20057 DBManager.cc:399] select State from MeetingUser where   MeetingID = 'c5eb521702ce050da94b87ffad1300bf' and UserID = 'D'
I0504 18:06:20.499675 20141 DBManager.cc:600] select MeetingID from MeetingUser where   State = 3 and HBTime < 1367661975 order by id
I0504 18:06:24.317658 20129 DBManager.cc:516] update MeetingUser set HBTime = 1367661984 where   MeetingID = 'c5eb521702ce050da94b87ffad1300bf' and UserID = 'D'
I0504 18:06:24.321815 20129 DBManager.cc:399] select State from MeetingUser where   MeetingID = 'c5eb521702ce050da94b87ffad1300bf' and UserID = 'D'
I0504 18:06:29.409209 20116 DBManager.cc:516] update MeetingUser set HBTime = 1367661989 where   MeetingID = 'c5eb521702ce050da94b87ffad1300bf' and UserID = 'D'
I0504 18:06:29.413511 20116 DBManager.cc:399] select State from MeetingUser where   MeetingID = 'c5eb521702ce050da94b87ffad1300bf' and UserID = 'D'
I0504 18:06:30.504498 20141 DBManager.cc:600] select MeetingID from MeetingUser where   State = 3 and HBTime < 1367661985 order by id
I0504 18:06:34.434062 20129 DBManager.cc:516] update MeetingUser set HBTime = 1367661994 where   MeetingID = 'c5eb521702ce050da94b87ffad1300bf' and UserID = 'D'
I0504 18:06:34.439599 20129 DBManager.cc:399] select State from MeetingUser where   MeetingID = 'c5eb521702ce050da94b87ffad1300bf' and UserID = 'D'
I0504 18:06:39.459765 20097 DBManager.cc:516] update MeetingUser set HBTime = 1367661999 where   MeetingID = 'c5eb521702ce050da94b87ffad1300bf' and UserID = 'D'
I0504 18:06:39.463731 20097 DBManager.cc:399] select State from MeetingUser where   MeetingID = 'c5eb521702ce050da94b87ffad1300bf' and UserID = 'D'
I0504 18:06:40.509048 20141 DBManager.cc:600] select MeetingID from MeetingUser where   State = 3 and HBTime < 1367661995 order by id
I0504 18:06:44.478567 20097 DBManager.cc:516] update MeetingUser set HBTime = 1367662004 where   MeetingID = 'c5eb521702ce050da94b87ffad1300bf' and UserID = 'D'
I0504 18:06:44.482847 20097 DBManager.cc:399] select State from MeetingUser where   MeetingID = 'c5eb521702ce050da94b87ffad1300bf' and UserID = 'D'
I0504 18:06:49.502308 20057 DBManager.cc:516] update MeetingUser set HBTime = 1367662009 where   MeetingID = 'c5eb521702ce050da94b87ffad1300bf' and UserID = 'D'
I0504 18:06:49.506466 20057 DBManager.cc:399] select State from MeetingUser where   MeetingID = 'c5eb521702ce050da94b87ffad1300bf' and UserID = 'D'
I0504 18:06:50.515252 20141 DBManager.cc:600] select MeetingID from MeetingUser where   State = 3 and HBTime < 1367662005 order by id
I0504 18:06:54.524276 20090 DBManager.cc:516] update MeetingUser set HBTime = 1367662014 where   MeetingID = 'c5eb521702ce050da94b87ffad1300bf' and UserID = 'D'
I0504 18:06:54.528564 20090 DBManager.cc:399] select State from MeetingUser where   MeetingID = 'c5eb521702ce050da94b87ffad1300bf' and UserID = 'D'
I0504 18:06:59.543973 20058 DBManager.cc:516] update MeetingUser set HBTime = 1367662019 where   MeetingID = 'c5eb521702ce050da94b87ffad1300bf' and UserID = 'D'
I0504 18:06:59.548198 20058 DBManager.cc:399] select State from MeetingUser where   MeetingID = 'c5eb521702ce050da94b87ffad1300bf' and UserID = 'D'
I0504 18:07:00.520570 20141 DBManager.cc:600] select MeetingID from MeetingUser where   State = 3 and HBTime < 1367662015 order by id
I0504 18:07:04.555748 20090 DBManager.cc:516] update MeetingUser set HBTime = 1367662024 where   MeetingID = 'c5eb521702ce050da94b87ffad1300bf' and UserID = 'D'
I0504 18:07:04.557889 20090 DBManager.cc:399] select State from MeetingUser where   MeetingID = 'c5eb521702ce050da94b87ffad1300bf' and UserID = 'D'
I0504 18:07:09.574625 20124 DBManager.cc:516] update MeetingUser set HBTime = 1367662029 where   MeetingID = 'c5eb521702ce050da94b87ffad1300bf' and UserID = 'D'
I0504 18:07:09.579157 20124 DBManager.cc:399] select State from MeetingUser where   MeetingID = 'c5eb521702ce050da94b87ffad1300bf' and UserID = 'D'
I0504 18:07:10.523345 20141 DBManager.cc:600] select MeetingID from MeetingUser where   State = 3 and HBTime < 1367662025 order by id
I0504 18:07:14.607895 20129 DBManager.cc:516] update MeetingUser set HBTime = 1367662034 where   MeetingID = 'c5eb521702ce050da94b87ffad1300bf' and UserID = 'D'
I0504 18:07:14.610656 20129 DBManager.cc:399] select State from MeetingUser where   MeetingID = 'c5eb521702ce050da94b87ffad1300bf' and UserID = 'D'
I0504 18:07:19.649617 20124 DBManager.cc:516] update MeetingUser set HBTime = 1367662039 where   MeetingID = 'c5eb521702ce050da94b87ffad1300bf' and UserID = 'D'
I0504 18:07:19.654337 20124 DBManager.cc:399] select State from MeetingUser where   MeetingID = 'c5eb521702ce050da94b87ffad1300bf' and UserID = 'D'
I0504 18:07:20.527740 20141 DBManager.cc:600] select MeetingID from MeetingUser where   State = 3 and HBTime < 1367662035 order by id
I0504 18:07:24.665498 20057 DBManager.cc:516] update MeetingUser set HBTime = 1367662044 where   MeetingID = 'c5eb521702ce050da94b87ffad1300bf' and UserID = 'D'
I0504 18:07:24.669605 20057 DBManager.cc:399] select State from MeetingUser where   MeetingID = 'c5eb521702ce050da94b87ffad1300bf' and UserID = 'D'
I0504 18:07:29.686844 20124 DBManager.cc:516] update MeetingUser set HBTime = 1367662049 where   MeetingID = 'c5eb521702ce050da94b87ffad1300bf' and UserID = 'D'
I0504 18:07:29.690906 20124 DBManager.cc:399] select State from MeetingUser where   MeetingID = 'c5eb521702ce050da94b87ffad1300bf' and UserID = 'D'
I0504 18:07:30.532482 20141 DBManager.cc:600] select MeetingID from MeetingUser where   State = 3 and HBTime < 1367662045 order by id
I0504 18:07:34.704838 20057 DBManager.cc:516] update MeetingUser set HBTime = 1367662054 where   MeetingID = 'c5eb521702ce050da94b87ffad1300bf' and UserID = 'D'
I0504 18:07:34.709674 20057 DBManager.cc:399] select State from MeetingUser where   MeetingID = 'c5eb521702ce050da94b87ffad1300bf' and UserID = 'D'
I0504 18:07:39.733436 20090 DBManager.cc:516] update MeetingUser set HBTime = 1367662059 where   MeetingID = 'c5eb521702ce050da94b87ffad1300bf' and UserID = 'D'
I0504 18:07:39.737488 20090 DBManager.cc:399] select State from MeetingUser where   MeetingID = 'c5eb521702ce050da94b87ffad1300bf' and UserID = 'D'
I0504 18:07:40.535312 20141 DBManager.cc:600] select MeetingID from MeetingUser where   State = 3 and HBTime < 1367662055 order by id
I0504 18:07:44.766115 20057 DBManager.cc:516] update MeetingUser set HBTime = 1367662064 where   MeetingID = 'c5eb521702ce050da94b87ffad1300bf' and UserID = 'D'
I0504 18:07:44.768929 20057 DBManager.cc:399] select State from MeetingUser where   MeetingID = 'c5eb521702ce050da94b87ffad1300bf' and UserID = 'D'
I0504 18:07:49.790329 20090 DBManager.cc:516] update MeetingUser set HBTime = 1367662069 where   MeetingID = 'c5eb521702ce050da94b87ffad1300bf' and UserID = 'D'
I0504 18:07:49.794404 20090 DBManager.cc:399] select State from MeetingUser where   MeetingID = 'c5eb521702ce050da94b87ffad1300bf' and UserID = 'D'
I0504 18:07:50.539650 20141 DBManager.cc:600] select MeetingID from MeetingUser where   State = 3 and HBTime < 1367662065 order by id
I0504 18:07:54.816081 20057 DBManager.cc:516] update MeetingUser set HBTime = 1367662074 where   MeetingID = 'c5eb521702ce050da94b87ffad1300bf' and UserID = 'D'
I0504 18:07:54.822357 20057 DBManager.cc:399] select State from MeetingUser where   MeetingID = 'c5eb521702ce050da94b87ffad1300bf' and UserID = 'D'
I0504 18:07:59.844972 20090 DBManager.cc:516] update MeetingUser set HBTime = 1367662079 where   MeetingID = 'c5eb521702ce050da94b87ffad1300bf' and UserID = 'D'
I0504 18:07:59.847966 20090 DBManager.cc:399] select State from MeetingUser where   MeetingID = 'c5eb521702ce050da94b87ffad1300bf' and UserID = 'D'
I0504 18:08:00.544754 20141 DBManager.cc:600] select MeetingID from MeetingUser where   State = 3 and HBTime < 1367662075 order by id
I0504 18:08:04.863745 20090 DBManager.cc:516] update MeetingUser set HBTime = 1367662084 where   MeetingID = 'c5eb521702ce050da94b87ffad1300bf' and UserID = 'D'
I0504 18:08:04.866757 20090 DBManager.cc:399] select State from MeetingUser where   MeetingID = 'c5eb521702ce050da94b87ffad1300bf' and UserID = 'D'
I0504 18:08:10.549063 20141 DBManager.cc:600] select MeetingID from MeetingUser where   State = 3 and HBTime < 1367662085 order by id
I0504 18:08:10.550115 20141 DBManager.cc:654] update MeetingUser set State = 4 where   State = 3 and MeetingID = 'c5eb521702ce050da94b87ffad1300bf'
I0504 18:08:10.550634 20141 DBManager.cc:661] select UserID from MeetingUser where     State = 2 and MeetingID = 'c5eb521702ce050da94b87ffad1300bf' and HBTime > 1367662085
I0504 18:08:10.550942 20141 DBManager.cc:683] select UserID from MeetingUser where     State = 1 and MeetingID = 'c5eb521702ce050da94b87ffad1300bf' and HBTime > 1367662085
I0504 18:08:10.551239 20141 DBManager.cc:721] update MeetingUser set State = 3 where       State = 4 and MeetingID = 'c5eb521702ce050da94b87ffad1300bf'
I0504 18:08:10.557378 20141 DBManager.cc:232] insert into MeetingDocument (MeetingID, path)   values ('c5eb521702ce050da94b87ffad1300bf','/root/picture/c5eb521702ce050da94b87ffad1300bf-1367662090.bmp')
I0504 18:08:20.561511 20141 DBManager.cc:600] select MeetingID from MeetingUser where   State = 3 and HBTime < 1367662095 order by id
I0504 18:08:20.562734 20141 DBManager.cc:654] update MeetingUser set State = 4 where   State = 3 and MeetingID = 'c5eb521702ce050da94b87ffad1300bf'
I0504 18:08:20.563213 20141 DBManager.cc:661] select UserID from MeetingUser where     State = 2 and MeetingID = 'c5eb521702ce050da94b87ffad1300bf' and HBTime > 1367662095
I0504 18:08:20.563519 20141 DBManager.cc:683] select UserID from MeetingUser where     State = 1 and MeetingID = 'c5eb521702ce050da94b87ffad1300bf' and HBTime > 1367662095
I0504 18:08:20.563820 20141 DBManager.cc:721] update MeetingUser set State = 3 where       State = 4 and MeetingID = 'c5eb521702ce050da94b87ffad1300bf'
I0504 18:08:20.569968 20141 DBManager.cc:232] insert into MeetingDocument (MeetingID, path)   values ('c5eb521702ce050da94b87ffad1300bf','/root/picture/c5eb521702ce050da94b87ffad1300bf-1367662100.bmp')
I0504 18:08:30.572391 20141 DBManager.cc:600] select MeetingID from MeetingUser where   State = 3 and HBTime < 1367662105 order by id
I0504 18:08:30.573168 20141 DBManager.cc:654] update MeetingUser set State = 4 where   State = 3 and MeetingID = 'c5eb521702ce050da94b87ffad1300bf'
I0504 18:08:30.573649 20141 DBManager.cc:661] select UserID from MeetingUser where     State = 2 and MeetingID = 'c5eb521702ce050da94b87ffad1300bf' and HBTime > 1367662105
I0504 18:08:30.573964 20141 DBManager.cc:683] select UserID from MeetingUser where     State = 1 and MeetingID = 'c5eb521702ce050da94b87ffad1300bf' and HBTime > 1367662105
I0504 18:08:30.574239 20141 DBManager.cc:721] update MeetingUser set State = 3 where       State = 4 and MeetingID = 'c5eb521702ce050da94b87ffad1300bf'
I0504 18:08:30.581051 20141 DBManager.cc:232] insert into MeetingDocument (MeetingID, path)   values ('c5eb521702ce050da94b87ffad1300bf','/root/picture/c5eb521702ce050da94b87ffad1300bf-1367662110.bmp')
I0504 18:08:40.585378 20141 DBManager.cc:600] select MeetingID from MeetingUser where   State = 3 and HBTime < 1367662115 order by id
I0504 18:08:40.586345 20141 DBManager.cc:654] update MeetingUser set State = 4 where   State = 3 and MeetingID = 'c5eb521702ce050da94b87ffad1300bf'
I0504 18:08:40.586823 20141 DBManager.cc:661] select UserID from MeetingUser where     State = 2 and MeetingID = 'c5eb521702ce050da94b87ffad1300bf' and HBTime > 1367662115
I0504 18:08:40.587129 20141 DBManager.cc:683] select UserID from MeetingUser where     State = 1 and MeetingID = 'c5eb521702ce050da94b87ffad1300bf' and HBTime > 1367662115
I0504 18:08:40.587420 20141 DBManager.cc:721] update MeetingUser set State = 3 where       State = 4 and MeetingID = 'c5eb521702ce050da94b87ffad1300bf'
I0504 18:08:40.593595 20141 DBManager.cc:232] insert into MeetingDocument (MeetingID, path)   values ('c5eb521702ce050da94b87ffad1300bf','/root/picture/c5eb521702ce050da94b87ffad1300bf-1367662120.bmp')
I0504 18:08:50.597282 20141 DBManager.cc:600] select MeetingID from MeetingUser where   State = 3 and HBTime < 1367662125 order by id
I0504 18:08:50.598356 20141 DBManager.cc:654] update MeetingUser set State = 4 where   State = 3 and MeetingID = 'c5eb521702ce050da94b87ffad1300bf'
I0504 18:08:50.598772 20141 DBManager.cc:661] select UserID from MeetingUser where     State = 2 and MeetingID = 'c5eb521702ce050da94b87ffad1300bf' and HBTime > 1367662125
I0504 18:08:50.599040 20141 DBManager.cc:683] select UserID from MeetingUser where     State = 1 and MeetingID = 'c5eb521702ce050da94b87ffad1300bf' and HBTime > 1367662125
I0504 18:08:50.599309 20141 DBManager.cc:721] update MeetingUser set State = 3 where       State = 4 and MeetingID = 'c5eb521702ce050da94b87ffad1300bf'
I0504 18:08:50.604944 20141 DBManager.cc:232] insert into MeetingDocument (MeetingID, path)   values ('c5eb521702ce050da94b87ffad1300bf','/root/picture/c5eb521702ce050da94b87ffad1300bf-1367662130.bmp')
I0504 18:08:57.326755 20048 DBManager.cc:77] insert into Meeting (state) values (0)
I0504 18:08:57.330698 20048 DBManager.cc:95] update Meeting set MeetingID = '4383e40e3c2ac7e40edaf59795b3d1b7' where   id = 3997
I0504 18:09:00.608176 20141 DBManager.cc:600] select MeetingID from MeetingUser where   State = 3 and HBTime < 1367662135 order by id
I0504 18:09:00.609127 20141 DBManager.cc:654] update MeetingUser set State = 4 where   State = 3 and MeetingID = 'c5eb521702ce050da94b87ffad1300bf'
I0504 18:09:00.609746 20141 DBManager.cc:661] select UserID from MeetingUser where     State = 2 and MeetingID = 'c5eb521702ce050da94b87ffad1300bf' and HBTime > 1367662135
I0504 18:09:00.610121 20141 DBManager.cc:683] select UserID from MeetingUser where     State = 1 and MeetingID = 'c5eb521702ce050da94b87ffad1300bf' and HBTime > 1367662135
I0504 18:09:00.610489 20141 DBManager.cc:721] update MeetingUser set State = 3 where       State = 4 and MeetingID = 'c5eb521702ce050da94b87ffad1300bf'
I0504 18:09:00.616579 20141 DBManager.cc:232] insert into MeetingDocument (MeetingID, path)   values ('c5eb521702ce050da94b87ffad1300bf','/root/picture/c5eb521702ce050da94b87ffad1300bf-1367662140.bmp')
I0504 18:09:03.479809 20097 DBManager.cc:347] select state from Meeting where   MeetingID = '4383e40e3c2ac7e40edaf59795b3d1b7'
I0504 18:09:03.481411 20097 DBManager.cc:163] update Meeting set state = 1 where   MeetingID = '4383e40e3c2ac7e40edaf59795b3d1b7'
I0504 18:09:03.485193 20097 DBManager.cc:368] insert into MeetingUser(MeetingID, UserID,         State, HBTime)  values('4383e40e3c2ac7e40edaf59795b3d1b7', 'D', 3, 1367662143)
E0504 18:09:03.485514 20097 MeetingHandler.cc:78] create meeting updater
I0504 18:09:03.488826 20097 DBManager.cc:185] update Meeting set DataRef = 11726944 where   MeetingID = '4383e40e3c2ac7e40edaf59795b3d1b7'
I0504 18:09:03.493033 20097 DBManager.cc:117] update Meeting set Port = 11249 where   MeetingID = '4383e40e3c2ac7e40edaf59795b3d1b7'
E0504 18:09:03.494346 20097 MeetingHandler.cc:98] join msg return
I0504 18:09:03.496572 20097 DBManager.cc:141] select Port from Meeting where   MeetingID = '4383e40e3c2ac7e40edaf59795b3d1b7'
I0504 18:09:03.519220 20097 DBManager.cc:516] update MeetingUser set HBTime = 1367662143 where   MeetingID = '4383e40e3c2ac7e40edaf59795b3d1b7' and UserID = 'D'
I0504 18:09:03.524381 20097 DBManager.cc:399] select State from MeetingUser where   MeetingID = '4383e40e3c2ac7e40edaf59795b3d1b7' and UserID = 'D'
I0504 18:09:08.542338 20106 DBManager.cc:516] update MeetingUser set HBTime = 1367662148 where   MeetingID = '4383e40e3c2ac7e40edaf59795b3d1b7' and UserID = 'D'
I0504 18:09:08.546485 20106 DBManager.cc:399] select State from MeetingUser where   MeetingID = '4383e40e3c2ac7e40edaf59795b3d1b7' and UserID = 'D'
I0504 18:09:10.620846 20141 DBManager.cc:600] select MeetingID from MeetingUser where   State = 3 and HBTime < 1367662145 order by id
I0504 18:09:10.622098 20141 DBManager.cc:654] update MeetingUser set State = 4 where   State = 3 and MeetingID = 'c5eb521702ce050da94b87ffad1300bf'
I0504 18:09:10.622647 20141 DBManager.cc:661] select UserID from MeetingUser where     State = 2 and MeetingID = 'c5eb521702ce050da94b87ffad1300bf' and HBTime > 1367662145
I0504 18:09:10.623019 20141 DBManager.cc:683] select UserID from MeetingUser where     State = 1 and MeetingID = 'c5eb521702ce050da94b87ffad1300bf' and HBTime > 1367662145
I0504 18:09:10.623435 20141 DBManager.cc:721] update MeetingUser set State = 3 where       State = 4 and MeetingID = 'c5eb521702ce050da94b87ffad1300bf'
I0504 18:09:10.630152 20141 DBManager.cc:232] insert into MeetingDocument (MeetingID, path)   values ('c5eb521702ce050da94b87ffad1300bf','/root/picture/c5eb521702ce050da94b87ffad1300bf-1367662150.bmp')
I0504 18:09:13.559448 20106 DBManager.cc:516] update MeetingUser set HBTime = 1367662153 where   MeetingID = '4383e40e3c2ac7e40edaf59795b3d1b7' and UserID = 'D'
I0504 18:09:13.563529 20106 DBManager.cc:399] select State from MeetingUser where   MeetingID = '4383e40e3c2ac7e40edaf59795b3d1b7' and UserID = 'D'
I0504 18:09:18.591586 20127 DBManager.cc:516] update MeetingUser set HBTime = 1367662158 where   MeetingID = '4383e40e3c2ac7e40edaf59795b3d1b7' and UserID = 'D'
I0504 18:09:18.597472 20127 DBManager.cc:399] select State from MeetingUser where   MeetingID = '4383e40e3c2ac7e40edaf59795b3d1b7' and UserID = 'D'
I0504 18:09:20.633102 20141 DBManager.cc:600] select MeetingID from MeetingUser where   State = 3 and HBTime < 1367662155 order by id
I0504 18:09:20.634006 20141 DBManager.cc:654] update MeetingUser set State = 4 where   State = 3 and MeetingID = 'c5eb521702ce050da94b87ffad1300bf'
I0504 18:09:20.634379 20141 DBManager.cc:661] select UserID from MeetingUser where     State = 2 and MeetingID = 'c5eb521702ce050da94b87ffad1300bf' and HBTime > 1367662155
I0504 18:09:20.634608 20141 DBManager.cc:683] select UserID from MeetingUser where     State = 1 and MeetingID = 'c5eb521702ce050da94b87ffad1300bf' and HBTime > 1367662155
I0504 18:09:20.634819 20141 DBManager.cc:721] update MeetingUser set State = 3 where       State = 4 and MeetingID = 'c5eb521702ce050da94b87ffad1300bf'
I0504 18:09:20.638236 20141 DBManager.cc:232] insert into MeetingDocument (MeetingID, path)   values ('c5eb521702ce050da94b87ffad1300bf','/root/picture/c5eb521702ce050da94b87ffad1300bf-1367662160.bmp')
I0504 18:09:23.674103 20105 DBManager.cc:516] update MeetingUser set HBTime = 1367662163 where   MeetingID = '4383e40e3c2ac7e40edaf59795b3d1b7' and UserID = 'D'
I0504 18:09:23.678297 20105 DBManager.cc:399] select State from MeetingUser where   MeetingID = '4383e40e3c2ac7e40edaf59795b3d1b7' and UserID = 'D'
I0504 18:09:28.690090 20059 DBManager.cc:516] update MeetingUser set HBTime = 1367662168 where   MeetingID = '4383e40e3c2ac7e40edaf59795b3d1b7' and UserID = 'D'
I0504 18:09:28.693969 20059 DBManager.cc:399] select State from MeetingUser where   MeetingID = '4383e40e3c2ac7e40edaf59795b3d1b7' and UserID = 'D'
I0504 18:09:30.642741 20141 DBManager.cc:600] select MeetingID from MeetingUser where   State = 3 and HBTime < 1367662165 order by id
I0504 18:09:30.643847 20141 DBManager.cc:654] update MeetingUser set State = 4 where   State = 3 and MeetingID = 'c5eb521702ce050da94b87ffad1300bf'
I0504 18:09:30.644383 20141 DBManager.cc:661] select UserID from MeetingUser where     State = 2 and MeetingID = 'c5eb521702ce050da94b87ffad1300bf' and HBTime > 1367662165
I0504 18:09:30.644758 20141 DBManager.cc:683] select UserID from MeetingUser where     State = 1 and MeetingID = 'c5eb521702ce050da94b87ffad1300bf' and HBTime > 1367662165
I0504 18:09:30.645166 20141 DBManager.cc:721] update MeetingUser set State = 3 where       State = 4 and MeetingID = 'c5eb521702ce050da94b87ffad1300bf'
I0504 18:09:30.651175 20141 DBManager.cc:232] insert into MeetingDocument (MeetingID, path)   values ('c5eb521702ce050da94b87ffad1300bf','/root/picture/c5eb521702ce050da94b87ffad1300bf-1367662170.bmp')
I0504 18:09:33.705955 20131 DBManager.cc:516] update MeetingUser set HBTime = 1367662173 where   MeetingID = '4383e40e3c2ac7e40edaf59795b3d1b7' and UserID = 'D'
I0504 18:09:33.708951 20131 DBManager.cc:399] select State from MeetingUser where   MeetingID = '4383e40e3c2ac7e40edaf59795b3d1b7' and UserID = 'D'
I0504 18:09:38.722782 20127 DBManager.cc:516] update MeetingUser set HBTime = 1367662178 where   MeetingID = '4383e40e3c2ac7e40edaf59795b3d1b7' and UserID = 'D'
I0504 18:09:38.727458 20127 DBManager.cc:399] select State from MeetingUser where   MeetingID = '4383e40e3c2ac7e40edaf59795b3d1b7' and UserID = 'D'
I0504 18:09:40.655315 20141 DBManager.cc:600] select MeetingID from MeetingUser where   State = 3 and HBTime < 1367662175 order by id
I0504 18:09:40.656373 20141 DBManager.cc:654] update MeetingUser set State = 4 where   State = 3 and MeetingID = 'c5eb521702ce050da94b87ffad1300bf'
I0504 18:09:40.656992 20141 DBManager.cc:661] select UserID from MeetingUser where     State = 2 and MeetingID = 'c5eb521702ce050da94b87ffad1300bf' and HBTime > 1367662175
I0504 18:09:40.657469 20141 DBManager.cc:683] select UserID from MeetingUser where     State = 1 and MeetingID = 'c5eb521702ce050da94b87ffad1300bf' and HBTime > 1367662175
I0504 18:09:40.657882 20141 DBManager.cc:721] update MeetingUser set State = 3 where       State = 4 and MeetingID = 'c5eb521702ce050da94b87ffad1300bf'
I0504 18:09:40.663753 20141 DBManager.cc:232] insert into MeetingDocument (MeetingID, path)   values ('c5eb521702ce050da94b87ffad1300bf','/root/picture/c5eb521702ce050da94b87ffad1300bf-1367662180.bmp')
I0504 18:09:43.745520 20105 DBManager.cc:516] update MeetingUser set HBTime = 1367662183 where   MeetingID = '4383e40e3c2ac7e40edaf59795b3d1b7' and UserID = 'D'
I0504 18:09:43.749807 20105 DBManager.cc:399] select State from MeetingUser where   MeetingID = '4383e40e3c2ac7e40edaf59795b3d1b7' and UserID = 'D'
I0504 18:09:48.763278 20091 DBManager.cc:516] update MeetingUser set HBTime = 1367662188 where   MeetingID = '4383e40e3c2ac7e40edaf59795b3d1b7' and UserID = 'D'
I0504 18:09:48.767375 20091 DBManager.cc:399] select State from MeetingUser where   MeetingID = '4383e40e3c2ac7e40edaf59795b3d1b7' and UserID = 'D'
I0504 18:09:50.667940 20141 DBManager.cc:600] select MeetingID from MeetingUser where   State = 3 and HBTime < 1367662185 order by id
I0504 18:09:50.669510 20141 DBManager.cc:654] update MeetingUser set State = 4 where   State = 3 and MeetingID = 'c5eb521702ce050da94b87ffad1300bf'
I0504 18:09:50.670092 20141 DBManager.cc:661] select UserID from MeetingUser where     State = 2 and MeetingID = 'c5eb521702ce050da94b87ffad1300bf' and HBTime > 1367662185
I0504 18:09:50.670457 20141 DBManager.cc:683] select UserID from MeetingUser where     State = 1 and MeetingID = 'c5eb521702ce050da94b87ffad1300bf' and HBTime > 1367662185
I0504 18:09:50.670866 20141 DBManager.cc:721] update MeetingUser set State = 3 where       State = 4 and MeetingID = 'c5eb521702ce050da94b87ffad1300bf'
I0504 18:09:50.674397 20141 DBManager.cc:232] insert into MeetingDocument (MeetingID, path)   values ('c5eb521702ce050da94b87ffad1300bf','/root/picture/c5eb521702ce050da94b87ffad1300bf-1367662190.bmp')
I0504 18:09:53.782919 20087 DBManager.cc:516] update MeetingUser set HBTime = 1367662193 where   MeetingID = '4383e40e3c2ac7e40edaf59795b3d1b7' and UserID = 'D'
I0504 18:09:53.787646 20087 DBManager.cc:399] select State from MeetingUser where   MeetingID = '4383e40e3c2ac7e40edaf59795b3d1b7' and UserID = 'D'
I0504 18:09:58.802366 20087 DBManager.cc:516] update MeetingUser set HBTime = 1367662198 where   MeetingID = '4383e40e3c2ac7e40edaf59795b3d1b7' and UserID = 'D'
I0504 18:09:58.806285 20087 DBManager.cc:399] select State from MeetingUser where   MeetingID = '4383e40e3c2ac7e40edaf59795b3d1b7' and UserID = 'D'
I0504 18:10:00.678578 20141 DBManager.cc:600] select MeetingID from MeetingUser where   State = 3 and HBTime < 1367662195 order by id
I0504 18:10:00.679550 20141 DBManager.cc:654] update MeetingUser set State = 4 where   State = 3 and MeetingID = 'c5eb521702ce050da94b87ffad1300bf'
I0504 18:10:00.680054 20141 DBManager.cc:661] select UserID from MeetingUser where     State = 2 and MeetingID = 'c5eb521702ce050da94b87ffad1300bf' and HBTime > 1367662195
I0504 18:10:00.680387 20141 DBManager.cc:683] select UserID from MeetingUser where     State = 1 and MeetingID = 'c5eb521702ce050da94b87ffad1300bf' and HBTime > 1367662195
I0504 18:10:00.680789 20141 DBManager.cc:721] update MeetingUser set State = 3 where       State = 4 and MeetingID = 'c5eb521702ce050da94b87ffad1300bf'
I0504 18:10:00.689183 20141 DBManager.cc:232] insert into MeetingDocument (MeetingID, path)   values ('c5eb521702ce050da94b87ffad1300bf','/root/picture/c5eb521702ce050da94b87ffad1300bf-1367662200.bmp')
I0504 18:10:03.822396 20070 DBManager.cc:516] update MeetingUser set HBTime = 1367662203 where   MeetingID = '4383e40e3c2ac7e40edaf59795b3d1b7' and UserID = 'D'
I0504 18:10:03.824596 20070 DBManager.cc:399] select State from MeetingUser where   MeetingID = '4383e40e3c2ac7e40edaf59795b3d1b7' and UserID = 'D'
I0504 18:10:08.845295 20101 DBManager.cc:516] update MeetingUser set HBTime = 1367662208 where   MeetingID = '4383e40e3c2ac7e40edaf59795b3d1b7' and UserID = 'D'
I0504 18:10:08.849370 20101 DBManager.cc:399] select State from MeetingUser where   MeetingID = '4383e40e3c2ac7e40edaf59795b3d1b7' and UserID = 'D'
I0504 18:10:10.693660 20141 DBManager.cc:600] select MeetingID from MeetingUser where   State = 3 and HBTime < 1367662205 order by id
I0504 18:10:10.694752 20141 DBManager.cc:654] update MeetingUser set State = 4 where   State = 3 and MeetingID = 'c5eb521702ce050da94b87ffad1300bf'
I0504 18:10:10.695324 20141 DBManager.cc:661] select UserID from MeetingUser where     State = 2 and MeetingID = 'c5eb521702ce050da94b87ffad1300bf' and HBTime > 1367662205
I0504 18:10:10.695703 20141 DBManager.cc:683] select UserID from MeetingUser where     State = 1 and MeetingID = 'c5eb521702ce050da94b87ffad1300bf' and HBTime > 1367662205
I0504 18:10:10.696084 20141 DBManager.cc:721] update MeetingUser set State = 3 where       State = 4 and MeetingID = 'c5eb521702ce050da94b87ffad1300bf'
I0504 18:10:10.701974 20141 DBManager.cc:232] insert into MeetingDocument (MeetingID, path)   values ('c5eb521702ce050da94b87ffad1300bf','/root/picture/c5eb521702ce050da94b87ffad1300bf-1367662210.bmp')
I0504 18:10:13.863052 20073 DBManager.cc:516] update MeetingUser set HBTime = 1367662213 where   MeetingID = '4383e40e3c2ac7e40edaf59795b3d1b7' and UserID = 'D'
I0504 18:10:13.866008 20073 DBManager.cc:399] select State from MeetingUser where   MeetingID = '4383e40e3c2ac7e40edaf59795b3d1b7' and UserID = 'D'
I0504 18:10:18.881789 20127 DBManager.cc:516] update MeetingUser set HBTime = 1367662218 where   MeetingID = '4383e40e3c2ac7e40edaf59795b3d1b7' and UserID = 'D'
I0504 18:10:18.885859 20127 DBManager.cc:399] select State from MeetingUser where   MeetingID = '4383e40e3c2ac7e40edaf59795b3d1b7' and UserID = 'D'
I0504 18:10:20.704831 20141 DBManager.cc:600] select MeetingID from MeetingUser where   State = 3 and HBTime < 1367662215 order by id
I0504 18:10:20.705832 20141 DBManager.cc:654] update MeetingUser set State = 4 where   State = 3 and MeetingID = 'c5eb521702ce050da94b87ffad1300bf'
I0504 18:10:20.706426 20141 DBManager.cc:661] select UserID from MeetingUser where     State = 2 and MeetingID = 'c5eb521702ce050da94b87ffad1300bf' and HBTime > 1367662215
I0504 18:10:20.706842 20141 DBManager.cc:683] select UserID from MeetingUser where     State = 1 and MeetingID = 'c5eb521702ce050da94b87ffad1300bf' and HBTime > 1367662215
I0504 18:10:20.707228 20141 DBManager.cc:721] update MeetingUser set State = 3 where       State = 4 and MeetingID = 'c5eb521702ce050da94b87ffad1300bf'
I0504 18:10:20.714804 20141 DBManager.cc:232] insert into MeetingDocument (MeetingID, path)   values ('c5eb521702ce050da94b87ffad1300bf','/root/picture/c5eb521702ce050da94b87ffad1300bf-1367662220.bmp')
I0504 18:10:23.906227 20117 DBManager.cc:516] update MeetingUser set HBTime = 1367662223 where   MeetingID = '4383e40e3c2ac7e40edaf59795b3d1b7' and UserID = 'D'
I0504 18:10:23.909065 20117 DBManager.cc:399] select State from MeetingUser where   MeetingID = '4383e40e3c2ac7e40edaf59795b3d1b7' and UserID = 'D'
I0504 18:10:28.925549 20127 DBManager.cc:516] update MeetingUser set HBTime = 1367662228 where   MeetingID = '4383e40e3c2ac7e40edaf59795b3d1b7' and UserID = 'D'
I0504 18:10:28.930270 20127 DBManager.cc:399] select State from MeetingUser where   MeetingID = '4383e40e3c2ac7e40edaf59795b3d1b7' and UserID = 'D'
I0504 18:10:30.718961 20141 DBManager.cc:600] select MeetingID from MeetingUser where   State = 3 and HBTime < 1367662225 order by id
I0504 18:10:30.720088 20141 DBManager.cc:654] update MeetingUser set State = 4 where   State = 3 and MeetingID = 'c5eb521702ce050da94b87ffad1300bf'
I0504 18:10:30.720620 20141 DBManager.cc:661] select UserID from MeetingUser where     State = 2 and MeetingID = 'c5eb521702ce050da94b87ffad1300bf' and HBTime > 1367662225
I0504 18:10:30.720999 20141 DBManager.cc:683] select UserID from MeetingUser where     State = 1 and MeetingID = 'c5eb521702ce050da94b87ffad1300bf' and HBTime > 1367662225
I0504 18:10:30.721328 20141 DBManager.cc:721] update MeetingUser set State = 3 where       State = 4 and MeetingID = 'c5eb521702ce050da94b87ffad1300bf'
I0504 18:10:30.726022 20141 DBManager.cc:232] insert into MeetingDocument (MeetingID, path)   values ('c5eb521702ce050da94b87ffad1300bf','/root/picture/c5eb521702ce050da94b87ffad1300bf-1367662230.bmp')
I0504 18:10:33.944908 20091 DBManager.cc:516] update MeetingUser set HBTime = 1367662233 where   MeetingID = '4383e40e3c2ac7e40edaf59795b3d1b7' and UserID = 'D'
I0504 18:10:33.948999 20091 DBManager.cc:399] select State from MeetingUser where   MeetingID = '4383e40e3c2ac7e40edaf59795b3d1b7' and UserID = 'D'
I0504 18:10:37.528301 20142 DBManager.cc:540] delete from MeetingUser where   HBTime < 1367661937
I0504 18:10:37.532609 20142 DBManager.cc:561] select m.MeetingID from Meeting m where   m.state = 1 and m.MeetingID not in (select MeetingID from MeetingUser  group by MeetingID) order by id
I0504 18:10:37.533170 20142 DBManager.cc:579] update Meeting set state = 2,    DataRef = NULL where state = 1 and MeetingID not in (select     MeetingID from MeetingUser group by MeetingID)
I0504 18:10:38.965960 20085 DBManager.cc:516] update MeetingUser set HBTime = 1367662238 where   MeetingID = '4383e40e3c2ac7e40edaf59795b3d1b7' and UserID = 'D'
I0504 18:10:38.970175 20085 DBManager.cc:399] select State from MeetingUser where   MeetingID = '4383e40e3c2ac7e40edaf59795b3d1b7' and UserID = 'D'
I0504 18:10:40.730484 20141 DBManager.cc:600] select MeetingID from MeetingUser where   State = 3 and HBTime < 1367662235 order by id
I0504 18:10:40.731622 20141 DBManager.cc:654] update MeetingUser set State = 4 where   State = 3 and MeetingID = 'c5eb521702ce050da94b87ffad1300bf'
I0504 18:10:40.732133 20141 DBManager.cc:661] select UserID from MeetingUser where     State = 2 and MeetingID = 'c5eb521702ce050da94b87ffad1300bf' and HBTime > 1367662235
I0504 18:10:40.732481 20141 DBManager.cc:683] select UserID from MeetingUser where     State = 1 and MeetingID = 'c5eb521702ce050da94b87ffad1300bf' and HBTime > 1367662235
I0504 18:10:40.732982 20141 DBManager.cc:721] update MeetingUser set State = 3 where       State = 4 and MeetingID = 'c5eb521702ce050da94b87ffad1300bf'
I0504 18:10:40.739040 20141 DBManager.cc:232] insert into MeetingDocument (MeetingID, path)   values ('c5eb521702ce050da94b87ffad1300bf','/root/picture/c5eb521702ce050da94b87ffad1300bf-1367662240.bmp')
I0504 18:10:43.992615 20091 DBManager.cc:516] update MeetingUser set HBTime = 1367662243 where   MeetingID = '4383e40e3c2ac7e40edaf59795b3d1b7' and UserID = 'D'
I0504 18:10:43.996979 20091 DBManager.cc:399] select State from MeetingUser where   MeetingID = '4383e40e3c2ac7e40edaf59795b3d1b7' and UserID = 'D'
I0504 18:10:49.018002 20056 DBManager.cc:516] update MeetingUser set HBTime = 1367662249 where   MeetingID = '4383e40e3c2ac7e40edaf59795b3d1b7' and UserID = 'D'
I0504 18:10:49.022074 20056 DBManager.cc:399] select State from MeetingUser where   MeetingID = '4383e40e3c2ac7e40edaf59795b3d1b7' and UserID = 'D'
I0504 18:10:50.743372 20141 DBManager.cc:600] select MeetingID from MeetingUser where   State = 3 and HBTime < 1367662245 order by id
I0504 18:10:50.744633 20141 DBManager.cc:654] update MeetingUser set State = 4 where   State = 3 and MeetingID = 'c5eb521702ce050da94b87ffad1300bf'
I0504 18:10:50.745165 20141 DBManager.cc:661] select UserID from MeetingUser where     State = 2 and MeetingID = 'c5eb521702ce050da94b87ffad1300bf' and HBTime > 1367662245
I0504 18:10:50.745502 20141 DBManager.cc:683] select UserID from MeetingUser where     State = 1 and MeetingID = 'c5eb521702ce050da94b87ffad1300bf' and HBTime > 1367662245
I0504 18:10:50.745914 20141 DBManager.cc:721] update MeetingUser set State = 3 where       State = 4 and MeetingID = 'c5eb521702ce050da94b87ffad1300bf'
I0504 18:10:50.752115 20141 DBManager.cc:232] insert into MeetingDocument (MeetingID, path)   values ('c5eb521702ce050da94b87ffad1300bf','/root/picture/c5eb521702ce050da94b87ffad1300bf-1367662250.bmp')
I0504 18:10:54.062119 20091 DBManager.cc:516] update MeetingUser set HBTime = 1367662254 where   MeetingID = '4383e40e3c2ac7e40edaf59795b3d1b7' and UserID = 'D'
I0504 18:10:54.066329 20091 DBManager.cc:399] select State from MeetingUser where   MeetingID = '4383e40e3c2ac7e40edaf59795b3d1b7' and UserID = 'D'
I0504 18:10:56.272097 20056 DBManager.cc:516] update MeetingUser set HBTime = 1367662256 where   MeetingID = '50bdc0889dd0f1fab9931f25c43e2725' and UserID = 'T'
I0504 18:10:56.276075 20056 DBManager.cc:399] select State from MeetingUser where   MeetingID = '50bdc0889dd0f1fab9931f25c43e2725' and UserID = 'T'
I0504 18:10:59.081799 20056 DBManager.cc:516] update MeetingUser set HBTime = 1367662259 where   MeetingID = '4383e40e3c2ac7e40edaf59795b3d1b7' and UserID = 'D'
I0504 18:10:59.086192 20056 DBManager.cc:399] select State from MeetingUser where   MeetingID = '4383e40e3c2ac7e40edaf59795b3d1b7' and UserID = 'D'
I0504 18:11:00.756445 20141 DBManager.cc:600] select MeetingID from MeetingUser where   State = 3 and HBTime < 1367662255 order by id
I0504 18:11:00.757699 20141 DBManager.cc:654] update MeetingUser set State = 4 where   State = 3 and MeetingID = 'c5eb521702ce050da94b87ffad1300bf'
I0504 18:11:00.758240 20141 DBManager.cc:661] select UserID from MeetingUser where     State = 2 and MeetingID = 'c5eb521702ce050da94b87ffad1300bf' and HBTime > 1367662255
I0504 18:11:00.758632 20141 DBManager.cc:683] select UserID from MeetingUser where     State = 1 and MeetingID = 'c5eb521702ce050da94b87ffad1300bf' and HBTime > 1367662255
I0504 18:11:00.758955 20141 DBManager.cc:721] update MeetingUser set State = 3 where       State = 4 and MeetingID = 'c5eb521702ce050da94b87ffad1300bf'
I0504 18:11:00.764945 20141 DBManager.cc:232] insert into MeetingDocument (MeetingID, path)   values ('c5eb521702ce050da94b87ffad1300bf','/root/picture/c5eb521702ce050da94b87ffad1300bf-1367662260.bmp')
I0504 18:11:04.110146 20091 DBManager.cc:516] update MeetingUser set HBTime = 1367662264 where   MeetingID = '4383e40e3c2ac7e40edaf59795b3d1b7' and UserID = 'D'
I0504 18:11:04.112296 20091 DBManager.cc:399] select State from MeetingUser where   MeetingID = '4383e40e3c2ac7e40edaf59795b3d1b7' and UserID = 'D'
I0504 18:11:09.128085 20085 DBManager.cc:516] update MeetingUser set HBTime = 1367662269 where   MeetingID = '4383e40e3c2ac7e40edaf59795b3d1b7' and UserID = 'D'
I0504 18:11:09.130517 20085 DBManager.cc:399] select State from MeetingUser where   MeetingID = '4383e40e3c2ac7e40edaf59795b3d1b7' and UserID = 'D'
I0504 18:11:10.768971 20141 DBManager.cc:600] select MeetingID from MeetingUser where   State = 3 and HBTime < 1367662265 order by id
I0504 18:11:10.769973 20141 DBManager.cc:654] update MeetingUser set State = 4 where   State = 3 and MeetingID = 'c5eb521702ce050da94b87ffad1300bf'
I0504 18:11:10.770349 20141 DBManager.cc:661] select UserID from MeetingUser where     State = 2 and MeetingID = 'c5eb521702ce050da94b87ffad1300bf' and HBTime > 1367662265
I0504 18:11:10.770778 20141 DBManager.cc:683] select UserID from MeetingUser where     State = 1 and MeetingID = 'c5eb521702ce050da94b87ffad1300bf' and HBTime > 1367662265
I0504 18:11:10.771191 20141 DBManager.cc:721] update MeetingUser set State = 3 where       State = 4 and MeetingID = 'c5eb521702ce050da94b87ffad1300bf'
I0504 18:11:10.776968 20141 DBManager.cc:232] insert into MeetingDocument (MeetingID, path)   values ('c5eb521702ce050da94b87ffad1300bf','/root/picture/c5eb521702ce050da94b87ffad1300bf-1367662270.bmp')
I0504 18:11:14.171308 20107 DBManager.cc:516] update MeetingUser set HBTime = 1367662274 where   MeetingID = '4383e40e3c2ac7e40edaf59795b3d1b7' and UserID = 'D'
I0504 18:11:14.173660 20107 DBManager.cc:399] select State from MeetingUser where   MeetingID = '4383e40e3c2ac7e40edaf59795b3d1b7' and UserID = 'D'
I0504 18:11:19.211295 20055 DBManager.cc:516] update MeetingUser set HBTime = 1367662279 where   MeetingID = '4383e40e3c2ac7e40edaf59795b3d1b7' and UserID = 'D'
I0504 18:11:19.215317 20055 DBManager.cc:399] select State from MeetingUser where   MeetingID = '4383e40e3c2ac7e40edaf59795b3d1b7' and UserID = 'D'
I0504 18:11:20.781648 20141 DBManager.cc:600] select MeetingID from MeetingUser where   State = 3 and HBTime < 1367662275 order by id
I0504 18:11:20.783041 20141 DBManager.cc:654] update MeetingUser set State = 4 where   State = 3 and MeetingID = 'c5eb521702ce050da94b87ffad1300bf'
I0504 18:11:20.783613 20141 DBManager.cc:661] select UserID from MeetingUser where     State = 2 and MeetingID = 'c5eb521702ce050da94b87ffad1300bf' and HBTime > 1367662275
I0504 18:11:20.784003 20141 DBManager.cc:683] select UserID from MeetingUser where     State = 1 and MeetingID = 'c5eb521702ce050da94b87ffad1300bf' and HBTime > 1367662275
I0504 18:11:20.784329 20141 DBManager.cc:721] update MeetingUser set State = 3 where       State = 4 and MeetingID = 'c5eb521702ce050da94b87ffad1300bf'
I0504 18:11:20.791800 20141 DBManager.cc:232] insert into MeetingDocument (MeetingID, path)   values ('c5eb521702ce050da94b87ffad1300bf','/root/picture/c5eb521702ce050da94b87ffad1300bf-1367662280.bmp')
I0504 18:11:24.245458 20130 DBManager.cc:516] update MeetingUser set HBTime = 1367662284 where   MeetingID = '4383e40e3c2ac7e40edaf59795b3d1b7' and UserID = 'D'
I0504 18:11:24.251543 20130 DBManager.cc:399] select State from MeetingUser where   MeetingID = '4383e40e3c2ac7e40edaf59795b3d1b7' and UserID = 'D'
I0504 18:11:29.286875 20103 DBManager.cc:516] update MeetingUser set HBTime = 1367662289 where   MeetingID = '4383e40e3c2ac7e40edaf59795b3d1b7' and UserID = 'D'
I0504 18:11:29.291095 20103 DBManager.cc:399] select State from MeetingUser where   MeetingID = '4383e40e3c2ac7e40edaf59795b3d1b7' and UserID = 'D'
I0504 18:11:30.797664 20141 DBManager.cc:600] select MeetingID from MeetingUser where   State = 3 and HBTime < 1367662285 order by id
I0504 18:11:30.798910 20141 DBManager.cc:654] update MeetingUser set State = 4 where   State = 3 and MeetingID = 'c5eb521702ce050da94b87ffad1300bf'
I0504 18:11:30.799626 20141 DBManager.cc:661] select UserID from MeetingUser where     State = 2 and MeetingID = 'c5eb521702ce050da94b87ffad1300bf' and HBTime > 1367662285
I0504 18:11:30.800109 20141 DBManager.cc:683] select UserID from MeetingUser where     State = 1 and MeetingID = 'c5eb521702ce050da94b87ffad1300bf' and HBTime > 1367662285
I0504 18:11:30.800545 20141 DBManager.cc:721] update MeetingUser set State = 3 where       State = 4 and MeetingID = 'c5eb521702ce050da94b87ffad1300bf'
I0504 18:11:30.807333 20141 DBManager.cc:232] insert into MeetingDocument (MeetingID, path)   values ('c5eb521702ce050da94b87ffad1300bf','/root/picture/c5eb521702ce050da94b87ffad1300bf-1367662290.bmp')
I0504 18:11:34.307643 20103 DBManager.cc:516] update MeetingUser set HBTime = 1367662294 where   MeetingID = '4383e40e3c2ac7e40edaf59795b3d1b7' and UserID = 'D'
