I0506 11:30:39.987648  2039 DBManager.cc:666] select UserID from MeetingUser where     State = 2 and MeetingID = 'ab6a9346e3251c51b9af9e3af79b56b6' and HBTime > 1367811034
I0506 11:30:39.987985  2039 DBManager.cc:688] select UserID from MeetingUser where     State = 1 and MeetingID = 'ab6a9346e3251c51b9af9e3af79b56b6' and HBTime > 1367811034
I0506 11:30:39.988301  2039 DBManager.cc:726] update MeetingUser set State = 3 where       State = 4 and MeetingID = 'ab6a9346e3251c51b9af9e3af79b56b6'
I0506 11:30:42.050806  1965 DBManager.cc:516] update MeetingUser set HBTime = 1367811042 where   MeetingID = 'afd659124e169bda2ae732c232c5c479' and UserID = 'Y'
I0506 11:30:42.055222  1965 DBManager.cc:399] select State from MeetingUser where   MeetingID = 'afd659124e169bda2ae732c232c5c479' and UserID = 'Y'
I0506 11:30:47.166646  2015 DBManager.cc:516] update MeetingUser set HBTime = 1367811047 where   MeetingID = 'afd659124e169bda2ae732c232c5c479' and UserID = 'Y'
I0506 11:30:47.168875  2015 DBManager.cc:399] select State from MeetingUser where   MeetingID = 'afd659124e169bda2ae732c232c5c479' and UserID = 'Y'
I0506 11:30:49.992624  2039 DBManager.cc:600] select MeetingID from MeetingUser where   State = 3 and HBTime < 1367811044 order by id
I0506 11:30:49.993677  2039 DBManager.cc:659] update MeetingUser set State = 4 where   State = 3 and MeetingID = 'ab6a9346e3251c51b9af9e3af79b56b6'
I0506 11:30:49.994035  2039 DBManager.cc:666] select UserID from MeetingUser where     State = 2 and MeetingID = 'ab6a9346e3251c51b9af9e3af79b56b6' and HBTime > 1367811044
I0506 11:30:49.994400  2039 DBManager.cc:688] select UserID from MeetingUser where     State = 1 and MeetingID = 'ab6a9346e3251c51b9af9e3af79b56b6' and HBTime > 1367811044
I0506 11:30:49.994750  2039 DBManager.cc:726] update MeetingUser set State = 3 where       State = 4 and MeetingID = 'ab6a9346e3251c51b9af9e3af79b56b6'
I0506 11:30:52.237987  2013 DBManager.cc:516] update MeetingUser set HBTime = 1367811052 where   MeetingID = 'afd659124e169bda2ae732c232c5c479' and UserID = 'Y'
I0506 11:30:52.242036  2013 DBManager.cc:399] select State from MeetingUser where   MeetingID = 'afd659124e169bda2ae732c232c5c479' and UserID = 'Y'
I0506 11:30:57.311245  1965 DBManager.cc:516] update MeetingUser set HBTime = 1367811057 where   MeetingID = 'afd659124e169bda2ae732c232c5c479' and UserID = 'Y'
I0506 11:30:57.316061  1965 DBManager.cc:399] select State from MeetingUser where   MeetingID = 'afd659124e169bda2ae732c232c5c479' and UserID = 'Y'
I0506 11:30:59.999091  2039 DBManager.cc:600] select MeetingID from MeetingUser where   State = 3 and HBTime < 1367811054 order by id
I0506 11:31:00.000218  2039 DBManager.cc:659] update MeetingUser set State = 4 where   State = 3 and MeetingID = 'ab6a9346e3251c51b9af9e3af79b56b6'
I0506 11:31:00.000543  2039 DBManager.cc:666] select UserID from MeetingUser where     State = 2 and MeetingID = 'ab6a9346e3251c51b9af9e3af79b56b6' and HBTime > 1367811054
I0506 11:31:00.000876  2039 DBManager.cc:688] select UserID from MeetingUser where     State = 1 and MeetingID = 'ab6a9346e3251c51b9af9e3af79b56b6' and HBTime > 1367811054
I0506 11:31:00.001186  2039 DBManager.cc:726] update MeetingUser set State = 3 where       State = 4 and MeetingID = 'ab6a9346e3251c51b9af9e3af79b56b6'
I0506 11:31:02.362542  2035 DBManager.cc:516] update MeetingUser set HBTime = 1367811062 where   MeetingID = 'afd659124e169bda2ae732c232c5c479' and UserID = 'Y'
I0506 11:31:02.365557  2035 DBManager.cc:399] select State from MeetingUser where   MeetingID = 'afd659124e169bda2ae732c232c5c479' and UserID = 'Y'
I0506 11:31:07.428691  1965 DBManager.cc:516] update MeetingUser set HBTime = 1367811067 where   MeetingID = 'afd659124e169bda2ae732c232c5c479' and UserID = 'Y'
I0506 11:31:07.432888  1965 DBManager.cc:399] select State from MeetingUser where   MeetingID = 'afd659124e169bda2ae732c232c5c479' and UserID = 'Y'
I0506 11:31:10.005354  2039 DBManager.cc:600] select MeetingID from MeetingUser where   State = 3 and HBTime < 1367811064 order by id
I0506 11:31:10.006443  2039 DBManager.cc:659] update MeetingUser set State = 4 where   State = 3 and MeetingID = 'ab6a9346e3251c51b9af9e3af79b56b6'
I0506 11:31:10.006747  2039 DBManager.cc:666] select UserID from MeetingUser where     State = 2 and MeetingID = 'ab6a9346e3251c51b9af9e3af79b56b6' and HBTime > 1367811064
I0506 11:31:10.007076  2039 DBManager.cc:688] select UserID from MeetingUser where     State = 1 and MeetingID = 'ab6a9346e3251c51b9af9e3af79b56b6' and HBTime > 1367811064
I0506 11:31:10.007386  2039 DBManager.cc:726] update MeetingUser set State = 3 where       State = 4 and MeetingID = 'ab6a9346e3251c51b9af9e3af79b56b6'
I0506 11:31:12.494556  2035 DBManager.cc:516] update MeetingUser set HBTime = 1367811072 where   MeetingID = 'afd659124e169bda2ae732c232c5c479' and UserID = 'Y'
I0506 11:31:12.498525  2035 DBManager.cc:399] select State from MeetingUser where   MeetingID = 'afd659124e169bda2ae732c232c5c479' and UserID = 'Y'
I0506 11:31:17.569777  2035 DBManager.cc:516] update MeetingUser set HBTime = 1367811077 where   MeetingID = 'afd659124e169bda2ae732c232c5c479' and UserID = 'Y'
I0506 11:31:17.573928  2035 DBManager.cc:399] select State from MeetingUser where   MeetingID = 'afd659124e169bda2ae732c232c5c479' and UserID = 'Y'
I0506 11:31:20.010973  2039 DBManager.cc:600] select MeetingID from MeetingUser where   State = 3 and HBTime < 1367811075 order by id
I0506 11:31:20.011973  2039 DBManager.cc:659] update MeetingUser set State = 4 where   State = 3 and MeetingID = 'ab6a9346e3251c51b9af9e3af79b56b6'
I0506 11:31:20.012219  2039 DBManager.cc:666] select UserID from MeetingUser where     State = 2 and MeetingID = 'ab6a9346e3251c51b9af9e3af79b56b6' and HBTime > 1367811075
I0506 11:31:20.012578  2039 DBManager.cc:688] select UserID from MeetingUser where     State = 1 and MeetingID = 'ab6a9346e3251c51b9af9e3af79b56b6' and HBTime > 1367811075
I0506 11:31:20.012918  2039 DBManager.cc:726] update MeetingUser set State = 3 where       State = 4 and MeetingID = 'ab6a9346e3251c51b9af9e3af79b56b6'
I0506 11:31:22.616323  1965 DBManager.cc:516] update MeetingUser set HBTime = 1367811082 where   MeetingID = 'afd659124e169bda2ae732c232c5c479' and UserID = 'Y'
I0506 11:31:22.620522  1965 DBManager.cc:399] select State from MeetingUser where   MeetingID = 'afd659124e169bda2ae732c232c5c479' and UserID = 'Y'
I0506 11:31:27.690290  2011 DBManager.cc:516] update MeetingUser set HBTime = 1367811087 where   MeetingID = 'afd659124e169bda2ae732c232c5c479' and UserID = 'Y'
I0506 11:31:27.693011  2011 DBManager.cc:399] select State from MeetingUser where   MeetingID = 'afd659124e169bda2ae732c232c5c479' and UserID = 'Y'
I0506 11:31:30.017138  2039 DBManager.cc:600] select MeetingID from MeetingUser where   State = 3 and HBTime < 1367811085 order by id
I0506 11:31:30.018165  2039 DBManager.cc:659] update MeetingUser set State = 4 where   State = 3 and MeetingID = 'ab6a9346e3251c51b9af9e3af79b56b6'
I0506 11:31:30.018476  2039 DBManager.cc:666] select UserID from MeetingUser where     State = 2 and MeetingID = 'ab6a9346e3251c51b9af9e3af79b56b6' and HBTime > 1367811085
I0506 11:31:30.018815  2039 DBManager.cc:688] select UserID from MeetingUser where     State = 1 and MeetingID = 'ab6a9346e3251c51b9af9e3af79b56b6' and HBTime > 1367811085
I0506 11:31:30.019194  2039 DBManager.cc:726] update MeetingUser set State = 3 where       State = 4 and MeetingID = 'ab6a9346e3251c51b9af9e3af79b56b6'
I0506 11:31:32.764617  1974 DBManager.cc:516] update MeetingUser set HBTime = 1367811092 where   MeetingID = 'afd659124e169bda2ae732c232c5c479' and UserID = 'Y'
I0506 11:31:32.767432  1974 DBManager.cc:399] select State from MeetingUser where   MeetingID = 'afd659124e169bda2ae732c232c5c479' and UserID = 'Y'
I0506 11:31:37.833369  2013 DBManager.cc:516] update MeetingUser set HBTime = 1367811097 where   MeetingID = 'afd659124e169bda2ae732c232c5c479' and UserID = 'Y'
I0506 11:31:37.837621  2013 DBManager.cc:399] select State from MeetingUser where   MeetingID = 'afd659124e169bda2ae732c232c5c479' and UserID = 'Y'
I0506 11:31:40.025123  2039 DBManager.cc:600] select MeetingID from MeetingUser where   State = 3 and HBTime < 1367811095 order by id
I0506 11:31:40.026504  2039 DBManager.cc:659] update MeetingUser set State = 4 where   State = 3 and MeetingID = 'ab6a9346e3251c51b9af9e3af79b56b6'
I0506 11:31:40.026926  2039 DBManager.cc:666] select UserID from MeetingUser where     State = 2 and MeetingID = 'ab6a9346e3251c51b9af9e3af79b56b6' and HBTime > 1367811095
I0506 11:31:40.027348  2039 DBManager.cc:688] select UserID from MeetingUser where     State = 1 and MeetingID = 'ab6a9346e3251c51b9af9e3af79b56b6' and HBTime > 1367811095
I0506 11:31:40.027709  2039 DBManager.cc:726] update MeetingUser set State = 3 where       State = 4 and MeetingID = 'ab6a9346e3251c51b9af9e3af79b56b6'
I0506 11:31:42.876503  2035 DBManager.cc:516] update MeetingUser set HBTime = 1367811102 where   MeetingID = 'afd659124e169bda2ae732c232c5c479' and UserID = 'Y'
I0506 11:31:42.880499  2035 DBManager.cc:399] select State from MeetingUser where   MeetingID = 'afd659124e169bda2ae732c232c5c479' and UserID = 'Y'
I0506 11:31:47.934147  1965 DBManager.cc:516] update MeetingUser set HBTime = 1367811107 where   MeetingID = 'afd659124e169bda2ae732c232c5c479' and UserID = 'Y'
I0506 11:31:47.936066  1965 DBManager.cc:399] select State from MeetingUser where   MeetingID = 'afd659124e169bda2ae732c232c5c479' and UserID = 'Y'
I0506 11:31:50.032469  2039 DBManager.cc:600] select MeetingID from MeetingUser where   State = 3 and HBTime < 1367811105 order by id
I0506 11:31:50.033490  2039 DBManager.cc:659] update MeetingUser set State = 4 where   State = 3 and MeetingID = 'ab6a9346e3251c51b9af9e3af79b56b6'
I0506 11:31:50.033807  2039 DBManager.cc:666] select UserID from MeetingUser where     State = 2 and MeetingID = 'ab6a9346e3251c51b9af9e3af79b56b6' and HBTime > 1367811105
I0506 11:31:50.034137  2039 DBManager.cc:688] select UserID from MeetingUser where     State = 1 and MeetingID = 'ab6a9346e3251c51b9af9e3af79b56b6' and HBTime > 1367811105
I0506 11:31:50.034446  2039 DBManager.cc:726] update MeetingUser set State = 3 where       State = 4 and MeetingID = 'ab6a9346e3251c51b9af9e3af79b56b6'
I0506 11:31:52.996981  2011 DBManager.cc:516] update MeetingUser set HBTime = 1367811112 where   MeetingID = 'afd659124e169bda2ae732c232c5c479' and UserID = 'Y'
I0506 11:31:53.000934  2011 DBManager.cc:399] select State from MeetingUser where   MeetingID = 'afd659124e169bda2ae732c232c5c479' and UserID = 'Y'
I0506 11:31:58.042459  2013 DBManager.cc:516] update MeetingUser set HBTime = 1367811118 where   MeetingID = 'afd659124e169bda2ae732c232c5c479' and UserID = 'Y'
I0506 11:31:58.046273  2013 DBManager.cc:399] select State from MeetingUser where   MeetingID = 'afd659124e169bda2ae732c232c5c479' and UserID = 'Y'
I0506 11:32:00.038652  2039 DBManager.cc:600] select MeetingID from MeetingUser where   State = 3 and HBTime < 1367811115 order by id
I0506 11:32:00.039662  2039 DBManager.cc:659] update MeetingUser set State = 4 where   State = 3 and MeetingID = 'ab6a9346e3251c51b9af9e3af79b56b6'
I0506 11:32:00.039983  2039 DBManager.cc:666] select UserID from MeetingUser where     State = 2 and MeetingID = 'ab6a9346e3251c51b9af9e3af79b56b6' and HBTime > 1367811115
I0506 11:32:00.040323  2039 DBManager.cc:688] select UserID from MeetingUser where     State = 1 and MeetingID = 'ab6a9346e3251c51b9af9e3af79b56b6' and HBTime > 1367811115
I0506 11:32:00.040633  2039 DBManager.cc:726] update MeetingUser set State = 3 where       State = 4 and MeetingID = 'ab6a9346e3251c51b9af9e3af79b56b6'
I0506 11:32:03.308012  1965 DBManager.cc:516] update MeetingUser set HBTime = 1367811123 where   MeetingID = 'afd659124e169bda2ae732c232c5c479' and UserID = 'Y'
I0506 11:32:03.311977  1965 DBManager.cc:399] select State from MeetingUser where   MeetingID = 'afd659124e169bda2ae732c232c5c479' and UserID = 'Y'
I0506 11:32:08.488172  1974 DBManager.cc:516] update MeetingUser set HBTime = 1367811128 where   MeetingID = 'afd659124e169bda2ae732c232c5c479' and UserID = 'Y'
I0506 11:32:08.492434  1974 DBManager.cc:399] select State from MeetingUser where   MeetingID = 'afd659124e169bda2ae732c232c5c479' and UserID = 'Y'
I0506 11:32:10.043194  2039 DBManager.cc:600] select MeetingID from MeetingUser where   State = 3 and HBTime < 1367811125 order by id
I0506 11:32:10.044214  2039 DBManager.cc:659] update MeetingUser set State = 4 where   State = 3 and MeetingID = 'ab6a9346e3251c51b9af9e3af79b56b6'
I0506 11:32:10.044523  2039 DBManager.cc:666] select UserID from MeetingUser where     State = 2 and MeetingID = 'ab6a9346e3251c51b9af9e3af79b56b6' and HBTime > 1367811125
I0506 11:32:10.044877  2039 DBManager.cc:688] select UserID from MeetingUser where     State = 1 and MeetingID = 'ab6a9346e3251c51b9af9e3af79b56b6' and HBTime > 1367811125
I0506 11:32:10.045215  2039 DBManager.cc:726] update MeetingUser set State = 3 where       State = 4 and MeetingID = 'ab6a9346e3251c51b9af9e3af79b56b6'
I0506 11:32:13.700181  1974 DBManager.cc:516] update MeetingUser set HBTime = 1367811133 where   MeetingID = 'afd659124e169bda2ae732c232c5c479' and UserID = 'Y'
I0506 11:32:13.702461  1974 DBManager.cc:399] select State from MeetingUser where   MeetingID = 'afd659124e169bda2ae732c232c5c479' and UserID = 'Y'
I0506 11:32:18.845423  2011 DBManager.cc:516] update MeetingUser set HBTime = 1367811138 where   MeetingID = 'afd659124e169bda2ae732c232c5c479' and UserID = 'Y'
I0506 11:32:18.849969  2011 DBManager.cc:399] select State from MeetingUser where   MeetingID = 'afd659124e169bda2ae732c232c5c479' and UserID = 'Y'
I0506 11:32:20.049403  2039 DBManager.cc:600] select MeetingID from MeetingUser where   State = 3 and HBTime < 1367811135 order by id
I0506 11:32:20.050407  2039 DBManager.cc:659] update MeetingUser set State = 4 where   State = 3 and MeetingID = 'ab6a9346e3251c51b9af9e3af79b56b6'
I0506 11:32:20.050757  2039 DBManager.cc:666] select UserID from MeetingUser where     State = 2 and MeetingID = 'ab6a9346e3251c51b9af9e3af79b56b6' and HBTime > 1367811135
I0506 11:32:20.051095  2039 DBManager.cc:688] select UserID from MeetingUser where     State = 1 and MeetingID = 'ab6a9346e3251c51b9af9e3af79b56b6' and HBTime > 1367811135
I0506 11:32:20.051445  2039 DBManager.cc:726] update MeetingUser set State = 3 where       State = 4 and MeetingID = 'ab6a9346e3251c51b9af9e3af79b56b6'
I0506 11:32:24.079684  2013 DBManager.cc:516] update MeetingUser set HBTime = 1367811144 where   MeetingID = 'afd659124e169bda2ae732c232c5c479' and UserID = 'Y'
I0506 11:32:24.084369  2013 DBManager.cc:399] select State from MeetingUser where   MeetingID = 'afd659124e169bda2ae732c232c5c479' and UserID = 'Y'
I0506 11:32:29.170269  2035 DBManager.cc:516] update MeetingUser set HBTime = 1367811149 where   MeetingID = 'afd659124e169bda2ae732c232c5c479' and UserID = 'Y'
I0506 11:32:29.173364  2035 DBManager.cc:399] select State from MeetingUser where   MeetingID = 'afd659124e169bda2ae732c232c5c479' and UserID = 'Y'
I0506 11:32:30.055672  2039 DBManager.cc:600] select MeetingID from MeetingUser where   State = 3 and HBTime < 1367811145 order by id
I0506 11:32:30.056705  2039 DBManager.cc:659] update MeetingUser set State = 4 where   State = 3 and MeetingID = 'ab6a9346e3251c51b9af9e3af79b56b6'
I0506 11:32:30.056936  2039 DBManager.cc:666] select UserID from MeetingUser where     State = 2 and MeetingID = 'ab6a9346e3251c51b9af9e3af79b56b6' and HBTime > 1367811145
I0506 11:32:30.057267  2039 DBManager.cc:688] select UserID from MeetingUser where     State = 1 and MeetingID = 'ab6a9346e3251c51b9af9e3af79b56b6' and HBTime > 1367811145
I0506 11:32:30.057575  2039 DBManager.cc:726] update MeetingUser set State = 3 where       State = 4 and MeetingID = 'ab6a9346e3251c51b9af9e3af79b56b6'
I0506 11:32:34.225039  1964 DBManager.cc:516] update MeetingUser set HBTime = 1367811154 where   MeetingID = 'afd659124e169bda2ae732c232c5c479' and UserID = 'Y'
I0506 11:32:34.227582  1964 DBManager.cc:399] select State from MeetingUser where   MeetingID = 'afd659124e169bda2ae732c232c5c479' and UserID = 'Y'
I0506 11:32:39.298282  2011 DBManager.cc:516] update MeetingUser set HBTime = 1367811159 where   MeetingID = 'afd659124e169bda2ae732c232c5c479' and UserID = 'Y'
I0506 11:32:39.302273  2011 DBManager.cc:399] select State from MeetingUser where   MeetingID = 'afd659124e169bda2ae732c232c5c479' and UserID = 'Y'
I0506 11:32:40.060156  2039 DBManager.cc:600] select MeetingID from MeetingUser where   State = 3 and HBTime < 1367811155 order by id
I0506 11:32:40.061878  2039 DBManager.cc:659] update MeetingUser set State = 4 where   State = 3 and MeetingID = 'ab6a9346e3251c51b9af9e3af79b56b6'
I0506 11:32:40.062257  2039 DBManager.cc:666] select UserID from MeetingUser where     State = 2 and MeetingID = 'ab6a9346e3251c51b9af9e3af79b56b6' and HBTime > 1367811155
I0506 11:32:40.062690  2039 DBManager.cc:688] select UserID from MeetingUser where     State = 1 and MeetingID = 'ab6a9346e3251c51b9af9e3af79b56b6' and HBTime > 1367811155
I0506 11:32:40.063101  2039 DBManager.cc:726] update MeetingUser set State = 3 where       State = 4 and MeetingID = 'ab6a9346e3251c51b9af9e3af79b56b6'
I0506 11:32:44.370857  2013 DBManager.cc:516] update MeetingUser set HBTime = 1367811164 where   MeetingID = 'afd659124e169bda2ae732c232c5c479' and UserID = 'Y'
I0506 11:32:44.374972  2013 DBManager.cc:399] select State from MeetingUser where   MeetingID = 'afd659124e169bda2ae732c232c5c479' and UserID = 'Y'
I0506 11:32:50.069301  2039 DBManager.cc:600] select MeetingID from MeetingUser where   State = 3 and HBTime < 1367811165 order by id
I0506 11:32:50.070399  2039 DBManager.cc:659] update MeetingUser set State = 4 where   State = 3 and MeetingID = 'ab6a9346e3251c51b9af9e3af79b56b6'
I0506 11:32:50.070780  2039 DBManager.cc:666] select UserID from MeetingUser where     State = 2 and MeetingID = 'ab6a9346e3251c51b9af9e3af79b56b6' and HBTime > 1367811165
I0506 11:32:50.071321  2039 DBManager.cc:688] select UserID from MeetingUser where     State = 1 and MeetingID = 'ab6a9346e3251c51b9af9e3af79b56b6' and HBTime > 1367811165
I0506 11:32:50.071773  2039 DBManager.cc:726] update MeetingUser set State = 3 where       State = 4 and MeetingID = 'ab6a9346e3251c51b9af9e3af79b56b6'
I0506 11:32:50.075639  2039 DBManager.cc:659] update MeetingUser set State = 4 where   State = 3 and MeetingID = 'afd659124e169bda2ae732c232c5c479'
I0506 11:32:50.076000  2039 DBManager.cc:666] select UserID from MeetingUser where     State = 2 and MeetingID = 'afd659124e169bda2ae732c232c5c479' and HBTime > 1367811165
I0506 11:32:50.076359  2039 DBManager.cc:688] select UserID from MeetingUser where     State = 1 and MeetingID = 'afd659124e169bda2ae732c232c5c479' and HBTime > 1367811165
I0506 11:32:50.076702  2039 DBManager.cc:726] update MeetingUser set State = 3 where       State = 4 and MeetingID = 'afd659124e169bda2ae732c232c5c479'
I0506 11:33:00.080937  2039 DBManager.cc:600] select MeetingID from MeetingUser where   State = 3 and HBTime < 1367811175 order by id
I0506 11:33:00.082134  2039 DBManager.cc:659] update MeetingUser set State = 4 where   State = 3 and MeetingID = 'ab6a9346e3251c51b9af9e3af79b56b6'
I0506 11:33:00.082474  2039 DBManager.cc:666] select UserID from MeetingUser where     State = 2 and MeetingID = 'ab6a9346e3251c51b9af9e3af79b56b6' and HBTime > 1367811175
I0506 11:33:00.082831  2039 DBManager.cc:688] select UserID from MeetingUser where     State = 1 and MeetingID = 'ab6a9346e3251c51b9af9e3af79b56b6' and HBTime > 1367811175
I0506 11:33:00.083276  2039 DBManager.cc:726] update MeetingUser set State = 3 where       State = 4 and MeetingID = 'ab6a9346e3251c51b9af9e3af79b56b6'
I0506 11:33:00.087021  2039 DBManager.cc:659] update MeetingUser set State = 4 where   State = 3 and MeetingID = 'afd659124e169bda2ae732c232c5c479'
I0506 11:33:00.087327  2039 DBManager.cc:666] select UserID from MeetingUser where     State = 2 and MeetingID = 'afd659124e169bda2ae732c232c5c479' and HBTime > 1367811175
I0506 11:33:00.087700  2039 DBManager.cc:688] select UserID from MeetingUser where     State = 1 and MeetingID = 'afd659124e169bda2ae732c232c5c479' and HBTime > 1367811175
I0506 11:33:00.088045  2039 DBManager.cc:726] update MeetingUser set State = 3 where       State = 4 and MeetingID = 'afd659124e169bda2ae732c232c5c479'
I0506 11:33:10.092303  2039 DBManager.cc:600] select MeetingID from MeetingUser where   State = 3 and HBTime < 1367811185 order by id
I0506 11:33:10.093477  2039 DBManager.cc:659] update MeetingUser set State = 4 where   State = 3 and MeetingID = 'ab6a9346e3251c51b9af9e3af79b56b6'
I0506 11:33:10.093816  2039 DBManager.cc:666] select UserID from MeetingUser where     State = 2 and MeetingID = 'ab6a9346e3251c51b9af9e3af79b56b6' and HBTime > 1367811185
I0506 11:33:10.094185  2039 DBManager.cc:688] select UserID from MeetingUser where     State = 1 and MeetingID = 'ab6a9346e3251c51b9af9e3af79b56b6' and HBTime > 1367811185
I0506 11:33:10.094532  2039 DBManager.cc:726] update MeetingUser set State = 3 where       State = 4 and MeetingID = 'ab6a9346e3251c51b9af9e3af79b56b6'
I0506 11:33:10.098883  2039 DBManager.cc:659] update MeetingUser set State = 4 where   State = 3 and MeetingID = 'afd659124e169bda2ae732c232c5c479'
I0506 11:33:10.099279  2039 DBManager.cc:666] select UserID from MeetingUser where     State = 2 and MeetingID = 'afd659124e169bda2ae732c232c5c479' and HBTime > 1367811185
I0506 11:33:10.099712  2039 DBManager.cc:688] select UserID from MeetingUser where     State = 1 and MeetingID = 'afd659124e169bda2ae732c232c5c479' and HBTime > 1367811185
I0506 11:33:10.100071  2039 DBManager.cc:726] update MeetingUser set State = 3 where       State = 4 and MeetingID = 'afd659124e169bda2ae732c232c5c479'
I0506 11:33:14.756813  2036 DBManager.cc:77] insert into Meeting (state) values (0)
I0506 11:33:14.760953  2036 DBManager.cc:95] update Meeting set MeetingID = '122822f8539249c42cc13f834058bf5a' where   id = 4099
I0506 11:33:17.376445  2036 DBManager.cc:77] insert into Meeting (state) values (0)
I0506 11:33:17.380661  2036 DBManager.cc:95] update Meeting set MeetingID = 'b468927bc3a45b9fa19c936097931fd8' where   id = 4100
I0506 11:33:20.102819  2039 DBManager.cc:600] select MeetingID from MeetingUser where   State = 3 and HBTime < 1367811195 order by id
I0506 11:33:20.104012  2039 DBManager.cc:659] update MeetingUser set State = 4 where   State = 3 and MeetingID = 'ab6a9346e3251c51b9af9e3af79b56b6'
I0506 11:33:20.104415  2039 DBManager.cc:666] select UserID from MeetingUser where     State = 2 and MeetingID = 'ab6a9346e3251c51b9af9e3af79b56b6' and HBTime > 1367811195
I0506 11:33:20.104817  2039 DBManager.cc:688] select UserID from MeetingUser where     State = 1 and MeetingID = 'ab6a9346e3251c51b9af9e3af79b56b6' and HBTime > 1367811195
I0506 11:33:20.105216  2039 DBManager.cc:726] update MeetingUser set State = 3 where       State = 4 and MeetingID = 'ab6a9346e3251c51b9af9e3af79b56b6'
I0506 11:33:20.109851  2039 DBManager.cc:659] update MeetingUser set State = 4 where   State = 3 and MeetingID = 'afd659124e169bda2ae732c232c5c479'
I0506 11:33:20.110236  2039 DBManager.cc:666] select UserID from MeetingUser where     State = 2 and MeetingID = 'afd659124e169bda2ae732c232c5c479' and HBTime > 1367811195
I0506 11:33:20.110584  2039 DBManager.cc:688] select UserID from MeetingUser where     State = 1 and MeetingID = 'afd659124e169bda2ae732c232c5c479' and HBTime > 1367811195
I0506 11:33:20.110891  2039 DBManager.cc:726] update MeetingUser set State = 3 where       State = 4 and MeetingID = 'afd659124e169bda2ae732c232c5c479'
I0506 11:33:21.181889  1964 DBManager.cc:347] select state from Meeting where   MeetingID = '122822f8539249c42cc13f834058bf5a'
I0506 11:33:21.183008  1964 DBManager.cc:163] update Meeting set state = 1 where   MeetingID = '122822f8539249c42cc13f834058bf5a'
I0506 11:33:21.184056  1964 DBManager.cc:368] insert into MeetingUser(MeetingID, UserID,         State, HBTime)  values('122822f8539249c42cc13f834058bf5a', 'T', 3, 1367811201)
E0506 11:33:21.184490  1964 MeetingHandler.cc:78] create meeting updater
I0506 11:33:21.189923  1964 DBManager.cc:185] update Meeting set DataRef = 24353968 where   MeetingID = '122822f8539249c42cc13f834058bf5a'
I0506 11:33:21.194383  1964 DBManager.cc:117] update Meeting set Port = 11249 where   MeetingID = '122822f8539249c42cc13f834058bf5a'
E0506 11:33:21.195716  1964 MeetingHandler.cc:98] join msg return
I0506 11:33:21.202139  1964 DBManager.cc:141] select Port from Meeting where   MeetingID = '122822f8539249c42cc13f834058bf5a'
I0506 11:33:21.230892  2019 DBManager.cc:516] update MeetingUser set HBTime = 1367811201 where   MeetingID = '122822f8539249c42cc13f834058bf5a' and UserID = 'T'
I0506 11:33:21.234153  2019 DBManager.cc:399] select State from MeetingUser where   MeetingID = '122822f8539249c42cc13f834058bf5a' and UserID = 'T'
I0506 11:33:26.280781  2024 DBManager.cc:516] update MeetingUser set HBTime = 1367811206 where   MeetingID = '122822f8539249c42cc13f834058bf5a' and UserID = 'T'
I0506 11:33:26.284750  2024 DBManager.cc:399] select State from MeetingUser where   MeetingID = '122822f8539249c42cc13f834058bf5a' and UserID = 'T'
I0506 11:33:30.115236  2039 DBManager.cc:600] select MeetingID from MeetingUser where   State = 3 and HBTime < 1367811205 order by id
I0506 11:33:30.116439  2039 DBManager.cc:659] update MeetingUser set State = 4 where   State = 3 and MeetingID = 'ab6a9346e3251c51b9af9e3af79b56b6'
I0506 11:33:30.116797  2039 DBManager.cc:666] select UserID from MeetingUser where     State = 2 and MeetingID = 'ab6a9346e3251c51b9af9e3af79b56b6' and HBTime > 1367811205
I0506 11:33:30.117226  2039 DBManager.cc:688] select UserID from MeetingUser where     State = 1 and MeetingID = 'ab6a9346e3251c51b9af9e3af79b56b6' and HBTime > 1367811205
I0506 11:33:30.117578  2039 DBManager.cc:726] update MeetingUser set State = 3 where       State = 4 and MeetingID = 'ab6a9346e3251c51b9af9e3af79b56b6'
I0506 11:33:30.121471  2039 DBManager.cc:659] update MeetingUser set State = 4 where   State = 3 and MeetingID = 'afd659124e169bda2ae732c232c5c479'
I0506 11:33:30.121795  2039 DBManager.cc:666] select UserID from MeetingUser where     State = 2 and MeetingID = 'afd659124e169bda2ae732c232c5c479' and HBTime > 1367811205
I0506 11:33:30.122184  2039 DBManager.cc:688] select UserID from MeetingUser where     State = 1 and MeetingID = 'afd659124e169bda2ae732c232c5c479' and HBTime > 1367811205
I0506 11:33:30.122560  2039 DBManager.cc:726] update MeetingUser set State = 3 where       State = 4 and MeetingID = 'afd659124e169bda2ae732c232c5c479'
I0506 11:33:31.355547  2011 DBManager.cc:516] update MeetingUser set HBTime = 1367811211 where   MeetingID = '122822f8539249c42cc13f834058bf5a' and UserID = 'T'
I0506 11:33:31.359936  2011 DBManager.cc:399] select State from MeetingUser where   MeetingID = '122822f8539249c42cc13f834058bf5a' and UserID = 'T'
I0506 11:33:36.550372  1964 DBManager.cc:516] update MeetingUser set HBTime = 1367811216 where   MeetingID = '122822f8539249c42cc13f834058bf5a' and UserID = 'T'
I0506 11:33:36.554443  1964 DBManager.cc:399] select State from MeetingUser where   MeetingID = '122822f8539249c42cc13f834058bf5a' and UserID = 'T'
I0506 11:33:40.126808  2039 DBManager.cc:600] select MeetingID from MeetingUser where   State = 3 and HBTime < 1367811215 order by id
I0506 11:33:40.128123  2039 DBManager.cc:659] update MeetingUser set State = 4 where   State = 3 and MeetingID = 'ab6a9346e3251c51b9af9e3af79b56b6'
I0506 11:33:40.128476  2039 DBManager.cc:666] select UserID from MeetingUser where     State = 2 and MeetingID = 'ab6a9346e3251c51b9af9e3af79b56b6' and HBTime > 1367811215
I0506 11:33:40.128841  2039 DBManager.cc:688] select UserID from MeetingUser where     State = 1 and MeetingID = 'ab6a9346e3251c51b9af9e3af79b56b6' and HBTime > 1367811215
I0506 11:33:40.129186  2039 DBManager.cc:726] update MeetingUser set State = 3 where       State = 4 and MeetingID = 'ab6a9346e3251c51b9af9e3af79b56b6'
I0506 11:33:40.132884  2039 DBManager.cc:659] update MeetingUser set State = 4 where   State = 3 and MeetingID = 'afd659124e169bda2ae732c232c5c479'
I0506 11:33:40.133170  2039 DBManager.cc:666] select UserID from MeetingUser where     State = 2 and MeetingID = 'afd659124e169bda2ae732c232c5c479' and HBTime > 1367811215
I0506 11:33:40.133497  2039 DBManager.cc:688] select UserID from MeetingUser where     State = 1 and MeetingID = 'afd659124e169bda2ae732c232c5c479' and HBTime > 1367811215
I0506 11:33:40.133806  2039 DBManager.cc:726] update MeetingUser set State = 3 where       State = 4 and MeetingID = 'afd659124e169bda2ae732c232c5c479'
I0506 11:33:41.656404  2019 DBManager.cc:516] update MeetingUser set HBTime = 1367811221 where   MeetingID = '122822f8539249c42cc13f834058bf5a' and UserID = 'T'
I0506 11:33:41.662022  2019 DBManager.cc:399] select State from MeetingUser where   MeetingID = '122822f8539249c42cc13f834058bf5a' and UserID = 'T'
I0506 11:33:46.698319  2019 DBManager.cc:516] update MeetingUser set HBTime = 1367811226 where   MeetingID = '122822f8539249c42cc13f834058bf5a' and UserID = 'T'
I0506 11:33:46.700868  2019 DBManager.cc:399] select State from MeetingUser where   MeetingID = '122822f8539249c42cc13f834058bf5a' and UserID = 'T'
I0506 11:33:50.137961  2039 DBManager.cc:600] select MeetingID from MeetingUser where   State = 3 and HBTime < 1367811225 order by id
I0506 11:33:50.139041  2039 DBManager.cc:659] update MeetingUser set State = 4 where   State = 3 and MeetingID = 'ab6a9346e3251c51b9af9e3af79b56b6'
I0506 11:33:50.139402  2039 DBManager.cc:666] select UserID from MeetingUser where     State = 2 and MeetingID = 'ab6a9346e3251c51b9af9e3af79b56b6' and HBTime > 1367811225
I0506 11:33:50.139765  2039 DBManager.cc:688] select UserID from MeetingUser where     State = 1 and MeetingID = 'ab6a9346e3251c51b9af9e3af79b56b6' and HBTime > 1367811225
I0506 11:33:50.140120  2039 DBManager.cc:726] update MeetingUser set State = 3 where       State = 4 and MeetingID = 'ab6a9346e3251c51b9af9e3af79b56b6'
I0506 11:33:50.144078  2039 DBManager.cc:659] update MeetingUser set State = 4 where   State = 3 and MeetingID = 'afd659124e169bda2ae732c232c5c479'
I0506 11:33:50.144445  2039 DBManager.cc:666] select UserID from MeetingUser where     State = 2 and MeetingID = 'afd659124e169bda2ae732c232c5c479' and HBTime > 1367811225
I0506 11:33:50.144811  2039 DBManager.cc:688] select UserID from MeetingUser where     State = 1 and MeetingID = 'afd659124e169bda2ae732c232c5c479' and HBTime > 1367811225
I0506 11:33:50.145150  2039 DBManager.cc:726] update MeetingUser set State = 3 where       State = 4 and MeetingID = 'afd659124e169bda2ae732c232c5c479'
I0506 11:33:51.775614  1968 DBManager.cc:516] update MeetingUser set HBTime = 1367811231 where   MeetingID = '122822f8539249c42cc13f834058bf5a' and UserID = 'T'
I0506 11:33:51.779459  1968 DBManager.cc:399] select State from MeetingUser where   MeetingID = '122822f8539249c42cc13f834058bf5a' and UserID = 'T'
I0506 11:33:56.817527  1986 DBManager.cc:516] update MeetingUser set HBTime = 1367811236 where   MeetingID = '122822f8539249c42cc13f834058bf5a' and UserID = 'T'
I0506 11:33:56.821686  1986 DBManager.cc:399] select State from MeetingUser where   MeetingID = '122822f8539249c42cc13f834058bf5a' and UserID = 'T'
I0506 11:34:00.150753  2039 DBManager.cc:600] select MeetingID from MeetingUser where   State = 3 and HBTime < 1367811235 order by id
I0506 11:34:00.151767  2039 DBManager.cc:659] update MeetingUser set State = 4 where   State = 3 and MeetingID = 'ab6a9346e3251c51b9af9e3af79b56b6'
I0506 11:34:00.152008  2039 DBManager.cc:666] select UserID from MeetingUser where     State = 2 and MeetingID = 'ab6a9346e3251c51b9af9e3af79b56b6' and HBTime > 1367811235
I0506 11:34:00.152194  2039 DBManager.cc:688] select UserID from MeetingUser where     State = 1 and MeetingID = 'ab6a9346e3251c51b9af9e3af79b56b6' and HBTime > 1367811235
I0506 11:34:00.152493  2039 DBManager.cc:726] update MeetingUser set State = 3 where       State = 4 and MeetingID = 'ab6a9346e3251c51b9af9e3af79b56b6'
I0506 11:34:00.155856  2039 DBManager.cc:659] update MeetingUser set State = 4 where   State = 3 and MeetingID = 'afd659124e169bda2ae732c232c5c479'
I0506 11:34:00.156143  2039 DBManager.cc:666] select UserID from MeetingUser where     State = 2 and MeetingID = 'afd659124e169bda2ae732c232c5c479' and HBTime > 1367811235
I0506 11:34:00.156473  2039 DBManager.cc:688] select UserID from MeetingUser where     State = 1 and MeetingID = 'afd659124e169bda2ae732c232c5c479' and HBTime > 1367811235
I0506 11:34:00.156781  2039 DBManager.cc:726] update MeetingUser set State = 3 where       State = 4 and MeetingID = 'afd659124e169bda2ae732c232c5c479'
I0506 11:34:01.888800  1980 DBManager.cc:516] update MeetingUser set HBTime = 1367811241 where   MeetingID = '122822f8539249c42cc13f834058bf5a' and UserID = 'T'
I0506 11:34:01.890971  1980 DBManager.cc:399] select State from MeetingUser where   MeetingID = '122822f8539249c42cc13f834058bf5a' and UserID = 'T'
I0506 11:34:06.926893  1981 DBManager.cc:516] update MeetingUser set HBTime = 1367811246 where   MeetingID = '122822f8539249c42cc13f834058bf5a' and UserID = 'T'
I0506 11:34:06.931021  1981 DBManager.cc:399] select State from MeetingUser where   MeetingID = '122822f8539249c42cc13f834058bf5a' and UserID = 'T'
I0506 11:34:10.160954  2039 DBManager.cc:600] select MeetingID from MeetingUser where   State = 3 and HBTime < 1367811245 order by id
I0506 11:34:10.162070  2039 DBManager.cc:659] update MeetingUser set State = 4 where   State = 3 and MeetingID = 'ab6a9346e3251c51b9af9e3af79b56b6'
I0506 11:34:10.162389  2039 DBManager.cc:666] select UserID from MeetingUser where     State = 2 and MeetingID = 'ab6a9346e3251c51b9af9e3af79b56b6' and HBTime > 1367811245
I0506 11:34:10.162757  2039 DBManager.cc:688] select UserID from MeetingUser where     State = 1 and MeetingID = 'ab6a9346e3251c51b9af9e3af79b56b6' and HBTime > 1367811245
I0506 11:34:10.163068  2039 DBManager.cc:726] update MeetingUser set State = 3 where       State = 4 and MeetingID = 'ab6a9346e3251c51b9af9e3af79b56b6'
I0506 11:34:10.166743  2039 DBManager.cc:659] update MeetingUser set State = 4 where   State = 3 and MeetingID = 'afd659124e169bda2ae732c232c5c479'
I0506 11:34:10.167029  2039 DBManager.cc:666] select UserID from MeetingUser where     State = 2 and MeetingID = 'afd659124e169bda2ae732c232c5c479' and HBTime > 1367811245
I0506 11:34:10.167356  2039 DBManager.cc:688] select UserID from MeetingUser where     State = 1 and MeetingID = 'afd659124e169bda2ae732c232c5c479' and HBTime > 1367811245
I0506 11:34:10.167682  2039 DBManager.cc:726] update MeetingUser set State = 3 where       State = 4 and MeetingID = 'afd659124e169bda2ae732c232c5c479'
I0506 11:34:11.979413  2015 DBManager.cc:516] update MeetingUser set HBTime = 1367811251 where   MeetingID = '122822f8539249c42cc13f834058bf5a' and UserID = 'T'
I0506 11:34:11.983897  2015 DBManager.cc:399] select State from MeetingUser where   MeetingID = '122822f8539249c42cc13f834058bf5a' and UserID = 'T'
I0506 11:34:17.044777  2015 DBManager.cc:516] update MeetingUser set HBTime = 1367811257 where   MeetingID = '122822f8539249c42cc13f834058bf5a' and UserID = 'T'
I0506 11:34:17.047018  2015 DBManager.cc:399] select State from MeetingUser where   MeetingID = '122822f8539249c42cc13f834058bf5a' and UserID = 'T'
I0506 11:34:20.172344  2039 DBManager.cc:600] select MeetingID from MeetingUser where   State = 3 and HBTime < 1367811255 order by id
I0506 11:34:20.173480  2039 DBManager.cc:659] update MeetingUser set State = 4 where   State = 3 and MeetingID = 'ab6a9346e3251c51b9af9e3af79b56b6'
I0506 11:34:20.173799  2039 DBManager.cc:666] select UserID from MeetingUser where     State = 2 and MeetingID = 'ab6a9346e3251c51b9af9e3af79b56b6' and HBTime > 1367811255
I0506 11:34:20.174136  2039 DBManager.cc:688] select UserID from MeetingUser where     State = 1 and MeetingID = 'ab6a9346e3251c51b9af9e3af79b56b6' and HBTime > 1367811255
I0506 11:34:20.174525  2039 DBManager.cc:726] update MeetingUser set State = 3 where       State = 4 and MeetingID = 'ab6a9346e3251c51b9af9e3af79b56b6'
I0506 11:34:20.178627  2039 DBManager.cc:659] update MeetingUser set State = 4 where   State = 3 and MeetingID = 'afd659124e169bda2ae732c232c5c479'
I0506 11:34:20.178948  2039 DBManager.cc:666] select UserID from MeetingUser where     State = 2 and MeetingID = 'afd659124e169bda2ae732c232c5c479' and HBTime > 1367811255
I0506 11:34:20.179288  2039 DBManager.cc:688] select UserID from MeetingUser where     State = 1 and MeetingID = 'afd659124e169bda2ae732c232c5c479' and HBTime > 1367811255
I0506 11:34:20.179684  2039 DBManager.cc:726] update MeetingUser set State = 3 where       State = 4 and MeetingID = 'afd659124e169bda2ae732c232c5c479'
I0506 11:34:22.081300  1981 DBManager.cc:516] update MeetingUser set HBTime = 1367811262 where   MeetingID = '122822f8539249c42cc13f834058bf5a' and UserID = 'T'
I0506 11:34:22.085268  1981 DBManager.cc:399] select State from MeetingUser where   MeetingID = '122822f8539249c42cc13f834058bf5a' and UserID = 'T'
I0506 11:34:27.126678  1981 DBManager.cc:516] update MeetingUser set HBTime = 1367811267 where   MeetingID = '122822f8539249c42cc13f834058bf5a' and UserID = 'T'
I0506 11:34:27.130875  1981 DBManager.cc:399] select State from MeetingUser where   MeetingID = '122822f8539249c42cc13f834058bf5a' and UserID = 'T'
I0506 11:34:30.183979  2039 DBManager.cc:600] select MeetingID from MeetingUser where   State = 3 and HBTime < 1367811265 order by id
I0506 11:34:30.185045  2039 DBManager.cc:659] update MeetingUser set State = 4 where   State = 3 and MeetingID = 'ab6a9346e3251c51b9af9e3af79b56b6'
I0506 11:34:30.185415  2039 DBManager.cc:666] select UserID from MeetingUser where     State = 2 and MeetingID = 'ab6a9346e3251c51b9af9e3af79b56b6' and HBTime > 1367811265
I0506 11:34:30.185744  2039 DBManager.cc:688] select UserID from MeetingUser where     State = 1 and MeetingID = 'ab6a9346e3251c51b9af9e3af79b56b6' and HBTime > 1367811265
I0506 11:34:30.186074  2039 DBManager.cc:726] update MeetingUser set State = 3 where       State = 4 and MeetingID = 'ab6a9346e3251c51b9af9e3af79b56b6'
I0506 11:34:30.189941  2039 DBManager.cc:659] update MeetingUser set State = 4 where   State = 3 and MeetingID = 'afd659124e169bda2ae732c232c5c479'
I0506 11:34:30.190289  2039 DBManager.cc:666] select UserID from MeetingUser where     State = 2 and MeetingID = 'afd659124e169bda2ae732c232c5c479' and HBTime > 1367811265
I0506 11:34:30.190664  2039 DBManager.cc:688] select UserID from MeetingUser where     State = 1 and MeetingID = 'afd659124e169bda2ae732c232c5c479' and HBTime > 1367811265
I0506 11:34:30.190979  2039 DBManager.cc:726] update MeetingUser set State = 3 where       State = 4 and MeetingID = 'afd659124e169bda2ae732c232c5c479'
I0506 11:34:32.181439  2036 DBManager.cc:516] update MeetingUser set HBTime = 1367811272 where   MeetingID = '122822f8539249c42cc13f834058bf5a' and UserID = 'T'
I0506 11:34:32.184249  2036 DBManager.cc:399] select State from MeetingUser where   MeetingID = '122822f8539249c42cc13f834058bf5a' and UserID = 'T'
I0506 11:34:37.235424  2015 DBManager.cc:516] update MeetingUser set HBTime = 1367811277 where   MeetingID = '122822f8539249c42cc13f834058bf5a' and UserID = 'T'
I0506 11:34:37.239652  2015 DBManager.cc:399] select State from MeetingUser where   MeetingID = '122822f8539249c42cc13f834058bf5a' and UserID = 'T'
I0506 11:34:40.194098  2039 DBManager.cc:600] select MeetingID from MeetingUser where   State = 3 and HBTime < 1367811275 order by id
I0506 11:34:40.194798  2039 DBManager.cc:659] update MeetingUser set State = 4 where   State = 3 and MeetingID = 'ab6a9346e3251c51b9af9e3af79b56b6'
I0506 11:34:40.195024  2039 DBManager.cc:666] select UserID from MeetingUser where     State = 2 and MeetingID = 'ab6a9346e3251c51b9af9e3af79b56b6' and HBTime > 1367811275
I0506 11:34:40.195237  2039 DBManager.cc:688] select UserID from MeetingUser where     State = 1 and MeetingID = 'ab6a9346e3251c51b9af9e3af79b56b6' and HBTime > 1367811275
I0506 11:34:40.195430  2039 DBManager.cc:726] update MeetingUser set State = 3 where       State = 4 and MeetingID = 'ab6a9346e3251c51b9af9e3af79b56b6'
I0506 11:34:40.199146  2039 DBManager.cc:659] update MeetingUser set State = 4 where   State = 3 and MeetingID = 'afd659124e169bda2ae732c232c5c479'
I0506 11:34:40.199437  2039 DBManager.cc:666] select UserID from MeetingUser where     State = 2 and MeetingID = 'afd659124e169bda2ae732c232c5c479' and HBTime > 1367811275
I0506 11:34:40.199796  2039 DBManager.cc:688] select UserID from MeetingUser where     State = 1 and MeetingID = 'afd659124e169bda2ae732c232c5c479' and HBTime > 1367811275
I0506 11:34:40.200109  2039 DBManager.cc:726] update MeetingUser set State = 3 where       State = 4 and MeetingID = 'afd659124e169bda2ae732c232c5c479'
I0506 11:34:42.279444  2019 DBManager.cc:516] update MeetingUser set HBTime = 1367811282 where   MeetingID = '122822f8539249c42cc13f834058bf5a' and UserID = 'T'
I0506 11:34:42.286066  2019 DBManager.cc:399] select State from MeetingUser where   MeetingID = '122822f8539249c42cc13f834058bf5a' and UserID = 'T'
I0506 11:34:47.397940  2036 DBManager.cc:516] update MeetingUser set HBTime = 1367811287 where   MeetingID = '122822f8539249c42cc13f834058bf5a' and UserID = 'T'
I0506 11:34:47.401881  2036 DBManager.cc:399] select State from MeetingUser where   MeetingID = '122822f8539249c42cc13f834058bf5a' and UserID = 'T'
I0506 11:34:50.203918  2039 DBManager.cc:600] select MeetingID from MeetingUser where   State = 3 and HBTime < 1367811285 order by id
I0506 11:34:50.204530  2039 DBManager.cc:659] update MeetingUser set State = 4 where   State = 3 and MeetingID = 'ab6a9346e3251c51b9af9e3af79b56b6'
I0506 11:34:50.204713  2039 DBManager.cc:666] select UserID from MeetingUser where     State = 2 and MeetingID = 'ab6a9346e3251c51b9af9e3af79b56b6' and HBTime > 1367811285
I0506 11:34:50.204885  2039 DBManager.cc:688] select UserID from MeetingUser where     State = 1 and MeetingID = 'ab6a9346e3251c51b9af9e3af79b56b6' and HBTime > 1367811285
I0506 11:34:50.205039  2039 DBManager.cc:726] update MeetingUser set State = 3 where       State = 4 and MeetingID = 'ab6a9346e3251c51b9af9e3af79b56b6'
I0506 11:34:50.207200  2039 DBManager.cc:659] update MeetingUser set State = 4 where   State = 3 and MeetingID = 'afd659124e169bda2ae732c232c5c479'
I0506 11:34:50.207615  2039 DBManager.cc:666] select UserID from MeetingUser where     State = 2 and MeetingID = 'afd659124e169bda2ae732c232c5c479' and HBTime > 1367811285
I0506 11:34:50.208021  2039 DBManager.cc:688] select UserID from MeetingUser where     State = 1 and MeetingID = 'afd659124e169bda2ae732c232c5c479' and HBTime > 1367811285
I0506 11:34:50.208374  2039 DBManager.cc:726] update MeetingUser set State = 3 where       State = 4 and MeetingID = 'afd659124e169bda2ae732c232c5c479'
I0506 11:34:52.470792  2036 DBManager.cc:516] update MeetingUser set HBTime = 1367811292 where   MeetingID = '122822f8539249c42cc13f834058bf5a' and UserID = 'T'
I0506 11:34:52.474727  2036 DBManager.cc:399] select State from MeetingUser where   MeetingID = '122822f8539249c42cc13f834058bf5a' and UserID = 'T'
I0506 11:34:57.539280  2009 DBManager.cc:516] update MeetingUser set HBTime = 1367811297 where   MeetingID = '122822f8539249c42cc13f834058bf5a' and UserID = 'T'
I0506 11:34:57.543411  2009 DBManager.cc:399] select State from MeetingUser where   MeetingID = '122822f8539249c42cc13f834058bf5a' and UserID = 'T'
I0506 11:35:00.212925  2039 DBManager.cc:600] select MeetingID from MeetingUser where   State = 3 and HBTime < 1367811295 order by id
I0506 11:35:00.214047  2039 DBManager.cc:659] update MeetingUser set State = 4 where   State = 3 and MeetingID = 'ab6a9346e3251c51b9af9e3af79b56b6'
I0506 11:35:00.214414  2039 DBManager.cc:666] select UserID from MeetingUser where     State = 2 and MeetingID = 'ab6a9346e3251c51b9af9e3af79b56b6' and HBTime > 1367811295
I0506 11:35:00.214854  2039 DBManager.cc:688] select UserID from MeetingUser where     State = 1 and MeetingID = 'ab6a9346e3251c51b9af9e3af79b56b6' and HBTime > 1367811295
I0506 11:35:00.215236  2039 DBManager.cc:726] update MeetingUser set State = 3 where       State = 4 and MeetingID = 'ab6a9346e3251c51b9af9e3af79b56b6'
I0506 11:35:00.219387  2039 DBManager.cc:659] update MeetingUser set State = 4 where   State = 3 and MeetingID = 'afd659124e169bda2ae732c232c5c479'
I0506 11:35:00.219722  2039 DBManager.cc:666] select UserID from MeetingUser where     State = 2 and MeetingID = 'afd659124e169bda2ae732c232c5c479' and HBTime > 1367811295
I0506 11:35:00.220116  2039 DBManager.cc:688] select UserID from MeetingUser where     State = 1 and MeetingID = 'afd659124e169bda2ae732c232c5c479' and HBTime > 1367811295
I0506 11:35:00.220458  2039 DBManager.cc:726] update MeetingUser set State = 3 where       State = 4 and MeetingID = 'afd659124e169bda2ae732c232c5c479'
I0506 11:35:02.576961  1964 DBManager.cc:516] update MeetingUser set HBTime = 1367811302 where   MeetingID = '122822f8539249c42cc13f834058bf5a' and UserID = 'T'
I0506 11:35:02.581024  1964 DBManager.cc:399] select State from MeetingUser where   MeetingID = '122822f8539249c42cc13f834058bf5a' and UserID = 'T'
I0506 11:35:07.664875  1964 DBManager.cc:516] update MeetingUser set HBTime = 1367811307 where   MeetingID = '122822f8539249c42cc13f834058bf5a' and UserID = 'T'
I0506 11:35:07.667320  1964 DBManager.cc:399] select State from MeetingUser where   MeetingID = '122822f8539249c42cc13f834058bf5a' and UserID = 'T'
I0506 11:35:10.224884  2039 DBManager.cc:600] select MeetingID from MeetingUser where   State = 3 and HBTime < 1367811305 order by id
I0506 11:35:10.226014  2039 DBManager.cc:659] update MeetingUser set State = 4 where   State = 3 and MeetingID = 'ab6a9346e3251c51b9af9e3af79b56b6'
I0506 11:35:10.226330  2039 DBManager.cc:666] select UserID from MeetingUser where     State = 2 and MeetingID = 'ab6a9346e3251c51b9af9e3af79b56b6' and HBTime > 1367811305
I0506 11:35:10.226667  2039 DBManager.cc:688] select UserID from MeetingUser where     State = 1 and MeetingID = 'ab6a9346e3251c51b9af9e3af79b56b6' and HBTime > 1367811305
I0506 11:35:10.226991  2039 DBManager.cc:726] update MeetingUser set State = 3 where       State = 4 and MeetingID = 'ab6a9346e3251c51b9af9e3af79b56b6'
I0506 11:35:10.230850  2039 DBManager.cc:659] update MeetingUser set State = 4 where   State = 3 and MeetingID = 'afd659124e169bda2ae732c232c5c479'
I0506 11:35:10.231168  2039 DBManager.cc:666] select UserID from MeetingUser where     State = 2 and MeetingID = 'afd659124e169bda2ae732c232c5c479' and HBTime > 1367811305
I0506 11:35:10.231554  2039 DBManager.cc:688] select UserID from MeetingUser where     State = 1 and MeetingID = 'afd659124e169bda2ae732c232c5c479' and HBTime > 1367811305
I0506 11:35:10.231881  2039 DBManager.cc:726] update MeetingUser set State = 3 where       State = 4 and MeetingID = 'afd659124e169bda2ae732c232c5c479'
I0506 11:35:12.775609  2009 DBManager.cc:516] update MeetingUser set HBTime = 1367811312 where   MeetingID = '122822f8539249c42cc13f834058bf5a' and UserID = 'T'
I0506 11:35:12.779466  2009 DBManager.cc:399] select State from MeetingUser where   MeetingID = '122822f8539249c42cc13f834058bf5a' and UserID = 'T'
I0506 11:35:17.847014  1980 DBManager.cc:516] update MeetingUser set HBTime = 1367811317 where   MeetingID = '122822f8539249c42cc13f834058bf5a' and UserID = 'T'
I0506 11:35:17.851450  1980 DBManager.cc:399] select State from MeetingUser where   MeetingID = '122822f8539249c42cc13f834058bf5a' and UserID = 'T'
I0506 11:35:20.236028  2039 DBManager.cc:600] select MeetingID from MeetingUser where   State = 3 and HBTime < 1367811315 order by id
I0506 11:35:20.237258  2039 DBManager.cc:659] update MeetingUser set State = 4 where   State = 3 and MeetingID = 'ab6a9346e3251c51b9af9e3af79b56b6'
I0506 11:35:20.237592  2039 DBManager.cc:666] select UserID from MeetingUser where     State = 2 and MeetingID = 'ab6a9346e3251c51b9af9e3af79b56b6' and HBTime > 1367811315
I0506 11:35:20.237917  2039 DBManager.cc:688] select UserID from MeetingUser where     State = 1 and MeetingID = 'ab6a9346e3251c51b9af9e3af79b56b6' and HBTime > 1367811315
I0506 11:35:20.238248  2039 DBManager.cc:726] update MeetingUser set State = 3 where       State = 4 and MeetingID = 'ab6a9346e3251c51b9af9e3af79b56b6'
I0506 11:35:20.242117  2039 DBManager.cc:659] update MeetingUser set State = 4 where   State = 3 and MeetingID = 'afd659124e169bda2ae732c232c5c479'
I0506 11:35:20.242415  2039 DBManager.cc:666] select UserID from MeetingUser where     State = 2 and MeetingID = 'afd659124e169bda2ae732c232c5c479' and HBTime > 1367811315
I0506 11:35:20.242750  2039 DBManager.cc:688] select UserID from MeetingUser where     State = 1 and MeetingID = 'afd659124e169bda2ae732c232c5c479' and HBTime > 1367811315
I0506 11:35:20.243064  2039 DBManager.cc:726] update MeetingUser set State = 3 where       State = 4 and MeetingID = 'afd659124e169bda2ae732c232c5c479'
I0506 11:35:22.912619  1968 DBManager.cc:516] update MeetingUser set HBTime = 1367811322 where   MeetingID = '122822f8539249c42cc13f834058bf5a' and UserID = 'T'
I0506 11:35:22.916903  1968 DBManager.cc:399] select State from MeetingUser where   MeetingID = '122822f8539249c42cc13f834058bf5a' and UserID = 'T'
I0506 11:35:27.967097  1968 DBManager.cc:516] update MeetingUser set HBTime = 1367811327 where   MeetingID = '122822f8539249c42cc13f834058bf5a' and UserID = 'T'
I0506 11:35:27.971529  1968 DBManager.cc:399] select State from MeetingUser where   MeetingID = '122822f8539249c42cc13f834058bf5a' and UserID = 'T'
I0506 11:35:30.247473  2039 DBManager.cc:600] select MeetingID from MeetingUser where   State = 3 and HBTime < 1367811325 order by id
