I0504 21:13:20.206517  1798 DBManager.cc:659] update MeetingUser set State = 4 where   State = 3 and MeetingID = '6215a0e094e71c3cd9700beec9048d65'
I0504 21:13:20.207139  1798 DBManager.cc:666] select UserID from MeetingUser where     State = 2 and MeetingID = '6215a0e094e71c3cd9700beec9048d65' and HBTime > 1367673195
I0504 21:13:20.207515  1798 DBManager.cc:688] select UserID from MeetingUser where     State = 1 and MeetingID = '6215a0e094e71c3cd9700beec9048d65' and HBTime > 1367673195
I0504 21:13:20.208052  1798 DBManager.cc:726] update MeetingUser set State = 3 where       State = 4 and MeetingID = '6215a0e094e71c3cd9700beec9048d65'
I0504 21:13:21.083210  1726 DBManager.cc:516] update MeetingUser set HBTime = 1367673201 where   MeetingID = 'f992134057fb6a8385e66734d961ffab' and UserID = '4'
I0504 21:13:21.088143  1726 DBManager.cc:399] select State from MeetingUser where   MeetingID = 'f992134057fb6a8385e66734d961ffab' and UserID = '4'
I0504 21:13:26.125553  1726 DBManager.cc:516] update MeetingUser set HBTime = 1367673206 where   MeetingID = 'f992134057fb6a8385e66734d961ffab' and UserID = '4'
I0504 21:13:26.128303  1726 DBManager.cc:399] select State from MeetingUser where   MeetingID = 'f992134057fb6a8385e66734d961ffab' and UserID = '4'
I0504 21:13:30.211513  1798 DBManager.cc:600] select MeetingID from MeetingUser where   State = 3 and HBTime < 1367673205 order by id
I0504 21:13:30.212291  1798 DBManager.cc:659] update MeetingUser set State = 4 where   State = 3 and MeetingID = '6215a0e094e71c3cd9700beec9048d65'
I0504 21:13:30.212571  1798 DBManager.cc:666] select UserID from MeetingUser where     State = 2 and MeetingID = '6215a0e094e71c3cd9700beec9048d65' and HBTime > 1367673205
I0504 21:13:30.212795  1798 DBManager.cc:688] select UserID from MeetingUser where     State = 1 and MeetingID = '6215a0e094e71c3cd9700beec9048d65' and HBTime > 1367673205
I0504 21:13:30.213032  1798 DBManager.cc:726] update MeetingUser set State = 3 where       State = 4 and MeetingID = '6215a0e094e71c3cd9700beec9048d65'
I0504 21:13:31.170574  1695 DBManager.cc:516] update MeetingUser set HBTime = 1367673211 where   MeetingID = 'f992134057fb6a8385e66734d961ffab' and UserID = '4'
I0504 21:13:31.173351  1695 DBManager.cc:399] select State from MeetingUser where   MeetingID = 'f992134057fb6a8385e66734d961ffab' and UserID = '4'
I0504 21:13:36.220065  1726 DBManager.cc:516] update MeetingUser set HBTime = 1367673216 where   MeetingID = 'f992134057fb6a8385e66734d961ffab' and UserID = '4'
I0504 21:13:36.222914  1726 DBManager.cc:399] select State from MeetingUser where   MeetingID = 'f992134057fb6a8385e66734d961ffab' and UserID = '4'
I0504 21:13:40.216187  1798 DBManager.cc:600] select MeetingID from MeetingUser where   State = 3 and HBTime < 1367673215 order by id
I0504 21:13:40.217234  1798 DBManager.cc:659] update MeetingUser set State = 4 where   State = 3 and MeetingID = '6215a0e094e71c3cd9700beec9048d65'
I0504 21:13:40.217645  1798 DBManager.cc:666] select UserID from MeetingUser where     State = 2 and MeetingID = '6215a0e094e71c3cd9700beec9048d65' and HBTime > 1367673215
I0504 21:13:40.217896  1798 DBManager.cc:688] select UserID from MeetingUser where     State = 1 and MeetingID = '6215a0e094e71c3cd9700beec9048d65' and HBTime > 1367673215
I0504 21:13:40.218101  1798 DBManager.cc:726] update MeetingUser set State = 3 where       State = 4 and MeetingID = '6215a0e094e71c3cd9700beec9048d65'
I0504 21:13:41.257742  1695 DBManager.cc:516] update MeetingUser set HBTime = 1367673221 where   MeetingID = 'f992134057fb6a8385e66734d961ffab' and UserID = '4'
I0504 21:13:41.261819  1695 DBManager.cc:399] select State from MeetingUser where   MeetingID = 'f992134057fb6a8385e66734d961ffab' and UserID = '4'
I0504 21:13:46.298524  1752 DBManager.cc:516] update MeetingUser set HBTime = 1367673226 where   MeetingID = 'f992134057fb6a8385e66734d961ffab' and UserID = '4'
I0504 21:13:46.301653  1752 DBManager.cc:399] select State from MeetingUser where   MeetingID = 'f992134057fb6a8385e66734d961ffab' and UserID = '4'
I0504 21:13:50.220427  1798 DBManager.cc:600] select MeetingID from MeetingUser where   State = 3 and HBTime < 1367673225 order by id
I0504 21:13:50.221178  1798 DBManager.cc:659] update MeetingUser set State = 4 where   State = 3 and MeetingID = '6215a0e094e71c3cd9700beec9048d65'
I0504 21:13:50.221535  1798 DBManager.cc:666] select UserID from MeetingUser where     State = 2 and MeetingID = '6215a0e094e71c3cd9700beec9048d65' and HBTime > 1367673225
I0504 21:13:50.221740  1798 DBManager.cc:688] select UserID from MeetingUser where     State = 1 and MeetingID = '6215a0e094e71c3cd9700beec9048d65' and HBTime > 1367673225
I0504 21:13:50.221905  1798 DBManager.cc:726] update MeetingUser set State = 3 where       State = 4 and MeetingID = '6215a0e094e71c3cd9700beec9048d65'
I0504 21:13:51.320966  1726 DBManager.cc:516] update MeetingUser set HBTime = 1367673231 where   MeetingID = 'f992134057fb6a8385e66734d961ffab' and UserID = '4'
I0504 21:13:51.327412  1726 DBManager.cc:399] select State from MeetingUser where   MeetingID = 'f992134057fb6a8385e66734d961ffab' and UserID = '4'
I0504 21:13:56.345298  1726 DBManager.cc:516] update MeetingUser set HBTime = 1367673236 where   MeetingID = 'f992134057fb6a8385e66734d961ffab' and UserID = '4'
I0504 21:13:56.348661  1726 DBManager.cc:399] select State from MeetingUser where   MeetingID = 'f992134057fb6a8385e66734d961ffab' and UserID = '4'
I0504 21:14:00.224864  1798 DBManager.cc:600] select MeetingID from MeetingUser where   State = 3 and HBTime < 1367673235 order by id
I0504 21:14:00.225638  1798 DBManager.cc:659] update MeetingUser set State = 4 where   State = 3 and MeetingID = '6215a0e094e71c3cd9700beec9048d65'
I0504 21:14:00.226012  1798 DBManager.cc:666] select UserID from MeetingUser where     State = 2 and MeetingID = '6215a0e094e71c3cd9700beec9048d65' and HBTime > 1367673235
I0504 21:14:00.226263  1798 DBManager.cc:688] select UserID from MeetingUser where     State = 1 and MeetingID = '6215a0e094e71c3cd9700beec9048d65' and HBTime > 1367673235
I0504 21:14:00.226475  1798 DBManager.cc:726] update MeetingUser set State = 3 where       State = 4 and MeetingID = '6215a0e094e71c3cd9700beec9048d65'
I0504 21:14:02.472622  1726 DBManager.cc:516] update MeetingUser set HBTime = 1367673242 where   MeetingID = 'f992134057fb6a8385e66734d961ffab' and UserID = '4'
I0504 21:14:02.475569  1726 DBManager.cc:399] select State from MeetingUser where   MeetingID = 'f992134057fb6a8385e66734d961ffab' and UserID = '4'
I0504 21:14:07.508749  1716 DBManager.cc:516] update MeetingUser set HBTime = 1367673247 where   MeetingID = 'f992134057fb6a8385e66734d961ffab' and UserID = '4'
I0504 21:14:07.511281  1716 DBManager.cc:399] select State from MeetingUser where   MeetingID = 'f992134057fb6a8385e66734d961ffab' and UserID = '4'
I0504 21:14:10.232244  1798 DBManager.cc:600] select MeetingID from MeetingUser where   State = 3 and HBTime < 1367673245 order by id
I0504 21:14:10.234007  1798 DBManager.cc:659] update MeetingUser set State = 4 where   State = 3 and MeetingID = '6215a0e094e71c3cd9700beec9048d65'
I0504 21:14:10.234606  1798 DBManager.cc:666] select UserID from MeetingUser where     State = 2 and MeetingID = '6215a0e094e71c3cd9700beec9048d65' and HBTime > 1367673245
I0504 21:14:10.235018  1798 DBManager.cc:688] select UserID from MeetingUser where     State = 1 and MeetingID = '6215a0e094e71c3cd9700beec9048d65' and HBTime > 1367673245
I0504 21:14:10.235370  1798 DBManager.cc:726] update MeetingUser set State = 3 where       State = 4 and MeetingID = '6215a0e094e71c3cd9700beec9048d65'
I0504 21:14:12.618152  1720 DBManager.cc:516] update MeetingUser set HBTime = 1367673252 where   MeetingID = 'f992134057fb6a8385e66734d961ffab' and UserID = '4'
I0504 21:14:12.621870  1720 DBManager.cc:399] select State from MeetingUser where   MeetingID = 'f992134057fb6a8385e66734d961ffab' and UserID = '4'
I0504 21:14:17.649760  1699 DBManager.cc:516] update MeetingUser set HBTime = 1367673257 where   MeetingID = 'f992134057fb6a8385e66734d961ffab' and UserID = '4'
I0504 21:14:17.652776  1699 DBManager.cc:399] select State from MeetingUser where   MeetingID = 'f992134057fb6a8385e66734d961ffab' and UserID = '4'
I0504 21:14:20.237943  1798 DBManager.cc:600] select MeetingID from MeetingUser where   State = 3 and HBTime < 1367673255 order by id
I0504 21:14:20.238795  1798 DBManager.cc:659] update MeetingUser set State = 4 where   State = 3 and MeetingID = '6215a0e094e71c3cd9700beec9048d65'
I0504 21:14:20.239117  1798 DBManager.cc:666] select UserID from MeetingUser where     State = 2 and MeetingID = '6215a0e094e71c3cd9700beec9048d65' and HBTime > 1367673255
I0504 21:14:20.239357  1798 DBManager.cc:688] select UserID from MeetingUser where     State = 1 and MeetingID = '6215a0e094e71c3cd9700beec9048d65' and HBTime > 1367673255
I0504 21:14:20.239570  1798 DBManager.cc:726] update MeetingUser set State = 3 where       State = 4 and MeetingID = '6215a0e094e71c3cd9700beec9048d65'
I0504 21:14:22.709110  1720 DBManager.cc:516] update MeetingUser set HBTime = 1367673262 where   MeetingID = 'f992134057fb6a8385e66734d961ffab' and UserID = '4'
I0504 21:14:22.713099  1720 DBManager.cc:399] select State from MeetingUser where   MeetingID = 'f992134057fb6a8385e66734d961ffab' and UserID = '4'
I0504 21:14:28.792093  1801 DBManager.cc:540] delete from MeetingUser where   HBTime < 1367672968
I0504 21:14:28.795104  1801 DBManager.cc:561] select m.MeetingID from Meeting m where   m.state = 1 and m.MeetingID not in (select MeetingID from MeetingUser  group by MeetingID) order by id
I0504 21:14:28.795706  1801 DBManager.cc:579] update Meeting set state = 2,    DataRef = NULL where state = 1 and MeetingID not in (select     MeetingID from MeetingUser group by MeetingID)
I0504 21:14:28.800047  1801 DBManager.cc:141] select Port from Meeting where   MeetingID = '6215a0e094e71c3cd9700beec9048d65'
I0504 21:14:28.847790  1720 DBManager.cc:516] update MeetingUser set HBTime = 1367673268 where   MeetingID = 'f992134057fb6a8385e66734d961ffab' and UserID = '4'
I0504 21:14:28.849760  1720 DBManager.cc:399] select State from MeetingUser where   MeetingID = 'f992134057fb6a8385e66734d961ffab' and UserID = '4'
I0504 21:14:30.242513  1798 DBManager.cc:600] select MeetingID from MeetingUser where   State = 3 and HBTime < 1367673265 order by id
I0504 21:14:33.908545  1716 DBManager.cc:516] update MeetingUser set HBTime = 1367673273 where   MeetingID = 'f992134057fb6a8385e66734d961ffab' and UserID = '4'
I0504 21:14:33.911620  1716 DBManager.cc:399] select State from MeetingUser where   MeetingID = 'f992134057fb6a8385e66734d961ffab' and UserID = '4'
I0504 21:14:39.027298  1699 DBManager.cc:516] update MeetingUser set HBTime = 1367673279 where   MeetingID = 'f992134057fb6a8385e66734d961ffab' and UserID = '4'
I0504 21:14:39.030619  1699 DBManager.cc:399] select State from MeetingUser where   MeetingID = 'f992134057fb6a8385e66734d961ffab' and UserID = '4'
I0504 21:14:40.246001  1798 DBManager.cc:600] select MeetingID from MeetingUser where   State = 3 and HBTime < 1367673275 order by id
I0504 21:14:44.105350  1720 DBManager.cc:516] update MeetingUser set HBTime = 1367673284 where   MeetingID = 'f992134057fb6a8385e66734d961ffab' and UserID = '4'
I0504 21:14:44.109843  1720 DBManager.cc:399] select State from MeetingUser where   MeetingID = 'f992134057fb6a8385e66734d961ffab' and UserID = '4'
I0504 21:14:49.143580  1699 DBManager.cc:516] update MeetingUser set HBTime = 1367673289 where   MeetingID = 'f992134057fb6a8385e66734d961ffab' and UserID = '4'
I0504 21:14:49.145699  1699 DBManager.cc:399] select State from MeetingUser where   MeetingID = 'f992134057fb6a8385e66734d961ffab' and UserID = '4'
I0504 21:14:50.249014  1798 DBManager.cc:600] select MeetingID from MeetingUser where   State = 3 and HBTime < 1367673285 order by id
I0504 21:14:54.181118  1726 DBManager.cc:516] update MeetingUser set HBTime = 1367673294 where   MeetingID = 'f992134057fb6a8385e66734d961ffab' and UserID = '4'
I0504 21:14:54.184090  1726 DBManager.cc:399] select State from MeetingUser where   MeetingID = 'f992134057fb6a8385e66734d961ffab' and UserID = '4'
I0504 21:14:59.224740  1758 DBManager.cc:516] update MeetingUser set HBTime = 1367673299 where   MeetingID = 'f992134057fb6a8385e66734d961ffab' and UserID = '4'
I0504 21:14:59.230101  1758 DBManager.cc:399] select State from MeetingUser where   MeetingID = 'f992134057fb6a8385e66734d961ffab' and UserID = '4'
I0504 21:15:00.253134  1798 DBManager.cc:600] select MeetingID from MeetingUser where   State = 3 and HBTime < 1367673295 order by id
I0504 21:15:04.280410  1726 DBManager.cc:516] update MeetingUser set HBTime = 1367673304 where   MeetingID = 'f992134057fb6a8385e66734d961ffab' and UserID = '4'
I0504 21:15:04.283663  1726 DBManager.cc:399] select State from MeetingUser where   MeetingID = 'f992134057fb6a8385e66734d961ffab' and UserID = '4'
I0504 21:15:09.306944  1695 DBManager.cc:516] update MeetingUser set HBTime = 1367673309 where   MeetingID = 'f992134057fb6a8385e66734d961ffab' and UserID = '4'
I0504 21:15:09.310817  1695 DBManager.cc:399] select State from MeetingUser where   MeetingID = 'f992134057fb6a8385e66734d961ffab' and UserID = '4'
I0504 21:15:10.256113  1798 DBManager.cc:600] select MeetingID from MeetingUser where   State = 3 and HBTime < 1367673305 order by id
I0504 21:15:14.339017  1716 DBManager.cc:516] update MeetingUser set HBTime = 1367673314 where   MeetingID = 'f992134057fb6a8385e66734d961ffab' and UserID = '4'
I0504 21:15:14.342773  1716 DBManager.cc:399] select State from MeetingUser where   MeetingID = 'f992134057fb6a8385e66734d961ffab' and UserID = '4'
I0504 21:15:19.375393  1758 DBManager.cc:516] update MeetingUser set HBTime = 1367673319 where   MeetingID = 'f992134057fb6a8385e66734d961ffab' and UserID = '4'
I0504 21:15:19.378727  1758 DBManager.cc:399] select State from MeetingUser where   MeetingID = 'f992134057fb6a8385e66734d961ffab' and UserID = '4'
I0504 21:15:20.260416  1798 DBManager.cc:600] select MeetingID from MeetingUser where   State = 3 and HBTime < 1367673315 order by id
I0504 21:15:24.398215  1758 DBManager.cc:516] update MeetingUser set HBTime = 1367673324 where   MeetingID = 'f992134057fb6a8385e66734d961ffab' and UserID = '4'
I0504 21:15:24.402426  1758 DBManager.cc:399] select State from MeetingUser where   MeetingID = 'f992134057fb6a8385e66734d961ffab' and UserID = '4'
I0504 21:15:29.464082  1726 DBManager.cc:516] update MeetingUser set HBTime = 1367673329 where   MeetingID = 'f992134057fb6a8385e66734d961ffab' and UserID = '4'
I0504 21:15:29.466120  1726 DBManager.cc:399] select State from MeetingUser where   MeetingID = 'f992134057fb6a8385e66734d961ffab' and UserID = '4'
I0504 21:15:30.264319  1798 DBManager.cc:600] select MeetingID from MeetingUser where   State = 3 and HBTime < 1367673325 order by id
I0504 21:15:34.525547  1712 DBManager.cc:516] update MeetingUser set HBTime = 1367673334 where   MeetingID = 'f992134057fb6a8385e66734d961ffab' and UserID = '4'
I0504 21:15:34.529480  1712 DBManager.cc:399] select State from MeetingUser where   MeetingID = 'f992134057fb6a8385e66734d961ffab' and UserID = '4'
I0504 21:15:39.544520  1671 DBManager.cc:516] update MeetingUser set HBTime = 1367673339 where   MeetingID = 'f992134057fb6a8385e66734d961ffab' and UserID = '4'
I0504 21:15:39.547740  1671 DBManager.cc:399] select State from MeetingUser where   MeetingID = 'f992134057fb6a8385e66734d961ffab' and UserID = '4'
I0504 21:15:40.266743  1798 DBManager.cc:600] select MeetingID from MeetingUser where   State = 3 and HBTime < 1367673335 order by id
I0504 21:15:44.566043  1758 DBManager.cc:516] update MeetingUser set HBTime = 1367673344 where   MeetingID = 'f992134057fb6a8385e66734d961ffab' and UserID = '4'
I0504 21:15:44.568486  1758 DBManager.cc:399] select State from MeetingUser where   MeetingID = 'f992134057fb6a8385e66734d961ffab' and UserID = '4'
I0504 21:15:49.584200  1758 DBManager.cc:516] update MeetingUser set HBTime = 1367673349 where   MeetingID = 'f992134057fb6a8385e66734d961ffab' and UserID = '4'
I0504 21:15:49.587291  1758 DBManager.cc:399] select State from MeetingUser where   MeetingID = 'f992134057fb6a8385e66734d961ffab' and UserID = '4'
I0504 21:15:50.269256  1798 DBManager.cc:600] select MeetingID from MeetingUser where   State = 3 and HBTime < 1367673345 order by id
I0504 21:15:54.604773  1716 DBManager.cc:516] update MeetingUser set HBTime = 1367673354 where   MeetingID = 'f992134057fb6a8385e66734d961ffab' and UserID = '4'
I0504 21:15:54.607012  1716 DBManager.cc:399] select State from MeetingUser where   MeetingID = 'f992134057fb6a8385e66734d961ffab' and UserID = '4'
I0504 21:15:59.621430  1720 DBManager.cc:516] update MeetingUser set HBTime = 1367673359 where   MeetingID = 'f992134057fb6a8385e66734d961ffab' and UserID = '4'
I0504 21:15:59.626086  1720 DBManager.cc:399] select State from MeetingUser where   MeetingID = 'f992134057fb6a8385e66734d961ffab' and UserID = '4'
I0504 21:16:00.271649  1798 DBManager.cc:600] select MeetingID from MeetingUser where   State = 3 and HBTime < 1367673355 order by id
I0504 21:16:04.689863  1716 DBManager.cc:516] update MeetingUser set HBTime = 1367673364 where   MeetingID = 'f992134057fb6a8385e66734d961ffab' and UserID = '4'
I0504 21:16:04.692323  1716 DBManager.cc:399] select State from MeetingUser where   MeetingID = 'f992134057fb6a8385e66734d961ffab' and UserID = '4'
I0504 21:16:09.739311  1758 DBManager.cc:516] update MeetingUser set HBTime = 1367673369 where   MeetingID = 'f992134057fb6a8385e66734d961ffab' and UserID = '4'
I0504 21:16:09.742108  1758 DBManager.cc:399] select State from MeetingUser where   MeetingID = 'f992134057fb6a8385e66734d961ffab' and UserID = '4'
I0504 21:16:10.274853  1798 DBManager.cc:600] select MeetingID from MeetingUser where   State = 3 and HBTime < 1367673365 order by id
I0504 21:16:14.793616  1758 DBManager.cc:516] update MeetingUser set HBTime = 1367673374 where   MeetingID = 'f992134057fb6a8385e66734d961ffab' and UserID = '4'
I0504 21:16:14.796535  1758 DBManager.cc:399] select State from MeetingUser where   MeetingID = 'f992134057fb6a8385e66734d961ffab' and UserID = '4'
I0504 21:16:19.837066  1769 DBManager.cc:516] update MeetingUser set HBTime = 1367673379 where   MeetingID = 'f992134057fb6a8385e66734d961ffab' and UserID = '4'
I0504 21:16:19.840139  1769 DBManager.cc:399] select State from MeetingUser where   MeetingID = 'f992134057fb6a8385e66734d961ffab' and UserID = '4'
I0504 21:16:20.277555  1798 DBManager.cc:600] select MeetingID from MeetingUser where   State = 3 and HBTime < 1367673375 order by id
I0504 21:16:24.871465  1758 DBManager.cc:516] update MeetingUser set HBTime = 1367673384 where   MeetingID = 'f992134057fb6a8385e66734d961ffab' and UserID = '4'
I0504 21:16:24.875656  1758 DBManager.cc:399] select State from MeetingUser where   MeetingID = 'f992134057fb6a8385e66734d961ffab' and UserID = '4'
I0504 21:16:29.906390  1734 DBManager.cc:516] update MeetingUser set HBTime = 1367673389 where   MeetingID = 'f992134057fb6a8385e66734d961ffab' and UserID = '4'
I0504 21:16:29.909872  1734 DBManager.cc:399] select State from MeetingUser where   MeetingID = 'f992134057fb6a8385e66734d961ffab' and UserID = '4'
I0504 21:16:30.280038  1798 DBManager.cc:600] select MeetingID from MeetingUser where   State = 3 and HBTime < 1367673385 order by id
I0504 21:16:34.925540  1712 DBManager.cc:516] update MeetingUser set HBTime = 1367673394 where   MeetingID = 'f992134057fb6a8385e66734d961ffab' and UserID = '4'
I0504 21:16:34.928295  1712 DBManager.cc:399] select State from MeetingUser where   MeetingID = 'f992134057fb6a8385e66734d961ffab' and UserID = '4'
I0504 21:16:39.990989  1722 DBManager.cc:516] update MeetingUser set HBTime = 1367673399 where   MeetingID = 'f992134057fb6a8385e66734d961ffab' and UserID = '4'
I0504 21:16:39.994520  1722 DBManager.cc:399] select State from MeetingUser where   MeetingID = 'f992134057fb6a8385e66734d961ffab' and UserID = '4'
I0504 21:16:40.284600  1798 DBManager.cc:600] select MeetingID from MeetingUser where   State = 3 and HBTime < 1367673395 order by id
I0504 21:16:45.025826  1734 DBManager.cc:516] update MeetingUser set HBTime = 1367673405 where   MeetingID = 'f992134057fb6a8385e66734d961ffab' and UserID = '4'
I0504 21:16:45.028729  1734 DBManager.cc:399] select State from MeetingUser where   MeetingID = 'f992134057fb6a8385e66734d961ffab' and UserID = '4'
I0504 21:16:50.100952  1712 DBManager.cc:516] update MeetingUser set HBTime = 1367673410 where   MeetingID = 'f992134057fb6a8385e66734d961ffab' and UserID = '4'
I0504 21:16:50.105033  1712 DBManager.cc:399] select State from MeetingUser where   MeetingID = 'f992134057fb6a8385e66734d961ffab' and UserID = '4'
I0504 21:16:50.287889  1798 DBManager.cc:600] select MeetingID from MeetingUser where   State = 3 and HBTime < 1367673405 order by id
I0504 21:16:55.133050  1758 DBManager.cc:516] update MeetingUser set HBTime = 1367673415 where   MeetingID = 'f992134057fb6a8385e66734d961ffab' and UserID = '4'
I0504 21:16:55.135258  1758 DBManager.cc:399] select State from MeetingUser where   MeetingID = 'f992134057fb6a8385e66734d961ffab' and UserID = '4'
I0504 21:17:00.152173  1712 DBManager.cc:516] update MeetingUser set HBTime = 1367673420 where   MeetingID = 'f992134057fb6a8385e66734d961ffab' and UserID = '4'
I0504 21:17:00.154820  1712 DBManager.cc:399] select State from MeetingUser where   MeetingID = 'f992134057fb6a8385e66734d961ffab' and UserID = '4'
I0504 21:17:00.290215  1798 DBManager.cc:600] select MeetingID from MeetingUser where   State = 3 and HBTime < 1367673415 order by id
I0504 21:17:05.169352  1716 DBManager.cc:516] update MeetingUser set HBTime = 1367673425 where   MeetingID = 'f992134057fb6a8385e66734d961ffab' and UserID = '4'
I0504 21:17:05.171665  1716 DBManager.cc:399] select State from MeetingUser where   MeetingID = 'f992134057fb6a8385e66734d961ffab' and UserID = '4'
I0504 21:17:10.220834  1779 DBManager.cc:516] update MeetingUser set HBTime = 1367673430 where   MeetingID = 'f992134057fb6a8385e66734d961ffab' and UserID = '4'
I0504 21:17:10.224513  1779 DBManager.cc:399] select State from MeetingUser where   MeetingID = 'f992134057fb6a8385e66734d961ffab' and UserID = '4'
I0504 21:17:10.292515  1798 DBManager.cc:600] select MeetingID from MeetingUser where   State = 3 and HBTime < 1367673425 order by id
I0504 21:17:15.248376  1716 DBManager.cc:516] update MeetingUser set HBTime = 1367673435 where   MeetingID = 'f992134057fb6a8385e66734d961ffab' and UserID = '4'
I0504 21:17:15.253576  1716 DBManager.cc:399] select State from MeetingUser where   MeetingID = 'f992134057fb6a8385e66734d961ffab' and UserID = '4'
I0504 21:17:20.292013  1758 DBManager.cc:516] update MeetingUser set HBTime = 1367673440 where   MeetingID = 'f992134057fb6a8385e66734d961ffab' and UserID = '4'
I0504 21:17:20.296223  1758 DBManager.cc:399] select State from MeetingUser where   MeetingID = 'f992134057fb6a8385e66734d961ffab' and UserID = '4'
I0504 21:17:20.296752  1798 DBManager.cc:600] select MeetingID from MeetingUser where   State = 3 and HBTime < 1367673435 order by id
I0504 21:17:25.814066  1758 DBManager.cc:516] update MeetingUser set HBTime = 1367673445 where   MeetingID = 'f992134057fb6a8385e66734d961ffab' and UserID = '4'
I0504 21:17:25.817131  1758 DBManager.cc:399] select State from MeetingUser where   MeetingID = 'f992134057fb6a8385e66734d961ffab' and UserID = '4'
I0504 21:17:30.299466  1798 DBManager.cc:600] select MeetingID from MeetingUser where   State = 3 and HBTime < 1367673445 order by id
I0504 21:17:30.874102  1779 DBManager.cc:516] update MeetingUser set HBTime = 1367673450 where   MeetingID = 'f992134057fb6a8385e66734d961ffab' and UserID = '4'
I0504 21:17:30.877357  1779 DBManager.cc:399] select State from MeetingUser where   MeetingID = 'f992134057fb6a8385e66734d961ffab' and UserID = '4'
I0504 21:17:35.897310  1716 DBManager.cc:516] update MeetingUser set HBTime = 1367673455 where   MeetingID = 'f992134057fb6a8385e66734d961ffab' and UserID = '4'
I0504 21:17:35.899791  1716 DBManager.cc:399] select State from MeetingUser where   MeetingID = 'f992134057fb6a8385e66734d961ffab' and UserID = '4'
I0504 21:17:40.302083  1798 DBManager.cc:600] select MeetingID from MeetingUser where   State = 3 and HBTime < 1367673455 order by id
I0504 21:17:40.913913  1758 DBManager.cc:516] update MeetingUser set HBTime = 1367673460 where   MeetingID = 'f992134057fb6a8385e66734d961ffab' and UserID = '4'
I0504 21:17:40.916193  1758 DBManager.cc:399] select State from MeetingUser where   MeetingID = 'f992134057fb6a8385e66734d961ffab' and UserID = '4'
I0504 21:17:45.961612  1695 DBManager.cc:516] update MeetingUser set HBTime = 1367673465 where   MeetingID = 'f992134057fb6a8385e66734d961ffab' and UserID = '4'
I0504 21:17:45.965255  1695 DBManager.cc:399] select State from MeetingUser where   MeetingID = 'f992134057fb6a8385e66734d961ffab' and UserID = '4'
I0504 21:17:50.305428  1798 DBManager.cc:600] select MeetingID from MeetingUser where   State = 3 and HBTime < 1367673465 order by id
I0504 21:17:51.013784  1712 DBManager.cc:516] update MeetingUser set HBTime = 1367673471 where   MeetingID = 'f992134057fb6a8385e66734d961ffab' and UserID = '4'
I0504 21:17:51.015951  1712 DBManager.cc:399] select State from MeetingUser where   MeetingID = 'f992134057fb6a8385e66734d961ffab' and UserID = '4'
I0504 21:17:56.029001  1758 DBManager.cc:516] update MeetingUser set HBTime = 1367673476 where   MeetingID = 'f992134057fb6a8385e66734d961ffab' and UserID = '4'
I0504 21:17:56.031232  1758 DBManager.cc:399] select State from MeetingUser where   MeetingID = 'f992134057fb6a8385e66734d961ffab' and UserID = '4'
I0504 21:18:00.307807  1798 DBManager.cc:600] select MeetingID from MeetingUser where   State = 3 and HBTime < 1367673475 order by id
I0504 21:18:01.087254  1758 DBManager.cc:516] update MeetingUser set HBTime = 1367673481 where   MeetingID = 'f992134057fb6a8385e66734d961ffab' and UserID = '4'
I0504 21:18:01.089932  1758 DBManager.cc:399] select State from MeetingUser where   MeetingID = 'f992134057fb6a8385e66734d961ffab' and UserID = '4'
I0504 21:18:06.116365  1695 DBManager.cc:516] update MeetingUser set HBTime = 1367673486 where   MeetingID = 'f992134057fb6a8385e66734d961ffab' and UserID = '4'
I0504 21:18:06.119897  1695 DBManager.cc:399] select State from MeetingUser where   MeetingID = 'f992134057fb6a8385e66734d961ffab' and UserID = '4'
I0504 21:18:10.310049  1798 DBManager.cc:600] select MeetingID from MeetingUser where   State = 3 and HBTime < 1367673485 order by id
I0504 21:18:11.158828  1752 DBManager.cc:516] update MeetingUser set HBTime = 1367673491 where   MeetingID = 'f992134057fb6a8385e66734d961ffab' and UserID = '4'
I0504 21:18:11.160933  1752 DBManager.cc:399] select State from MeetingUser where   MeetingID = 'f992134057fb6a8385e66734d961ffab' and UserID = '4'
I0504 21:18:16.182204  1690 DBManager.cc:516] update MeetingUser set HBTime = 1367673496 where   MeetingID = 'f992134057fb6a8385e66734d961ffab' and UserID = '4'
I0504 21:18:16.186532  1690 DBManager.cc:399] select State from MeetingUser where   MeetingID = 'f992134057fb6a8385e66734d961ffab' and UserID = '4'
I0504 21:18:20.313261  1798 DBManager.cc:600] select MeetingID from MeetingUser where   State = 3 and HBTime < 1367673495 order by id
I0504 21:18:21.216059  1752 DBManager.cc:516] update MeetingUser set HBTime = 1367673501 where   MeetingID = 'f992134057fb6a8385e66734d961ffab' and UserID = '4'
I0504 21:18:21.219391  1752 DBManager.cc:399] select State from MeetingUser where   MeetingID = 'f992134057fb6a8385e66734d961ffab' and UserID = '4'
I0504 21:18:26.275229  1752 DBManager.cc:516] update MeetingUser set HBTime = 1367673506 where   MeetingID = 'f992134057fb6a8385e66734d961ffab' and UserID = '4'
I0504 21:18:26.277905  1752 DBManager.cc:399] select State from MeetingUser where   MeetingID = 'f992134057fb6a8385e66734d961ffab' and UserID = '4'
I0504 21:18:30.317800  1798 DBManager.cc:600] select MeetingID from MeetingUser where   State = 3 and HBTime < 1367673505 order by id
I0504 21:18:31.290448  1711 DBManager.cc:516] update MeetingUser set HBTime = 1367673511 where   MeetingID = 'f992134057fb6a8385e66734d961ffab' and UserID = '4'
I0504 21:18:31.292724  1711 DBManager.cc:399] select State from MeetingUser where   MeetingID = 'f992134057fb6a8385e66734d961ffab' and UserID = '4'
I0504 21:18:36.319877  1716 DBManager.cc:516] update MeetingUser set HBTime = 1367673516 where   MeetingID = 'f992134057fb6a8385e66734d961ffab' and UserID = '4'
I0504 21:18:36.322659  1716 DBManager.cc:399] select State from MeetingUser where   MeetingID = 'f992134057fb6a8385e66734d961ffab' and UserID = '4'
I0504 21:18:40.323683  1798 DBManager.cc:600] select MeetingID from MeetingUser where   State = 3 and HBTime < 1367673515 order by id
I0504 21:18:41.333544  1712 DBManager.cc:516] update MeetingUser set HBTime = 1367673521 where   MeetingID = 'f992134057fb6a8385e66734d961ffab' and UserID = '4'
I0504 21:18:41.336460  1712 DBManager.cc:399] select State from MeetingUser where   MeetingID = 'f992134057fb6a8385e66734d961ffab' and UserID = '4'
I0504 21:18:46.356241  1695 DBManager.cc:516] update MeetingUser set HBTime = 1367673526 where   MeetingID = 'f992134057fb6a8385e66734d961ffab' and UserID = '4'
I0504 21:18:46.358970  1695 DBManager.cc:399] select State from MeetingUser where   MeetingID = 'f992134057fb6a8385e66734d961ffab' and UserID = '4'
I0504 21:18:50.329180  1798 DBManager.cc:600] select MeetingID from MeetingUser where   State = 3 and HBTime < 1367673525 order by id
I0504 21:18:51.398051  1752 DBManager.cc:516] update MeetingUser set HBTime = 1367673531 where   MeetingID = 'f992134057fb6a8385e66734d961ffab' and UserID = '4'
I0504 21:18:51.401043  1752 DBManager.cc:399] select State from MeetingUser where   MeetingID = 'f992134057fb6a8385e66734d961ffab' and UserID = '4'
I0504 21:18:54.327231  1712 DBManager.cc:77] insert into Meeting (state) values (0)
I0504 21:18:54.330976  1712 DBManager.cc:95] update Meeting set MeetingID = 'b1a0faf128492b6184f6260a7acbe786' where   id = 4011
I0504 21:18:56.415981  1752 DBManager.cc:516] update MeetingUser set HBTime = 1367673536 where   MeetingID = 'f992134057fb6a8385e66734d961ffab' and UserID = '4'
I0504 21:18:56.418979  1752 DBManager.cc:399] select State from MeetingUser where   MeetingID = 'f992134057fb6a8385e66734d961ffab' and UserID = '4'
I0504 21:19:00.331981  1798 DBManager.cc:600] select MeetingID from MeetingUser where   State = 3 and HBTime < 1367673535 order by id
I0504 21:19:01.489694  1711 DBManager.cc:516] update MeetingUser set HBTime = 1367673541 where   MeetingID = 'f992134057fb6a8385e66734d961ffab' and UserID = '4'
I0504 21:19:01.493451  1711 DBManager.cc:399] select State from MeetingUser where   MeetingID = 'f992134057fb6a8385e66734d961ffab' and UserID = '4'
I0504 21:19:01.801882  1752 DBManager.cc:347] select state from Meeting where   MeetingID = 'b1a0faf128492b6184f6260a7acbe786'
I0504 21:19:01.803030  1752 DBManager.cc:163] update Meeting set state = 1 where   MeetingID = 'b1a0faf128492b6184f6260a7acbe786'
I0504 21:19:01.804414  1752 DBManager.cc:368] insert into MeetingUser(MeetingID, UserID,         State, HBTime)  values('b1a0faf128492b6184f6260a7acbe786', 'F', 3, 1367673541)
E0504 21:19:01.804786  1752 MeetingHandler.cc:78] create meeting updater
I0504 21:19:01.808701  1752 DBManager.cc:185] update Meeting set DataRef = 32560944 where   MeetingID = 'b1a0faf128492b6184f6260a7acbe786'
I0504 21:19:01.813043  1752 DBManager.cc:117] update Meeting set Port = 11250 where   MeetingID = 'b1a0faf128492b6184f6260a7acbe786'
E0504 21:19:01.814460  1752 MeetingHandler.cc:98] join msg return
I0504 21:19:01.816745  1752 DBManager.cc:141] select Port from Meeting where   MeetingID = 'b1a0faf128492b6184f6260a7acbe786'
I0504 21:19:01.848577  1711 DBManager.cc:516] update MeetingUser set HBTime = 1367673541 where   MeetingID = 'b1a0faf128492b6184f6260a7acbe786' and UserID = 'F'
I0504 21:19:01.851570  1711 DBManager.cc:399] select State from MeetingUser where   MeetingID = 'b1a0faf128492b6184f6260a7acbe786' and UserID = 'F'
I0504 21:19:06.567396  1711 DBManager.cc:516] update MeetingUser set HBTime = 1367673546 where   MeetingID = 'f992134057fb6a8385e66734d961ffab' and UserID = '4'
I0504 21:19:06.571596  1711 DBManager.cc:399] select State from MeetingUser where   MeetingID = 'f992134057fb6a8385e66734d961ffab' and UserID = '4'
I0504 21:19:06.900693  1711 DBManager.cc:516] update MeetingUser set HBTime = 1367673546 where   MeetingID = 'b1a0faf128492b6184f6260a7acbe786' and UserID = 'F'
I0504 21:19:06.903468  1711 DBManager.cc:399] select State from MeetingUser where   MeetingID = 'b1a0faf128492b6184f6260a7acbe786' and UserID = 'F'
I0504 21:19:10.335036  1798 DBManager.cc:600] select MeetingID from MeetingUser where   State = 3 and HBTime < 1367673545 order by id
I0504 21:19:11.613389  1758 DBManager.cc:516] update MeetingUser set HBTime = 1367673551 where   MeetingID = 'f992134057fb6a8385e66734d961ffab' and UserID = '4'
I0504 21:19:11.615391  1758 DBManager.cc:399] select State from MeetingUser where   MeetingID = 'f992134057fb6a8385e66734d961ffab' and UserID = '4'
I0504 21:19:12.014962  1711 DBManager.cc:516] update MeetingUser set HBTime = 1367673552 where   MeetingID = 'b1a0faf128492b6184f6260a7acbe786' and UserID = 'F'
I0504 21:19:12.018740  1711 DBManager.cc:399] select State from MeetingUser where   MeetingID = 'b1a0faf128492b6184f6260a7acbe786' and UserID = 'F'
I0504 21:19:16.680604  1758 DBManager.cc:516] update MeetingUser set HBTime = 1367673556 where   MeetingID = 'f992134057fb6a8385e66734d961ffab' and UserID = '4'
I0504 21:19:16.682893  1758 DBManager.cc:399] select State from MeetingUser where   MeetingID = 'f992134057fb6a8385e66734d961ffab' and UserID = '4'
I0504 21:19:17.104210  1690 DBManager.cc:516] update MeetingUser set HBTime = 1367673557 where   MeetingID = 'b1a0faf128492b6184f6260a7acbe786' and UserID = 'F'
I0504 21:19:17.107137  1690 DBManager.cc:399] select State from MeetingUser where   MeetingID = 'b1a0faf128492b6184f6260a7acbe786' and UserID = 'F'
I0504 21:19:20.339393  1798 DBManager.cc:600] select MeetingID from MeetingUser where   State = 3 and HBTime < 1367673555 order by id
I0504 21:19:21.798502  1711 DBManager.cc:516] update MeetingUser set HBTime = 1367673561 where   MeetingID = 'f992134057fb6a8385e66734d961ffab' and UserID = '4'
I0504 21:19:21.800499  1711 DBManager.cc:399] select State from MeetingUser where   MeetingID = 'f992134057fb6a8385e66734d961ffab' and UserID = '4'
I0504 21:19:22.190994  1712 DBManager.cc:516] update MeetingUser set HBTime = 1367673562 where   MeetingID = 'b1a0faf128492b6184f6260a7acbe786' and UserID = 'F'
I0504 21:19:22.193903  1712 DBManager.cc:399] select State from MeetingUser where   MeetingID = 'b1a0faf128492b6184f6260a7acbe786' and UserID = 'F'
I0504 21:19:26.851256  1690 DBManager.cc:516] update MeetingUser set HBTime = 1367673566 where   MeetingID = 'f992134057fb6a8385e66734d961ffab' and UserID = '4'
I0504 21:19:26.854420  1690 DBManager.cc:399] select State from MeetingUser where   MeetingID = 'f992134057fb6a8385e66734d961ffab' and UserID = '4'
I0504 21:19:27.239493  1711 DBManager.cc:516] update MeetingUser set HBTime = 1367673567 where   MeetingID = 'b1a0faf128492b6184f6260a7acbe786' and UserID = 'F'
I0504 21:19:27.241725  1711 DBManager.cc:399] select State from MeetingUser where   MeetingID = 'b1a0faf128492b6184f6260a7acbe786' and UserID = 'F'
I0504 21:19:28.807772  1801 DBManager.cc:540] delete from MeetingUser where   HBTime < 1367673268
I0504 21:19:28.810508  1801 DBManager.cc:561] select m.MeetingID from Meeting m where   m.state = 1 and m.MeetingID not in (select MeetingID from MeetingUser  group by MeetingID) order by id
I0504 21:19:28.811357  1801 DBManager.cc:579] update Meeting set state = 2,    DataRef = NULL where state = 1 and MeetingID not in (select     MeetingID from MeetingUser group by MeetingID)
I0504 21:19:30.342196  1798 DBManager.cc:600] select MeetingID from MeetingUser where   State = 3 and HBTime < 1367673565 order by id
I0504 21:19:31.899853  1712 DBManager.cc:516] update MeetingUser set HBTime = 1367673571 where   MeetingID = 'f992134057fb6a8385e66734d961ffab' and UserID = '4'
I0504 21:19:31.902493  1712 DBManager.cc:399] select State from MeetingUser where   MeetingID = 'f992134057fb6a8385e66734d961ffab' and UserID = '4'
I0504 21:19:32.306664  1752 DBManager.cc:516] update MeetingUser set HBTime = 1367673572 where   MeetingID = 'b1a0faf128492b6184f6260a7acbe786' and UserID = 'F'
I0504 21:19:32.309378  1752 DBManager.cc:399] select State from MeetingUser where   MeetingID = 'b1a0faf128492b6184f6260a7acbe786' and UserID = 'F'
I0504 21:19:36.924001  1690 DBManager.cc:516] update MeetingUser set HBTime = 1367673576 where   MeetingID = 'f992134057fb6a8385e66734d961ffab' and UserID = '4'
I0504 21:19:36.926115  1690 DBManager.cc:399] select State from MeetingUser where   MeetingID = 'f992134057fb6a8385e66734d961ffab' and UserID = '4'
I0504 21:19:37.362206  1690 DBManager.cc:516] update MeetingUser set HBTime = 1367673577 where   MeetingID = 'b1a0faf128492b6184f6260a7acbe786' and UserID = 'F'
I0504 21:19:37.364626  1690 DBManager.cc:399] select State from MeetingUser where   MeetingID = 'b1a0faf128492b6184f6260a7acbe786' and UserID = 'F'
I0504 21:19:40.345947  1798 DBManager.cc:600] select MeetingID from MeetingUser where   State = 3 and HBTime < 1367673575 order by id
I0504 21:19:41.942298  1711 DBManager.cc:516] update MeetingUser set HBTime = 1367673581 where   MeetingID = 'f992134057fb6a8385e66734d961ffab' and UserID = '4'
I0504 21:19:41.947653  1711 DBManager.cc:399] select State from MeetingUser where   MeetingID = 'f992134057fb6a8385e66734d961ffab' and UserID = '4'
I0504 21:19:46.960013  1712 DBManager.cc:516] update MeetingUser set HBTime = 1367673586 where   MeetingID = 'f992134057fb6a8385e66734d961ffab' and UserID = '4'
I0504 21:19:46.962185  1712 DBManager.cc:399] select State from MeetingUser where   MeetingID = 'f992134057fb6a8385e66734d961ffab' and UserID = '4'
I0504 21:19:50.348662  1798 DBManager.cc:600] select MeetingID from MeetingUser where   State = 3 and HBTime < 1367673585 order by id
I0504 21:19:50.349336  1798 DBManager.cc:659] update MeetingUser set State = 4 where   State = 3 and MeetingID = 'b1a0faf128492b6184f6260a7acbe786'
I0504 21:19:50.349635  1798 DBManager.cc:666] select UserID from MeetingUser where     State = 2 and MeetingID = 'b1a0faf128492b6184f6260a7acbe786' and HBTime > 1367673585
I0504 21:19:50.349841  1798 DBManager.cc:688] select UserID from MeetingUser where     State = 1 and MeetingID = 'b1a0faf128492b6184f6260a7acbe786' and HBTime > 1367673585
I0504 21:19:50.350013  1798 DBManager.cc:726] update MeetingUser set State = 3 where       State = 4 and MeetingID = 'b1a0faf128492b6184f6260a7acbe786'
I0504 21:19:52.022183  1711 DBManager.cc:516] update MeetingUser set HBTime = 1367673592 where   MeetingID = 'f992134057fb6a8385e66734d961ffab' and UserID = '4'
I0504 21:19:52.026726  1711 DBManager.cc:399] select State from MeetingUser where   MeetingID = 'f992134057fb6a8385e66734d961ffab' and UserID = '4'
I0504 21:19:57.050640  1752 DBManager.cc:516] update MeetingUser set HBTime = 1367673597 where   MeetingID = 'f992134057fb6a8385e66734d961ffab' and UserID = '4'
I0504 21:19:57.053524  1752 DBManager.cc:399] select State from MeetingUser where   MeetingID = 'f992134057fb6a8385e66734d961ffab' and UserID = '4'
I0504 21:20:00.352402  1798 DBManager.cc:600] select MeetingID from MeetingUser where   State = 3 and HBTime < 1367673595 order by id
I0504 21:20:00.353283  1798 DBManager.cc:659] update MeetingUser set State = 4 where   State = 3 and MeetingID = 'b1a0faf128492b6184f6260a7acbe786'
I0504 21:20:00.353647  1798 DBManager.cc:666] select UserID from MeetingUser where     State = 2 and MeetingID = 'b1a0faf128492b6184f6260a7acbe786' and HBTime > 1367673595
I0504 21:20:00.353889  1798 DBManager.cc:688] select UserID from MeetingUser where     State = 1 and MeetingID = 'b1a0faf128492b6184f6260a7acbe786' and HBTime > 1367673595
I0504 21:20:00.354094  1798 DBManager.cc:726] update MeetingUser set State = 3 where       State = 4 and MeetingID = 'b1a0faf128492b6184f6260a7acbe786'
I0504 21:20:02.081449  1712 DBManager.cc:516] update MeetingUser set HBTime = 1367673602 where   MeetingID = 'f992134057fb6a8385e66734d961ffab' and UserID = '4'
I0504 21:20:02.084964  1712 DBManager.cc:399] select State from MeetingUser where   MeetingID = 'f992134057fb6a8385e66734d961ffab' and UserID = '4'
I0504 21:20:07.096918  1752 DBManager.cc:516] update MeetingUser set HBTime = 1367673607 where   MeetingID = 'f992134057fb6a8385e66734d961ffab' and UserID = '4'
I0504 21:20:07.099840  1752 DBManager.cc:399] select State from MeetingUser where   MeetingID = 'f992134057fb6a8385e66734d961ffab' and UserID = '4'
I0504 21:20:10.356551  1798 DBManager.cc:600] select MeetingID from MeetingUser where   State = 3 and HBTime < 1367673605 order by id
I0504 21:20:10.357895  1798 DBManager.cc:659] update MeetingUser set State = 4 where   State = 3 and MeetingID = 'b1a0faf128492b6184f6260a7acbe786'
I0504 21:20:10.358408  1798 DBManager.cc:666] select UserID from MeetingUser where     State = 2 and MeetingID = 'b1a0faf128492b6184f6260a7acbe786' and HBTime > 1367673605
I0504 21:20:10.358793  1798 DBManager.cc:688] select UserID from MeetingUser where     State = 1 and MeetingID = 'b1a0faf128492b6184f6260a7acbe786' and HBTime > 1367673605
I0504 21:20:10.359120  1798 DBManager.cc:726] update MeetingUser set State = 3 where       State = 4 and MeetingID = 'b1a0faf128492b6184f6260a7acbe786'
I0504 21:20:12.137676  1736 DBManager.cc:516] update MeetingUser set HBTime = 1367673612 where   MeetingID = 'f992134057fb6a8385e66734d961ffab' and UserID = '4'
I0504 21:20:12.139626  1736 DBManager.cc:399] select State from MeetingUser where   MeetingID = 'f992134057fb6a8385e66734d961ffab' and UserID = '4'
I0504 21:20:17.157137  1698 DBManager.cc:516] update MeetingUser set HBTime = 1367673617 where   MeetingID = 'f992134057fb6a8385e66734d961ffab' and UserID = '4'
I0504 21:20:17.159171  1698 DBManager.cc:399] select State from MeetingUser where   MeetingID = 'f992134057fb6a8385e66734d961ffab' and UserID = '4'
I0504 21:20:20.362601  1798 DBManager.cc:600] select MeetingID from MeetingUser where   State = 3 and HBTime < 1367673615 order by id
I0504 21:20:20.363420  1798 DBManager.cc:659] update MeetingUser set State = 4 where   State = 3 and MeetingID = 'b1a0faf128492b6184f6260a7acbe786'
I0504 21:20:20.363708  1798 DBManager.cc:666] select UserID from MeetingUser where     State = 2 and MeetingID = 'b1a0faf128492b6184f6260a7acbe786' and HBTime > 1367673615
I0504 21:20:20.363903  1798 DBManager.cc:688] select UserID from MeetingUser where     State = 1 and MeetingID = 'b1a0faf128492b6184f6260a7acbe786' and HBTime > 1367673615
I0504 21:20:20.364070  1798 DBManager.cc:726] update MeetingUser set State = 3 where       State = 4 and MeetingID = 'b1a0faf128492b6184f6260a7acbe786'
I0504 21:20:30.366989  1798 DBManager.cc:600] select MeetingID from MeetingUser where   State = 3 and HBTime < 1367673625 order by id
I0504 21:20:30.367878  1798 DBManager.cc:659] update MeetingUser set State = 4 where   State = 3 and MeetingID = 'f992134057fb6a8385e66734d961ffab'
I0504 21:20:30.368278  1798 DBManager.cc:666] select UserID from MeetingUser where     State = 2 and MeetingID = 'f992134057fb6a8385e66734d961ffab' and HBTime > 1367673625
I0504 21:20:30.368538  1798 DBManager.cc:688] select UserID from MeetingUser where     State = 1 and MeetingID = 'f992134057fb6a8385e66734d961ffab' and HBTime > 1367673625
I0504 21:20:30.368765  1798 DBManager.cc:726] update MeetingUser set State = 3 where       State = 4 and MeetingID = 'f992134057fb6a8385e66734d961ffab'
I0504 21:20:30.371494  1798 DBManager.cc:659] update MeetingUser set State = 4 where   State = 3 and MeetingID = 'ion name="hebrew_general_ci"	id="16"	order="Hebrew"	flag="primary"/>
  <collation name="hebrew_bin"		id="71"	order="Binary"	flag="binary"/>
</charset>

<charset name="tis620">
  <family>Thai</family>
  <description>TIS620 Thai</description>
  <alias>tis-620</alias>
  <collation name="tis620_thai_ci"	id="18"	order="Thai">
    <flag>primary</flag>
    <flag>compiled</flag>
  </collation>
  <collation name="tis620_bin"	id="89"	ord
E0504 21:20:30.371662  1798 DBManager.cc:661] transferAuthYou have an error in your SQL syntax; check the manual that corresponds to your MySQL server version for the right syntax to use near ''ion name="hebrew_general_ci"	id="16"	order="Hebrew"	flag="primary"/>
  <collati' at line 1
I0504 21:20:40.374630  1798 DBManager.cc:600] select MeetingID from MeetingUser where   State = 3 and HBTime < 1367673635 order by id
I0504 21:20:40.375736  1798 DBManager.cc:659] update MeetingUser set State = 4 where   State = 3 and MeetingID = 'f992134057fb6a8385e66734d961ffab'
I0504 21:20:40.376227  1798 DBManager.cc:666] select UserID from MeetingUser where     State = 2 and MeetingID = 'f992134057fb6a8385e66734d961ffab' and HBTime > 1367673635
I0504 21:20:40.376523  1798 DBManager.cc:688] select UserID from MeetingUser where     State = 1 and MeetingID = 'f992134057fb6a8385e66734d961ffab' and HBTime > 1367673635
I0504 21:20:40.376688  1798 DBManager.cc:726] update MeetingUser set State = 3 where       State = 4 and MeetingID = 'f992134057fb6a8385e66734d961ffab'
I0504 21:20:40.380359  1798 DBManager.cc:659] update MeetingUser set State = 4 where   State = 3 and MeetingID = 'ion name="hebrew_general_ci"	id="16"	order="Hebrew"	flag="primary"/>
  <collation name="hebrew_bin"		id="71"	order="Binary"	flag="binary"/>
</charset>

<charset name="tis620">
  <family>Thai</family>
  <description>TIS620 Thai</description>
  <alias>tis-620</alias>
  <collation name="tis620_thai_ci"	id="18"	order="Thai">
    <flag>primary</flag>
    <flag>compiled</flag>
  </collation>
  <collation name="tis620_bin"	id="89"	ord
E0504 21:20:40.380537  1798 DBManager.cc:661] transferAuthYou have an error in your SQL syntax; check the manual that corresponds to your MySQL server version for the right syntax to use near ''ion name="hebrew_general_ci"	id="16"	order="Hebrew"	flag="primary"/>
  <collati' at line 1
I0504 21:20:50.385542  1798 DBManager.cc:600] select MeetingID from MeetingUser where   State = 3 and HBTime < 1367673645 order by id
I0504 21:20:50.386698  1798 DBManager.cc:659] update MeetingUser set State = 4 where   State = 3 and MeetingID = 'f992134057fb6a8385e66734d961ffab'
I0504 21:20:50.387279  1798 DBManager.cc:666] select UserID from MeetingUser where     State = 2 and MeetingID = 'f992134057fb6a8385e66734d961ffab' and HBTime > 1367673645
I0504 21:20:50.387645  1798 DBManager.cc:688] select UserID from MeetingUser where     State = 1 and MeetingID = 'f992134057fb6a8385e66734d961ffab' and HBTime > 1367673645
I0504 21:20:50.387991  1798 DBManager.cc:726] update MeetingUser set State = 3 where       State = 4 and MeetingID = 'f992134057fb6a8385e66734d961ffab'
I0504 21:20:50.393168  1798 DBManager.cc:659] update MeetingUser set State = 4 where   State = 3 and MeetingID = 'ion name="hebrew_general_ci"	id="16"	order="Hebrew"	flag="primary"/>
  <collation name="hebrew_bin"		id="71"	order="Binary"	flag="binary"/>
</charset>

<charset name="tis620">
  <family>Thai</family>
  <description>TIS620 Thai</description>
  <alias>tis-620</alias>
  <collation name="tis620_thai_ci"	id="18"	order="Thai">
    <flag>primary</flag>
    <flag>compiled</flag>
  </collation>
  <collation name="tis620_bin"	id="89"	ord
E0504 21:20:50.393358  1798 DBManager.cc:661] transferAuthYou have an error in your SQL syntax; check the manual that corresponds to your MySQL server version for the right syntax to use near ''ion name="hebrew_general_ci"	id="16"	order="Hebrew"	flag="primary"/>
  <collati' at line 1
I0504 21:21:00.395691  1798 DBManager.cc:600] select MeetingID from MeetingUser where   State = 3 and HBTime < 1367673655 order by id
I0504 21:21:00.396538  1798 DBManager.cc:659] update MeetingUser set State = 4 where   State = 3 and MeetingID = 'f992134057fb6a8385e66734d961ffab'
I0504 21:21:00.396806  1798 DBManager.cc:666] select UserID from MeetingUser where     State = 2 and MeetingID = 'f992134057fb6a8385e66734d961ffab' and HBTime > 1367673655
I0504 21:21:00.397075  1798 DBManager.cc:688] select UserID from MeetingUser where     State = 1 and MeetingID = 'f992134057fb6a8385e66734d961ffab' and HBTime > 1367673655
I0504 21:21:00.397263  1798 DBManager.cc:726] update MeetingUser set State = 3 where       State = 4 and MeetingID = 'f992134057fb6a8385e66734d961ffab'
I0504 21:21:00.399142  1798 DBManager.cc:659] update MeetingUser set State = 4 where   State = 3 and MeetingID = 'ion name="hebrew_general_ci"	id="16"	order="Hebrew"	flag="primary"/>
  <collation name="hebrew_bin"		id="71"	order="Binary"	flag="binary"/>
</charset>

<charset name="tis620">
  <family>Thai</family>
  <description>TIS620 Thai</description>
  <alias>tis-620</alias>
  <collation name="tis620_thai_ci"	id="18"	order="Thai">
    <flag>primary</flag>
    <flag>compiled</flag>
  </collation>
  <collation name="tis620_bin"	id="89"	ord
E0504 21:21:00.399305  1798 DBManager.cc:661] transferAuthYou have an error in your SQL syntax; check the manual that corresponds to your MySQL server version for the right syntax to use near ''ion name="hebrew_general_ci"	id="16"	order="Hebrew"	flag="primary"/>
  <collati' at line 1
I0504 21:21:10.404101  1798 DBManager.cc:600] select MeetingID from MeetingUser where   State = 3 and HBTime < 1367673665 order by id
I0504 21:21:10.405740  1798 DBManager.cc:659] update MeetingUser set State = 4 where   State = 3 and MeetingID = 'f992134057fb6a8385e66734d961ffab'
I0504 21:21:10.406433  1798 DBManager.cc:666] select UserID from MeetingUser where     State = 2 and MeetingID = 'f992134057fb6a8385e66734d961ffab' and HBTime > 1367673665
